MemTotal:       65705112 kB
MemFree:          425264 kB
MemAvailable:      16052 kB
Buffers:            3236 kB
Cached:            53412 kB
SwapCached:       187612 kB
Active:         39528500 kB
Inactive:       24846400 kB
Active(anon):   39490340 kB
Inactive(anon): 24828604 kB
Active(file):      38160 kB
Inactive(file):    17796 kB
Unevictable:           0 kB
Mlocked:               0 kB
SwapTotal:       8388604 kB
SwapFree:        5034236 kB
Dirty:                 0 kB
Writeback:             0 kB
AnonPages:      64140716 kB
Mapped:            45064 kB
Shmem:               144 kB
KReclaimable:      46044 kB
Slab:             155760 kB
SReclaimable:      46044 kB
SUnreclaim:       109716 kB
KernelStack:        8608 kB
PageTables:       141000 kB
NFS_Unstable:          0 kB
Bounce:                0 kB
WritebackTmp:          0 kB
CommitLimit:    41241160 kB
Committed_AS:    3963396 kB
VmallocTotal:   34359738367 kB
VmallocUsed:      191088 kB
VmallocChunk:          0 kB
Percpu:            19584 kB
HardwareCorrupted:     0 kB
AnonHugePages:      4096 kB
ShmemHugePages:        0 kB
ShmemPmdMapped:        0 kB
FileHugePages:         0 kB
FilePmdMapped:         0 kB
HugePages_Total:       0
HugePages_Free:        0
HugePages_Rsvd:        0
HugePages_Surp:        0
Hugepagesize:       2048 kB
Hugetlb:               0 kB
DirectMap4k:      485356 kB
DirectMap2M:     9865216 kB
DirectMap1G:    57671680 kB
