MemTotal:       65705112 kB
MemFree:        60296884 kB
MemAvailable:   59947160 kB
Buffers:           10732 kB
Cached:           169972 kB
SwapCached:            0 kB
Active:          4688864 kB
Inactive:          49896 kB
Active(anon):    4547208 kB
Inactive(anon):    20672 kB
Active(file):     141656 kB
Inactive(file):    29224 kB
Unevictable:           0 kB
Mlocked:               0 kB
SwapTotal:      32970748 kB
SwapFree:       32970748 kB
Dirty:               296 kB
Writeback:             0 kB
AnonPages:       4557756 kB
Mapped:           101796 kB
Shmem:              9320 kB
KReclaimable:      50452 kB
Slab:             167264 kB
SReclaimable:      50452 kB
SUnreclaim:       116812 kB
KernelStack:        8416 kB
PageTables:        16080 kB
NFS_Unstable:          0 kB
Bounce:                0 kB
WritebackTmp:          0 kB
CommitLimit:    65823304 kB
Committed_AS:   56122828 kB
VmallocTotal:   34359738367 kB
VmallocUsed:      164068 kB
VmallocChunk:          0 kB
Percpu:            19584 kB
HardwareCorrupted:     0 kB
AnonHugePages:   4427776 kB
ShmemHugePages:        0 kB
ShmemPmdMapped:        0 kB
FileHugePages:         0 kB
FilePmdMapped:         0 kB
HugePages_Total:       0
HugePages_Free:        0
HugePages_Rsvd:        0
HugePages_Surp:        0
Hugepagesize:       2048 kB
Hugetlb:               0 kB
DirectMap4k:      380908 kB
DirectMap2M:    11018240 kB
DirectMap1G:    56623104 kB
