MemTotal:       65705120 kB
MemFree:        60751408 kB
MemAvailable:   60414676 kB
Buffers:           23544 kB
Cached:           183284 kB
SwapCached:            0 kB
Active:           121400 kB
Inactive:        4154940 kB
Active(anon):       1504 kB
Inactive(anon):  4077340 kB
Active(file):     119896 kB
Inactive(file):    77600 kB
Unevictable:           0 kB
Mlocked:               0 kB
SwapTotal:      32970748 kB
SwapFree:       32970748 kB
Dirty:               216 kB
Writeback:             0 kB
AnonPages:       4068692 kB
Mapped:            82544 kB
Shmem:              9316 kB
KReclaimable:      49472 kB
Slab:             164208 kB
SReclaimable:      49472 kB
SUnreclaim:       114736 kB
KernelStack:        8336 kB
PageTables:        14904 kB
NFS_Unstable:          0 kB
Bounce:                0 kB
WritebackTmp:          0 kB
CommitLimit:    65823308 kB
Committed_AS:   56123068 kB
VmallocTotal:   34359738367 kB
VmallocUsed:      163940 kB
VmallocChunk:          0 kB
Percpu:            19968 kB
HardwareCorrupted:     0 kB
AnonHugePages:   3934208 kB
ShmemHugePages:        0 kB
ShmemPmdMapped:        0 kB
FileHugePages:         0 kB
FilePmdMapped:         0 kB
HugePages_Total:       0
HugePages_Free:        0
HugePages_Rsvd:        0
HugePages_Surp:        0
Hugepagesize:       2048 kB
Hugetlb:               0 kB
DirectMap4k:      411628 kB
DirectMap2M:    12036096 kB
DirectMap1G:    55574528 kB
