MemTotal:       263785564 kB
MemFree:         1297924 kB
MemAvailable:     243588 kB
Buffers:           16440 kB
Cached:            99348 kB
SwapCached:            0 kB
Active:            95172 kB
Inactive:       260475328 kB
Active(anon):      46164 kB
Inactive(anon): 260422468 kB
Active(file):      49008 kB
Inactive(file):    52860 kB
Unevictable:       19140 kB
Mlocked:           19140 kB
SwapTotal:      41943024 kB
SwapFree:       33695216 kB
Dirty:                 8 kB
Writeback:             0 kB
AnonPages:      260476792 kB
Mapped:            59956 kB
Shmem:              2052 kB
KReclaimable:      70960 kB
Slab:             254744 kB
SReclaimable:      70960 kB
SUnreclaim:       183784 kB
KernelStack:       12272 kB
PageTables:       531568 kB
NFS_Unstable:          0 kB
Bounce:                0 kB
WritebackTmp:          0 kB
CommitLimit:    173835804 kB
Committed_AS:    1402900 kB
VmallocTotal:   34359738367 kB
VmallocUsed:      519380 kB
VmallocChunk:          0 kB
Percpu:            33600 kB
HardwareCorrupted:     0 kB
AnonHugePages:         0 kB
ShmemHugePages:        0 kB
ShmemPmdMapped:        0 kB
FileHugePages:         0 kB
FilePmdMapped:         0 kB
HugePages_Total:       0
HugePages_Free:        0
HugePages_Rsvd:        0
HugePages_Surp:        0
Hugepagesize:       2048 kB
Hugetlb:               0 kB
DirectMap4k:      322224 kB
DirectMap2M:     5621760 kB
DirectMap1G:    264241152 kB
