MemTotal:       263785560 kB
MemFree:        262299252 kB
MemAvailable:   261323028 kB
Buffers:           64904 kB
Cached:           223892 kB
SwapCached:            0 kB
Active:           113912 kB
Inactive:         333888 kB
Active(anon):        556 kB
Inactive(anon):   169308 kB
Active(file):     113356 kB
Inactive(file):   164580 kB
Unevictable:       19116 kB
Mlocked:           19116 kB
SwapTotal:             0 kB
SwapFree:              0 kB
Dirty:              3588 kB
Writeback:             0 kB
AnonPages:        178360 kB
Mapped:            64868 kB
Shmem:              2064 kB
KReclaimable:      50808 kB
Slab:             184528 kB
SReclaimable:      50808 kB
SUnreclaim:       133720 kB
KernelStack:       12144 kB
PageTables:        10640 kB
NFS_Unstable:          0 kB
Bounce:                0 kB
WritebackTmp:          0 kB
CommitLimit:    131892780 kB
Committed_AS:     567092 kB
VmallocTotal:   34359738367 kB
VmallocUsed:      254604 kB
VmallocChunk:          0 kB
Percpu:            26880 kB
HardwareCorrupted:     0 kB
AnonHugePages:         0 kB
ShmemHugePages:        0 kB
ShmemPmdMapped:        0 kB
FileHugePages:         0 kB
FilePmdMapped:         0 kB
HugePages_Total:       0
HugePages_Free:        0
HugePages_Rsvd:        0
HugePages_Surp:        0
Hugepagesize:       2048 kB
Hugetlb:               0 kB
DirectMap4k:      256684 kB
DirectMap2M:     4638720 kB
DirectMap1G:    265289728 kB
