MemTotal:       65705120 kB
MemFree:        64623192 kB
MemAvailable:   64362064 kB
Buffers:           27848 kB
Cached:           288816 kB
SwapCached:            0 kB
Active:            92196 kB
Inactive:         317916 kB
Active(anon):       1468 kB
Inactive(anon):   101452 kB
Active(file):      90728 kB
Inactive(file):   216464 kB
Unevictable:           0 kB
Mlocked:               0 kB
SwapTotal:      32970748 kB
SwapFree:       32970748 kB
Dirty:               380 kB
Writeback:             0 kB
AnonPages:         93848 kB
Mapped:            97664 kB
Shmem:              9304 kB
KReclaimable:      50152 kB
Slab:             150196 kB
SReclaimable:      50152 kB
SUnreclaim:       100044 kB
KernelStack:        8336 kB
PageTables:         7828 kB
NFS_Unstable:          0 kB
Bounce:                0 kB
WritebackTmp:          0 kB
CommitLimit:    65823308 kB
Committed_AS:     539516 kB
VmallocTotal:   34359738367 kB
VmallocUsed:      158848 kB
VmallocChunk:          0 kB
Percpu:            19328 kB
HardwareCorrupted:     0 kB
AnonHugePages:     12288 kB
ShmemHugePages:        0 kB
ShmemPmdMapped:        0 kB
FileHugePages:         0 kB
FilePmdMapped:         0 kB
HugePages_Total:       0
HugePages_Free:        0
HugePages_Rsvd:        0
HugePages_Surp:        0
Hugepagesize:       2048 kB
Hugetlb:               0 kB
DirectMap4k:      405484 kB
DirectMap2M:     8896512 kB
DirectMap1G:    58720256 kB
