MemTotal:       65705120 kB
MemFree:          459200 kB
MemAvailable:      30344 kB
Buffers:            3380 kB
Cached:            14556 kB
SwapCached:            0 kB
Active:          2074536 kB
Inactive:       62262512 kB
Active(anon):    2062632 kB
Inactive(anon): 62258456 kB
Active(file):      11904 kB
Inactive(file):     4056 kB
Unevictable:           0 kB
Mlocked:               0 kB
SwapTotal:       8388604 kB
SwapFree:        5222140 kB
Dirty:                 0 kB
Writeback:             0 kB
AnonPages:      64320900 kB
Mapped:            11408 kB
Shmem:               936 kB
KReclaimable:      46756 kB
Slab:             154704 kB
SReclaimable:      46756 kB
SUnreclaim:       107948 kB
KernelStack:        8556 kB
PageTables:       141052 kB
NFS_Unstable:          0 kB
Bounce:                0 kB
WritebackTmp:          0 kB
CommitLimit:    41241164 kB
Committed_AS:    3725924 kB
VmallocTotal:   34359738367 kB
VmallocUsed:      191120 kB
VmallocChunk:          0 kB
Percpu:            19584 kB
HardwareCorrupted:     0 kB
AnonHugePages:         0 kB
ShmemHugePages:        0 kB
ShmemPmdMapped:        0 kB
FileHugePages:         0 kB
FilePmdMapped:         0 kB
HugePages_Total:       0
HugePages_Free:        0
HugePages_Rsvd:        0
HugePages_Surp:        0
Hugepagesize:       2048 kB
Hugetlb:               0 kB
DirectMap4k:      497644 kB
DirectMap2M:    10901504 kB
DirectMap1G:    56623104 kB
