MemTotal:       263785560 kB
MemFree:        262170780 kB
MemAvailable:   261224432 kB
Buffers:           61184 kB
Cached:           288972 kB
SwapCached:            0 kB
Active:           112144 kB
Inactive:         389688 kB
Active(anon):        392 kB
Inactive(anon):   161568 kB
Active(file):     111752 kB
Inactive(file):   228120 kB
Unevictable:       19116 kB
Mlocked:           19116 kB
SwapTotal:      67108860 kB
SwapFree:       67108860 kB
Dirty:              4896 kB
Writeback:             0 kB
AnonPages:        170952 kB
Mapped:           117596 kB
Shmem:              2016 kB
KReclaimable:      48936 kB
Slab:             184056 kB
SReclaimable:      48936 kB
SUnreclaim:       135120 kB
KernelStack:       11984 kB
PageTables:         9568 kB
NFS_Unstable:          0 kB
Bounce:                0 kB
WritebackTmp:          0 kB
CommitLimit:    199001640 kB
Committed_AS:     577172 kB
VmallocTotal:   34359738367 kB
VmallocUsed:      271132 kB
VmallocChunk:          0 kB
Percpu:            26880 kB
HardwareCorrupted:     0 kB
AnonHugePages:         0 kB
ShmemHugePages:        0 kB
ShmemPmdMapped:        0 kB
FileHugePages:         0 kB
FilePmdMapped:         0 kB
HugePages_Total:       0
HugePages_Free:        0
HugePages_Rsvd:        0
HugePages_Surp:        0
Hugepagesize:       2048 kB
Hugetlb:               0 kB
DirectMap4k:      254636 kB
DirectMap2M:     5689344 kB
DirectMap1G:    264241152 kB
