MemTotal:       263785552 kB
MemFree:        262368156 kB
MemAvailable:   261363788 kB
Buffers:           29484 kB
Cached:           205540 kB
SwapCached:            0 kB
Active:           283504 kB
Inactive:          77712 kB
Active(anon):     134976 kB
Inactive(anon):     2140 kB
Active(file):     148528 kB
Inactive(file):    75572 kB
Unevictable:       19116 kB
Mlocked:           19116 kB
SwapTotal:             0 kB
SwapFree:              0 kB
Dirty:              5204 kB
Writeback:             0 kB
AnonPages:        145564 kB
Mapped:           105880 kB
Shmem:              2060 kB
KReclaimable:      48660 kB
Slab:             182852 kB
SReclaimable:      48660 kB
SUnreclaim:       134192 kB
KernelStack:       12080 kB
PageTables:         9812 kB
NFS_Unstable:          0 kB
Bounce:                0 kB
WritebackTmp:          0 kB
CommitLimit:    131892776 kB
Committed_AS:     499904 kB
VmallocTotal:   34359738367 kB
VmallocUsed:      254744 kB
VmallocChunk:          0 kB
Percpu:            26880 kB
HardwareCorrupted:     0 kB
AnonHugePages:         0 kB
ShmemHugePages:        0 kB
ShmemPmdMapped:        0 kB
FileHugePages:         0 kB
FilePmdMapped:         0 kB
HugePages_Total:       0
HugePages_Free:        0
HugePages_Rsvd:        0
HugePages_Surp:        0
Hugepagesize:       2048 kB
Hugetlb:               0 kB
DirectMap4k:      268972 kB
DirectMap2M:     4626432 kB
DirectMap1G:    265289728 kB
