MemTotal:       263785552 kB
MemFree:        262396868 kB
MemAvailable:   261349460 kB
Buffers:           14620 kB
Cached:           135184 kB
SwapCached:            0 kB
Active:           253512 kB
Inactive:          43520 kB
Active(anon):     155984 kB
Inactive(anon):     2144 kB
Active(file):      97528 kB
Inactive(file):    41376 kB
Unevictable:       19116 kB
Mlocked:           19116 kB
SwapTotal:      67108860 kB
SwapFree:       67108860 kB
Dirty:              3156 kB
Writeback:             0 kB
AnonPages:        167052 kB
Mapped:            63416 kB
Shmem:              2068 kB
KReclaimable:      47784 kB
Slab:             186080 kB
SReclaimable:      47784 kB
SUnreclaim:       138296 kB
KernelStack:       12064 kB
PageTables:         8960 kB
NFS_Unstable:          0 kB
Bounce:                0 kB
WritebackTmp:          0 kB
CommitLimit:    199001636 kB
Committed_AS:     570256 kB
VmallocTotal:   34359738367 kB
VmallocUsed:      271100 kB
VmallocChunk:          0 kB
Percpu:            27072 kB
HardwareCorrupted:     0 kB
AnonHugePages:         0 kB
ShmemHugePages:        0 kB
ShmemPmdMapped:        0 kB
FileHugePages:         0 kB
FilePmdMapped:         0 kB
HugePages_Total:       0
HugePages_Free:        0
HugePages_Rsvd:        0
HugePages_Surp:        0
Hugepagesize:       2048 kB
Hugetlb:               0 kB
DirectMap4k:      258732 kB
DirectMap2M:     4636672 kB
DirectMap1G:    265289728 kB
