MemTotal:       65705120 kB
MemFree:          598208 kB
MemAvailable:   64149840 kB
Buffers:           38732 kB
Cached:         62941592 kB
SwapCached:            0 kB
Active:           255276 kB
Inactive:       62867544 kB
Active(anon):       1420 kB
Inactive(anon):   150936 kB
Active(file):     253856 kB
Inactive(file): 62716608 kB
Unevictable:           0 kB
Mlocked:               0 kB
SwapTotal:      32970748 kB
SwapFree:       32970748 kB
Dirty:           4419112 kB
Writeback:             0 kB
AnonPages:        143216 kB
Mapped:           102316 kB
Shmem:              9300 kB
KReclaimable:    1307744 kB
Slab:            1518272 kB
SReclaimable:    1307744 kB
SUnreclaim:       210528 kB
KernelStack:        8640 kB
PageTables:         7324 kB
NFS_Unstable:          0 kB
Bounce:                0 kB
WritebackTmp:          0 kB
CommitLimit:    65823308 kB
Committed_AS:     690408 kB
VmallocTotal:   34359738367 kB
VmallocUsed:      159016 kB
VmallocChunk:          0 kB
Percpu:            19712 kB
HardwareCorrupted:     0 kB
AnonHugePages:      4096 kB
ShmemHugePages:        0 kB
ShmemPmdMapped:        0 kB
FileHugePages:         0 kB
FilePmdMapped:         0 kB
HugePages_Total:       0
HugePages_Free:        0
HugePages_Rsvd:        0
HugePages_Surp:        0
Hugepagesize:       2048 kB
Hugetlb:               0 kB
DirectMap4k:      501740 kB
DirectMap2M:    10897408 kB
DirectMap1G:    56623104 kB
