MemTotal:       65705120 kB
MemFree:        64640360 kB
MemAvailable:   64370176 kB
Buffers:           27548 kB
Cached:           280164 kB
SwapCached:            0 kB
Active:            95852 kB
Inactive:         296648 kB
Active(anon):       1488 kB
Inactive(anon):    93228 kB
Active(file):      94364 kB
Inactive(file):   203420 kB
Unevictable:           0 kB
Mlocked:               0 kB
SwapTotal:      32970748 kB
SwapFree:       32970748 kB
Dirty:               260 kB
Writeback:             0 kB
AnonPages:         83648 kB
Mapped:            91980 kB
Shmem:              9304 kB
KReclaimable:      50852 kB
Slab:             150520 kB
SReclaimable:      50852 kB
SUnreclaim:        99668 kB
KernelStack:        8144 kB
PageTables:         7208 kB
NFS_Unstable:          0 kB
Bounce:                0 kB
WritebackTmp:          0 kB
CommitLimit:    65823308 kB
Committed_AS:     313336 kB
VmallocTotal:   34359738367 kB
VmallocUsed:      158816 kB
VmallocChunk:          0 kB
Percpu:            19456 kB
HardwareCorrupted:     0 kB
AnonHugePages:      6144 kB
ShmemHugePages:        0 kB
ShmemPmdMapped:        0 kB
FileHugePages:         0 kB
FilePmdMapped:         0 kB
HugePages_Total:       0
HugePages_Free:        0
HugePages_Rsvd:        0
HugePages_Surp:        0
Hugepagesize:       2048 kB
Hugetlb:               0 kB
DirectMap4k:      440300 kB
DirectMap2M:     8861696 kB
DirectMap1G:    58720256 kB
