MemTotal:       263785556 kB
MemFree:         1040944 kB
MemAvailable:          0 kB
Buffers:            6204 kB
Cached:            73200 kB
SwapCached:         2132 kB
Active:         88463096 kB
Inactive:       172071648 kB
Active(anon):   88401436 kB
Inactive(anon): 172064204 kB
Active(file):      61660 kB
Inactive(file):     7444 kB
Unevictable:       19140 kB
Mlocked:           19140 kB
SwapTotal:      41943024 kB
SwapFree:       33481968 kB
Dirty:               276 kB
Writeback:             0 kB
AnonPages:      260477780 kB
Mapped:            48056 kB
Shmem:                76 kB
KReclaimable:      65184 kB
Slab:             247004 kB
SReclaimable:      65184 kB
SUnreclaim:       181820 kB
KernelStack:       12336 kB
PageTables:       531892 kB
NFS_Unstable:          0 kB
Bounce:                0 kB
WritebackTmp:          0 kB
CommitLimit:    173835800 kB
Committed_AS:    1444420 kB
VmallocTotal:   34359738367 kB
VmallocUsed:      519508 kB
VmallocChunk:          0 kB
Percpu:            34368 kB
HardwareCorrupted:     0 kB
AnonHugePages:  223401984 kB
ShmemHugePages:        0 kB
ShmemPmdMapped:        0 kB
FileHugePages:         0 kB
FilePmdMapped:         0 kB
HugePages_Total:       0
HugePages_Free:        0
HugePages_Rsvd:        0
HugePages_Surp:        0
Hugepagesize:       2048 kB
Hugetlb:               0 kB
DirectMap4k:      330416 kB
DirectMap2M:     5613568 kB
DirectMap1G:    264241152 kB
