MemTotal:       263785556 kB
MemFree:         1157416 kB
MemAvailable:   199160644 kB
Buffers:          160100 kB
Cached:         196474080 kB
SwapCached:          404 kB
Active:         15279224 kB
Inactive:       187432856 kB
Active(anon):    6113512 kB
Inactive(anon):      108 kB
Active(file):    9165712 kB
Inactive(file): 187432748 kB
Unevictable:    55310552 kB
Mlocked:        55310552 kB
SwapTotal:      33554428 kB
SwapFree:       33551868 kB
Dirty:            873224 kB
Writeback:             0 kB
AnonPages:      61388556 kB
Mapped:          5731176 kB
Shmem:               144 kB
KReclaimable:    3273632 kB
Slab:            3798904 kB
SReclaimable:    3273632 kB
SUnreclaim:       525272 kB
KernelStack:       12240 kB
PageTables:       133652 kB
NFS_Unstable:          0 kB
Bounce:                0 kB
WritebackTmp:          0 kB
CommitLimit:    165447204 kB
Committed_AS:   64792168 kB
VmallocTotal:   34359738367 kB
VmallocUsed:      263828 kB
VmallocChunk:          0 kB
Percpu:            30720 kB
HardwareCorrupted:     0 kB
AnonHugePages:         0 kB
ShmemHugePages:        0 kB
ShmemPmdMapped:        0 kB
FileHugePages:         0 kB
FilePmdMapped:         0 kB
HugePages_Total:       0
HugePages_Free:        0
HugePages_Rsvd:        0
HugePages_Surp:        0
Hugepagesize:       2048 kB
Hugetlb:               0 kB
DirectMap4k:      273072 kB
DirectMap2M:     4622336 kB
DirectMap1G:    265289728 kB
