MemTotal:       65705112 kB
MemFree:        60774588 kB
MemAvailable:   60422944 kB
Buffers:            7368 kB
Cached:           170736 kB
SwapCached:            0 kB
Active:          4208604 kB
Inactive:          48224 kB
Active(anon):    4067412 kB
Inactive(anon):    20672 kB
Active(file):     141192 kB
Inactive(file):    27552 kB
Unevictable:           0 kB
Mlocked:               0 kB
SwapTotal:      32970748 kB
SwapFree:       32970748 kB
Dirty:                 0 kB
Writeback:             0 kB
AnonPages:       4077984 kB
Mapped:           101776 kB
Shmem:              9316 kB
KReclaimable:      48384 kB
Slab:             167952 kB
SReclaimable:      48384 kB
SUnreclaim:       119568 kB
KernelStack:        8384 kB
PageTables:        14788 kB
NFS_Unstable:          0 kB
Bounce:                0 kB
WritebackTmp:          0 kB
CommitLimit:    65823304 kB
Committed_AS:   56147628 kB
VmallocTotal:   34359738367 kB
VmallocUsed:      163988 kB
VmallocChunk:          0 kB
Percpu:            19712 kB
HardwareCorrupted:     0 kB
AnonHugePages:   3948544 kB
ShmemHugePages:        0 kB
ShmemPmdMapped:        0 kB
FileHugePages:         0 kB
FilePmdMapped:         0 kB
HugePages_Total:       0
HugePages_Free:        0
HugePages_Rsvd:        0
HugePages_Surp:        0
Hugepagesize:       2048 kB
Hugetlb:               0 kB
DirectMap4k:      411628 kB
DirectMap2M:     9938944 kB
DirectMap1G:    57671680 kB
