MemTotal:       263785556 kB
MemFree:          991208 kB
MemAvailable:          0 kB
Buffers:            5316 kB
Cached:            67072 kB
SwapCached:         2048 kB
Active:         105050044 kB
Inactive:       155529296 kB
Active(anon):   105009464 kB
Inactive(anon): 155507284 kB
Active(file):      40580 kB
Inactive(file):    22012 kB
Unevictable:       19140 kB
Mlocked:           19140 kB
SwapTotal:      41943024 kB
SwapFree:       33554672 kB
Dirty:                 0 kB
Writeback:             0 kB
AnonPages:      260528388 kB
Mapped:            44080 kB
Shmem:                12 kB
KReclaimable:      67200 kB
Slab:             248408 kB
SReclaimable:      67200 kB
SUnreclaim:       181208 kB
KernelStack:       12256 kB
PageTables:       531696 kB
NFS_Unstable:          0 kB
Bounce:                0 kB
WritebackTmp:          0 kB
CommitLimit:    173835800 kB
Committed_AS:    1393740 kB
VmallocTotal:   34359738367 kB
VmallocUsed:      519460 kB
VmallocChunk:          0 kB
Percpu:            33984 kB
HardwareCorrupted:     0 kB
AnonHugePages:  173733888 kB
ShmemHugePages:        0 kB
ShmemPmdMapped:        0 kB
FileHugePages:         0 kB
FilePmdMapped:         0 kB
HugePages_Total:       0
HugePages_Free:        0
HugePages_Rsvd:        0
HugePages_Surp:        0
Hugepagesize:       2048 kB
Hugetlb:               0 kB
DirectMap4k:      338608 kB
DirectMap2M:     5605376 kB
DirectMap1G:    264241152 kB
