MemTotal:       65705112 kB
MemFree:        60802016 kB
MemAvailable:   60451508 kB
Buffers:            7384 kB
Cached:           171080 kB
SwapCached:            0 kB
Active:          4174072 kB
Inactive:          42604 kB
Active(anon):    4033048 kB
Inactive(anon):    14528 kB
Active(file):     141024 kB
Inactive(file):    28076 kB
Unevictable:           0 kB
Mlocked:               0 kB
SwapTotal:      32970748 kB
SwapFree:       32970748 kB
Dirty:               444 kB
Writeback:             0 kB
AnonPages:       4037328 kB
Mapped:           102044 kB
Shmem:              9320 kB
KReclaimable:      50292 kB
Slab:             167704 kB
SReclaimable:      50292 kB
SUnreclaim:       117412 kB
KernelStack:        8432 kB
PageTables:        15140 kB
NFS_Unstable:          0 kB
Bounce:                0 kB
WritebackTmp:          0 kB
CommitLimit:    65823304 kB
Committed_AS:   56147308 kB
VmallocTotal:   34359738367 kB
VmallocUsed:      164004 kB
VmallocChunk:          0 kB
Percpu:            19584 kB
HardwareCorrupted:     0 kB
AnonHugePages:   3905536 kB
ShmemHugePages:        0 kB
ShmemPmdMapped:        0 kB
FileHugePages:         0 kB
FilePmdMapped:         0 kB
HugePages_Total:       0
HugePages_Free:        0
HugePages_Rsvd:        0
HugePages_Surp:        0
Hugepagesize:       2048 kB
Hugetlb:               0 kB
DirectMap4k:      370668 kB
DirectMap2M:     8931328 kB
DirectMap1G:    58720256 kB
