MemTotal:       65705112 kB
MemFree:        64647792 kB
MemAvailable:   64376676 kB
Buffers:           27180 kB
Cached:           279452 kB
SwapCached:            0 kB
Active:           192992 kB
Inactive:         197796 kB
Active(anon):      80076 kB
Inactive(anon):    13504 kB
Active(file):     112916 kB
Inactive(file):   184292 kB
Unevictable:           0 kB
Mlocked:               0 kB
SwapTotal:      32970748 kB
SwapFree:       32970748 kB
Dirty:               452 kB
Writeback:             4 kB
AnonPages:         84412 kB
Mapped:            92840 kB
Shmem:              9304 kB
KReclaimable:      50140 kB
Slab:             150700 kB
SReclaimable:      50140 kB
SUnreclaim:       100560 kB
KernelStack:        8220 kB
PageTables:         7836 kB
NFS_Unstable:          0 kB
Bounce:                0 kB
WritebackTmp:          0 kB
CommitLimit:    65823304 kB
Committed_AS:     313188 kB
VmallocTotal:   34359738367 kB
VmallocUsed:      158784 kB
VmallocChunk:          0 kB
Percpu:            19584 kB
HardwareCorrupted:     0 kB
AnonHugePages:      6144 kB
ShmemHugePages:        0 kB
ShmemPmdMapped:        0 kB
FileHugePages:         0 kB
FilePmdMapped:         0 kB
HugePages_Total:       0
HugePages_Free:        0
HugePages_Rsvd:        0
HugePages_Surp:        0
Hugepagesize:       2048 kB
Hugetlb:               0 kB
DirectMap4k:      415724 kB
DirectMap2M:     6789120 kB
DirectMap1G:    60817408 kB
