MemTotal:       65705120 kB
MemFree:        60283700 kB
MemAvailable:   59946512 kB
Buffers:           23024 kB
Cached:           183312 kB
SwapCached:            0 kB
Active:           121012 kB
Inactive:        4628468 kB
Active(anon):       1548 kB
Inactive(anon):  4550912 kB
Active(file):     119464 kB
Inactive(file):    77556 kB
Unevictable:           0 kB
Mlocked:               0 kB
SwapTotal:      32970748 kB
SwapFree:       32970748 kB
Dirty:               136 kB
Writeback:             0 kB
AnonPages:       4542292 kB
Mapped:            82392 kB
Shmem:              9316 kB
KReclaimable:      49032 kB
Slab:             165764 kB
SReclaimable:      49032 kB
SUnreclaim:       116732 kB
KernelStack:        8320 kB
PageTables:        15768 kB
NFS_Unstable:          0 kB
Bounce:                0 kB
WritebackTmp:          0 kB
CommitLimit:    65823308 kB
Committed_AS:   66748304 kB
VmallocTotal:   34359738367 kB
VmallocUsed:      163892 kB
VmallocChunk:          0 kB
Percpu:            19968 kB
HardwareCorrupted:     0 kB
AnonHugePages:   4407296 kB
ShmemHugePages:        0 kB
ShmemPmdMapped:        0 kB
FileHugePages:         0 kB
FilePmdMapped:         0 kB
HugePages_Total:       0
HugePages_Free:        0
HugePages_Rsvd:        0
HugePages_Surp:        0
Hugepagesize:       2048 kB
Hugetlb:               0 kB
DirectMap4k:      393196 kB
DirectMap2M:    11005952 kB
DirectMap1G:    56623104 kB
