MemTotal:       263785552 kB
MemFree:        262390680 kB
MemAvailable:   261371416 kB
Buffers:           16968 kB
Cached:           190412 kB
SwapCached:            0 kB
Active:           316256 kB
Inactive:          42424 kB
Active(anon):     161544 kB
Inactive(anon):     2076 kB
Active(file):     154712 kB
Inactive(file):    40348 kB
Unevictable:       19116 kB
Mlocked:           19116 kB
SwapTotal:             0 kB
SwapFree:              0 kB
Dirty:              5000 kB
Writeback:             0 kB
AnonPages:        172252 kB
Mapped:           112076 kB
Shmem:              2016 kB
KReclaimable:      47908 kB
Slab:             182648 kB
SReclaimable:      47908 kB
SUnreclaim:       134740 kB
KernelStack:       12048 kB
PageTables:         8928 kB
NFS_Unstable:          0 kB
Bounce:                0 kB
WritebackTmp:          0 kB
CommitLimit:    131892776 kB
Committed_AS:     591872 kB
VmallocTotal:   34359738367 kB
VmallocUsed:      254568 kB
VmallocChunk:          0 kB
Percpu:            26880 kB
HardwareCorrupted:     0 kB
AnonHugePages:         0 kB
ShmemHugePages:        0 kB
ShmemPmdMapped:        0 kB
FileHugePages:         0 kB
FilePmdMapped:         0 kB
HugePages_Total:       0
HugePages_Free:        0
HugePages_Rsvd:        0
HugePages_Surp:        0
Hugepagesize:       2048 kB
Hugetlb:               0 kB
DirectMap4k:      264876 kB
DirectMap2M:     4630528 kB
DirectMap1G:    265289728 kB
