MemTotal:       65705120 kB
MemFree:        64636772 kB
MemAvailable:   64363972 kB
Buffers:           27520 kB
Cached:           278108 kB
SwapCached:            0 kB
Active:            94248 kB
Inactive:         296036 kB
Active(anon):       1432 kB
Inactive(anon):    92736 kB
Active(file):      92816 kB
Inactive(file):   203300 kB
Unevictable:         188 kB
Mlocked:               0 kB
SwapTotal:      32970748 kB
SwapFree:       32970748 kB
Dirty:               204 kB
Writeback:             4 kB
AnonPages:         85020 kB
Mapped:            93116 kB
Shmem:              9296 kB
KReclaimable:      48960 kB
Slab:             149056 kB
SReclaimable:      48960 kB
SUnreclaim:       100096 kB
KernelStack:        8128 kB
PageTables:         7736 kB
NFS_Unstable:          0 kB
Bounce:                0 kB
WritebackTmp:          0 kB
CommitLimit:    65823308 kB
Committed_AS:     312804 kB
VmallocTotal:   34359738367 kB
VmallocUsed:      158736 kB
VmallocChunk:          0 kB
Percpu:            19200 kB
HardwareCorrupted:     0 kB
AnonHugePages:      8192 kB
ShmemHugePages:        0 kB
ShmemPmdMapped:        0 kB
FileHugePages:         0 kB
FilePmdMapped:         0 kB
HugePages_Total:       0
HugePages_Free:        0
HugePages_Rsvd:        0
HugePages_Surp:        0
Hugepagesize:       2048 kB
Hugetlb:               0 kB
DirectMap4k:      511980 kB
DirectMap2M:     7741440 kB
DirectMap1G:    59768832 kB
