MemTotal:       263785556 kB
MemFree:         1177420 kB
MemAvailable:      96868 kB
Buffers:            5332 kB
Cached:            58316 kB
SwapCached:            0 kB
Active:         29544112 kB
Inactive:       231106880 kB
Active(anon):   29499944 kB
Inactive(anon): 231096188 kB
Active(file):      44168 kB
Inactive(file):    10692 kB
Unevictable:       19116 kB
Mlocked:           19116 kB
SwapTotal:      41943024 kB
SwapFree:       33821168 kB
Dirty:               100 kB
Writeback:             0 kB
AnonPages:      260607548 kB
Mapped:            37392 kB
Shmem:                12 kB
KReclaimable:      64528 kB
Slab:             242392 kB
SReclaimable:      64528 kB
SUnreclaim:       177864 kB
KernelStack:       12448 kB
PageTables:       531588 kB
NFS_Unstable:          0 kB
Bounce:                0 kB
WritebackTmp:          0 kB
CommitLimit:    173835800 kB
Committed_AS:    1394008 kB
VmallocTotal:   34359738367 kB
VmallocUsed:      519236 kB
VmallocChunk:          0 kB
Percpu:            33024 kB
HardwareCorrupted:     0 kB
AnonHugePages:         0 kB
ShmemHugePages:        0 kB
ShmemPmdMapped:        0 kB
FileHugePages:         0 kB
FilePmdMapped:         0 kB
HugePages_Total:       0
HugePages_Free:        0
HugePages_Rsvd:        0
HugePages_Surp:        0
Hugepagesize:       2048 kB
Hugetlb:               0 kB
DirectMap4k:      363184 kB
DirectMap2M:     5580800 kB
DirectMap1G:    264241152 kB
