MemTotal:       65705120 kB
MemFree:         3378132 kB
MemAvailable:    2952496 kB
Buffers:            3332 kB
Cached:            13840 kB
SwapCached:           36 kB
Active:         30389236 kB
Inactive:       30802364 kB
Active(anon):   30382476 kB
Inactive(anon): 30792556 kB
Active(file):       6760 kB
Inactive(file):     9808 kB
Unevictable:           0 kB
Mlocked:               0 kB
SwapTotal:       8388604 kB
SwapFree:        2096776 kB
Dirty:                 0 kB
Writeback:             0 kB
AnonPages:      61178852 kB
Mapped:            10472 kB
Shmem:                36 kB
KReclaimable:      52960 kB
Slab:             172780 kB
SReclaimable:      52960 kB
SUnreclaim:       119820 kB
KernelStack:        8476 kB
PageTables:       138964 kB
NFS_Unstable:          0 kB
Bounce:                0 kB
WritebackTmp:          0 kB
CommitLimit:    41241164 kB
Committed_AS:   67989400 kB
VmallocTotal:   34359738367 kB
VmallocUsed:      185876 kB
VmallocChunk:          0 kB
Percpu:            19584 kB
HardwareCorrupted:     0 kB
AnonHugePages:  45453312 kB
ShmemHugePages:        0 kB
ShmemPmdMapped:        0 kB
FileHugePages:         0 kB
FilePmdMapped:         0 kB
HugePages_Total:       0
HugePages_Free:        0
HugePages_Rsvd:        0
HugePages_Surp:        0
Hugepagesize:       2048 kB
Hugetlb:               0 kB
DirectMap4k:      452588 kB
DirectMap2M:    11995136 kB
DirectMap1G:    55574528 kB
