MemTotal:       65705120 kB
MemFree:          638408 kB
MemAvailable:     211704 kB
Buffers:            3572 kB
Cached:            16352 kB
SwapCached:           12 kB
Active:         64029684 kB
Inactive:          49576 kB
Active(anon):   64017536 kB
Inactive(anon):    42852 kB
Active(file):      12148 kB
Inactive(file):     6724 kB
Unevictable:           0 kB
Mlocked:               0 kB
SwapTotal:       8388604 kB
SwapFree:        4966480 kB
Dirty:                16 kB
Writeback:             0 kB
AnonPages:      64065980 kB
Mapped:            12948 kB
Shmem:                 4 kB
KReclaimable:      48516 kB
Slab:             161264 kB
SReclaimable:      48516 kB
SUnreclaim:       112748 kB
KernelStack:        8600 kB
PageTables:       139156 kB
NFS_Unstable:          0 kB
Bounce:                0 kB
WritebackTmp:          0 kB
CommitLimit:    41241164 kB
Committed_AS:   67989312 kB
VmallocTotal:   34359738367 kB
VmallocUsed:      185908 kB
VmallocChunk:          0 kB
Percpu:            19712 kB
HardwareCorrupted:     0 kB
AnonHugePages:  61059072 kB
ShmemHugePages:        0 kB
ShmemPmdMapped:        0 kB
FileHugePages:         0 kB
FilePmdMapped:         0 kB
HugePages_Total:       0
HugePages_Free:        0
HugePages_Rsvd:        0
HugePages_Surp:        0
Hugepagesize:       2048 kB
Hugetlb:               0 kB
DirectMap4k:      456684 kB
DirectMap2M:     9893888 kB
DirectMap1G:    57671680 kB
