MemTotal:       263785560 kB
MemFree:         1173208 kB
MemAvailable:   257808288 kB
Buffers:           60272 kB
Cached:         256443036 kB
SwapCached:            0 kB
Active:           158404 kB
Inactive:       256392288 kB
Active(anon):       1620 kB
Inactive(anon):  2698488 kB
Active(file):     156784 kB
Inactive(file): 253693800 kB
Unevictable:       19116 kB
Mlocked:           19116 kB
SwapTotal:             0 kB
SwapFree:              0 kB
Dirty:            352024 kB
Writeback:             0 kB
AnonPages:         67316 kB
Mapped:          2701532 kB
Shmem:           2643436 kB
KReclaimable:    4632716 kB
Slab:            5199340 kB
SReclaimable:    4632716 kB
SUnreclaim:       566624 kB
KernelStack:        9264 kB
PageTables:         9072 kB
NFS_Unstable:          0 kB
Bounce:                0 kB
WritebackTmp:          0 kB
CommitLimit:    131892780 kB
Committed_AS:   130051176 kB
VmallocTotal:   34359738367 kB
VmallocUsed:      251920 kB
VmallocChunk:          0 kB
Percpu:            27840 kB
HardwareCorrupted:     0 kB
AnonHugePages:         0 kB
ShmemHugePages:        0 kB
ShmemPmdMapped:        0 kB
FileHugePages:         0 kB
FilePmdMapped:         0 kB
HugePages_Total:       0
HugePages_Free:        0
HugePages_Rsvd:        0
HugePages_Surp:        0
Hugepagesize:       2048 kB
Hugetlb:               0 kB
DirectMap4k:      271020 kB
DirectMap2M:     4624384 kB
DirectMap1G:    265289728 kB
