MemTotal:       65705120 kB
MemFree:        64633160 kB
MemAvailable:   64362804 kB
Buffers:           27664 kB
Cached:           279672 kB
SwapCached:            0 kB
Active:            95640 kB
Inactive:         300752 kB
Active(anon):       1440 kB
Inactive(anon):    97020 kB
Active(file):      94200 kB
Inactive(file):   203732 kB
Unevictable:           0 kB
Mlocked:               0 kB
SwapTotal:      32970748 kB
SwapFree:       32970748 kB
Dirty:               388 kB
Writeback:             0 kB
AnonPages:         89336 kB
Mapped:            92256 kB
Shmem:              9304 kB
KReclaimable:      50216 kB
Slab:             151128 kB
SReclaimable:      50216 kB
SUnreclaim:       100912 kB
KernelStack:        8272 kB
PageTables:         7312 kB
NFS_Unstable:          0 kB
Bounce:                0 kB
WritebackTmp:          0 kB
CommitLimit:    65823308 kB
Committed_AS:     313048 kB
VmallocTotal:   34359738367 kB
VmallocUsed:      158864 kB
VmallocChunk:          0 kB
Percpu:            19200 kB
HardwareCorrupted:     0 kB
AnonHugePages:      8192 kB
ShmemHugePages:        0 kB
ShmemPmdMapped:        0 kB
FileHugePages:         0 kB
FilePmdMapped:         0 kB
HugePages_Total:       0
HugePages_Free:        0
HugePages_Rsvd:        0
HugePages_Surp:        0
Hugepagesize:       2048 kB
Hugetlb:               0 kB
DirectMap4k:      421868 kB
DirectMap2M:     7831552 kB
DirectMap1G:    59768832 kB
