MemTotal:       65705120 kB
MemFree:          588388 kB
MemAvailable:   64147200 kB
Buffers:           38352 kB
Cached:         62949172 kB
SwapCached:            0 kB
Active:           254484 kB
Inactive:       62882000 kB
Active(anon):       1452 kB
Inactive(anon):   157384 kB
Active(file):     253032 kB
Inactive(file): 62724616 kB
Unevictable:           0 kB
Mlocked:               0 kB
SwapTotal:      32970748 kB
SwapFree:       32970748 kB
Dirty:           4418800 kB
Writeback:             0 kB
AnonPages:        149636 kB
Mapped:           103444 kB
Shmem:              9300 kB
KReclaimable:    1307740 kB
Slab:            1517548 kB
SReclaimable:    1307740 kB
SUnreclaim:       209808 kB
KernelStack:        8512 kB
PageTables:         7140 kB
NFS_Unstable:          0 kB
Bounce:                0 kB
WritebackTmp:          0 kB
CommitLimit:    65823308 kB
Committed_AS:     689944 kB
VmallocTotal:   34359738367 kB
VmallocUsed:      158968 kB
VmallocChunk:          0 kB
Percpu:            19328 kB
HardwareCorrupted:     0 kB
AnonHugePages:     12288 kB
ShmemHugePages:        0 kB
ShmemPmdMapped:        0 kB
FileHugePages:         0 kB
FilePmdMapped:         0 kB
HugePages_Total:       0
HugePages_Free:        0
HugePages_Rsvd:        0
HugePages_Surp:        0
Hugepagesize:       2048 kB
Hugetlb:               0 kB
DirectMap4k:      442348 kB
DirectMap2M:     9908224 kB
DirectMap1G:    57671680 kB
