MemTotal:       65705120 kB
MemFree:          434188 kB
MemAvailable:       5000 kB
Buffers:            3344 kB
Cached:            14520 kB
SwapCached:           16 kB
Active:          1831980 kB
Inactive:       62541220 kB
Active(anon):    1819068 kB
Inactive(anon): 62537600 kB
Active(file):      12912 kB
Inactive(file):     3620 kB
Unevictable:           0 kB
Mlocked:               0 kB
SwapTotal:       8388604 kB
SwapFree:        5260796 kB
Dirty:                 0 kB
Writeback:             0 kB
AnonPages:      64358616 kB
Mapped:            10244 kB
Shmem:               788 kB
KReclaimable:      45516 kB
Slab:             154652 kB
SReclaimable:      45516 kB
SUnreclaim:       109136 kB
KernelStack:        8768 kB
PageTables:       141064 kB
NFS_Unstable:          0 kB
Bounce:                0 kB
WritebackTmp:          0 kB
CommitLimit:    41241164 kB
Committed_AS:    3916196 kB
VmallocTotal:   34359738367 kB
VmallocUsed:      191184 kB
VmallocChunk:          0 kB
Percpu:            19584 kB
HardwareCorrupted:     0 kB
AnonHugePages:      6144 kB
ShmemHugePages:        0 kB
ShmemPmdMapped:        0 kB
FileHugePages:         0 kB
FilePmdMapped:         0 kB
HugePages_Total:       0
HugePages_Free:        0
HugePages_Rsvd:        0
HugePages_Surp:        0
Hugepagesize:       2048 kB
Hugetlb:               0 kB
DirectMap4k:      475116 kB
DirectMap2M:     8826880 kB
DirectMap1G:    58720256 kB
