MemTotal:       65705112 kB
MemFree:          616336 kB
MemAvailable:   64156248 kB
Buffers:           10784 kB
Cached:         62953988 kB
SwapCached:          224 kB
Active:           329884 kB
Inactive:       62781024 kB
Active(anon):     152616 kB
Inactive(anon):      152 kB
Active(file):     177268 kB
Inactive(file): 62780872 kB
Unevictable:           0 kB
Mlocked:               0 kB
SwapTotal:      32970748 kB
SwapFree:       32966396 kB
Dirty:           4418904 kB
Writeback:             0 kB
AnonPages:        145656 kB
Mapped:           118608 kB
Shmem:              5040 kB
KReclaimable:    1308348 kB
Slab:            1518476 kB
SReclaimable:    1308348 kB
SUnreclaim:       210128 kB
KernelStack:        8464 kB
PageTables:         7224 kB
NFS_Unstable:          0 kB
Bounce:                0 kB
WritebackTmp:          0 kB
CommitLimit:    65823304 kB
Committed_AS:     690888 kB
VmallocTotal:   34359738367 kB
VmallocUsed:      158888 kB
VmallocChunk:          0 kB
Percpu:            19456 kB
HardwareCorrupted:     0 kB
AnonHugePages:      6144 kB
ShmemHugePages:        0 kB
ShmemPmdMapped:        0 kB
FileHugePages:         0 kB
FilePmdMapped:         0 kB
HugePages_Total:       0
HugePages_Free:        0
HugePages_Rsvd:        0
HugePages_Surp:        0
Hugepagesize:       2048 kB
Hugetlb:               0 kB
DirectMap4k:      475116 kB
DirectMap2M:     8826880 kB
DirectMap1G:    58720256 kB
