MemTotal:       263785560 kB
MemFree:        262379692 kB
MemAvailable:   261368624 kB
Buffers:           14816 kB
Cached:           207740 kB
SwapCached:            0 kB
Active:            66304 kB
Inactive:         285716 kB
Active(anon):        600 kB
Inactive(anon):   140824 kB
Active(file):      65704 kB
Inactive(file):   144892 kB
Unevictable:       19116 kB
Mlocked:           19116 kB
SwapTotal:             0 kB
SwapFree:              0 kB
Dirty:              5676 kB
Writeback:             0 kB
AnonPages:        149936 kB
Mapped:           121648 kB
Shmem:              2064 kB
KReclaimable:      48456 kB
Slab:             184196 kB
SReclaimable:      48456 kB
SUnreclaim:       135740 kB
KernelStack:       12128 kB
PageTables:         9576 kB
NFS_Unstable:          0 kB
Bounce:                0 kB
WritebackTmp:          0 kB
CommitLimit:    131892780 kB
Committed_AS:     503028 kB
VmallocTotal:   34359738367 kB
VmallocUsed:      254632 kB
VmallocChunk:          0 kB
Percpu:            27264 kB
HardwareCorrupted:     0 kB
AnonHugePages:         0 kB
ShmemHugePages:        0 kB
ShmemPmdMapped:        0 kB
FileHugePages:         0 kB
FilePmdMapped:         0 kB
HugePages_Total:       0
HugePages_Free:        0
HugePages_Rsvd:        0
HugePages_Surp:        0
Hugepagesize:       2048 kB
Hugetlb:               0 kB
DirectMap4k:      268972 kB
DirectMap2M:     4626432 kB
DirectMap1G:    265289728 kB
