MemTotal:       65705120 kB
MemFree:          590200 kB
MemAvailable:   64155836 kB
Buffers:           38220 kB
Cached:         62956216 kB
SwapCached:            0 kB
Active:           254512 kB
Inactive:       62886732 kB
Active(anon):       1468 kB
Inactive(anon):   155208 kB
Active(file):     253044 kB
Inactive(file): 62731524 kB
Unevictable:           0 kB
Mlocked:               0 kB
SwapTotal:      32970748 kB
SwapFree:       32970748 kB
Dirty:           4418584 kB
Writeback:             0 kB
AnonPages:        145424 kB
Mapped:           103020 kB
Shmem:              9300 kB
KReclaimable:    1307644 kB
Slab:            1516036 kB
SReclaimable:    1307644 kB
SUnreclaim:       208392 kB
KernelStack:        8512 kB
PageTables:         7224 kB
NFS_Unstable:          0 kB
Bounce:                0 kB
WritebackTmp:          0 kB
CommitLimit:    65823308 kB
Committed_AS:     690316 kB
VmallocTotal:   34359738367 kB
VmallocUsed:      159000 kB
VmallocChunk:          0 kB
Percpu:            19456 kB
HardwareCorrupted:     0 kB
AnonHugePages:      6144 kB
ShmemHugePages:        0 kB
ShmemPmdMapped:        0 kB
FileHugePages:         0 kB
FilePmdMapped:         0 kB
HugePages_Total:       0
HugePages_Free:        0
HugePages_Rsvd:        0
HugePages_Surp:        0
Hugepagesize:       2048 kB
Hugetlb:               0 kB
DirectMap4k:      446444 kB
DirectMap2M:    10952704 kB
DirectMap1G:    56623104 kB
