MemTotal:       65705112 kB
MemFree:        60726920 kB
MemAvailable:   60376108 kB
Buffers:            7356 kB
Cached:           170392 kB
SwapCached:            0 kB
Active:          4225060 kB
Inactive:          52008 kB
Active(anon):    4083932 kB
Inactive(anon):    24768 kB
Active(file):     141128 kB
Inactive(file):    27240 kB
Unevictable:           0 kB
Mlocked:               0 kB
SwapTotal:      32970748 kB
SwapFree:       32970748 kB
Dirty:               172 kB
Writeback:             0 kB
AnonPages:       4098112 kB
Mapped:           101816 kB
Shmem:              9320 kB
KReclaimable:      50420 kB
Slab:             170184 kB
SReclaimable:      50420 kB
SUnreclaim:       119764 kB
KernelStack:        8448 kB
PageTables:        15020 kB
NFS_Unstable:          0 kB
Bounce:                0 kB
WritebackTmp:          0 kB
CommitLimit:    65823304 kB
Committed_AS:   56147408 kB
VmallocTotal:   34359738367 kB
VmallocUsed:      164116 kB
VmallocChunk:          0 kB
Percpu:            19712 kB
HardwareCorrupted:     0 kB
AnonHugePages:   3971072 kB
ShmemHugePages:        0 kB
ShmemPmdMapped:        0 kB
FileHugePages:         0 kB
FilePmdMapped:         0 kB
HugePages_Total:       0
HugePages_Free:        0
HugePages_Rsvd:        0
HugePages_Surp:        0
Hugepagesize:       2048 kB
Hugetlb:               0 kB
DirectMap4k:      417772 kB
DirectMap2M:     8884224 kB
DirectMap1G:    58720256 kB
