MemTotal:       65705112 kB
MemFree:        64642780 kB
MemAvailable:   64369424 kB
Buffers:           27184 kB
Cached:           277588 kB
SwapCached:            0 kB
Active:           195192 kB
Inactive:         196224 kB
Active(anon):      83000 kB
Inactive(anon):    13468 kB
Active(file):     112192 kB
Inactive(file):   182756 kB
Unevictable:           0 kB
Mlocked:               0 kB
SwapTotal:      32970748 kB
SwapFree:       32970748 kB
Dirty:               152 kB
Writeback:             4 kB
AnonPages:         85140 kB
Mapped:            91456 kB
Shmem:              9288 kB
KReclaimable:      50180 kB
Slab:             150708 kB
SReclaimable:      50180 kB
SUnreclaim:       100528 kB
KernelStack:        7936 kB
PageTables:         7452 kB
NFS_Unstable:          0 kB
Bounce:                0 kB
WritebackTmp:          0 kB
CommitLimit:    65823304 kB
Committed_AS:     312856 kB
VmallocTotal:   34359738367 kB
VmallocUsed:      158672 kB
VmallocChunk:          0 kB
Percpu:            19456 kB
HardwareCorrupted:     0 kB
AnonHugePages:      8192 kB
ShmemHugePages:        0 kB
ShmemPmdMapped:        0 kB
FileHugePages:         0 kB
FilePmdMapped:         0 kB
HugePages_Total:       0
HugePages_Free:        0
HugePages_Rsvd:        0
HugePages_Surp:        0
Hugepagesize:       2048 kB
Hugetlb:               0 kB
DirectMap4k:      432108 kB
DirectMap2M:     5724160 kB
DirectMap1G:    61865984 kB
