MemTotal:       263785560 kB
MemFree:         1243772 kB
MemAvailable:   257852804 kB
Buffers:           60428 kB
Cached:         256417616 kB
SwapCached:            0 kB
Active:           158944 kB
Inactive:       256358324 kB
Active(anon):       1752 kB
Inactive(anon):  2690228 kB
Active(file):     157192 kB
Inactive(file): 253668096 kB
Unevictable:       19116 kB
Mlocked:           19116 kB
SwapTotal:             0 kB
SwapFree:              0 kB
Dirty:            353372 kB
Writeback:             0 kB
AnonPages:         58972 kB
Mapped:          2699064 kB
Shmem:           2643436 kB
KReclaimable:    4632128 kB
Slab:            5195700 kB
SReclaimable:    4632128 kB
SUnreclaim:       563572 kB
KernelStack:        9104 kB
PageTables:         8620 kB
NFS_Unstable:          0 kB
Bounce:                0 kB
WritebackTmp:          0 kB
CommitLimit:    131892780 kB
Committed_AS:   130032664 kB
VmallocTotal:   34359738367 kB
VmallocUsed:      251808 kB
VmallocChunk:          0 kB
Percpu:            27264 kB
HardwareCorrupted:     0 kB
AnonHugePages:         0 kB
ShmemHugePages:        0 kB
ShmemPmdMapped:        0 kB
FileHugePages:         0 kB
FilePmdMapped:         0 kB
HugePages_Total:       0
HugePages_Free:        0
HugePages_Rsvd:        0
HugePages_Surp:        0
Hugepagesize:       2048 kB
Hugetlb:               0 kB
DirectMap4k:      246444 kB
DirectMap2M:     4648960 kB
DirectMap1G:    265289728 kB
