MemTotal:       263785564 kB
MemFree:         1157516 kB
MemAvailable:      88388 kB
Buffers:           14148 kB
Cached:            72092 kB
SwapCached:            0 kB
Active:            92428 kB
Inactive:       260559708 kB
Active(anon):      53948 kB
Inactive(anon): 260524064 kB
Active(file):      38480 kB
Inactive(file):    35644 kB
Unevictable:       19140 kB
Mlocked:           19140 kB
SwapTotal:      41943024 kB
SwapFree:       33802992 kB
Dirty:                 0 kB
Writeback:             0 kB
AnonPages:      260586808 kB
Mapped:            43068 kB
Shmem:              2312 kB
KReclaimable:      69116 kB
Slab:             245640 kB
SReclaimable:      69116 kB
SUnreclaim:       176524 kB
KernelStack:       12000 kB
PageTables:       530760 kB
NFS_Unstable:          0 kB
Bounce:                0 kB
WritebackTmp:          0 kB
CommitLimit:    173835804 kB
Committed_AS:    1385868 kB
VmallocTotal:   34359738367 kB
VmallocUsed:      519300 kB
VmallocChunk:          0 kB
Percpu:            33792 kB
HardwareCorrupted:     0 kB
AnonHugePages:         0 kB
ShmemHugePages:        0 kB
ShmemPmdMapped:        0 kB
FileHugePages:         0 kB
FilePmdMapped:         0 kB
HugePages_Total:       0
HugePages_Free:        0
HugePages_Rsvd:        0
HugePages_Surp:        0
Hugepagesize:       2048 kB
Hugetlb:               0 kB
DirectMap4k:      311984 kB
DirectMap2M:     5632000 kB
DirectMap1G:    264241152 kB
