MemTotal:       263785556 kB
MemFree:         1230776 kB
MemAvailable:   199143596 kB
Buffers:          248076 kB
Cached:         196313808 kB
SwapCached:            0 kB
Active:         14918580 kB
Inactive:       187742104 kB
Active(anon):    6132176 kB
Inactive(anon):     2484 kB
Active(file):    8786404 kB
Inactive(file): 187739620 kB
Unevictable:    55310468 kB
Mlocked:        55310468 kB
SwapTotal:             0 kB
SwapFree:              0 kB
Dirty:            778240 kB
Writeback:             0 kB
AnonPages:      61409304 kB
Mapped:          5751172 kB
Shmem:              2348 kB
KReclaimable:    3275976 kB
Slab:            3803012 kB
SReclaimable:    3275976 kB
SUnreclaim:       527036 kB
KernelStack:       12256 kB
PageTables:       133828 kB
NFS_Unstable:          0 kB
Bounce:                0 kB
WritebackTmp:          0 kB
CommitLimit:    131892776 kB
Committed_AS:   64775776 kB
VmallocTotal:   34359738367 kB
VmallocUsed:      255572 kB
VmallocChunk:          0 kB
Percpu:            30144 kB
HardwareCorrupted:     0 kB
AnonHugePages:         0 kB
ShmemHugePages:        0 kB
ShmemPmdMapped:        0 kB
FileHugePages:         0 kB
FilePmdMapped:         0 kB
HugePages_Total:       0
HugePages_Free:        0
HugePages_Rsvd:        0
HugePages_Surp:        0
Hugepagesize:       2048 kB
Hugetlb:               0 kB
DirectMap4k:      281264 kB
DirectMap2M:     4614144 kB
DirectMap1G:    265289728 kB
