MemTotal:       263785564 kB
MemFree:         1226044 kB
MemAvailable:   199103176 kB
Buffers:          408324 kB
Cached:         196113280 kB
SwapCached:            0 kB
Active:           578384 kB
Inactive:       202049868 kB
Active(anon):       2084 kB
Inactive(anon):  6138764 kB
Active(file):     576300 kB
Inactive(file): 195911104 kB
Unevictable:    55307976 kB
Mlocked:        55307976 kB
SwapTotal:      33554428 kB
SwapFree:       33554172 kB
Dirty:            614828 kB
Writeback:             0 kB
AnonPages:      61415952 kB
Mapped:          5697092 kB
Shmem:              2312 kB
KReclaimable:    3283004 kB
Slab:            3857064 kB
SReclaimable:    3283004 kB
SUnreclaim:       574060 kB
KernelStack:       12272 kB
PageTables:       133528 kB
NFS_Unstable:          0 kB
Bounce:                0 kB
WritebackTmp:          0 kB
CommitLimit:    165447208 kB
Committed_AS:   64905348 kB
VmallocTotal:   34359738367 kB
VmallocUsed:      263796 kB
VmallocChunk:          0 kB
Percpu:            30528 kB
HardwareCorrupted:     0 kB
AnonHugePages:         0 kB
ShmemHugePages:        0 kB
ShmemPmdMapped:        0 kB
FileHugePages:         0 kB
FilePmdMapped:         0 kB
HugePages_Total:       0
HugePages_Free:        0
HugePages_Rsvd:        0
HugePages_Surp:        0
Hugepagesize:       2048 kB
Hugetlb:               0 kB
DirectMap4k:      275120 kB
DirectMap2M:     4620288 kB
DirectMap1G:    265289728 kB
