MemTotal:       65705112 kB
MemFree:        64642320 kB
MemAvailable:   64367140 kB
Buffers:           27176 kB
Cached:           277040 kB
SwapCached:            0 kB
Active:           189936 kB
Inactive:         195772 kB
Active(anon):      78660 kB
Inactive(anon):    13472 kB
Active(file):     111276 kB
Inactive(file):   182300 kB
Unevictable:         260 kB
Mlocked:               0 kB
SwapTotal:      32970748 kB
SwapFree:       32970748 kB
Dirty:             27536 kB
Writeback:             8 kB
AnonPages:         83512 kB
Mapped:            92756 kB
Shmem:              9280 kB
KReclaimable:      49280 kB
Slab:             148120 kB
SReclaimable:      49280 kB
SUnreclaim:        98840 kB
KernelStack:        7980 kB
PageTables:         7864 kB
NFS_Unstable:          0 kB
Bounce:                0 kB
WritebackTmp:          0 kB
CommitLimit:    65823304 kB
Committed_AS:     313196 kB
VmallocTotal:   34359738367 kB
VmallocUsed:      158672 kB
VmallocChunk:          0 kB
Percpu:            19200 kB
HardwareCorrupted:     0 kB
AnonHugePages:      6144 kB
ShmemHugePages:        0 kB
ShmemPmdMapped:        0 kB
FileHugePages:         0 kB
FilePmdMapped:         0 kB
HugePages_Total:       0
HugePages_Free:        0
HugePages_Rsvd:        0
HugePages_Surp:        0
Hugepagesize:       2048 kB
Hugetlb:               0 kB
DirectMap4k:      487404 kB
DirectMap2M:     9863168 kB
DirectMap1G:    57671680 kB
