MemTotal:       263785552 kB
MemFree:        262214332 kB
MemAvailable:   261238668 kB
Buffers:           64768 kB
Cached:           226868 kB
SwapCached:            0 kB
Active:           249580 kB
Inactive:         183112 kB
Active(anon):     150800 kB
Inactive(anon):     2120 kB
Active(file):      98780 kB
Inactive(file):   180992 kB
Unevictable:       19116 kB
Mlocked:           19116 kB
SwapTotal:      67108860 kB
SwapFree:       67108860 kB
Dirty:              3308 kB
Writeback:             0 kB
AnonPages:        161932 kB
Mapped:            65260 kB
Shmem:              2068 kB
KReclaimable:      50088 kB
Slab:             186072 kB
SReclaimable:      50088 kB
SUnreclaim:       135984 kB
KernelStack:       12048 kB
PageTables:         9288 kB
NFS_Unstable:          0 kB
Bounce:                0 kB
WritebackTmp:          0 kB
CommitLimit:    199001636 kB
Committed_AS:     573184 kB
VmallocTotal:   34359738367 kB
VmallocUsed:      271052 kB
VmallocChunk:          0 kB
Percpu:            27072 kB
HardwareCorrupted:     0 kB
AnonHugePages:         0 kB
ShmemHugePages:        0 kB
ShmemPmdMapped:        0 kB
FileHugePages:         0 kB
FilePmdMapped:         0 kB
HugePages_Total:       0
HugePages_Free:        0
HugePages_Rsvd:        0
HugePages_Surp:        0
Hugepagesize:       2048 kB
Hugetlb:               0 kB
DirectMap4k:      252588 kB
DirectMap2M:     5691392 kB
DirectMap1G:    264241152 kB
