MemTotal:       65705112 kB
MemFree:        61827892 kB
MemAvailable:   61477600 kB
Buffers:           11560 kB
Cached:           169032 kB
SwapCached:            0 kB
Active:          3119668 kB
Inactive:          44028 kB
Active(anon):    2978408 kB
Inactive(anon):    14528 kB
Active(file):     141260 kB
Inactive(file):    29500 kB
Unevictable:           0 kB
Mlocked:               0 kB
SwapTotal:      32970748 kB
SwapFree:       32970748 kB
Dirty:                88 kB
Writeback:             0 kB
AnonPages:       2983616 kB
Mapped:           101728 kB
Shmem:              9320 kB
KReclaimable:      49068 kB
Slab:             169960 kB
SReclaimable:      49068 kB
SUnreclaim:       120892 kB
KernelStack:        8368 kB
PageTables:        12956 kB
NFS_Unstable:          0 kB
Bounce:                0 kB
WritebackTmp:          0 kB
CommitLimit:    65823304 kB
Committed_AS:   66731360 kB
VmallocTotal:   34359738367 kB
VmallocUsed:      164020 kB
VmallocChunk:          0 kB
Percpu:            19328 kB
HardwareCorrupted:     0 kB
AnonHugePages:   2848768 kB
ShmemHugePages:        0 kB
ShmemPmdMapped:        0 kB
FileHugePages:         0 kB
FilePmdMapped:         0 kB
HugePages_Total:       0
HugePages_Free:        0
HugePages_Rsvd:        0
HugePages_Surp:        0
Hugepagesize:       2048 kB
Hugetlb:               0 kB
DirectMap4k:      370668 kB
DirectMap2M:    12077056 kB
DirectMap1G:    55574528 kB
