MemTotal:       65705112 kB
MemFree:          437808 kB
MemAvailable:      23224 kB
Buffers:            3340 kB
Cached:            41352 kB
SwapCached:       187400 kB
Active:         39118884 kB
Inactive:       25238416 kB
Active(anon):   39087072 kB
Inactive(anon): 25225576 kB
Active(file):      31812 kB
Inactive(file):    12840 kB
Unevictable:           0 kB
Mlocked:               0 kB
SwapTotal:       8388604 kB
SwapFree:        5053692 kB
Dirty:                 0 kB
Writeback:             0 kB
AnonPages:      64132176 kB
Mapped:            36088 kB
Shmem:                40 kB
KReclaimable:      46604 kB
Slab:             157044 kB
SReclaimable:      46604 kB
SUnreclaim:       110440 kB
KernelStack:        8620 kB
PageTables:       140844 kB
NFS_Unstable:          0 kB
Bounce:                0 kB
WritebackTmp:          0 kB
CommitLimit:    41241160 kB
Committed_AS:    2627132 kB
VmallocTotal:   34359738367 kB
VmallocUsed:      191264 kB
VmallocChunk:          0 kB
Percpu:            19456 kB
HardwareCorrupted:     0 kB
AnonHugePages:      4096 kB
ShmemHugePages:        0 kB
ShmemPmdMapped:        0 kB
FileHugePages:         0 kB
FilePmdMapped:         0 kB
HugePages_Total:       0
HugePages_Free:        0
HugePages_Rsvd:        0
HugePages_Surp:        0
Hugepagesize:       2048 kB
Hugetlb:               0 kB
DirectMap4k:      417772 kB
DirectMap2M:     9932800 kB
DirectMap1G:    57671680 kB
