MemTotal:       263785556 kB
MemFree:          914796 kB
MemAvailable:          0 kB
Buffers:            5320 kB
Cached:            62552 kB
SwapCached:         2048 kB
Active:         92402548 kB
Inactive:       168060848 kB
Active(anon):   92366080 kB
Inactive(anon): 168039296 kB
Active(file):      36468 kB
Inactive(file):    21552 kB
Unevictable:       19140 kB
Mlocked:           19140 kB
SwapTotal:      41943024 kB
SwapFree:       33433072 kB
Dirty:                 0 kB
Writeback:             0 kB
AnonPages:      260415580 kB
Mapped:            43588 kB
Shmem:                12 kB
KReclaimable:      64756 kB
Slab:             243660 kB
SReclaimable:      64756 kB
SUnreclaim:       178904 kB
KernelStack:       11968 kB
PageTables:       531500 kB
NFS_Unstable:          0 kB
Bounce:                0 kB
WritebackTmp:          0 kB
CommitLimit:    173835800 kB
Committed_AS:    1393664 kB
VmallocTotal:   34359738367 kB
VmallocUsed:      514280 kB
VmallocChunk:          0 kB
Percpu:            33792 kB
HardwareCorrupted:     0 kB
AnonHugePages:  195172352 kB
ShmemHugePages:        0 kB
ShmemPmdMapped:        0 kB
FileHugePages:         0 kB
FilePmdMapped:         0 kB
HugePages_Total:       0
HugePages_Free:        0
HugePages_Rsvd:        0
HugePages_Surp:        0
Hugepagesize:       2048 kB
Hugetlb:               0 kB
DirectMap4k:      350896 kB
DirectMap2M:     5593088 kB
DirectMap1G:    264241152 kB
