MemTotal:       65705120 kB
MemFree:          591280 kB
MemAvailable:   64153404 kB
Buffers:           39080 kB
Cached:         62951412 kB
SwapCached:            0 kB
Active:           245296 kB
Inactive:       62889144 kB
Active(anon):       1480 kB
Inactive(anon):   152488 kB
Active(file):     243816 kB
Inactive(file): 62736656 kB
Unevictable:           0 kB
Mlocked:               0 kB
SwapTotal:      32970748 kB
SwapFree:       32970748 kB
Dirty:           4419056 kB
Writeback:             0 kB
AnonPages:        144908 kB
Mapped:           103960 kB
Shmem:              9300 kB
KReclaimable:    1308228 kB
Slab:            1519012 kB
SReclaimable:    1308228 kB
SUnreclaim:       210784 kB
KernelStack:        8560 kB
PageTables:         7372 kB
NFS_Unstable:          0 kB
Bounce:                0 kB
WritebackTmp:          0 kB
CommitLimit:    65823308 kB
Committed_AS:     690312 kB
VmallocTotal:   34359738367 kB
VmallocUsed:      159016 kB
VmallocChunk:          0 kB
Percpu:            19712 kB
HardwareCorrupted:     0 kB
AnonHugePages:      6144 kB
ShmemHugePages:        0 kB
ShmemPmdMapped:        0 kB
FileHugePages:         0 kB
FilePmdMapped:         0 kB
HugePages_Total:       0
HugePages_Free:        0
HugePages_Rsvd:        0
HugePages_Surp:        0
Hugepagesize:       2048 kB
Hugetlb:               0 kB
DirectMap4k:      548844 kB
DirectMap2M:     8753152 kB
DirectMap1G:    58720256 kB
