MemTotal:       263785560 kB
MemFree:         1019652 kB
MemAvailable:   257006504 kB
Buffers:           60616 kB
Cached:         256548020 kB
SwapCached:            0 kB
Active:           162588 kB
Inactive:       256485064 kB
Active(anon):       1584 kB
Inactive(anon):  3436244 kB
Active(file):     161004 kB
Inactive(file): 253048820 kB
Unevictable:       19116 kB
Mlocked:           19116 kB
SwapTotal:      67108860 kB
SwapFree:       67108860 kB
Dirty:            350408 kB
Writeback:             0 kB
AnonPages:         58928 kB
Mapped:          3457120 kB
Shmem:           3389420 kB
KReclaimable:    4625412 kB
Slab:            5192616 kB
SReclaimable:    4625412 kB
SUnreclaim:       567204 kB
KernelStack:        9072 kB
PageTables:        10548 kB
NFS_Unstable:          0 kB
Bounce:                0 kB
WritebackTmp:          0 kB
CommitLimit:    199001640 kB
Committed_AS:   162312648 kB
VmallocTotal:   34359738367 kB
VmallocUsed:      268224 kB
VmallocChunk:          0 kB
Percpu:            27648 kB
HardwareCorrupted:     0 kB
AnonHugePages:         0 kB
ShmemHugePages:        0 kB
ShmemPmdMapped:        0 kB
FileHugePages:         0 kB
FilePmdMapped:         0 kB
HugePages_Total:       0
HugePages_Free:        0
HugePages_Rsvd:        0
HugePages_Surp:        0
Hugepagesize:       2048 kB
Hugetlb:               0 kB
DirectMap4k:      266924 kB
DirectMap2M:     4628480 kB
DirectMap1G:    265289728 kB
