MemTotal:       263785552 kB
MemFree:        262322932 kB
MemAvailable:   261341824 kB
Buffers:           54524 kB
Cached:           224172 kB
SwapCached:            0 kB
Active:           255788 kB
Inactive:         150640 kB
Active(anon):     136476 kB
Inactive(anon):     2132 kB
Active(file):     119312 kB
Inactive(file):   148508 kB
Unevictable:       19116 kB
Mlocked:           19116 kB
SwapTotal:             0 kB
SwapFree:              0 kB
Dirty:              4656 kB
Writeback:             0 kB
AnonPages:        147792 kB
Mapped:            82928 kB
Shmem:              2064 kB
KReclaimable:      51464 kB
Slab:             188184 kB
SReclaimable:      51464 kB
SUnreclaim:       136720 kB
KernelStack:       12272 kB
PageTables:         8980 kB
NFS_Unstable:          0 kB
Bounce:                0 kB
WritebackTmp:          0 kB
CommitLimit:    131892776 kB
Committed_AS:     560196 kB
VmallocTotal:   34359738367 kB
VmallocUsed:      254776 kB
VmallocChunk:          0 kB
Percpu:            26880 kB
HardwareCorrupted:     0 kB
AnonHugePages:         0 kB
ShmemHugePages:        0 kB
ShmemPmdMapped:        0 kB
FileHugePages:         0 kB
FilePmdMapped:         0 kB
HugePages_Total:       0
HugePages_Free:        0
HugePages_Rsvd:        0
HugePages_Surp:        0
Hugepagesize:       2048 kB
Hugetlb:               0 kB
DirectMap4k:      264876 kB
DirectMap2M:     4630528 kB
DirectMap1G:    265289728 kB
