MemTotal:       263785552 kB
MemFree:         1258860 kB
MemAvailable:   257942216 kB
Buffers:           12624 kB
Cached:         256539228 kB
SwapCached:            0 kB
Active:          2833228 kB
Inactive:       253759092 kB
Active(anon):    2691252 kB
Inactive(anon):     1964 kB
Active(file):     141976 kB
Inactive(file): 253757128 kB
Unevictable:       19116 kB
Mlocked:           19116 kB
SwapTotal:             0 kB
SwapFree:              0 kB
Dirty:            352948 kB
Writeback:             0 kB
AnonPages:         60276 kB
Mapped:          2703448 kB
Shmem:           2643436 kB
KReclaimable:    4632472 kB
Slab:            5199172 kB
SReclaimable:    4632472 kB
SUnreclaim:       566700 kB
KernelStack:        9152 kB
PageTables:         8676 kB
NFS_Unstable:          0 kB
Bounce:                0 kB
WritebackTmp:          0 kB
CommitLimit:    131892776 kB
Committed_AS:   130033164 kB
VmallocTotal:   34359738367 kB
VmallocUsed:      251792 kB
VmallocChunk:          0 kB
Percpu:            27648 kB
HardwareCorrupted:     0 kB
AnonHugePages:         0 kB
ShmemHugePages:        0 kB
ShmemPmdMapped:        0 kB
FileHugePages:         0 kB
FilePmdMapped:         0 kB
HugePages_Total:       0
HugePages_Free:        0
HugePages_Rsvd:        0
HugePages_Surp:        0
Hugepagesize:       2048 kB
Hugetlb:               0 kB
DirectMap4k:      273068 kB
DirectMap2M:     5670912 kB
DirectMap1G:    264241152 kB
