MemTotal:       65705112 kB
MemFree:          432116 kB
MemAvailable:      20796 kB
Buffers:            3344 kB
Cached:            49072 kB
SwapCached:       169308 kB
Active:         38828184 kB
Inactive:       25534484 kB
Active(anon):   38790204 kB
Inactive(anon): 25521196 kB
Active(file):      37980 kB
Inactive(file):    13288 kB
Unevictable:           0 kB
Mlocked:               0 kB
SwapTotal:       8388604 kB
SwapFree:        5056376 kB
Dirty:                 0 kB
Writeback:             0 kB
AnonPages:      64151736 kB
Mapped:            41596 kB
Shmem:               128 kB
KReclaimable:      46516 kB
Slab:             154800 kB
SReclaimable:      46516 kB
SUnreclaim:       108284 kB
KernelStack:        8540 kB
PageTables:       141024 kB
NFS_Unstable:          0 kB
Bounce:                0 kB
WritebackTmp:          0 kB
CommitLimit:    41241160 kB
Committed_AS:    4393124 kB
VmallocTotal:   34359738367 kB
VmallocUsed:      191168 kB
VmallocChunk:          0 kB
Percpu:            19584 kB
HardwareCorrupted:     0 kB
AnonHugePages:      4096 kB
ShmemHugePages:        0 kB
ShmemPmdMapped:        0 kB
FileHugePages:         0 kB
FilePmdMapped:         0 kB
HugePages_Total:       0
HugePages_Free:        0
HugePages_Rsvd:        0
HugePages_Surp:        0
Hugepagesize:       2048 kB
Hugetlb:               0 kB
DirectMap4k:      462828 kB
DirectMap2M:     7790592 kB
DirectMap1G:    59768832 kB
