MemTotal:       65705120 kB
MemFree:        64636564 kB
MemAvailable:   64371120 kB
Buffers:           27416 kB
Cached:           286388 kB
SwapCached:            0 kB
Active:            93508 kB
Inactive:         306200 kB
Active(anon):       1432 kB
Inactive(anon):    95452 kB
Active(file):      92076 kB
Inactive(file):   210748 kB
Unevictable:         188 kB
Mlocked:               0 kB
SwapTotal:      32970748 kB
SwapFree:       32970748 kB
Dirty:               180 kB
Writeback:             4 kB
AnonPages:         87744 kB
Mapped:            96740 kB
Shmem:              9296 kB
KReclaimable:      50252 kB
Slab:             149812 kB
SReclaimable:      50252 kB
SUnreclaim:        99560 kB
KernelStack:        8128 kB
PageTables:         6936 kB
NFS_Unstable:          0 kB
Bounce:                0 kB
WritebackTmp:          0 kB
CommitLimit:    65823308 kB
Committed_AS:     539536 kB
VmallocTotal:   34359738367 kB
VmallocUsed:      158800 kB
VmallocChunk:          0 kB
Percpu:            19200 kB
HardwareCorrupted:     0 kB
AnonHugePages:      4096 kB
ShmemHugePages:        0 kB
ShmemPmdMapped:        0 kB
FileHugePages:         0 kB
FilePmdMapped:         0 kB
HugePages_Total:       0
HugePages_Free:        0
HugePages_Rsvd:        0
HugePages_Surp:        0
Hugepagesize:       2048 kB
Hugetlb:               0 kB
DirectMap4k:      432108 kB
DirectMap2M:     8869888 kB
DirectMap1G:    58720256 kB
