MemTotal:       65705112 kB
MemFree:        64636780 kB
MemAvailable:   64368352 kB
Buffers:           27592 kB
Cached:           281852 kB
SwapCached:            0 kB
Active:           194348 kB
Inactive:         198416 kB
Active(anon):      81316 kB
Inactive(anon):    11444 kB
Active(file):     113032 kB
Inactive(file):   186972 kB
Unevictable:           0 kB
Mlocked:               0 kB
SwapTotal:      32970748 kB
SwapFree:       32970748 kB
Dirty:               408 kB
Writeback:             0 kB
AnonPages:         83728 kB
Mapped:            92540 kB
Shmem:              9300 kB
KReclaimable:      49928 kB
Slab:             151792 kB
SReclaimable:      49928 kB
SUnreclaim:       101864 kB
KernelStack:        8320 kB
PageTables:         7580 kB
NFS_Unstable:          0 kB
Bounce:                0 kB
WritebackTmp:          0 kB
CommitLimit:    65823304 kB
Committed_AS:     313168 kB
VmallocTotal:   34359738367 kB
VmallocUsed:      158736 kB
VmallocChunk:          0 kB
Percpu:            19200 kB
HardwareCorrupted:     0 kB
AnonHugePages:      4096 kB
ShmemHugePages:        0 kB
ShmemPmdMapped:        0 kB
FileHugePages:         0 kB
FilePmdMapped:         0 kB
HugePages_Total:       0
HugePages_Free:        0
HugePages_Rsvd:        0
HugePages_Surp:        0
Hugepagesize:       2048 kB
Hugetlb:               0 kB
DirectMap4k:      481260 kB
DirectMap2M:     8820736 kB
DirectMap1G:    58720256 kB
