MemTotal:       65705112 kB
MemFree:        64627800 kB
MemAvailable:   64357584 kB
Buffers:           23876 kB
Cached:           285488 kB
SwapCached:            0 kB
Active:           208396 kB
Inactive:         190880 kB
Active(anon):      89492 kB
Inactive(anon):    11432 kB
Active(file):     118904 kB
Inactive(file):   179448 kB
Unevictable:         260 kB
Mlocked:               0 kB
SwapTotal:      32970748 kB
SwapFree:       32970748 kB
Dirty:               132 kB
Writeback:           336 kB
AnonPages:         90828 kB
Mapped:            97912 kB
Shmem:              9296 kB
KReclaimable:      49652 kB
Slab:             149892 kB
SReclaimable:      49652 kB
SUnreclaim:       100240 kB
KernelStack:        8336 kB
PageTables:         7816 kB
NFS_Unstable:          0 kB
Bounce:                0 kB
WritebackTmp:          0 kB
CommitLimit:    65823304 kB
Committed_AS:     539276 kB
VmallocTotal:   34359738367 kB
VmallocUsed:      158896 kB
VmallocChunk:          0 kB
Percpu:            19200 kB
HardwareCorrupted:     0 kB
AnonHugePages:      8192 kB
ShmemHugePages:        0 kB
ShmemPmdMapped:        0 kB
FileHugePages:         0 kB
FilePmdMapped:         0 kB
HugePages_Total:       0
HugePages_Free:        0
HugePages_Rsvd:        0
HugePages_Surp:        0
Hugepagesize:       2048 kB
Hugetlb:               0 kB
DirectMap4k:      563180 kB
DirectMap2M:     8738816 kB
DirectMap1G:    58720256 kB
