MemTotal:       65705112 kB
MemFree:        64636264 kB
MemAvailable:   64367712 kB
Buffers:           27592 kB
Cached:           281188 kB
SwapCached:            0 kB
Active:           190908 kB
Inactive:         201852 kB
Active(anon):      77768 kB
Inactive(anon):    15572 kB
Active(file):     113140 kB
Inactive(file):   186280 kB
Unevictable:           0 kB
Mlocked:               0 kB
SwapTotal:      32970748 kB
SwapFree:       32970748 kB
Dirty:             27504 kB
Writeback:             0 kB
AnonPages:         83508 kB
Mapped:            92932 kB
Shmem:              9316 kB
KReclaimable:      50844 kB
Slab:             152404 kB
SReclaimable:      50844 kB
SUnreclaim:       101560 kB
KernelStack:        8256 kB
PageTables:         7840 kB
NFS_Unstable:          0 kB
Bounce:                0 kB
WritebackTmp:          0 kB
CommitLimit:    65823304 kB
Committed_AS:     313056 kB
VmallocTotal:   34359738367 kB
VmallocUsed:      158704 kB
VmallocChunk:          0 kB
Percpu:            19456 kB
HardwareCorrupted:     0 kB
AnonHugePages:      6144 kB
ShmemHugePages:        0 kB
ShmemPmdMapped:        0 kB
FileHugePages:         0 kB
FilePmdMapped:         0 kB
HugePages_Total:       0
HugePages_Free:        0
HugePages_Rsvd:        0
HugePages_Surp:        0
Hugepagesize:       2048 kB
Hugetlb:               0 kB
DirectMap4k:      419820 kB
DirectMap2M:    10979328 kB
DirectMap1G:    56623104 kB
