MemTotal:       65705112 kB
MemFree:        64628752 kB
MemAvailable:   64362472 kB
Buffers:           27280 kB
Cached:           285316 kB
SwapCached:            0 kB
Active:           201120 kB
Inactive:         197128 kB
Active(anon):      82448 kB
Inactive(anon):    13484 kB
Active(file):     118672 kB
Inactive(file):   183644 kB
Unevictable:           0 kB
Mlocked:               0 kB
SwapTotal:      32970748 kB
SwapFree:       32970748 kB
Dirty:             27576 kB
Writeback:             0 kB
AnonPages:         86672 kB
Mapped:            96884 kB
Shmem:              9300 kB
KReclaimable:      49600 kB
Slab:             150808 kB
SReclaimable:      49600 kB
SUnreclaim:       101208 kB
KernelStack:        8028 kB
PageTables:         6880 kB
NFS_Unstable:          0 kB
Bounce:                0 kB
WritebackTmp:          0 kB
CommitLimit:    65823304 kB
Committed_AS:     539752 kB
VmallocTotal:   34359738367 kB
VmallocUsed:      158800 kB
VmallocChunk:          0 kB
Percpu:            19200 kB
HardwareCorrupted:     0 kB
AnonHugePages:      4096 kB
ShmemHugePages:        0 kB
ShmemPmdMapped:        0 kB
FileHugePages:         0 kB
FilePmdMapped:         0 kB
HugePages_Total:       0
HugePages_Free:        0
HugePages_Rsvd:        0
HugePages_Surp:        0
Hugepagesize:       2048 kB
Hugetlb:               0 kB
DirectMap4k:      448492 kB
DirectMap2M:     8853504 kB
DirectMap1G:    58720256 kB
