MemTotal:       263785552 kB
MemFree:        262291900 kB
MemAvailable:   261319160 kB
Buffers:           64188 kB
Cached:           232064 kB
SwapCached:            0 kB
Active:           235164 kB
Inactive:         184556 kB
Active(anon):     132224 kB
Inactive(anon):     2084 kB
Active(file):     102940 kB
Inactive(file):   182472 kB
Unevictable:       19116 kB
Mlocked:           19116 kB
SwapTotal:             0 kB
SwapFree:              0 kB
Dirty:              3600 kB
Writeback:             0 kB
AnonPages:        142828 kB
Mapped:            67916 kB
Shmem:              2012 kB
KReclaimable:      50604 kB
Slab:             186456 kB
SReclaimable:      50604 kB
SUnreclaim:       135852 kB
KernelStack:       12128 kB
PageTables:         9728 kB
NFS_Unstable:          0 kB
Bounce:                0 kB
WritebackTmp:          0 kB
CommitLimit:    131892776 kB
Committed_AS:     525076 kB
VmallocTotal:   34359738367 kB
VmallocUsed:      254536 kB
VmallocChunk:          0 kB
Percpu:            26880 kB
HardwareCorrupted:     0 kB
AnonHugePages:         0 kB
ShmemHugePages:        0 kB
ShmemPmdMapped:        0 kB
FileHugePages:         0 kB
FilePmdMapped:         0 kB
HugePages_Total:       0
HugePages_Free:        0
HugePages_Rsvd:        0
HugePages_Surp:        0
Hugepagesize:       2048 kB
Hugetlb:               0 kB
DirectMap4k:      234156 kB
DirectMap2M:     4661248 kB
DirectMap1G:    265289728 kB
