MemTotal:       263785560 kB
MemFree:        262245296 kB
MemAvailable:   261287576 kB
Buffers:           65440 kB
Cached:           260688 kB
SwapCached:            0 kB
Active:           114476 kB
Inactive:         330428 kB
Active(anon):        432 kB
Inactive(anon):   128736 kB
Active(file):     114044 kB
Inactive(file):   201692 kB
Unevictable:       19116 kB
Mlocked:           19116 kB
SwapTotal:      67108860 kB
SwapFree:       67108860 kB
Dirty:              5292 kB
Writeback:             8 kB
AnonPages:        137612 kB
Mapped:            94140 kB
Shmem:              2060 kB
KReclaimable:      50324 kB
Slab:             187392 kB
SReclaimable:      50324 kB
SUnreclaim:       137068 kB
KernelStack:       11840 kB
PageTables:         8860 kB
NFS_Unstable:          0 kB
Bounce:                0 kB
WritebackTmp:          0 kB
CommitLimit:    199001640 kB
Committed_AS:     497496 kB
VmallocTotal:   34359738367 kB
VmallocUsed:      270936 kB
VmallocChunk:          0 kB
Percpu:            26688 kB
HardwareCorrupted:     0 kB
AnonHugePages:         0 kB
ShmemHugePages:        0 kB
ShmemPmdMapped:        0 kB
FileHugePages:         0 kB
FilePmdMapped:         0 kB
HugePages_Total:       0
HugePages_Free:        0
HugePages_Rsvd:        0
HugePages_Surp:        0
Hugepagesize:       2048 kB
Hugetlb:               0 kB
DirectMap4k:      254636 kB
DirectMap2M:     4640768 kB
DirectMap1G:    265289728 kB
