MemTotal:       65705112 kB
MemFree:        60792264 kB
MemAvailable:   60438572 kB
Buffers:            7344 kB
Cached:           169320 kB
SwapCached:            0 kB
Active:          4196836 kB
Inactive:          37464 kB
Active(anon):    4056412 kB
Inactive(anon):    12484 kB
Active(file):     140424 kB
Inactive(file):    24980 kB
Unevictable:           0 kB
Mlocked:               0 kB
SwapTotal:      32970748 kB
SwapFree:       32970748 kB
Dirty:                16 kB
Writeback:             0 kB
AnonPages:       4058620 kB
Mapped:           101488 kB
Shmem:              9320 kB
KReclaimable:      47624 kB
Slab:             164140 kB
SReclaimable:      47624 kB
SUnreclaim:       116516 kB
KernelStack:        8520 kB
PageTables:        14288 kB
NFS_Unstable:          0 kB
Bounce:                0 kB
WritebackTmp:          0 kB
CommitLimit:    65823304 kB
Committed_AS:   56147584 kB
VmallocTotal:   34359738367 kB
VmallocUsed:      164100 kB
VmallocChunk:          0 kB
Percpu:            19584 kB
HardwareCorrupted:     0 kB
AnonHugePages:   3921920 kB
ShmemHugePages:        0 kB
ShmemPmdMapped:        0 kB
FileHugePages:         0 kB
FilePmdMapped:         0 kB
HugePages_Total:       0
HugePages_Free:        0
HugePages_Rsvd:        0
HugePages_Surp:        0
Hugepagesize:       2048 kB
Hugetlb:               0 kB
DirectMap4k:      374764 kB
DirectMap2M:    12072960 kB
DirectMap1G:    55574528 kB
