MemTotal:       65705120 kB
MemFree:        64652316 kB
MemAvailable:   64375852 kB
Buffers:           27336 kB
Cached:           274488 kB
SwapCached:            0 kB
Active:            91512 kB
Inactive:         295332 kB
Active(anon):       1508 kB
Inactive(anon):    93304 kB
Active(file):      90004 kB
Inactive(file):   202028 kB
Unevictable:           0 kB
Mlocked:               0 kB
SwapTotal:      32970748 kB
SwapFree:       32970748 kB
Dirty:             27732 kB
Writeback:             0 kB
AnonPages:         85568 kB
Mapped:            88920 kB
Shmem:              9304 kB
KReclaimable:      49796 kB
Slab:             150024 kB
SReclaimable:      49796 kB
SUnreclaim:       100228 kB
KernelStack:        8128 kB
PageTables:         7132 kB
NFS_Unstable:          0 kB
Bounce:                0 kB
WritebackTmp:          0 kB
CommitLimit:    65823308 kB
Committed_AS:     304660 kB
VmallocTotal:   34359738367 kB
VmallocUsed:      158688 kB
VmallocChunk:          0 kB
Percpu:            19456 kB
HardwareCorrupted:     0 kB
AnonHugePages:      8192 kB
ShmemHugePages:        0 kB
ShmemPmdMapped:        0 kB
FileHugePages:         0 kB
FilePmdMapped:         0 kB
HugePages_Total:       0
HugePages_Free:        0
HugePages_Rsvd:        0
HugePages_Surp:        0
Hugepagesize:       2048 kB
Hugetlb:               0 kB
DirectMap4k:      387052 kB
DirectMap2M:     7866368 kB
DirectMap1G:    59768832 kB
