MemTotal:       65705120 kB
MemFree:        60757084 kB
MemAvailable:   60421068 kB
Buffers:           23120 kB
Cached:           184592 kB
SwapCached:            0 kB
Active:           121972 kB
Inactive:        4138164 kB
Active(anon):       1476 kB
Inactive(anon):  4060304 kB
Active(file):     120496 kB
Inactive(file):    77860 kB
Unevictable:           0 kB
Mlocked:               0 kB
SwapTotal:      32970748 kB
SwapFree:       32970748 kB
Dirty:               380 kB
Writeback:             0 kB
AnonPages:       4051568 kB
Mapped:            83324 kB
Shmem:              9316 kB
KReclaimable:      50036 kB
Slab:             169500 kB
SReclaimable:      50036 kB
SUnreclaim:       119464 kB
KernelStack:        8384 kB
PageTables:        15188 kB
NFS_Unstable:          0 kB
Bounce:                0 kB
WritebackTmp:          0 kB
CommitLimit:    65823308 kB
Committed_AS:   56139332 kB
VmallocTotal:   34359738367 kB
VmallocUsed:      164020 kB
VmallocChunk:          0 kB
Percpu:            19840 kB
HardwareCorrupted:     0 kB
AnonHugePages:   3926016 kB
ShmemHugePages:        0 kB
ShmemPmdMapped:        0 kB
FileHugePages:         0 kB
FilePmdMapped:         0 kB
HugePages_Total:       0
HugePages_Free:        0
HugePages_Rsvd:        0
HugePages_Surp:        0
Hugepagesize:       2048 kB
Hugetlb:               0 kB
DirectMap4k:      376812 kB
DirectMap2M:     8925184 kB
DirectMap1G:    58720256 kB
