MemTotal:       263785564 kB
MemFree:         2195472 kB
MemAvailable:    1158144 kB
Buffers:           19476 kB
Cached:           126632 kB
SwapCached:            0 kB
Active:           159360 kB
Inactive:       259478976 kB
Active(anon):      91280 kB
Inactive(anon): 259411148 kB
Active(file):      68080 kB
Inactive(file):    67828 kB
Unevictable:       19140 kB
Mlocked:           19140 kB
SwapTotal:      41943024 kB
SwapFree:       32729328 kB
Dirty:                 8 kB
Writeback:             0 kB
AnonPages:      259511532 kB
Mapped:            75560 kB
Shmem:              2320 kB
KReclaimable:      70936 kB
Slab:             248416 kB
SReclaimable:      70936 kB
SUnreclaim:       177480 kB
KernelStack:       12064 kB
PageTables:       531060 kB
NFS_Unstable:          0 kB
Bounce:                0 kB
WritebackTmp:          0 kB
CommitLimit:    173835804 kB
Committed_AS:    1386768 kB
VmallocTotal:   34359738367 kB
VmallocUsed:      519204 kB
VmallocChunk:          0 kB
Percpu:            33984 kB
HardwareCorrupted:     0 kB
AnonHugePages:         0 kB
ShmemHugePages:        0 kB
ShmemPmdMapped:        0 kB
FileHugePages:         0 kB
FilePmdMapped:         0 kB
HugePages_Total:       0
HugePages_Free:        0
HugePages_Rsvd:        0
HugePages_Surp:        0
Hugepagesize:       2048 kB
Hugetlb:               0 kB
DirectMap4k:      318128 kB
DirectMap2M:     5625856 kB
DirectMap1G:    264241152 kB
