MemTotal:       263785564 kB
MemFree:         2310140 kB
MemAvailable:    1257096 kB
Buffers:           17076 kB
Cached:            98092 kB
SwapCached:            0 kB
Active:           151552 kB
Inactive:       259370512 kB
Active(anon):     102428 kB
Inactive(anon): 259316524 kB
Active(file):      49124 kB
Inactive(file):    53988 kB
Unevictable:       19140 kB
Mlocked:           19140 kB
SwapTotal:      41943024 kB
SwapFree:       32647152 kB
Dirty:                 0 kB
Writeback:             0 kB
AnonPages:      259427928 kB
Mapped:            56588 kB
Shmem:              2008 kB
KReclaimable:      72300 kB
Slab:             256700 kB
SReclaimable:      72300 kB
SUnreclaim:       184400 kB
KernelStack:       12224 kB
PageTables:       531604 kB
NFS_Unstable:          0 kB
Bounce:                0 kB
WritebackTmp:          0 kB
CommitLimit:    173835804 kB
Committed_AS:    1415176 kB
VmallocTotal:   34359738367 kB
VmallocUsed:      519540 kB
VmallocChunk:          0 kB
Percpu:            33984 kB
HardwareCorrupted:     0 kB
AnonHugePages:         0 kB
ShmemHugePages:        0 kB
ShmemPmdMapped:        0 kB
FileHugePages:         0 kB
FilePmdMapped:         0 kB
HugePages_Total:       0
HugePages_Free:        0
HugePages_Rsvd:        0
HugePages_Surp:        0
Hugepagesize:       2048 kB
Hugetlb:               0 kB
DirectMap4k:      303792 kB
DirectMap2M:     5640192 kB
DirectMap1G:    264241152 kB
