MemTotal:       263785552 kB
MemFree:        262216076 kB
MemAvailable:   261250452 kB
Buffers:           65784 kB
Cached:           243980 kB
SwapCached:            0 kB
Active:           283644 kB
Inactive:         186416 kB
Active(anon):     169080 kB
Inactive(anon):     2132 kB
Active(file):     114564 kB
Inactive(file):   184284 kB
Unevictable:       19116 kB
Mlocked:           19116 kB
SwapTotal:      67108860 kB
SwapFree:       67108860 kB
Dirty:              4352 kB
Writeback:             0 kB
AnonPages:        179748 kB
Mapped:            79932 kB
Shmem:              2060 kB
KReclaimable:      51404 kB
Slab:             190128 kB
SReclaimable:      51404 kB
SUnreclaim:       138724 kB
KernelStack:       12144 kB
PageTables:         9940 kB
NFS_Unstable:          0 kB
Bounce:                0 kB
WritebackTmp:          0 kB
CommitLimit:    199001636 kB
Committed_AS:     605184 kB
VmallocTotal:   34359738367 kB
VmallocUsed:      271208 kB
VmallocChunk:          0 kB
Percpu:            26880 kB
HardwareCorrupted:     0 kB
AnonHugePages:         0 kB
ShmemHugePages:        0 kB
ShmemPmdMapped:        0 kB
FileHugePages:         0 kB
FilePmdMapped:         0 kB
HugePages_Total:       0
HugePages_Free:        0
HugePages_Rsvd:        0
HugePages_Surp:        0
Hugepagesize:       2048 kB
Hugetlb:               0 kB
DirectMap4k:      266924 kB
DirectMap2M:     4628480 kB
DirectMap1G:    265289728 kB
