MemTotal:       263785560 kB
MemFree:         1237656 kB
MemAvailable:   257067212 kB
Buffers:           60324 kB
Cached:         256392112 kB
SwapCached:            0 kB
Active:           157260 kB
Inactive:       256334956 kB
Active(anon):       1724 kB
Inactive(anon):  3436276 kB
Active(file):     155536 kB
Inactive(file): 252898680 kB
Unevictable:       19116 kB
Mlocked:           19116 kB
SwapTotal:      67108860 kB
SwapFree:       67108860 kB
Dirty:            357968 kB
Writeback:             0 kB
AnonPages:         59132 kB
Mapped:          3451920 kB
Shmem:           3389420 kB
KReclaimable:    4623560 kB
Slab:            5190292 kB
SReclaimable:    4623560 kB
SUnreclaim:       566732 kB
KernelStack:        9120 kB
PageTables:        10664 kB
NFS_Unstable:          0 kB
Bounce:                0 kB
WritebackTmp:          0 kB
CommitLimit:    199001640 kB
Committed_AS:   162312776 kB
VmallocTotal:   34359738367 kB
VmallocUsed:      268224 kB
VmallocChunk:          0 kB
Percpu:            27648 kB
HardwareCorrupted:     0 kB
AnonHugePages:         0 kB
ShmemHugePages:        0 kB
ShmemPmdMapped:        0 kB
FileHugePages:         0 kB
FilePmdMapped:         0 kB
HugePages_Total:       0
HugePages_Free:        0
HugePages_Rsvd:        0
HugePages_Surp:        0
Hugepagesize:       2048 kB
Hugetlb:               0 kB
DirectMap4k:      264876 kB
DirectMap2M:     4630528 kB
DirectMap1G:    265289728 kB
