MemTotal:       263785556 kB
MemFree:         1033500 kB
MemAvailable:          0 kB
Buffers:            5444 kB
Cached:            56192 kB
SwapCached:            0 kB
Active:         13436860 kB
Inactive:       247321048 kB
Active(anon):   13397540 kB
Inactive(anon): 247309056 kB
Active(file):      39320 kB
Inactive(file):    11992 kB
Unevictable:       19116 kB
Mlocked:           19116 kB
SwapTotal:      41943024 kB
SwapFree:       33931084 kB
Dirty:                 4 kB
Writeback:             0 kB
AnonPages:      260717596 kB
Mapped:            34036 kB
Shmem:                 8 kB
KReclaimable:      63208 kB
Slab:             241244 kB
SReclaimable:      63208 kB
SUnreclaim:       178036 kB
KernelStack:       11920 kB
PageTables:       531536 kB
NFS_Unstable:          0 kB
Bounce:                0 kB
WritebackTmp:          0 kB
CommitLimit:    173835800 kB
Committed_AS:    1385400 kB
VmallocTotal:   34359738367 kB
VmallocUsed:      519076 kB
VmallocChunk:          0 kB
Percpu:            33984 kB
HardwareCorrupted:     0 kB
AnonHugePages:         0 kB
ShmemHugePages:        0 kB
ShmemPmdMapped:        0 kB
FileHugePages:         0 kB
FilePmdMapped:         0 kB
HugePages_Total:       0
HugePages_Free:        0
HugePages_Rsvd:        0
HugePages_Surp:        0
Hugepagesize:       2048 kB
Hugetlb:               0 kB
DirectMap4k:      289456 kB
DirectMap2M:     5654528 kB
DirectMap1G:    264241152 kB
