MemTotal:       65705112 kB
MemFree:          642952 kB
MemAvailable:   64156304 kB
Buffers:           11680 kB
Cached:         62927104 kB
SwapCached:          116 kB
Active:           325088 kB
Inactive:       62755780 kB
Active(anon):     148476 kB
Inactive(anon):      148 kB
Active(file):     176612 kB
Inactive(file): 62755632 kB
Unevictable:           0 kB
Mlocked:               0 kB
SwapTotal:      32970748 kB
SwapFree:       32966396 kB
Dirty:           4419152 kB
Writeback:             0 kB
AnonPages:        143736 kB
Mapped:           118704 kB
Shmem:              4976 kB
KReclaimable:    1307684 kB
Slab:            1517788 kB
SReclaimable:    1307684 kB
SUnreclaim:       210104 kB
KernelStack:        8592 kB
PageTables:         7272 kB
NFS_Unstable:          0 kB
Bounce:                0 kB
WritebackTmp:          0 kB
CommitLimit:    65823304 kB
Committed_AS:     691100 kB
VmallocTotal:   34359738367 kB
VmallocUsed:      159016 kB
VmallocChunk:          0 kB
Percpu:            19456 kB
HardwareCorrupted:     0 kB
AnonHugePages:      6144 kB
ShmemHugePages:        0 kB
ShmemPmdMapped:        0 kB
FileHugePages:         0 kB
FilePmdMapped:         0 kB
HugePages_Total:       0
HugePages_Free:        0
HugePages_Rsvd:        0
HugePages_Surp:        0
Hugepagesize:       2048 kB
Hugetlb:               0 kB
DirectMap4k:      468972 kB
DirectMap2M:     7784448 kB
DirectMap1G:    59768832 kB
