MemTotal:       263785552 kB
MemFree:         1191680 kB
MemAvailable:   257820896 kB
Buffers:           13652 kB
Cached:         256485392 kB
SwapCached:            0 kB
Active:          2826872 kB
Inactive:       253711748 kB
Active(anon):    2692108 kB
Inactive(anon):      228 kB
Active(file):     134764 kB
Inactive(file): 253711520 kB
Unevictable:       19116 kB
Mlocked:           19116 kB
SwapTotal:             0 kB
SwapFree:              0 kB
Dirty:            358760 kB
Writeback:             0 kB
AnonPages:         59396 kB
Mapped:          2696644 kB
Shmem:           2643436 kB
KReclaimable:    4631316 kB
Slab:            5196796 kB
SReclaimable:    4631316 kB
SUnreclaim:       565480 kB
KernelStack:        9040 kB
PageTables:         8644 kB
NFS_Unstable:          0 kB
Bounce:                0 kB
WritebackTmp:          0 kB
CommitLimit:    131892776 kB
Committed_AS:   130032860 kB
VmallocTotal:   34359738367 kB
VmallocUsed:      251760 kB
VmallocChunk:          0 kB
Percpu:            27264 kB
HardwareCorrupted:     0 kB
AnonHugePages:         0 kB
ShmemHugePages:        0 kB
ShmemPmdMapped:        0 kB
FileHugePages:         0 kB
FilePmdMapped:         0 kB
HugePages_Total:       0
HugePages_Free:        0
HugePages_Rsvd:        0
HugePages_Surp:        0
Hugepagesize:       2048 kB
Hugetlb:               0 kB
DirectMap4k:      230060 kB
DirectMap2M:     4665344 kB
DirectMap1G:    265289728 kB
