MemTotal:       65705120 kB
MemFree:          596412 kB
MemAvailable:   64151924 kB
Buffers:           38996 kB
Cached:         62943876 kB
SwapCached:            0 kB
Active:           250924 kB
Inactive:       62876868 kB
Active(anon):       1496 kB
Inactive(anon):   152832 kB
Active(file):     249428 kB
Inactive(file): 62724036 kB
Unevictable:           0 kB
Mlocked:               0 kB
SwapTotal:      32970748 kB
SwapFree:       32970748 kB
Dirty:           4418696 kB
Writeback:             0 kB
AnonPages:        142684 kB
Mapped:           104208 kB
Shmem:              9300 kB
KReclaimable:    1308624 kB
Slab:            1519152 kB
SReclaimable:    1308624 kB
SUnreclaim:       210528 kB
KernelStack:        8656 kB
PageTables:         7176 kB
NFS_Unstable:          0 kB
Bounce:                0 kB
WritebackTmp:          0 kB
CommitLimit:    65823308 kB
Committed_AS:     690052 kB
VmallocTotal:   34359738367 kB
VmallocUsed:      159048 kB
VmallocChunk:          0 kB
Percpu:            19712 kB
HardwareCorrupted:     0 kB
AnonHugePages:      2048 kB
ShmemHugePages:        0 kB
ShmemPmdMapped:        0 kB
FileHugePages:         0 kB
FilePmdMapped:         0 kB
HugePages_Total:       0
HugePages_Free:        0
HugePages_Rsvd:        0
HugePages_Surp:        0
Hugepagesize:       2048 kB
Hugetlb:               0 kB
DirectMap4k:      468972 kB
DirectMap2M:     9881600 kB
DirectMap1G:    57671680 kB
