MemTotal:       263785552 kB
MemFree:        262190416 kB
MemAvailable:   261252164 kB
Buffers:           65016 kB
Cached:           299764 kB
SwapCached:            0 kB
Active:           310532 kB
Inactive:         181460 kB
Active(anon):     136020 kB
Inactive(anon):     2132 kB
Active(file):     174512 kB
Inactive(file):   179328 kB
Unevictable:       19116 kB
Mlocked:           19116 kB
SwapTotal:      67108860 kB
SwapFree:       67108860 kB
Dirty:              5792 kB
Writeback:             0 kB
AnonPages:        146256 kB
Mapped:           127860 kB
Shmem:              2048 kB
KReclaimable:      51156 kB
Slab:             189764 kB
SReclaimable:      51156 kB
SUnreclaim:       138608 kB
KernelStack:       12112 kB
PageTables:        10044 kB
NFS_Unstable:          0 kB
Bounce:                0 kB
WritebackTmp:          0 kB
CommitLimit:    199001636 kB
Committed_AS:     510428 kB
VmallocTotal:   34359738367 kB
VmallocUsed:      271032 kB
VmallocChunk:          0 kB
Percpu:            26496 kB
HardwareCorrupted:     0 kB
AnonHugePages:         0 kB
ShmemHugePages:        0 kB
ShmemPmdMapped:        0 kB
FileHugePages:         0 kB
FilePmdMapped:         0 kB
HugePages_Total:       0
HugePages_Free:        0
HugePages_Rsvd:        0
HugePages_Surp:        0
Hugepagesize:       2048 kB
Hugetlb:               0 kB
DirectMap4k:      260780 kB
DirectMap2M:     4634624 kB
DirectMap1G:    265289728 kB
