MemTotal:       65705120 kB
MemFree:        60551060 kB
MemAvailable:   60213584 kB
Buffers:           23232 kB
Cached:           182632 kB
SwapCached:            0 kB
Active:           121040 kB
Inactive:        4359292 kB
Active(anon):       1476 kB
Inactive(anon):  4281832 kB
Active(file):     119564 kB
Inactive(file):    77460 kB
Unevictable:           0 kB
Mlocked:               0 kB
SwapTotal:      32970748 kB
SwapFree:       32970748 kB
Dirty:                 8 kB
Writeback:             0 kB
AnonPages:       4272648 kB
Mapped:            82916 kB
Shmem:              9320 kB
KReclaimable:      48456 kB
Slab:             164456 kB
SReclaimable:      48456 kB
SUnreclaim:       116000 kB
KernelStack:        8288 kB
PageTables:        14960 kB
NFS_Unstable:          0 kB
Bounce:                0 kB
WritebackTmp:          0 kB
CommitLimit:    65823308 kB
Committed_AS:   66731392 kB
VmallocTotal:   34359738367 kB
VmallocUsed:      163924 kB
VmallocChunk:          0 kB
Percpu:            20096 kB
HardwareCorrupted:     0 kB
AnonHugePages:   4145152 kB
ShmemHugePages:        0 kB
ShmemPmdMapped:        0 kB
FileHugePages:         0 kB
FilePmdMapped:         0 kB
HugePages_Total:       0
HugePages_Free:        0
HugePages_Rsvd:        0
HugePages_Surp:        0
Hugepagesize:       2048 kB
Hugetlb:               0 kB
DirectMap4k:      444396 kB
DirectMap2M:     9906176 kB
DirectMap1G:    57671680 kB
