MemTotal:       263785556 kB
MemFree:         1163340 kB
MemAvailable:   199175320 kB
Buffers:          218668 kB
Cached:         196421412 kB
SwapCached:          380 kB
Active:         15319188 kB
Inactive:       187407752 kB
Active(anon):    6122988 kB
Inactive(anon):      156 kB
Active(file):    9196200 kB
Inactive(file): 187407596 kB
Unevictable:    55309468 kB
Mlocked:        55309468 kB
SwapTotal:      33554428 kB
SwapFree:       33551612 kB
Dirty:            560064 kB
Writeback:             0 kB
AnonPages:      61396532 kB
Mapped:          5730000 kB
Shmem:               200 kB
KReclaimable:    3280980 kB
Slab:            3814728 kB
SReclaimable:    3280980 kB
SUnreclaim:       533748 kB
KernelStack:       12320 kB
PageTables:       133820 kB
NFS_Unstable:          0 kB
Bounce:                0 kB
WritebackTmp:          0 kB
CommitLimit:    165447204 kB
Committed_AS:   64840656 kB
VmallocTotal:   34359738367 kB
VmallocUsed:      263908 kB
VmallocChunk:          0 kB
Percpu:            30720 kB
HardwareCorrupted:     0 kB
AnonHugePages:         0 kB
ShmemHugePages:        0 kB
ShmemPmdMapped:        0 kB
FileHugePages:         0 kB
FilePmdMapped:         0 kB
HugePages_Total:       0
HugePages_Free:        0
HugePages_Rsvd:        0
HugePages_Surp:        0
Hugepagesize:       2048 kB
Hugetlb:               0 kB
DirectMap4k:      289456 kB
DirectMap2M:     4605952 kB
DirectMap1G:    265289728 kB
