MemTotal:       263785552 kB
MemFree:        262183844 kB
MemAvailable:   261248208 kB
Buffers:           64344 kB
Cached:           306152 kB
SwapCached:            0 kB
Active:           328288 kB
Inactive:         180104 kB
Active(anon):     147176 kB
Inactive(anon):     2100 kB
Active(file):     181112 kB
Inactive(file):   178004 kB
Unevictable:       18984 kB
Mlocked:           18984 kB
SwapTotal:      67108860 kB
SwapFree:       67108860 kB
Dirty:              5220 kB
Writeback:             0 kB
AnonPages:        158056 kB
Mapped:           131060 kB
Shmem:              2036 kB
KReclaimable:      50796 kB
Slab:             188408 kB
SReclaimable:      50796 kB
SUnreclaim:       137612 kB
KernelStack:       11936 kB
PageTables:         9380 kB
NFS_Unstable:          0 kB
Bounce:                0 kB
WritebackTmp:          0 kB
CommitLimit:    199001636 kB
Committed_AS:     541056 kB
VmallocTotal:   34359738367 kB
VmallocUsed:      271100 kB
VmallocChunk:          0 kB
Percpu:            26880 kB
HardwareCorrupted:     0 kB
AnonHugePages:         0 kB
ShmemHugePages:        0 kB
ShmemPmdMapped:        0 kB
FileHugePages:         0 kB
FilePmdMapped:         0 kB
HugePages_Total:       0
HugePages_Free:        0
HugePages_Rsvd:        0
HugePages_Surp:        0
Hugepagesize:       2048 kB
Hugetlb:               0 kB
DirectMap4k:      275116 kB
DirectMap2M:     4620288 kB
DirectMap1G:    265289728 kB
