MemTotal:       65705112 kB
MemFree:          605292 kB
MemAvailable:   64161800 kB
Buffers:           12128 kB
Cached:         62968480 kB
SwapCached:          144 kB
Active:           327848 kB
Inactive:       62798256 kB
Active(anon):     151356 kB
Inactive(anon):      160 kB
Active(file):     176492 kB
Inactive(file): 62798096 kB
Unevictable:           0 kB
Mlocked:               0 kB
SwapTotal:      32970748 kB
SwapFree:       32966140 kB
Dirty:           4419432 kB
Writeback:             0 kB
AnonPages:        146460 kB
Mapped:           118212 kB
Shmem:              5032 kB
KReclaimable:    1308496 kB
Slab:            1518664 kB
SReclaimable:    1308496 kB
SUnreclaim:       210168 kB
KernelStack:        8576 kB
PageTables:         7524 kB
NFS_Unstable:          0 kB
Bounce:                0 kB
WritebackTmp:          0 kB
CommitLimit:    65823304 kB
Committed_AS:     691504 kB
VmallocTotal:   34359738367 kB
VmallocUsed:      158968 kB
VmallocChunk:          0 kB
Percpu:            19328 kB
HardwareCorrupted:     0 kB
AnonHugePages:      8192 kB
ShmemHugePages:        0 kB
ShmemPmdMapped:        0 kB
FileHugePages:         0 kB
FilePmdMapped:         0 kB
HugePages_Total:       0
HugePages_Free:        0
HugePages_Rsvd:        0
HugePages_Surp:        0
Hugepagesize:       2048 kB
Hugetlb:               0 kB
DirectMap4k:      434156 kB
DirectMap2M:    10964992 kB
DirectMap1G:    56623104 kB
