MemTotal:       65705120 kB
MemFree:          632700 kB
MemAvailable:   64154212 kB
Buffers:           38860 kB
Cached:         62911092 kB
SwapCached:            0 kB
Active:           249512 kB
Inactive:       62843420 kB
Active(anon):       1508 kB
Inactive(anon):   151496 kB
Active(file):     248004 kB
Inactive(file): 62691924 kB
Unevictable:           0 kB
Mlocked:               0 kB
SwapTotal:      32970748 kB
SwapFree:       32970748 kB
Dirty:           4418600 kB
Writeback:             0 kB
AnonPages:        143860 kB
Mapped:           104488 kB
Shmem:              9296 kB
KReclaimable:    1308160 kB
Slab:            1519248 kB
SReclaimable:    1308160 kB
SUnreclaim:       211088 kB
KernelStack:        8544 kB
PageTables:         7300 kB
NFS_Unstable:          0 kB
Bounce:                0 kB
WritebackTmp:          0 kB
CommitLimit:    65823308 kB
Committed_AS:     689780 kB
VmallocTotal:   34359738367 kB
VmallocUsed:      158904 kB
VmallocChunk:          0 kB
Percpu:            19456 kB
HardwareCorrupted:     0 kB
AnonHugePages:      6144 kB
ShmemHugePages:        0 kB
ShmemPmdMapped:        0 kB
FileHugePages:         0 kB
FilePmdMapped:         0 kB
HugePages_Total:       0
HugePages_Free:        0
HugePages_Rsvd:        0
HugePages_Surp:        0
Hugepagesize:       2048 kB
Hugetlb:               0 kB
DirectMap4k:      520172 kB
DirectMap2M:    10878976 kB
DirectMap1G:    56623104 kB
