MemTotal:       65705112 kB
MemFree:          589336 kB
MemAvailable:   64154652 kB
Buffers:           13076 kB
Cached:         62976204 kB
SwapCached:          244 kB
Active:           332164 kB
Inactive:       62803968 kB
Active(anon):     153272 kB
Inactive(anon):      156 kB
Active(file):     178892 kB
Inactive(file): 62803812 kB
Unevictable:           0 kB
Mlocked:               0 kB
SwapTotal:      32970748 kB
SwapFree:       32966140 kB
Dirty:           4418904 kB
Writeback:             0 kB
AnonPages:        148324 kB
Mapped:           118928 kB
Shmem:              5044 kB
KReclaimable:    1309188 kB
Slab:            1519844 kB
SReclaimable:    1309188 kB
SUnreclaim:       210656 kB
KernelStack:        8592 kB
PageTables:         7288 kB
NFS_Unstable:          0 kB
Bounce:                0 kB
WritebackTmp:          0 kB
CommitLimit:    65823304 kB
Committed_AS:     691312 kB
VmallocTotal:   34359738367 kB
VmallocUsed:      159096 kB
VmallocChunk:          0 kB
Percpu:            19456 kB
HardwareCorrupted:     0 kB
AnonHugePages:      8192 kB
ShmemHugePages:        0 kB
ShmemPmdMapped:        0 kB
FileHugePages:         0 kB
FilePmdMapped:         0 kB
HugePages_Total:       0
HugePages_Free:        0
HugePages_Rsvd:        0
HugePages_Surp:        0
Hugepagesize:       2048 kB
Hugetlb:               0 kB
DirectMap4k:      411628 kB
DirectMap2M:     7841792 kB
DirectMap1G:    59768832 kB
