MemTotal:       65705112 kB
MemFree:        64629940 kB
MemAvailable:   64357680 kB
Buffers:           27180 kB
Cached:           278824 kB
SwapCached:            0 kB
Active:           194264 kB
Inactive:         197356 kB
Active(anon):      81964 kB
Inactive(anon):    13504 kB
Active(file):     112300 kB
Inactive(file):   183852 kB
Unevictable:           0 kB
Mlocked:               0 kB
SwapTotal:      32970748 kB
SwapFree:       32970748 kB
Dirty:               232 kB
Writeback:             4 kB
AnonPages:         86724 kB
Mapped:            92312 kB
Shmem:              9300 kB
KReclaimable:      49964 kB
Slab:             151652 kB
SReclaimable:      49964 kB
SUnreclaim:       101688 kB
KernelStack:        8112 kB
PageTables:         7060 kB
NFS_Unstable:          0 kB
Bounce:                0 kB
WritebackTmp:          0 kB
CommitLimit:    65823304 kB
Committed_AS:     313492 kB
VmallocTotal:   34359738367 kB
VmallocUsed:      158688 kB
VmallocChunk:          0 kB
Percpu:            19328 kB
HardwareCorrupted:     0 kB
AnonHugePages:      8192 kB
ShmemHugePages:        0 kB
ShmemPmdMapped:        0 kB
FileHugePages:         0 kB
FilePmdMapped:         0 kB
HugePages_Total:       0
HugePages_Free:        0
HugePages_Rsvd:        0
HugePages_Surp:        0
Hugepagesize:       2048 kB
Hugetlb:               0 kB
DirectMap4k:      550892 kB
DirectMap2M:    10848256 kB
DirectMap1G:    56623104 kB
