MemTotal:       263785564 kB
MemFree:         1074512 kB
MemAvailable:   199163692 kB
Buffers:          411660 kB
Cached:         196266328 kB
SwapCached:            0 kB
Active:           572520 kB
Inactive:       202220864 kB
Active(anon):       2240 kB
Inactive(anon):  6145200 kB
Active(file):     570280 kB
Inactive(file): 196075664 kB
Unevictable:    55310476 kB
Mlocked:        55310476 kB
SwapTotal:             0 kB
SwapFree:              0 kB
Dirty:            852888 kB
Writeback:             0 kB
AnonPages:      61425660 kB
Mapped:          5717472 kB
Shmem:              2348 kB
KReclaimable:    3291620 kB
Slab:            3868016 kB
SReclaimable:    3291620 kB
SUnreclaim:       576396 kB
KernelStack:       12288 kB
PageTables:       133788 kB
NFS_Unstable:          0 kB
Bounce:                0 kB
WritebackTmp:          0 kB
CommitLimit:    131892780 kB
Committed_AS:   64802716 kB
VmallocTotal:   34359738367 kB
VmallocUsed:      255556 kB
VmallocChunk:          0 kB
Percpu:            30720 kB
HardwareCorrupted:     0 kB
AnonHugePages:         0 kB
ShmemHugePages:        0 kB
ShmemPmdMapped:        0 kB
FileHugePages:         0 kB
FilePmdMapped:         0 kB
HugePages_Total:       0
HugePages_Free:        0
HugePages_Rsvd:        0
HugePages_Surp:        0
Hugepagesize:       2048 kB
Hugetlb:               0 kB
DirectMap4k:      271024 kB
DirectMap2M:     4624384 kB
DirectMap1G:    265289728 kB
