MemTotal:       263785560 kB
MemFree:        262284112 kB
MemAvailable:   261306704 kB
Buffers:           61992 kB
Cached:           225584 kB
SwapCached:            0 kB
Active:           114060 kB
Inactive:         292696 kB
Active(anon):        608 kB
Inactive(anon):   129464 kB
Active(file):     113452 kB
Inactive(file):   163232 kB
Unevictable:       19116 kB
Mlocked:           19116 kB
SwapTotal:      67108860 kB
SwapFree:       67108860 kB
Dirty:              2708 kB
Writeback:             0 kB
AnonPages:        138568 kB
Mapped:            62180 kB
Shmem:              2064 kB
KReclaimable:      50000 kB
Slab:             185056 kB
SReclaimable:      50000 kB
SUnreclaim:       135056 kB
KernelStack:       11968 kB
PageTables:         9024 kB
NFS_Unstable:          0 kB
Bounce:                0 kB
WritebackTmp:          0 kB
CommitLimit:    199001640 kB
Committed_AS:     509692 kB
VmallocTotal:   34359738367 kB
VmallocUsed:      271112 kB
VmallocChunk:          0 kB
Percpu:            26880 kB
HardwareCorrupted:     0 kB
AnonHugePages:         0 kB
ShmemHugePages:        0 kB
ShmemPmdMapped:        0 kB
FileHugePages:         0 kB
FilePmdMapped:         0 kB
HugePages_Total:       0
HugePages_Free:        0
HugePages_Rsvd:        0
HugePages_Surp:        0
Hugepagesize:       2048 kB
Hugetlb:               0 kB
DirectMap4k:      266924 kB
DirectMap2M:     4628480 kB
DirectMap1G:    265289728 kB
