MemTotal:       65705120 kB
MemFree:        60513264 kB
MemAvailable:   60175948 kB
Buffers:           23628 kB
Cached:           182500 kB
SwapCached:            0 kB
Active:           120980 kB
Inactive:        4390908 kB
Active(anon):       1496 kB
Inactive(anon):  4313620 kB
Active(file):     119484 kB
Inactive(file):    77288 kB
Unevictable:           0 kB
Mlocked:               0 kB
SwapTotal:      32970748 kB
SwapFree:       32970748 kB
Dirty:               112 kB
Writeback:             0 kB
AnonPages:       4304304 kB
Mapped:            82164 kB
Shmem:              9320 kB
KReclaimable:      49024 kB
Slab:             166440 kB
SReclaimable:      49024 kB
SUnreclaim:       117416 kB
KernelStack:        8236 kB
PageTables:        16604 kB
NFS_Unstable:          0 kB
Bounce:                0 kB
WritebackTmp:          0 kB
CommitLimit:    65823308 kB
Committed_AS:   66756072 kB
VmallocTotal:   34359738367 kB
VmallocUsed:      164004 kB
VmallocChunk:          0 kB
Percpu:            20224 kB
HardwareCorrupted:     0 kB
AnonHugePages:   4128768 kB
ShmemHugePages:        0 kB
ShmemPmdMapped:        0 kB
FileHugePages:         0 kB
FilePmdMapped:         0 kB
HugePages_Total:       0
HugePages_Free:        0
HugePages_Rsvd:        0
HugePages_Surp:        0
Hugepagesize:       2048 kB
Hugetlb:               0 kB
DirectMap4k:      409580 kB
DirectMap2M:     7843840 kB
DirectMap1G:    59768832 kB
