MemTotal:       263785556 kB
MemFree:         1108028 kB
MemAvailable:      24544 kB
Buffers:            4964 kB
Cached:            55304 kB
SwapCached:            0 kB
Active:         118881808 kB
Inactive:       141420740 kB
Active(anon):   118840456 kB
Inactive(anon): 141412976 kB
Active(file):      41352 kB
Inactive(file):     7764 kB
Unevictable:       19140 kB
Mlocked:           19140 kB
SwapTotal:      41943024 kB
SwapFree:       33282544 kB
Dirty:                12 kB
Writeback:             0 kB
AnonPages:      260265192 kB
Mapped:            33788 kB
Shmem:                 8 kB
KReclaimable:      65684 kB
Slab:             247700 kB
SReclaimable:      65684 kB
SUnreclaim:       182016 kB
KernelStack:       11984 kB
PageTables:       531480 kB
NFS_Unstable:          0 kB
Bounce:                0 kB
WritebackTmp:          0 kB
CommitLimit:    173835800 kB
Committed_AS:    1386632 kB
VmallocTotal:   34359738367 kB
VmallocUsed:      514264 kB
VmallocChunk:          0 kB
Percpu:            33792 kB
HardwareCorrupted:     0 kB
AnonHugePages:  193644544 kB
ShmemHugePages:        0 kB
ShmemPmdMapped:        0 kB
FileHugePages:         0 kB
FilePmdMapped:         0 kB
HugePages_Total:       0
HugePages_Free:        0
HugePages_Rsvd:        0
HugePages_Surp:        0
Hugepagesize:       2048 kB
Hugetlb:               0 kB
DirectMap4k:      322224 kB
DirectMap2M:     5621760 kB
DirectMap1G:    264241152 kB
