MemTotal:       65705120 kB
MemFree:         2075632 kB
MemAvailable:    1652232 kB
Buffers:            3416 kB
Cached:            20920 kB
SwapCached:            0 kB
Active:         25139648 kB
Inactive:       37372780 kB
Active(anon):   25123268 kB
Inactive(anon): 37369380 kB
Active(file):      16380 kB
Inactive(file):     3400 kB
Unevictable:           0 kB
Mlocked:               0 kB
SwapTotal:       8388604 kB
SwapFree:        3435828 kB
Dirty:                 0 kB
Writeback:             0 kB
AnonPages:      62489704 kB
Mapped:            16028 kB
Shmem:              3432 kB
KReclaimable:      53844 kB
Slab:             173336 kB
SReclaimable:      53844 kB
SUnreclaim:       119492 kB
KernelStack:        8572 kB
PageTables:       141016 kB
NFS_Unstable:          0 kB
Bounce:                0 kB
WritebackTmp:          0 kB
CommitLimit:    41241164 kB
Committed_AS:    3489528 kB
VmallocTotal:   34359738367 kB
VmallocUsed:      191264 kB
VmallocChunk:          0 kB
Percpu:            19840 kB
HardwareCorrupted:     0 kB
AnonHugePages:         0 kB
ShmemHugePages:        0 kB
ShmemPmdMapped:        0 kB
FileHugePages:         0 kB
FilePmdMapped:         0 kB
HugePages_Total:       0
HugePages_Free:        0
HugePages_Rsvd:        0
HugePages_Surp:        0
Hugepagesize:       2048 kB
Hugetlb:               0 kB
DirectMap4k:      331756 kB
DirectMap2M:     7921664 kB
DirectMap1G:    59768832 kB
