MemTotal:       65705112 kB
MemFree:        59528988 kB
MemAvailable:   59179768 kB
Buffers:           11604 kB
Cached:           168732 kB
SwapCached:            0 kB
Active:          5441892 kB
Inactive:          43780 kB
Active(anon):    5300616 kB
Inactive(anon):    14528 kB
Active(file):     141276 kB
Inactive(file):    29252 kB
Unevictable:           0 kB
Mlocked:               0 kB
SwapTotal:      32970748 kB
SwapFree:       32970748 kB
Dirty:               168 kB
Writeback:             0 kB
AnonPages:       5305264 kB
Mapped:           101764 kB
Shmem:              9320 kB
KReclaimable:      51444 kB
Slab:             166940 kB
SReclaimable:      51444 kB
SUnreclaim:       115496 kB
KernelStack:        8384 kB
PageTables:        16760 kB
NFS_Unstable:          0 kB
Bounce:                0 kB
WritebackTmp:          0 kB
CommitLimit:    65823304 kB
Committed_AS:   56139312 kB
VmallocTotal:   34359738367 kB
VmallocUsed:      163972 kB
VmallocChunk:          0 kB
Percpu:            19584 kB
HardwareCorrupted:     0 kB
AnonHugePages:   5169152 kB
ShmemHugePages:        0 kB
ShmemPmdMapped:        0 kB
FileHugePages:         0 kB
FilePmdMapped:         0 kB
HugePages_Total:       0
HugePages_Free:        0
HugePages_Rsvd:        0
HugePages_Surp:        0
Hugepagesize:       2048 kB
Hugetlb:               0 kB
DirectMap4k:      395244 kB
DirectMap2M:    11003904 kB
DirectMap1G:    56623104 kB
