MemTotal:       263785556 kB
MemFree:         1140828 kB
MemAvailable:      56400 kB
Buffers:            5180 kB
Cached:            52940 kB
SwapCached:         2048 kB
Active:         93285548 kB
Inactive:       167154868 kB
Active(anon):   93245720 kB
Inactive(anon): 167146380 kB
Active(file):      39828 kB
Inactive(file):     8488 kB
Unevictable:       19140 kB
Mlocked:           19140 kB
SwapTotal:      41943024 kB
SwapFree:       33412292 kB
Dirty:                16 kB
Writeback:             0 kB
AnonPages:      260402640 kB
Mapped:            32468 kB
Shmem:                12 kB
KReclaimable:      64600 kB
Slab:             245540 kB
SReclaimable:      64600 kB
SUnreclaim:       180940 kB
KernelStack:       12192 kB
PageTables:       531152 kB
NFS_Unstable:          0 kB
Bounce:                0 kB
WritebackTmp:          0 kB
CommitLimit:    173835800 kB
Committed_AS:    1411424 kB
VmallocTotal:   34359738367 kB
VmallocUsed:      514312 kB
VmallocChunk:          0 kB
Percpu:            33792 kB
HardwareCorrupted:     0 kB
AnonHugePages:  198545408 kB
ShmemHugePages:        0 kB
ShmemPmdMapped:        0 kB
FileHugePages:         0 kB
FilePmdMapped:         0 kB
HugePages_Total:       0
HugePages_Free:        0
HugePages_Rsvd:        0
HugePages_Surp:        0
Hugepagesize:       2048 kB
Hugetlb:               0 kB
DirectMap4k:      318128 kB
DirectMap2M:     5625856 kB
DirectMap1G:    264241152 kB
