MemTotal:       65705112 kB
MemFree:          642636 kB
MemAvailable:   64163152 kB
Buffers:           11212 kB
Cached:         62934496 kB
SwapCached:          208 kB
Active:           324268 kB
Inactive:       62761680 kB
Active(anon):     147152 kB
Inactive(anon):      148 kB
Active(file):     177116 kB
Inactive(file): 62761532 kB
Unevictable:           0 kB
Mlocked:               0 kB
SwapTotal:      32970748 kB
SwapFree:       32965884 kB
Dirty:           4418980 kB
Writeback:             0 kB
AnonPages:        142296 kB
Mapped:           117824 kB
Shmem:              4984 kB
KReclaimable:    1308444 kB
Slab:            1519288 kB
SReclaimable:    1308444 kB
SUnreclaim:       210844 kB
KernelStack:        8500 kB
PageTables:         7268 kB
NFS_Unstable:          0 kB
Bounce:                0 kB
WritebackTmp:          0 kB
CommitLimit:    65823304 kB
Committed_AS:     691000 kB
VmallocTotal:   34359738367 kB
VmallocUsed:      158984 kB
VmallocChunk:          0 kB
Percpu:            19456 kB
HardwareCorrupted:     0 kB
AnonHugePages:      4096 kB
ShmemHugePages:        0 kB
ShmemPmdMapped:        0 kB
FileHugePages:         0 kB
FilePmdMapped:         0 kB
HugePages_Total:       0
HugePages_Free:        0
HugePages_Rsvd:        0
HugePages_Surp:        0
Hugepagesize:       2048 kB
Hugetlb:               0 kB
DirectMap4k:      458732 kB
DirectMap2M:    11988992 kB
DirectMap1G:    55574528 kB
