MemTotal:       65705120 kB
MemFree:         3541712 kB
MemAvailable:    3118492 kB
Buffers:            3596 kB
Cached:            17728 kB
SwapCached:           36 kB
Active:         58452368 kB
Inactive:        2546896 kB
Active(anon):   58440100 kB
Inactive(anon):  2538480 kB
Active(file):      12268 kB
Inactive(file):     8416 kB
Unevictable:           0 kB
Mlocked:               0 kB
SwapTotal:       8388604 kB
SwapFree:        1902156 kB
Dirty:                 0 kB
Writeback:             0 kB
AnonPages:      60983724 kB
Mapped:            13912 kB
Shmem:                 4 kB
KReclaimable:      53672 kB
Slab:             173388 kB
SReclaimable:      53672 kB
SUnreclaim:       119716 kB
KernelStack:        8616 kB
PageTables:       138960 kB
NFS_Unstable:          0 kB
Bounce:                0 kB
WritebackTmp:          0 kB
CommitLimit:    41241164 kB
Committed_AS:   67989500 kB
VmallocTotal:   34359738367 kB
VmallocUsed:      185892 kB
VmallocChunk:          0 kB
Percpu:            19840 kB
HardwareCorrupted:     0 kB
AnonHugePages:  52211712 kB
ShmemHugePages:        0 kB
ShmemPmdMapped:        0 kB
FileHugePages:         0 kB
FilePmdMapped:         0 kB
HugePages_Total:       0
HugePages_Free:        0
HugePages_Rsvd:        0
HugePages_Surp:        0
Hugepagesize:       2048 kB
Hugetlb:               0 kB
DirectMap4k:      413676 kB
DirectMap2M:     9936896 kB
DirectMap1G:    57671680 kB
