MemTotal:       65705112 kB
MemFree:        64640112 kB
MemAvailable:   64365612 kB
Buffers:           27184 kB
Cached:           278296 kB
SwapCached:            0 kB
Active:           193420 kB
Inactive:         196380 kB
Active(anon):      82340 kB
Inactive(anon):    13452 kB
Active(file):     111080 kB
Inactive(file):   182928 kB
Unevictable:         260 kB
Mlocked:               0 kB
SwapTotal:      32970748 kB
SwapFree:       32970748 kB
Dirty:               228 kB
Writeback:           328 kB
AnonPages:         86976 kB
Mapped:            91120 kB
Shmem:              9272 kB
KReclaimable:      49772 kB
Slab:             149368 kB
SReclaimable:      49772 kB
SUnreclaim:        99596 kB
KernelStack:        7956 kB
PageTables:         6544 kB
NFS_Unstable:          0 kB
Bounce:                0 kB
WritebackTmp:          0 kB
CommitLimit:    65823304 kB
Committed_AS:     313364 kB
VmallocTotal:   34359738367 kB
VmallocUsed:      158736 kB
VmallocChunk:          0 kB
Percpu:            19456 kB
HardwareCorrupted:     0 kB
AnonHugePages:     10240 kB
ShmemHugePages:        0 kB
ShmemPmdMapped:        0 kB
FileHugePages:         0 kB
FilePmdMapped:         0 kB
HugePages_Total:       0
HugePages_Free:        0
HugePages_Rsvd:        0
HugePages_Surp:        0
Hugepagesize:       2048 kB
Hugetlb:               0 kB
DirectMap4k:      460780 kB
DirectMap2M:     5695488 kB
DirectMap1G:    61865984 kB
