MemTotal:       263785564 kB
MemFree:         1261716 kB
MemAvailable:     196820 kB
Buffers:           10816 kB
Cached:            79944 kB
SwapCached:            0 kB
Active:           114036 kB
Inactive:       260302188 kB
Active(anon):      60356 kB
Inactive(anon): 260276244 kB
Active(file):      53680 kB
Inactive(file):    25944 kB
Unevictable:       19140 kB
Mlocked:           19140 kB
SwapTotal:      41943024 kB
SwapFree:       33562096 kB
Dirty:                36 kB
Writeback:             0 kB
AnonPages:      260348328 kB
Mapped:            42548 kB
Shmem:              2328 kB
KReclaimable:      71776 kB
Slab:             249812 kB
SReclaimable:      71776 kB
SUnreclaim:       178036 kB
KernelStack:       12320 kB
PageTables:       531680 kB
NFS_Unstable:          0 kB
Bounce:                0 kB
WritebackTmp:          0 kB
CommitLimit:    173835804 kB
Committed_AS:    1394184 kB
VmallocTotal:   34359738367 kB
VmallocUsed:      519172 kB
VmallocChunk:          0 kB
Percpu:            33984 kB
HardwareCorrupted:     0 kB
AnonHugePages:         0 kB
ShmemHugePages:        0 kB
ShmemPmdMapped:        0 kB
FileHugePages:         0 kB
FilePmdMapped:         0 kB
HugePages_Total:       0
HugePages_Free:        0
HugePages_Rsvd:        0
HugePages_Surp:        0
Hugepagesize:       2048 kB
Hugetlb:               0 kB
DirectMap4k:      322224 kB
DirectMap2M:     5621760 kB
DirectMap1G:    264241152 kB
