MemTotal:       263785556 kB
MemFree:         1060060 kB
MemAvailable:          0 kB
Buffers:            5424 kB
Cached:            71188 kB
SwapCached:            0 kB
Active:         152842432 kB
Inactive:       107869800 kB
Active(anon):   152784396 kB
Inactive(anon): 107860588 kB
Active(file):      58036 kB
Inactive(file):     9212 kB
Unevictable:       19116 kB
Mlocked:           19116 kB
SwapTotal:      41943024 kB
SwapFree:       33867248 kB
Dirty:                24 kB
Writeback:             0 kB
AnonPages:      260656188 kB
Mapped:            45484 kB
Shmem:                12 kB
KReclaimable:      64296 kB
Slab:             241720 kB
SReclaimable:      64296 kB
SUnreclaim:       177424 kB
KernelStack:       12304 kB
PageTables:       531504 kB
NFS_Unstable:          0 kB
Bounce:                0 kB
WritebackTmp:          0 kB
CommitLimit:    173835800 kB
Committed_AS:    1393868 kB
VmallocTotal:   34359738367 kB
VmallocUsed:      519172 kB
VmallocChunk:          0 kB
Percpu:            33792 kB
HardwareCorrupted:     0 kB
AnonHugePages:         0 kB
ShmemHugePages:        0 kB
ShmemPmdMapped:        0 kB
FileHugePages:         0 kB
FilePmdMapped:         0 kB
HugePages_Total:       0
HugePages_Free:        0
HugePages_Rsvd:        0
HugePages_Surp:        0
Hugepagesize:       2048 kB
Hugetlb:               0 kB
DirectMap4k:      363184 kB
DirectMap2M:     5580800 kB
DirectMap1G:    264241152 kB
