MemTotal:       65705120 kB
MemFree:          883556 kB
MemAvailable:     459448 kB
Buffers:            3520 kB
Cached:            18172 kB
SwapCached:           12 kB
Active:         63392640 kB
Inactive:         433260 kB
Active(anon):   63379816 kB
Inactive(anon):   425456 kB
Active(file):      12824 kB
Inactive(file):     7804 kB
Unevictable:           0 kB
Mlocked:               0 kB
SwapTotal:       8388604 kB
SwapFree:        4715700 kB
Dirty:                 0 kB
Writeback:             0 kB
AnonPages:      63806984 kB
Mapped:            15016 kB
Shmem:                 4 kB
KReclaimable:      51948 kB
Slab:             167764 kB
SReclaimable:      51948 kB
SUnreclaim:       115816 kB
KernelStack:        8652 kB
PageTables:       138988 kB
NFS_Unstable:          0 kB
Bounce:                0 kB
WritebackTmp:          0 kB
CommitLimit:    41241164 kB
Committed_AS:   67989428 kB
VmallocTotal:   34359738367 kB
VmallocUsed:      191152 kB
VmallocChunk:          0 kB
Percpu:            19712 kB
HardwareCorrupted:     0 kB
AnonHugePages:  58322944 kB
ShmemHugePages:        0 kB
ShmemPmdMapped:        0 kB
FileHugePages:         0 kB
FilePmdMapped:         0 kB
HugePages_Total:       0
HugePages_Free:        0
HugePages_Rsvd:        0
HugePages_Surp:        0
Hugepagesize:       2048 kB
Hugetlb:               0 kB
DirectMap4k:      528364 kB
DirectMap2M:     9822208 kB
DirectMap1G:    57671680 kB
