MemTotal:       263785560 kB
MemFree:        262264556 kB
MemAvailable:   261304808 kB
Buffers:           64792 kB
Cached:           256972 kB
SwapCached:            0 kB
Active:           113112 kB
Inactive:         334324 kB
Active(anon):        572 kB
Inactive(anon):   136488 kB
Active(file):     112540 kB
Inactive(file):   197836 kB
Unevictable:       19116 kB
Mlocked:           19116 kB
SwapTotal:             0 kB
SwapFree:              0 kB
Dirty:              4496 kB
Writeback:             0 kB
AnonPages:        145492 kB
Mapped:            91276 kB
Shmem:              2040 kB
KReclaimable:      51632 kB
Slab:             186252 kB
SReclaimable:      51632 kB
SUnreclaim:       134620 kB
KernelStack:       12064 kB
PageTables:         9584 kB
NFS_Unstable:          0 kB
Bounce:                0 kB
WritebackTmp:          0 kB
CommitLimit:    131892780 kB
Committed_AS:     546184 kB
VmallocTotal:   34359738367 kB
VmallocUsed:      254712 kB
VmallocChunk:          0 kB
Percpu:            26880 kB
HardwareCorrupted:     0 kB
AnonHugePages:         0 kB
ShmemHugePages:        0 kB
ShmemPmdMapped:        0 kB
FileHugePages:         0 kB
FilePmdMapped:         0 kB
HugePages_Total:       0
HugePages_Free:        0
HugePages_Rsvd:        0
HugePages_Surp:        0
Hugepagesize:       2048 kB
Hugetlb:               0 kB
DirectMap4k:      281260 kB
DirectMap2M:     4614144 kB
DirectMap1G:    265289728 kB
