MemTotal:       65705120 kB
MemFree:          612672 kB
MemAvailable:   64155304 kB
Buffers:           38992 kB
Cached:         62932148 kB
SwapCached:            0 kB
Active:           250860 kB
Inactive:       62865700 kB
Active(anon):       1488 kB
Inactive(anon):   153368 kB
Active(file):     249372 kB
Inactive(file): 62712332 kB
Unevictable:           0 kB
Mlocked:               0 kB
SwapTotal:      32970748 kB
SwapFree:       32970748 kB
Dirty:           4419120 kB
Writeback:             0 kB
AnonPages:        145664 kB
Mapped:           104440 kB
Shmem:              9300 kB
KReclaimable:    1307504 kB
Slab:            1517512 kB
SReclaimable:    1307504 kB
SUnreclaim:       210008 kB
KernelStack:        8480 kB
PageTables:         7316 kB
NFS_Unstable:          0 kB
Bounce:                0 kB
WritebackTmp:          0 kB
CommitLimit:    65823308 kB
Committed_AS:     691108 kB
VmallocTotal:   34359738367 kB
VmallocUsed:      158888 kB
VmallocChunk:          0 kB
Percpu:            19456 kB
HardwareCorrupted:     0 kB
AnonHugePages:      6144 kB
ShmemHugePages:        0 kB
ShmemPmdMapped:        0 kB
FileHugePages:         0 kB
FilePmdMapped:         0 kB
HugePages_Total:       0
HugePages_Free:        0
HugePages_Rsvd:        0
HugePages_Surp:        0
Hugepagesize:       2048 kB
Hugetlb:               0 kB
DirectMap4k:      516076 kB
DirectMap2M:    12980224 kB
DirectMap1G:    54525952 kB
