MemTotal:       65705120 kB
MemFree:          600556 kB
MemAvailable:   64147156 kB
Buffers:           39060 kB
Cached:         62935436 kB
SwapCached:            0 kB
Active:           246200 kB
Inactive:       62873264 kB
Active(anon):       1400 kB
Inactive(anon):   153508 kB
Active(file):     244800 kB
Inactive(file): 62719756 kB
Unevictable:           0 kB
Mlocked:               0 kB
SwapTotal:      32970748 kB
SwapFree:       32970748 kB
Dirty:           4419424 kB
Writeback:             0 kB
AnonPages:        145728 kB
Mapped:           104416 kB
Shmem:              9300 kB
KReclaimable:    1308620 kB
Slab:            1519596 kB
SReclaimable:    1308620 kB
SUnreclaim:       210976 kB
KernelStack:        8496 kB
PageTables:         7128 kB
NFS_Unstable:          0 kB
Bounce:                0 kB
WritebackTmp:          0 kB
CommitLimit:    65823308 kB
Committed_AS:     691256 kB
VmallocTotal:   34359738367 kB
VmallocUsed:      158936 kB
VmallocChunk:          0 kB
Percpu:            19840 kB
HardwareCorrupted:     0 kB
AnonHugePages:      6144 kB
ShmemHugePages:        0 kB
ShmemPmdMapped:        0 kB
FileHugePages:         0 kB
FilePmdMapped:         0 kB
HugePages_Total:       0
HugePages_Free:        0
HugePages_Rsvd:        0
HugePages_Surp:        0
Hugepagesize:       2048 kB
Hugetlb:               0 kB
DirectMap4k:      493548 kB
DirectMap2M:    11954176 kB
DirectMap1G:    55574528 kB
