MemTotal:       65705112 kB
MemFree:          638220 kB
MemAvailable:   64160256 kB
Buffers:           13604 kB
Cached:         62933728 kB
SwapCached:          196 kB
Active:           328180 kB
Inactive:       62761704 kB
Active(anon):     148960 kB
Inactive(anon):      148 kB
Active(file):     179220 kB
Inactive(file): 62761556 kB
Unevictable:           0 kB
Mlocked:               0 kB
SwapTotal:      32970748 kB
SwapFree:       32966396 kB
Dirty:           4418924 kB
Writeback:             0 kB
AnonPages:        143976 kB
Mapped:           119280 kB
Shmem:              5036 kB
KReclaimable:    1307836 kB
Slab:            1517212 kB
SReclaimable:    1307836 kB
SUnreclaim:       209376 kB
KernelStack:        8528 kB
PageTables:         7228 kB
NFS_Unstable:          0 kB
Bounce:                0 kB
WritebackTmp:          0 kB
CommitLimit:    65823304 kB
Committed_AS:     691328 kB
VmallocTotal:   34359738367 kB
VmallocUsed:      158952 kB
VmallocChunk:          0 kB
Percpu:            19456 kB
HardwareCorrupted:     0 kB
AnonHugePages:      4096 kB
ShmemHugePages:        0 kB
ShmemPmdMapped:        0 kB
FileHugePages:         0 kB
FilePmdMapped:         0 kB
HugePages_Total:       0
HugePages_Free:        0
HugePages_Rsvd:        0
HugePages_Surp:        0
Hugepagesize:       2048 kB
Hugetlb:               0 kB
DirectMap4k:      518124 kB
DirectMap2M:     8783872 kB
DirectMap1G:    58720256 kB
