MemTotal:       65705120 kB
MemFree:          623052 kB
MemAvailable:   64154924 kB
Buffers:           38848 kB
Cached:         62921408 kB
SwapCached:            0 kB
Active:           252424 kB
Inactive:       62850572 kB
Active(anon):       1428 kB
Inactive(anon):   151228 kB
Active(file):     250996 kB
Inactive(file): 62699344 kB
Unevictable:           0 kB
Mlocked:               0 kB
SwapTotal:      32970748 kB
SwapFree:       32970748 kB
Dirty:           4418468 kB
Writeback:             0 kB
AnonPages:        143556 kB
Mapped:           104580 kB
Shmem:              9300 kB
KReclaimable:    1308108 kB
Slab:            1518824 kB
SReclaimable:    1308108 kB
SUnreclaim:       210716 kB
KernelStack:        8608 kB
PageTables:         7236 kB
NFS_Unstable:          0 kB
Bounce:                0 kB
WritebackTmp:          0 kB
CommitLimit:    65823308 kB
Committed_AS:     689736 kB
VmallocTotal:   34359738367 kB
VmallocUsed:      159016 kB
VmallocChunk:          0 kB
Percpu:            19712 kB
HardwareCorrupted:     0 kB
AnonHugePages:      6144 kB
ShmemHugePages:        0 kB
ShmemPmdMapped:        0 kB
FileHugePages:         0 kB
FilePmdMapped:         0 kB
HugePages_Total:       0
HugePages_Free:        0
HugePages_Rsvd:        0
HugePages_Surp:        0
Hugepagesize:       2048 kB
Hugetlb:               0 kB
DirectMap4k:      505836 kB
DirectMap2M:    10893312 kB
DirectMap1G:    56623104 kB
