MemTotal:       263785552 kB
MemFree:         1142880 kB
MemAvailable:   257838024 kB
Buffers:           13624 kB
Cached:         256551536 kB
SwapCached:            0 kB
Active:          2847100 kB
Inactive:       253758172 kB
Active(anon):    2692580 kB
Inactive(anon):      268 kB
Active(file):     154520 kB
Inactive(file): 253757904 kB
Unevictable:       19116 kB
Mlocked:           19116 kB
SwapTotal:             0 kB
SwapFree:              0 kB
Dirty:            352964 kB
Writeback:             0 kB
AnonPages:         59928 kB
Mapped:          2712844 kB
Shmem:           2643436 kB
KReclaimable:    4631104 kB
Slab:            5196604 kB
SReclaimable:    4631104 kB
SUnreclaim:       565500 kB
KernelStack:        9088 kB
PageTables:         8904 kB
NFS_Unstable:          0 kB
Bounce:                0 kB
WritebackTmp:          0 kB
CommitLimit:    131892776 kB
Committed_AS:   130036772 kB
VmallocTotal:   34359738367 kB
VmallocUsed:      251760 kB
VmallocChunk:          0 kB
Percpu:            27264 kB
HardwareCorrupted:     0 kB
AnonHugePages:         0 kB
ShmemHugePages:        0 kB
ShmemPmdMapped:        0 kB
FileHugePages:         0 kB
FilePmdMapped:         0 kB
HugePages_Total:       0
HugePages_Free:        0
HugePages_Rsvd:        0
HugePages_Surp:        0
Hugepagesize:       2048 kB
Hugetlb:               0 kB
DirectMap4k:      277164 kB
DirectMap2M:     4618240 kB
DirectMap1G:    265289728 kB
