MemTotal:       65705112 kB
MemFree:          589460 kB
MemAvailable:   64156764 kB
Buffers:           39484 kB
Cached:         62956020 kB
SwapCached:            0 kB
Active:           251596 kB
Inactive:       62887272 kB
Active(anon):       1468 kB
Inactive(anon):   151284 kB
Active(file):     250128 kB
Inactive(file): 62735988 kB
Unevictable:           0 kB
Mlocked:               0 kB
SwapTotal:      32970748 kB
SwapFree:       32970748 kB
Dirty:           4419432 kB
Writeback:             0 kB
AnonPages:        143732 kB
Mapped:           105380 kB
Shmem:              9300 kB
KReclaimable:    1307956 kB
Slab:            1518652 kB
SReclaimable:    1307956 kB
SUnreclaim:       210696 kB
KernelStack:        8592 kB
PageTables:         7348 kB
NFS_Unstable:          0 kB
Bounce:                0 kB
WritebackTmp:          0 kB
CommitLimit:    65823304 kB
Committed_AS:     690312 kB
VmallocTotal:   34359738367 kB
VmallocUsed:      158968 kB
VmallocChunk:          0 kB
Percpu:            19712 kB
HardwareCorrupted:     0 kB
AnonHugePages:      6144 kB
ShmemHugePages:        0 kB
ShmemPmdMapped:        0 kB
FileHugePages:         0 kB
FilePmdMapped:         0 kB
HugePages_Total:       0
HugePages_Free:        0
HugePages_Rsvd:        0
HugePages_Surp:        0
Hugepagesize:       2048 kB
Hugetlb:               0 kB
DirectMap4k:      389100 kB
DirectMap2M:     9961472 kB
DirectMap1G:    57671680 kB
