MemTotal:       65705112 kB
MemFree:        60502004 kB
MemAvailable:   60150596 kB
Buffers:            7404 kB
Cached:           170980 kB
SwapCached:            0 kB
Active:          4496192 kB
Inactive:          46196 kB
Active(anon):    4354776 kB
Inactive(anon):    18624 kB
Active(file):     141416 kB
Inactive(file):    27572 kB
Unevictable:           0 kB
Mlocked:               0 kB
SwapTotal:      32970748 kB
SwapFree:       32970748 kB
Dirty:               152 kB
Writeback:             0 kB
AnonPages:       4363172 kB
Mapped:           101656 kB
Shmem:              9320 kB
KReclaimable:      48608 kB
Slab:             164860 kB
SReclaimable:      48608 kB
SUnreclaim:       116252 kB
KernelStack:        8416 kB
PageTables:        15328 kB
NFS_Unstable:          0 kB
Bounce:                0 kB
WritebackTmp:          0 kB
CommitLimit:    65823304 kB
Committed_AS:   66747764 kB
VmallocTotal:   34359738367 kB
VmallocUsed:      164116 kB
VmallocChunk:          0 kB
Percpu:            19712 kB
HardwareCorrupted:     0 kB
AnonHugePages:   4233216 kB
ShmemHugePages:        0 kB
ShmemPmdMapped:        0 kB
FileHugePages:         0 kB
FilePmdMapped:         0 kB
HugePages_Total:       0
HugePages_Free:        0
HugePages_Rsvd:        0
HugePages_Surp:        0
Hugepagesize:       2048 kB
Hugetlb:               0 kB
DirectMap4k:      391148 kB
DirectMap2M:     8910848 kB
DirectMap1G:    58720256 kB
