MemTotal:       263785556 kB
MemFree:         1175004 kB
MemAvailable:      92928 kB
Buffers:            5440 kB
Cached:            57112 kB
SwapCached:            0 kB
Active:         12613748 kB
Inactive:       247995420 kB
Active(anon):   12577492 kB
Inactive(anon): 247978460 kB
Active(file):      36256 kB
Inactive(file):    16960 kB
Unevictable:       19140 kB
Mlocked:           19140 kB
SwapTotal:      41943024 kB
SwapFree:       33779440 kB
Dirty:                 0 kB
Writeback:             0 kB
AnonPages:      260566772 kB
Mapped:            40532 kB
Shmem:                12 kB
KReclaimable:      64132 kB
Slab:             243964 kB
SReclaimable:      64132 kB
SUnreclaim:       179832 kB
KernelStack:       11968 kB
PageTables:       531388 kB
NFS_Unstable:          0 kB
Bounce:                0 kB
WritebackTmp:          0 kB
CommitLimit:    173835800 kB
Committed_AS:    1394672 kB
VmallocTotal:   34359738367 kB
VmallocUsed:      519428 kB
VmallocChunk:          0 kB
Percpu:            33984 kB
HardwareCorrupted:     0 kB
AnonHugePages:         0 kB
ShmemHugePages:        0 kB
ShmemPmdMapped:        0 kB
FileHugePages:         0 kB
FilePmdMapped:         0 kB
HugePages_Total:       0
HugePages_Free:        0
HugePages_Rsvd:        0
HugePages_Surp:        0
Hugepagesize:       2048 kB
Hugetlb:               0 kB
DirectMap4k:      305840 kB
DirectMap2M:     4589568 kB
DirectMap1G:    265289728 kB
