MemTotal:       65705112 kB
MemFree:        64635012 kB
MemAvailable:   64361452 kB
Buffers:           27188 kB
Cached:           277856 kB
SwapCached:            0 kB
Active:           197984 kB
Inactive:         196376 kB
Active(anon):      86148 kB
Inactive(anon):    13460 kB
Active(file):     111836 kB
Inactive(file):   182916 kB
Unevictable:           0 kB
Mlocked:               0 kB
SwapTotal:      32970748 kB
SwapFree:       32970748 kB
Dirty:               288 kB
Writeback:             0 kB
AnonPages:         90824 kB
Mapped:            92560 kB
Shmem:              9284 kB
KReclaimable:      50164 kB
Slab:             150972 kB
SReclaimable:      50164 kB
SUnreclaim:       100808 kB
KernelStack:        8172 kB
PageTables:         5976 kB
NFS_Unstable:          0 kB
Bounce:                0 kB
WritebackTmp:          0 kB
CommitLimit:    65823304 kB
Committed_AS:     312936 kB
VmallocTotal:   34359738367 kB
VmallocUsed:      158720 kB
VmallocChunk:          0 kB
Percpu:            19328 kB
HardwareCorrupted:     0 kB
AnonHugePages:     12288 kB
ShmemHugePages:        0 kB
ShmemPmdMapped:        0 kB
FileHugePages:         0 kB
FilePmdMapped:         0 kB
HugePages_Total:       0
HugePages_Free:        0
HugePages_Rsvd:        0
HugePages_Surp:        0
Hugepagesize:       2048 kB
Hugetlb:               0 kB
DirectMap4k:      471020 kB
DirectMap2M:    11976704 kB
DirectMap1G:    55574528 kB
