MemTotal:       263785560 kB
MemFree:         1158308 kB
MemAvailable:   257866680 kB
Buffers:           60396 kB
Cached:         256515488 kB
SwapCached:            0 kB
Active:           157564 kB
Inactive:       256458376 kB
Active(anon):       1716 kB
Inactive(anon):  2691156 kB
Active(file):     155848 kB
Inactive(file): 253767220 kB
Unevictable:       19116 kB
Mlocked:           19116 kB
SwapTotal:             0 kB
SwapFree:              0 kB
Dirty:            363044 kB
Writeback:             0 kB
AnonPages:         59932 kB
Mapped:          2700176 kB
Shmem:           2643452 kB
KReclaimable:    4633524 kB
Slab:            5198456 kB
SReclaimable:    4633524 kB
SUnreclaim:       564932 kB
KernelStack:        9120 kB
PageTables:         8716 kB
NFS_Unstable:          0 kB
Bounce:                0 kB
WritebackTmp:          0 kB
CommitLimit:    131892780 kB
Committed_AS:   130032804 kB
VmallocTotal:   34359738367 kB
VmallocUsed:      251824 kB
VmallocChunk:          0 kB
Percpu:            27840 kB
HardwareCorrupted:     0 kB
AnonHugePages:         0 kB
ShmemHugePages:        0 kB
ShmemPmdMapped:        0 kB
FileHugePages:         0 kB
FilePmdMapped:         0 kB
HugePages_Total:       0
HugePages_Free:        0
HugePages_Rsvd:        0
HugePages_Surp:        0
Hugepagesize:       2048 kB
Hugetlb:               0 kB
DirectMap4k:      285356 kB
DirectMap2M:     4610048 kB
DirectMap1G:    265289728 kB
