MemTotal:       263785556 kB
MemFree:         1161872 kB
MemAvailable:   199319592 kB
Buffers:          248316 kB
Cached:         196533364 kB
SwapCached:            0 kB
Active:         15094620 kB
Inactive:       187685048 kB
Active(anon):    6031672 kB
Inactive(anon):     2552 kB
Active(file):    9062948 kB
Inactive(file): 187682496 kB
Unevictable:    55309500 kB
Mlocked:        55309500 kB
SwapTotal:             0 kB
SwapFree:              0 kB
Dirty:            842448 kB
Writeback:             0 kB
AnonPages:      61307516 kB
Mapped:          5654616 kB
Shmem:              2348 kB
KReclaimable:    3276880 kB
Slab:            3807184 kB
SReclaimable:    3276880 kB
SUnreclaim:       530304 kB
KernelStack:       12224 kB
PageTables:       133224 kB
NFS_Unstable:          0 kB
Bounce:                0 kB
WritebackTmp:          0 kB
CommitLimit:    131892776 kB
Committed_AS:   64785000 kB
VmallocTotal:   34359738367 kB
VmallocUsed:      255604 kB
VmallocChunk:          0 kB
Percpu:            30336 kB
HardwareCorrupted:     0 kB
AnonHugePages:         0 kB
ShmemHugePages:        0 kB
ShmemPmdMapped:        0 kB
FileHugePages:         0 kB
FilePmdMapped:         0 kB
HugePages_Total:       0
HugePages_Free:        0
HugePages_Rsvd:        0
HugePages_Surp:        0
Hugepagesize:       2048 kB
Hugetlb:               0 kB
DirectMap4k:      293552 kB
DirectMap2M:     4601856 kB
DirectMap1G:    265289728 kB
