MemTotal:       263785560 kB
MemFree:        262240356 kB
MemAvailable:   261300996 kB
Buffers:           66072 kB
Cached:           295400 kB
SwapCached:            0 kB
Active:           117584 kB
Inactive:         368388 kB
Active(anon):        580 kB
Inactive(anon):   134324 kB
Active(file):     117004 kB
Inactive(file):   234064 kB
Unevictable:       19116 kB
Mlocked:           19116 kB
SwapTotal:             0 kB
SwapFree:              0 kB
Dirty:              5572 kB
Writeback:             0 kB
AnonPages:        143408 kB
Mapped:           120008 kB
Shmem:              2060 kB
KReclaimable:      51708 kB
Slab:             186364 kB
SReclaimable:      51708 kB
SUnreclaim:       134656 kB
KernelStack:       12112 kB
PageTables:        10068 kB
NFS_Unstable:          0 kB
Bounce:                0 kB
WritebackTmp:          0 kB
CommitLimit:    131892780 kB
Committed_AS:     535016 kB
VmallocTotal:   34359738367 kB
VmallocUsed:      254600 kB
VmallocChunk:          0 kB
Percpu:            26880 kB
HardwareCorrupted:     0 kB
AnonHugePages:         0 kB
ShmemHugePages:        0 kB
ShmemPmdMapped:        0 kB
FileHugePages:         0 kB
FilePmdMapped:         0 kB
HugePages_Total:       0
HugePages_Free:        0
HugePages_Rsvd:        0
HugePages_Surp:        0
Hugepagesize:       2048 kB
Hugetlb:               0 kB
DirectMap4k:      242348 kB
DirectMap2M:     4653056 kB
DirectMap1G:    265289728 kB
