MemTotal:       263785560 kB
MemFree:         1105416 kB
MemAvailable:   257822232 kB
Buffers:           60404 kB
Cached:         256523572 kB
SwapCached:            0 kB
Active:           155056 kB
Inactive:       256468968 kB
Active(anon):       1764 kB
Inactive(anon):  2691024 kB
Active(file):     153292 kB
Inactive(file): 253777944 kB
Unevictable:       19116 kB
Mlocked:           19116 kB
SwapTotal:             0 kB
SwapFree:              0 kB
Dirty:            355048 kB
Writeback:             0 kB
AnonPages:         59868 kB
Mapped:          2704788 kB
Shmem:           2643436 kB
KReclaimable:    4633800 kB
Slab:            5197516 kB
SReclaimable:    4633800 kB
SUnreclaim:       563716 kB
KernelStack:        9056 kB
PageTables:         8680 kB
NFS_Unstable:          0 kB
Bounce:                0 kB
WritebackTmp:          0 kB
CommitLimit:    131892780 kB
Committed_AS:   130036924 kB
VmallocTotal:   34359738367 kB
VmallocUsed:      251760 kB
VmallocChunk:          0 kB
Percpu:            27456 kB
HardwareCorrupted:     0 kB
AnonHugePages:         0 kB
ShmemHugePages:        0 kB
ShmemPmdMapped:        0 kB
FileHugePages:         0 kB
FilePmdMapped:         0 kB
HugePages_Total:       0
HugePages_Free:        0
HugePages_Rsvd:        0
HugePages_Surp:        0
Hugepagesize:       2048 kB
Hugetlb:               0 kB
DirectMap4k:      252588 kB
DirectMap2M:     4642816 kB
DirectMap1G:    265289728 kB
