MemTotal:       65705112 kB
MemFree:          400780 kB
MemAvailable:          0 kB
Buffers:            3224 kB
Cached:            14956 kB
SwapCached:          116 kB
Active:         64347332 kB
Inactive:          37476 kB
Active(anon):   64333960 kB
Inactive(anon):    33236 kB
Active(file):      13372 kB
Inactive(file):     4240 kB
Unevictable:           0 kB
Mlocked:               0 kB
SwapTotal:       8388604 kB
SwapFree:        5273340 kB
Dirty:                 0 kB
Writeback:             0 kB
AnonPages:      64367492 kB
Mapped:            10312 kB
Shmem:                 4 kB
KReclaimable:      47260 kB
Slab:             156268 kB
SReclaimable:      47260 kB
SUnreclaim:       109008 kB
KernelStack:        8640 kB
PageTables:       138860 kB
NFS_Unstable:          0 kB
Bounce:                0 kB
WritebackTmp:          0 kB
CommitLimit:    41241160 kB
Committed_AS:   67989184 kB
VmallocTotal:   34359738367 kB
VmallocUsed:      191168 kB
VmallocChunk:          0 kB
Percpu:            19712 kB
HardwareCorrupted:     0 kB
AnonHugePages:  63807488 kB
ShmemHugePages:        0 kB
ShmemPmdMapped:        0 kB
FileHugePages:         0 kB
FilePmdMapped:         0 kB
HugePages_Total:       0
HugePages_Free:        0
HugePages_Rsvd:        0
HugePages_Surp:        0
Hugepagesize:       2048 kB
Hugetlb:               0 kB
DirectMap4k:      563180 kB
DirectMap2M:    11884544 kB
DirectMap1G:    55574528 kB
