MemTotal:       263785564 kB
MemFree:         1281684 kB
MemAvailable:   199185952 kB
Buffers:          412224 kB
Cached:         196101756 kB
SwapCached:            0 kB
Active:           572216 kB
Inactive:       202059136 kB
Active(anon):       2256 kB
Inactive(anon):  6147472 kB
Active(file):     569960 kB
Inactive(file): 195911664 kB
Unevictable:    55310144 kB
Mlocked:        55310144 kB
SwapTotal:             0 kB
SwapFree:              0 kB
Dirty:            856416 kB
Writeback:             0 kB
AnonPages:      61427596 kB
Mapped:          5741152 kB
Shmem:              2348 kB
KReclaimable:    3287412 kB
Slab:            3865720 kB
SReclaimable:    3287412 kB
SUnreclaim:       578308 kB
KernelStack:       12336 kB
PageTables:       133620 kB
NFS_Unstable:          0 kB
Bounce:                0 kB
WritebackTmp:          0 kB
CommitLimit:    131892780 kB
Committed_AS:   64805716 kB
VmallocTotal:   34359738367 kB
VmallocUsed:      255668 kB
VmallocChunk:          0 kB
Percpu:            30912 kB
HardwareCorrupted:     0 kB
AnonHugePages:         0 kB
ShmemHugePages:        0 kB
ShmemPmdMapped:        0 kB
FileHugePages:         0 kB
FilePmdMapped:         0 kB
HugePages_Total:       0
HugePages_Free:        0
HugePages_Rsvd:        0
HugePages_Surp:        0
Hugepagesize:       2048 kB
Hugetlb:               0 kB
DirectMap4k:      305840 kB
DirectMap2M:     6686720 kB
DirectMap1G:    263192576 kB
