MemTotal:       263785552 kB
MemFree:         1190960 kB
MemAvailable:   257041376 kB
Buffers:           14176 kB
Cached:         256459032 kB
SwapCached:          320 kB
Active:          3587300 kB
Inactive:       252926368 kB
Active(anon):    3437096 kB
Inactive(anon):      988 kB
Active(file):     150204 kB
Inactive(file): 252925380 kB
Unevictable:       19116 kB
Mlocked:           19116 kB
SwapTotal:      67108860 kB
SwapFree:       67107324 kB
Dirty:            354256 kB
Writeback:             0 kB
AnonPages:         59900 kB
Mapped:          3448932 kB
Shmem:           3388332 kB
KReclaimable:    4623216 kB
Slab:            5190300 kB
SReclaimable:    4623216 kB
SUnreclaim:       567084 kB
KernelStack:        9072 kB
PageTables:        10508 kB
NFS_Unstable:          0 kB
Bounce:                0 kB
WritebackTmp:          0 kB
CommitLimit:    199001636 kB
Committed_AS:   162316780 kB
VmallocTotal:   34359738367 kB
VmallocUsed:      268240 kB
VmallocChunk:          0 kB
Percpu:            27264 kB
HardwareCorrupted:     0 kB
AnonHugePages:         0 kB
ShmemHugePages:        0 kB
ShmemPmdMapped:        0 kB
FileHugePages:         0 kB
FilePmdMapped:         0 kB
HugePages_Total:       0
HugePages_Free:        0
HugePages_Rsvd:        0
HugePages_Surp:        0
Hugepagesize:       2048 kB
Hugetlb:               0 kB
DirectMap4k:      256684 kB
DirectMap2M:     4638720 kB
DirectMap1G:    265289728 kB
