MemTotal:       263785556 kB
MemFree:         1252340 kB
MemAvailable:   199249192 kB
Buffers:          254944 kB
Cached:         196347068 kB
SwapCached:          476 kB
Active:         15286900 kB
Inactive:       187355600 kB
Active(anon):    6073272 kB
Inactive(anon):      108 kB
Active(file):    9213628 kB
Inactive(file): 187355492 kB
Unevictable:    55312028 kB
Mlocked:        55312028 kB
SwapTotal:      33554428 kB
SwapFree:       33551868 kB
Dirty:            528732 kB
Writeback:             0 kB
AnonPages:      61352212 kB
Mapped:          5674296 kB
Shmem:               140 kB
KReclaimable:    3276116 kB
Slab:            3807360 kB
SReclaimable:    3276116 kB
SUnreclaim:       531244 kB
KernelStack:       12432 kB
PageTables:       133732 kB
NFS_Unstable:          0 kB
Bounce:                0 kB
WritebackTmp:          0 kB
CommitLimit:    165447204 kB
Committed_AS:   64879996 kB
VmallocTotal:   34359738367 kB
VmallocUsed:      264004 kB
VmallocChunk:          0 kB
Percpu:            30912 kB
HardwareCorrupted:     0 kB
AnonHugePages:         0 kB
ShmemHugePages:        0 kB
ShmemPmdMapped:        0 kB
FileHugePages:         0 kB
FilePmdMapped:         0 kB
HugePages_Total:       0
HugePages_Free:        0
HugePages_Rsvd:        0
HugePages_Surp:        0
Hugepagesize:       2048 kB
Hugetlb:               0 kB
DirectMap4k:      258736 kB
DirectMap2M:     4636672 kB
DirectMap1G:    265289728 kB
