MemTotal:       65705120 kB
MemFree:         1251328 kB
MemAvailable:     826220 kB
Buffers:            3276 kB
Cached:            16308 kB
SwapCached:            8 kB
Active:         56373056 kB
Inactive:        7048712 kB
Active(anon):   56364424 kB
Inactive(anon):  7040964 kB
Active(file):       8632 kB
Inactive(file):     7748 kB
Unevictable:           0 kB
Mlocked:               0 kB
SwapTotal:       8388604 kB
SwapFree:        4192188 kB
Dirty:                 0 kB
Writeback:             0 kB
AnonPages:      63406452 kB
Mapped:            11192 kB
Shmem:              1672 kB
KReclaimable:      53832 kB
Slab:             170304 kB
SReclaimable:      53832 kB
SUnreclaim:       116472 kB
KernelStack:        8508 kB
PageTables:       141168 kB
NFS_Unstable:          0 kB
Bounce:                0 kB
WritebackTmp:          0 kB
CommitLimit:    41241164 kB
Committed_AS:    3571932 kB
VmallocTotal:   34359738367 kB
VmallocUsed:      191152 kB
VmallocChunk:          0 kB
Percpu:            19712 kB
HardwareCorrupted:     0 kB
AnonHugePages:         0 kB
ShmemHugePages:        0 kB
ShmemPmdMapped:        0 kB
FileHugePages:         0 kB
FilePmdMapped:         0 kB
HugePages_Total:       0
HugePages_Free:        0
HugePages_Rsvd:        0
HugePages_Surp:        0
Hugepagesize:       2048 kB
Hugetlb:               0 kB
DirectMap4k:      491500 kB
DirectMap2M:     9859072 kB
DirectMap1G:    57671680 kB
