MemTotal:       263785556 kB
MemFree:         1186416 kB
MemAvailable:   199172048 kB
Buffers:          249680 kB
Cached:         196355188 kB
SwapCached:          296 kB
Active:         15322512 kB
Inactive:       187366384 kB
Active(anon):    6119596 kB
Inactive(anon):     1056 kB
Active(file):    9202916 kB
Inactive(file): 187365328 kB
Unevictable:    55306000 kB
Mlocked:        55306000 kB
SwapTotal:      33554428 kB
SwapFree:       33552636 kB
Dirty:            892552 kB
Writeback:             0 kB
AnonPages:      61389784 kB
Mapped:          5716616 kB
Shmem:              1028 kB
KReclaimable:    3273964 kB
Slab:            3805572 kB
SReclaimable:    3273964 kB
SUnreclaim:       531608 kB
KernelStack:       12160 kB
PageTables:       133536 kB
NFS_Unstable:          0 kB
Bounce:                0 kB
WritebackTmp:          0 kB
CommitLimit:    165447204 kB
Committed_AS:   64688508 kB
VmallocTotal:   34359738367 kB
VmallocUsed:      263764 kB
VmallocChunk:          0 kB
Percpu:            30912 kB
HardwareCorrupted:     0 kB
AnonHugePages:         0 kB
ShmemHugePages:        0 kB
ShmemPmdMapped:        0 kB
FileHugePages:         0 kB
FilePmdMapped:         0 kB
HugePages_Total:       0
HugePages_Free:        0
HugePages_Rsvd:        0
HugePages_Surp:        0
Hugepagesize:       2048 kB
Hugetlb:               0 kB
DirectMap4k:      262832 kB
DirectMap2M:     4632576 kB
DirectMap1G:    265289728 kB
