MemTotal:       263785560 kB
MemFree:         1218332 kB
MemAvailable:   257837132 kB
Buffers:           60688 kB
Cached:         256427264 kB
SwapCached:            0 kB
Active:           156152 kB
Inactive:       256372160 kB
Active(anon):       1664 kB
Inactive(anon):  2690972 kB
Active(file):     154488 kB
Inactive(file): 253681188 kB
Unevictable:       19116 kB
Mlocked:           19116 kB
SwapTotal:             0 kB
SwapFree:              0 kB
Dirty:            356044 kB
Writeback:             0 kB
AnonPages:         59680 kB
Mapped:          2692832 kB
Shmem:           2643436 kB
KReclaimable:    4631508 kB
Slab:            5196492 kB
SReclaimable:    4631508 kB
SUnreclaim:       564984 kB
KernelStack:        9040 kB
PageTables:         8628 kB
NFS_Unstable:          0 kB
Bounce:                0 kB
WritebackTmp:          0 kB
CommitLimit:    131892780 kB
Committed_AS:   130033256 kB
VmallocTotal:   34359738367 kB
VmallocUsed:      251696 kB
VmallocChunk:          0 kB
Percpu:            27264 kB
HardwareCorrupted:     0 kB
AnonHugePages:         0 kB
ShmemHugePages:        0 kB
ShmemPmdMapped:        0 kB
FileHugePages:         0 kB
FilePmdMapped:         0 kB
HugePages_Total:       0
HugePages_Free:        0
HugePages_Rsvd:        0
HugePages_Surp:        0
Hugepagesize:       2048 kB
Hugetlb:               0 kB
DirectMap4k:      279212 kB
DirectMap2M:     4616192 kB
DirectMap1G:    265289728 kB
