MemTotal:       65705120 kB
MemFree:        59863536 kB
MemAvailable:   59524424 kB
Buffers:           21972 kB
Cached:           180900 kB
SwapCached:            0 kB
Active:           117268 kB
Inactive:        5044740 kB
Active(anon):       1472 kB
Inactive(anon):  4967012 kB
Active(file):     115796 kB
Inactive(file):    77728 kB
Unevictable:           0 kB
Mlocked:               0 kB
SwapTotal:      32970748 kB
SwapFree:       32970748 kB
Dirty:               364 kB
Writeback:             0 kB
AnonPages:       4959164 kB
Mapped:            82616 kB
Shmem:              9320 kB
KReclaimable:      48680 kB
Slab:             164836 kB
SReclaimable:      48680 kB
SUnreclaim:       116156 kB
KernelStack:        8336 kB
PageTables:        16808 kB
NFS_Unstable:          0 kB
Bounce:                0 kB
WritebackTmp:          0 kB
CommitLimit:    65823308 kB
Committed_AS:   56123088 kB
VmallocTotal:   34359738367 kB
VmallocUsed:      164036 kB
VmallocChunk:          0 kB
Percpu:            20224 kB
HardwareCorrupted:     0 kB
AnonHugePages:   4827136 kB
ShmemHugePages:        0 kB
ShmemPmdMapped:        0 kB
FileHugePages:         0 kB
FilePmdMapped:         0 kB
HugePages_Total:       0
HugePages_Free:        0
HugePages_Rsvd:        0
HugePages_Surp:        0
Hugepagesize:       2048 kB
Hugetlb:               0 kB
DirectMap4k:      432108 kB
DirectMap2M:    10967040 kB
DirectMap1G:    56623104 kB
