MemTotal:       263785552 kB
MemFree:         1297664 kB
MemAvailable:   257845924 kB
Buffers:           12324 kB
Cached:         256408032 kB
SwapCached:            0 kB
Active:          2841136 kB
Inactive:       253617468 kB
Active(anon):    2691676 kB
Inactive(anon):      320 kB
Active(file):     149460 kB
Inactive(file): 253617148 kB
Unevictable:       19116 kB
Mlocked:           19116 kB
SwapTotal:             0 kB
SwapFree:              0 kB
Dirty:            353780 kB
Writeback:             0 kB
AnonPages:         58992 kB
Mapped:          2710200 kB
Shmem:           2643436 kB
KReclaimable:    4629872 kB
Slab:            5195576 kB
SReclaimable:    4629872 kB
SUnreclaim:       565704 kB
KernelStack:        9120 kB
PageTables:         8664 kB
NFS_Unstable:          0 kB
Bounce:                0 kB
WritebackTmp:          0 kB
CommitLimit:    131892776 kB
Committed_AS:   130032944 kB
VmallocTotal:   34359738367 kB
VmallocUsed:      251856 kB
VmallocChunk:          0 kB
Percpu:            27840 kB
HardwareCorrupted:     0 kB
AnonHugePages:         0 kB
ShmemHugePages:        0 kB
ShmemPmdMapped:        0 kB
FileHugePages:         0 kB
FilePmdMapped:         0 kB
HugePages_Total:       0
HugePages_Free:        0
HugePages_Rsvd:        0
HugePages_Surp:        0
Hugepagesize:       2048 kB
Hugetlb:               0 kB
DirectMap4k:      250540 kB
DirectMap2M:     4644864 kB
DirectMap1G:    265289728 kB
