MemTotal:       65705120 kB
MemFree:          628888 kB
MemAvailable:   64158472 kB
Buffers:           38852 kB
Cached:         62919612 kB
SwapCached:            0 kB
Active:           256536 kB
Inactive:       62844288 kB
Active(anon):       1376 kB
Inactive(anon):   150820 kB
Active(file):     255160 kB
Inactive(file): 62693468 kB
Unevictable:           0 kB
Mlocked:               0 kB
SwapTotal:      32970748 kB
SwapFree:       32970748 kB
Dirty:           4419196 kB
Writeback:             4 kB
AnonPages:        143168 kB
Mapped:           101552 kB
Shmem:              9296 kB
KReclaimable:    1307532 kB
Slab:            1516732 kB
SReclaimable:    1307532 kB
SUnreclaim:       209200 kB
KernelStack:        8684 kB
PageTables:         6864 kB
NFS_Unstable:          0 kB
Bounce:                0 kB
WritebackTmp:          0 kB
CommitLimit:    65823308 kB
Committed_AS:     690280 kB
VmallocTotal:   34359738367 kB
VmallocUsed:      158984 kB
VmallocChunk:          0 kB
Percpu:            19328 kB
HardwareCorrupted:     0 kB
AnonHugePages:      6144 kB
ShmemHugePages:        0 kB
ShmemPmdMapped:        0 kB
FileHugePages:         0 kB
FilePmdMapped:         0 kB
HugePages_Total:       0
HugePages_Free:        0
HugePages_Rsvd:        0
HugePages_Surp:        0
Hugepagesize:       2048 kB
Hugetlb:               0 kB
DirectMap4k:      450540 kB
DirectMap2M:     7802880 kB
DirectMap1G:    59768832 kB
