MemTotal:       263785560 kB
MemFree:        262372748 kB
MemAvailable:   261336564 kB
Buffers:           15140 kB
Cached:           157864 kB
SwapCached:            0 kB
Active:            67508 kB
Inactive:         255832 kB
Active(anon):        596 kB
Inactive(anon):   161140 kB
Active(file):      66912 kB
Inactive(file):    94692 kB
Unevictable:       19116 kB
Mlocked:           19116 kB
SwapTotal:      67108860 kB
SwapFree:       67108860 kB
Dirty:              4512 kB
Writeback:             0 kB
AnonPages:        170416 kB
Mapped:            83000 kB
Shmem:              2064 kB
KReclaimable:      47524 kB
Slab:             182396 kB
SReclaimable:      47524 kB
SUnreclaim:       134872 kB
KernelStack:       12288 kB
PageTables:         9160 kB
NFS_Unstable:          0 kB
Bounce:                0 kB
WritebackTmp:          0 kB
CommitLimit:    199001640 kB
Committed_AS:     576812 kB
VmallocTotal:   34359738367 kB
VmallocUsed:      271148 kB
VmallocChunk:          0 kB
Percpu:            26880 kB
HardwareCorrupted:     0 kB
AnonHugePages:         0 kB
ShmemHugePages:        0 kB
ShmemPmdMapped:        0 kB
FileHugePages:         0 kB
FilePmdMapped:         0 kB
HugePages_Total:       0
HugePages_Free:        0
HugePages_Rsvd:        0
HugePages_Surp:        0
Hugepagesize:       2048 kB
Hugetlb:               0 kB
DirectMap4k:      258732 kB
DirectMap2M:     4636672 kB
DirectMap1G:    265289728 kB
