MemTotal:       65705112 kB
MemFree:          612912 kB
MemAvailable:   64160716 kB
Buffers:           12400 kB
Cached:         62959672 kB
SwapCached:          156 kB
Active:           333544 kB
Inactive:       62784576 kB
Active(anon):     152484 kB
Inactive(anon):      148 kB
Active(file):     181060 kB
Inactive(file): 62784428 kB
Unevictable:           0 kB
Mlocked:               0 kB
SwapTotal:      32970748 kB
SwapFree:       32966396 kB
Dirty:           4419172 kB
Writeback:             0 kB
AnonPages:        143732 kB
Mapped:           118452 kB
Shmem:              4976 kB
KReclaimable:    1308892 kB
Slab:            1520032 kB
SReclaimable:    1308892 kB
SUnreclaim:       211140 kB
KernelStack:        8544 kB
PageTables:         7192 kB
NFS_Unstable:          0 kB
Bounce:                0 kB
WritebackTmp:          0 kB
CommitLimit:    65823304 kB
Committed_AS:     691384 kB
VmallocTotal:   34359738367 kB
VmallocUsed:      158872 kB
VmallocChunk:          0 kB
Percpu:            19456 kB
HardwareCorrupted:     0 kB
AnonHugePages:      4096 kB
ShmemHugePages:        0 kB
ShmemPmdMapped:        0 kB
FileHugePages:         0 kB
FilePmdMapped:         0 kB
HugePages_Total:       0
HugePages_Free:        0
HugePages_Rsvd:        0
HugePages_Surp:        0
Hugepagesize:       2048 kB
Hugetlb:               0 kB
DirectMap4k:      456684 kB
DirectMap2M:     7796736 kB
DirectMap1G:    59768832 kB
