MemTotal:       65705112 kB
MemFree:        60802336 kB
MemAvailable:   60451676 kB
Buffers:           10528 kB
Cached:           169220 kB
SwapCached:            0 kB
Active:          4195996 kB
Inactive:          41044 kB
Active(anon):    4054144 kB
Inactive(anon):    12480 kB
Active(file):     141852 kB
Inactive(file):    28564 kB
Unevictable:           0 kB
Mlocked:               0 kB
SwapTotal:      32970748 kB
SwapFree:       32970748 kB
Dirty:               212 kB
Writeback:             0 kB
AnonPages:       4057404 kB
Mapped:           102052 kB
Shmem:              9316 kB
KReclaimable:      48680 kB
Slab:             168624 kB
SReclaimable:      48680 kB
SUnreclaim:       119944 kB
KernelStack:        8432 kB
PageTables:        15032 kB
NFS_Unstable:          0 kB
Bounce:                0 kB
WritebackTmp:          0 kB
CommitLimit:    65823304 kB
Committed_AS:   56147564 kB
VmallocTotal:   34359738367 kB
VmallocUsed:      164100 kB
VmallocChunk:          0 kB
Percpu:            19456 kB
HardwareCorrupted:     0 kB
AnonHugePages:   3921920 kB
ShmemHugePages:        0 kB
ShmemPmdMapped:        0 kB
FileHugePages:         0 kB
FilePmdMapped:         0 kB
HugePages_Total:       0
HugePages_Free:        0
HugePages_Rsvd:        0
HugePages_Surp:        0
Hugepagesize:       2048 kB
Hugetlb:               0 kB
DirectMap4k:      436204 kB
DirectMap2M:     8865792 kB
DirectMap1G:    58720256 kB
