MemTotal:       65705120 kB
MemFree:        64637356 kB
MemAvailable:   64367180 kB
Buffers:           27840 kB
Cached:           280624 kB
SwapCached:            0 kB
Active:            90856 kB
Inactive:         304292 kB
Active(anon):       1444 kB
Inactive(anon):    95516 kB
Active(file):      89412 kB
Inactive(file):   208776 kB
Unevictable:           0 kB
Mlocked:               0 kB
SwapTotal:      32970748 kB
SwapFree:       32970748 kB
Dirty:               388 kB
Writeback:             0 kB
AnonPages:         87812 kB
Mapped:            92520 kB
Shmem:              9304 kB
KReclaimable:      50064 kB
Slab:             149964 kB
SReclaimable:      50064 kB
SUnreclaim:        99900 kB
KernelStack:        8128 kB
PageTables:         7032 kB
NFS_Unstable:          0 kB
Bounce:                0 kB
WritebackTmp:          0 kB
CommitLimit:    65823308 kB
Committed_AS:     313128 kB
VmallocTotal:   34359738367 kB
VmallocUsed:      158736 kB
VmallocChunk:          0 kB
Percpu:            19328 kB
HardwareCorrupted:     0 kB
AnonHugePages:     10240 kB
ShmemHugePages:        0 kB
ShmemPmdMapped:        0 kB
FileHugePages:         0 kB
FilePmdMapped:         0 kB
HugePages_Total:       0
HugePages_Free:        0
HugePages_Rsvd:        0
HugePages_Surp:        0
Hugepagesize:       2048 kB
Hugetlb:               0 kB
DirectMap4k:      473068 kB
DirectMap2M:     9877504 kB
DirectMap1G:    57671680 kB
