MemTotal:       65705112 kB
MemFree:          581928 kB
MemAvailable:   64155972 kB
Buffers:           13864 kB
Cached:         62985060 kB
SwapCached:          144 kB
Active:           329628 kB
Inactive:       62813844 kB
Active(anon):     150944 kB
Inactive(anon):      160 kB
Active(file):     178684 kB
Inactive(file): 62813684 kB
Unevictable:           0 kB
Mlocked:               0 kB
SwapTotal:      32970748 kB
SwapFree:       32966396 kB
Dirty:           4418672 kB
Writeback:             0 kB
AnonPages:        146240 kB
Mapped:           120000 kB
Shmem:              4984 kB
KReclaimable:    1308252 kB
Slab:            1518476 kB
SReclaimable:    1308252 kB
SUnreclaim:       210224 kB
KernelStack:        8512 kB
PageTables:         7256 kB
NFS_Unstable:          0 kB
Bounce:                0 kB
WritebackTmp:          0 kB
CommitLimit:    65823304 kB
Committed_AS:     693824 kB
VmallocTotal:   34359738367 kB
VmallocUsed:      158888 kB
VmallocChunk:          0 kB
Percpu:            19328 kB
HardwareCorrupted:     0 kB
AnonHugePages:      8192 kB
ShmemHugePages:        0 kB
ShmemPmdMapped:        0 kB
FileHugePages:         0 kB
FilePmdMapped:         0 kB
HugePages_Total:       0
HugePages_Free:        0
HugePages_Rsvd:        0
HugePages_Surp:        0
Hugepagesize:       2048 kB
Hugetlb:               0 kB
DirectMap4k:      446444 kB
DirectMap2M:     8855552 kB
DirectMap1G:    58720256 kB
