MemTotal:       263785552 kB
MemFree:        262383232 kB
MemAvailable:   261358208 kB
Buffers:           14812 kB
Cached:           179532 kB
SwapCached:            0 kB
Active:           284940 kB
Inactive:          44132 kB
Active(anon):     143516 kB
Inactive(anon):     2100 kB
Active(file):     141424 kB
Inactive(file):    42032 kB
Unevictable:       19116 kB
Mlocked:           19116 kB
SwapTotal:      67108860 kB
SwapFree:       67108860 kB
Dirty:              4936 kB
Writeback:             0 kB
AnonPages:        154160 kB
Mapped:            99632 kB
Shmem:              2048 kB
KReclaimable:      47688 kB
Slab:             183184 kB
SReclaimable:      47688 kB
SUnreclaim:       135496 kB
KernelStack:       11904 kB
PageTables:         8952 kB
NFS_Unstable:          0 kB
Bounce:                0 kB
WritebackTmp:          0 kB
CommitLimit:    199001636 kB
Committed_AS:     545048 kB
VmallocTotal:   34359738367 kB
VmallocUsed:      271084 kB
VmallocChunk:          0 kB
Percpu:            26880 kB
HardwareCorrupted:     0 kB
AnonHugePages:         0 kB
ShmemHugePages:        0 kB
ShmemPmdMapped:        0 kB
FileHugePages:         0 kB
FilePmdMapped:         0 kB
HugePages_Total:       0
HugePages_Free:        0
HugePages_Rsvd:        0
HugePages_Surp:        0
Hugepagesize:       2048 kB
Hugetlb:               0 kB
DirectMap4k:      250540 kB
DirectMap2M:     4644864 kB
DirectMap1G:    265289728 kB
