MemTotal:       65705120 kB
MemFree:        64641284 kB
MemAvailable:   64361200 kB
Buffers:           24628 kB
Cached:           273372 kB
SwapCached:            0 kB
Active:            91968 kB
Inactive:         289956 kB
Active(anon):       1408 kB
Inactive(anon):    92380 kB
Active(file):      90560 kB
Inactive(file):   197576 kB
Unevictable:           0 kB
Mlocked:               0 kB
SwapTotal:      32970748 kB
SwapFree:       32970748 kB
Dirty:               380 kB
Writeback:           488 kB
AnonPages:         84632 kB
Mapped:            87524 kB
Shmem:              9288 kB
KReclaimable:      50348 kB
Slab:             149860 kB
SReclaimable:      50348 kB
SUnreclaim:        99512 kB
KernelStack:        8000 kB
PageTables:         6604 kB
NFS_Unstable:          0 kB
Bounce:                0 kB
WritebackTmp:          0 kB
CommitLimit:    65823308 kB
Committed_AS:     286536 kB
VmallocTotal:   34359738367 kB
VmallocUsed:      158768 kB
VmallocChunk:          0 kB
Percpu:            19200 kB
HardwareCorrupted:     0 kB
AnonHugePages:      8192 kB
ShmemHugePages:        0 kB
ShmemPmdMapped:        0 kB
FileHugePages:         0 kB
FilePmdMapped:         0 kB
HugePages_Total:       0
HugePages_Free:        0
HugePages_Rsvd:        0
HugePages_Surp:        0
Hugepagesize:       2048 kB
Hugetlb:               0 kB
DirectMap4k:      393196 kB
DirectMap2M:    11005952 kB
DirectMap1G:    56623104 kB
