MemTotal:       65705120 kB
MemFree:        60799252 kB
MemAvailable:   60462916 kB
Buffers:           23080 kB
Cached:           184308 kB
SwapCached:            0 kB
Active:           121928 kB
Inactive:        4092440 kB
Active(anon):       1560 kB
Inactive(anon):  4014780 kB
Active(file):     120368 kB
Inactive(file):    77660 kB
Unevictable:           0 kB
Mlocked:               0 kB
SwapTotal:      32970748 kB
SwapFree:       32970748 kB
Dirty:               308 kB
Writeback:             0 kB
AnonPages:       4007092 kB
Mapped:            82896 kB
Shmem:              9320 kB
KReclaimable:      49728 kB
Slab:             172496 kB
SReclaimable:      49728 kB
SUnreclaim:       122768 kB
KernelStack:        8368 kB
PageTables:        15076 kB
NFS_Unstable:          0 kB
Bounce:                0 kB
WritebackTmp:          0 kB
CommitLimit:    65823308 kB
Committed_AS:   56130956 kB
VmallocTotal:   34359738367 kB
VmallocUsed:      163892 kB
VmallocChunk:          0 kB
Percpu:            19968 kB
HardwareCorrupted:     0 kB
AnonHugePages:   3874816 kB
ShmemHugePages:        0 kB
ShmemPmdMapped:        0 kB
FileHugePages:         0 kB
FilePmdMapped:         0 kB
HugePages_Total:       0
HugePages_Free:        0
HugePages_Rsvd:        0
HugePages_Surp:        0
Hugepagesize:       2048 kB
Hugetlb:               0 kB
DirectMap4k:      352236 kB
DirectMap2M:    11046912 kB
DirectMap1G:    56623104 kB
