MemTotal:       65705120 kB
MemFree:        64633456 kB
MemAvailable:   64362184 kB
Buffers:           27424 kB
Cached:           279152 kB
SwapCached:            0 kB
Active:            91200 kB
Inactive:         303768 kB
Active(anon):       1436 kB
Inactive(anon):    96416 kB
Active(file):      89764 kB
Inactive(file):   207352 kB
Unevictable:           0 kB
Mlocked:               0 kB
SwapTotal:      32970748 kB
SwapFree:       32970748 kB
Dirty:             27844 kB
Writeback:             8 kB
AnonPages:         88016 kB
Mapped:            92392 kB
Shmem:              9304 kB
KReclaimable:      50016 kB
Slab:             149300 kB
SReclaimable:      50016 kB
SUnreclaim:        99284 kB
KernelStack:        8112 kB
PageTables:         7200 kB
NFS_Unstable:          0 kB
Bounce:                0 kB
WritebackTmp:          0 kB
CommitLimit:    65823308 kB
Committed_AS:     313452 kB
VmallocTotal:   34359738367 kB
VmallocUsed:      158672 kB
VmallocChunk:          0 kB
Percpu:            19328 kB
HardwareCorrupted:     0 kB
AnonHugePages:      8192 kB
ShmemHugePages:        0 kB
ShmemPmdMapped:        0 kB
FileHugePages:         0 kB
FilePmdMapped:         0 kB
HugePages_Total:       0
HugePages_Free:        0
HugePages_Rsvd:        0
HugePages_Surp:        0
Hugepagesize:       2048 kB
Hugetlb:               0 kB
DirectMap4k:      450540 kB
DirectMap2M:    10948608 kB
DirectMap1G:    56623104 kB
