MemTotal:       263785564 kB
MemFree:         1127792 kB
MemAvailable:   199092448 kB
Buffers:          410284 kB
Cached:         196164808 kB
SwapCached:            0 kB
Active:           559160 kB
Inactive:       202195216 kB
Active(anon):       2216 kB
Inactive(anon):  6210136 kB
Active(file):     556944 kB
Inactive(file): 195985080 kB
Unevictable:    55308284 kB
Mlocked:        55308284 kB
SwapTotal:             0 kB
SwapFree:              0 kB
Dirty:            889520 kB
Writeback:             0 kB
AnonPages:      61488052 kB
Mapped:          5781640 kB
Shmem:              2348 kB
KReclaimable:    3287236 kB
Slab:            3861664 kB
SReclaimable:    3287236 kB
SUnreclaim:       574428 kB
KernelStack:       12352 kB
PageTables:       133904 kB
NFS_Unstable:          0 kB
Bounce:                0 kB
WritebackTmp:          0 kB
CommitLimit:    131892780 kB
Committed_AS:   64889804 kB
VmallocTotal:   34359738367 kB
VmallocUsed:      255636 kB
VmallocChunk:          0 kB
Percpu:            30720 kB
HardwareCorrupted:     0 kB
AnonHugePages:         0 kB
ShmemHugePages:        0 kB
ShmemPmdMapped:        0 kB
FileHugePages:         0 kB
FilePmdMapped:         0 kB
HugePages_Total:       0
HugePages_Free:        0
HugePages_Rsvd:        0
HugePages_Surp:        0
Hugepagesize:       2048 kB
Hugetlb:               0 kB
DirectMap4k:      285360 kB
DirectMap2M:     4610048 kB
DirectMap1G:    265289728 kB
