MemTotal:       263785560 kB
MemFree:         1020084 kB
MemAvailable:   257083420 kB
Buffers:           60316 kB
Cached:         256623112 kB
SwapCached:            4 kB
Active:           156976 kB
Inactive:       256565688 kB
Active(anon):       1632 kB
Inactive(anon):  3436284 kB
Active(file):     155344 kB
Inactive(file): 253129404 kB
Unevictable:       19116 kB
Mlocked:           19116 kB
SwapTotal:      67108860 kB
SwapFree:       67108604 kB
Dirty:            354572 kB
Writeback:             0 kB
AnonPages:         59056 kB
Mapped:          3448400 kB
Shmem:           3389396 kB
KReclaimable:    4626972 kB
Slab:            5194308 kB
SReclaimable:    4626972 kB
SUnreclaim:       567336 kB
KernelStack:        9024 kB
PageTables:        10512 kB
NFS_Unstable:          0 kB
Bounce:                0 kB
WritebackTmp:          0 kB
CommitLimit:    199001640 kB
Committed_AS:   162313156 kB
VmallocTotal:   34359738367 kB
VmallocUsed:      268240 kB
VmallocChunk:          0 kB
Percpu:            27264 kB
HardwareCorrupted:     0 kB
AnonHugePages:         0 kB
ShmemHugePages:        0 kB
ShmemPmdMapped:        0 kB
FileHugePages:         0 kB
FilePmdMapped:         0 kB
HugePages_Total:       0
HugePages_Free:        0
HugePages_Rsvd:        0
HugePages_Surp:        0
Hugepagesize:       2048 kB
Hugetlb:               0 kB
DirectMap4k:      264876 kB
DirectMap2M:     4630528 kB
DirectMap1G:    265289728 kB
