MemTotal:       263785564 kB
MemFree:         1645584 kB
MemAvailable:     587424 kB
Buffers:           16144 kB
Cached:            89900 kB
SwapCached:            4 kB
Active:           147080 kB
Inactive:       260076464 kB
Active(anon):     103084 kB
Inactive(anon): 260025192 kB
Active(file):      43996 kB
Inactive(file):    51272 kB
Unevictable:       19140 kB
Mlocked:           19140 kB
SwapTotal:      41943024 kB
SwapFree:       33356272 kB
Dirty:                 0 kB
Writeback:             0 kB
AnonPages:      260137572 kB
Mapped:            53044 kB
Shmem:              2376 kB
KReclaimable:      69596 kB
Slab:             249684 kB
SReclaimable:      69596 kB
SUnreclaim:       180088 kB
KernelStack:       11952 kB
PageTables:       531364 kB
NFS_Unstable:          0 kB
Bounce:                0 kB
WritebackTmp:          0 kB
CommitLimit:    173835804 kB
Committed_AS:    1390164 kB
VmallocTotal:   34359738367 kB
VmallocUsed:      519300 kB
VmallocChunk:          0 kB
Percpu:            33984 kB
HardwareCorrupted:     0 kB
AnonHugePages:         0 kB
ShmemHugePages:        0 kB
ShmemPmdMapped:        0 kB
FileHugePages:         0 kB
FilePmdMapped:         0 kB
HugePages_Total:       0
HugePages_Free:        0
HugePages_Rsvd:        0
HugePages_Surp:        0
Hugepagesize:       2048 kB
Hugetlb:               0 kB
DirectMap4k:      320176 kB
DirectMap2M:     5623808 kB
DirectMap1G:    264241152 kB
