MemTotal:       65705120 kB
MemFree:         1895728 kB
MemAvailable:    1470416 kB
Buffers:            3404 kB
Cached:            14476 kB
SwapCached:           36 kB
Active:         53568680 kB
Inactive:        9185888 kB
Active(anon):   53559500 kB
Inactive(anon):  9177704 kB
Active(file):       9180 kB
Inactive(file):     8184 kB
Unevictable:           0 kB
Mlocked:               0 kB
SwapTotal:       8388604 kB
SwapFree:        3655236 kB
Dirty:                 0 kB
Writeback:             0 kB
AnonPages:      62741512 kB
Mapped:            10160 kB
Shmem:                 4 kB
KReclaimable:      52804 kB
Slab:             172328 kB
SReclaimable:      52804 kB
SUnreclaim:       119524 kB
KernelStack:        8656 kB
PageTables:       139032 kB
NFS_Unstable:          0 kB
Bounce:                0 kB
WritebackTmp:          0 kB
CommitLimit:    41241164 kB
Committed_AS:   67989292 kB
VmallocTotal:   34359738367 kB
VmallocUsed:      185876 kB
VmallocChunk:          0 kB
Percpu:            19712 kB
HardwareCorrupted:     0 kB
AnonHugePages:  58132480 kB
ShmemHugePages:        0 kB
ShmemPmdMapped:        0 kB
FileHugePages:         0 kB
FilePmdMapped:         0 kB
HugePages_Total:       0
HugePages_Free:        0
HugePages_Rsvd:        0
HugePages_Surp:        0
Hugepagesize:       2048 kB
Hugetlb:               0 kB
DirectMap4k:      589804 kB
DirectMap2M:     8712192 kB
DirectMap1G:    58720256 kB
