MemTotal:       65705120 kB
MemFree:        64640500 kB
MemAvailable:   64367488 kB
Buffers:           27428 kB
Cached:           277788 kB
SwapCached:            0 kB
Active:            89640 kB
Inactive:         298652 kB
Active(anon):       1484 kB
Inactive(anon):    91944 kB
Active(file):      88156 kB
Inactive(file):   206708 kB
Unevictable:           0 kB
Mlocked:               0 kB
SwapTotal:      32970748 kB
SwapFree:       32970748 kB
Dirty:               212 kB
Writeback:             0 kB
AnonPages:         84344 kB
Mapped:            92620 kB
Shmem:              9288 kB
KReclaimable:      51040 kB
Slab:             151044 kB
SReclaimable:      51040 kB
SUnreclaim:       100004 kB
KernelStack:        8192 kB
PageTables:         7304 kB
NFS_Unstable:          0 kB
Bounce:                0 kB
WritebackTmp:          0 kB
CommitLimit:    65823308 kB
Committed_AS:     313488 kB
VmallocTotal:   34359738367 kB
VmallocUsed:      158672 kB
VmallocChunk:          0 kB
Percpu:            19456 kB
HardwareCorrupted:     0 kB
AnonHugePages:      4096 kB
ShmemHugePages:        0 kB
ShmemPmdMapped:        0 kB
FileHugePages:         0 kB
FilePmdMapped:         0 kB
HugePages_Total:       0
HugePages_Free:        0
HugePages_Rsvd:        0
HugePages_Surp:        0
Hugepagesize:       2048 kB
Hugetlb:               0 kB
DirectMap4k:      393196 kB
DirectMap2M:     7860224 kB
DirectMap1G:    59768832 kB
