MemTotal:       263785552 kB
MemFree:        262415356 kB
MemAvailable:   261378248 kB
Buffers:           18012 kB
Cached:           152440 kB
SwapCached:            0 kB
Active:           251248 kB
Inactive:          44316 kB
Active(anon):     134368 kB
Inactive(anon):     2148 kB
Active(file):     116880 kB
Inactive(file):    42168 kB
Unevictable:       19116 kB
Mlocked:           19116 kB
SwapTotal:             0 kB
SwapFree:              0 kB
Dirty:              4452 kB
Writeback:             0 kB
AnonPages:        145088 kB
Mapped:            81008 kB
Shmem:              2068 kB
KReclaimable:      47928 kB
Slab:             183536 kB
SReclaimable:      47928 kB
SUnreclaim:       135608 kB
KernelStack:       12112 kB
PageTables:         9008 kB
NFS_Unstable:          0 kB
Bounce:                0 kB
WritebackTmp:          0 kB
CommitLimit:    131892776 kB
Committed_AS:     545160 kB
VmallocTotal:   34359738367 kB
VmallocUsed:      254604 kB
VmallocChunk:          0 kB
Percpu:            26880 kB
HardwareCorrupted:     0 kB
AnonHugePages:         0 kB
ShmemHugePages:        0 kB
ShmemPmdMapped:        0 kB
FileHugePages:         0 kB
FilePmdMapped:         0 kB
HugePages_Total:       0
HugePages_Free:        0
HugePages_Rsvd:        0
HugePages_Surp:        0
Hugepagesize:       2048 kB
Hugetlb:               0 kB
DirectMap4k:      268972 kB
DirectMap2M:     4626432 kB
DirectMap1G:    265289728 kB
