MemTotal:       65705112 kB
MemFree:        64618364 kB
MemAvailable:   64354748 kB
Buffers:           27056 kB
Cached:           287520 kB
SwapCached:            0 kB
Active:           208244 kB
Inactive:         197016 kB
Active(anon):      87032 kB
Inactive(anon):    13504 kB
Active(file):     121212 kB
Inactive(file):   183512 kB
Unevictable:           0 kB
Mlocked:               0 kB
SwapTotal:      32970748 kB
SwapFree:       32970748 kB
Dirty:               324 kB
Writeback:             0 kB
AnonPages:         91288 kB
Mapped:            98124 kB
Shmem:              9304 kB
KReclaimable:      50108 kB
Slab:             150292 kB
SReclaimable:      50108 kB
SUnreclaim:       100184 kB
KernelStack:        8176 kB
PageTables:         6952 kB
NFS_Unstable:          0 kB
Bounce:                0 kB
WritebackTmp:          0 kB
CommitLimit:    65823304 kB
Committed_AS:     539676 kB
VmallocTotal:   34359738367 kB
VmallocUsed:      158832 kB
VmallocChunk:          0 kB
Percpu:            19584 kB
HardwareCorrupted:     0 kB
AnonHugePages:      8192 kB
ShmemHugePages:        0 kB
ShmemPmdMapped:        0 kB
FileHugePages:         0 kB
FilePmdMapped:         0 kB
HugePages_Total:       0
HugePages_Free:        0
HugePages_Rsvd:        0
HugePages_Surp:        0
Hugepagesize:       2048 kB
Hugetlb:               0 kB
DirectMap4k:      395244 kB
DirectMap2M:     8906752 kB
DirectMap1G:    58720256 kB
