MemTotal:       263785560 kB
MemFree:         1057848 kB
MemAvailable:   257056024 kB
Buffers:           59948 kB
Cached:         256557932 kB
SwapCached:            4 kB
Active:           155412 kB
Inactive:       256502656 kB
Active(anon):       1740 kB
Inactive(anon):  3436648 kB
Active(file):     153672 kB
Inactive(file): 253066008 kB
Unevictable:       19116 kB
Mlocked:           19116 kB
SwapTotal:      67108860 kB
SwapFree:       67108604 kB
Dirty:            364552 kB
Writeback:             0 kB
AnonPages:         59496 kB
Mapped:          3448212 kB
Shmem:           3389396 kB
KReclaimable:    4626716 kB
Slab:            5192172 kB
SReclaimable:    4626716 kB
SUnreclaim:       565456 kB
KernelStack:        9168 kB
PageTables:        10692 kB
NFS_Unstable:          0 kB
Bounce:                0 kB
WritebackTmp:          0 kB
CommitLimit:    199001640 kB
Committed_AS:   162313176 kB
VmallocTotal:   34359738367 kB
VmallocUsed:      268288 kB
VmallocChunk:          0 kB
Percpu:            27648 kB
HardwareCorrupted:     0 kB
AnonHugePages:         0 kB
ShmemHugePages:        0 kB
ShmemPmdMapped:        0 kB
FileHugePages:         0 kB
FilePmdMapped:         0 kB
HugePages_Total:       0
HugePages_Free:        0
HugePages_Rsvd:        0
HugePages_Surp:        0
Hugepagesize:       2048 kB
Hugetlb:               0 kB
DirectMap4k:      256684 kB
DirectMap2M:     4638720 kB
DirectMap1G:    265289728 kB
