MemTotal:       263785560 kB
MemFree:        262380560 kB
MemAvailable:   261339536 kB
Buffers:           15412 kB
Cached:           146932 kB
SwapCached:            0 kB
Active:            67420 kB
Inactive:         255424 kB
Active(anon):        592 kB
Inactive(anon):   170828 kB
Active(file):      66828 kB
Inactive(file):    84596 kB
Unevictable:       19116 kB
Mlocked:           19116 kB
SwapTotal:      67108860 kB
SwapFree:       67108860 kB
Dirty:              4196 kB
Writeback:             0 kB
AnonPages:        180024 kB
Mapped:            74156 kB
Shmem:              2044 kB
KReclaimable:      47716 kB
Slab:             183732 kB
SReclaimable:      47716 kB
SUnreclaim:       136016 kB
KernelStack:       12000 kB
PageTables:         9252 kB
NFS_Unstable:          0 kB
Bounce:                0 kB
WritebackTmp:          0 kB
CommitLimit:    199001640 kB
Committed_AS:     567500 kB
VmallocTotal:   34359738367 kB
VmallocUsed:      271132 kB
VmallocChunk:          0 kB
Percpu:            26496 kB
HardwareCorrupted:     0 kB
AnonHugePages:         0 kB
ShmemHugePages:        0 kB
ShmemPmdMapped:        0 kB
FileHugePages:         0 kB
FilePmdMapped:         0 kB
HugePages_Total:       0
HugePages_Free:        0
HugePages_Rsvd:        0
HugePages_Surp:        0
Hugepagesize:       2048 kB
Hugetlb:               0 kB
DirectMap4k:      268972 kB
DirectMap2M:     4626432 kB
DirectMap1G:    265289728 kB
