MemTotal:       65705120 kB
MemFree:          605120 kB
MemAvailable:   64150632 kB
Buffers:           39156 kB
Cached:         62935788 kB
SwapCached:            0 kB
Active:           252384 kB
Inactive:       62868060 kB
Active(anon):       1504 kB
Inactive(anon):   154900 kB
Active(file):     250880 kB
Inactive(file): 62713160 kB
Unevictable:           0 kB
Mlocked:               0 kB
SwapTotal:      32970748 kB
SwapFree:       32970748 kB
Dirty:           4418928 kB
Writeback:             0 kB
AnonPages:        145292 kB
Mapped:           104856 kB
Shmem:              9300 kB
KReclaimable:    1308048 kB
Slab:            1518208 kB
SReclaimable:    1308048 kB
SUnreclaim:       210160 kB
KernelStack:        8608 kB
PageTables:         7240 kB
NFS_Unstable:          0 kB
Bounce:                0 kB
WritebackTmp:          0 kB
CommitLimit:    65823308 kB
Committed_AS:     690900 kB
VmallocTotal:   34359738367 kB
VmallocUsed:      159032 kB
VmallocChunk:          0 kB
Percpu:            19840 kB
HardwareCorrupted:     0 kB
AnonHugePages:      8192 kB
ShmemHugePages:        0 kB
ShmemPmdMapped:        0 kB
FileHugePages:         0 kB
FilePmdMapped:         0 kB
HugePages_Total:       0
HugePages_Free:        0
HugePages_Rsvd:        0
HugePages_Surp:        0
Hugepagesize:       2048 kB
Hugetlb:               0 kB
DirectMap4k:      507884 kB
DirectMap2M:     6696960 kB
DirectMap1G:    60817408 kB
