MemTotal:       263785552 kB
MemFree:         1002996 kB
MemAvailable:   257047284 kB
Buffers:           13540 kB
Cached:         256650300 kB
SwapCached:          244 kB
Active:          3609036 kB
Inactive:       253095204 kB
Active(anon):    3437072 kB
Inactive(anon):       60 kB
Active(file):     171964 kB
Inactive(file): 253095144 kB
Unevictable:       19116 kB
Mlocked:           19116 kB
SwapTotal:      67108860 kB
SwapFree:       67106044 kB
Dirty:            357796 kB
Writeback:             0 kB
AnonPages:         59944 kB
Mapped:          3469744 kB
Shmem:           3387420 kB
KReclaimable:    4625564 kB
Slab:            5194852 kB
SReclaimable:    4625564 kB
SUnreclaim:       569288 kB
KernelStack:        9072 kB
PageTables:        10612 kB
NFS_Unstable:          0 kB
Bounce:                0 kB
WritebackTmp:          0 kB
CommitLimit:    199001636 kB
Committed_AS:   162312500 kB
VmallocTotal:   34359738367 kB
VmallocUsed:      268272 kB
VmallocChunk:          0 kB
Percpu:            27840 kB
HardwareCorrupted:     0 kB
AnonHugePages:         0 kB
ShmemHugePages:        0 kB
ShmemPmdMapped:        0 kB
FileHugePages:         0 kB
FilePmdMapped:         0 kB
HugePages_Total:       0
HugePages_Free:        0
HugePages_Rsvd:        0
HugePages_Surp:        0
Hugepagesize:       2048 kB
Hugetlb:               0 kB
DirectMap4k:      268972 kB
DirectMap2M:     5675008 kB
DirectMap1G:    264241152 kB
