MemTotal:       65705120 kB
MemFree:        64630108 kB
MemAvailable:   64361328 kB
Buffers:           24144 kB
Cached:           286124 kB
SwapCached:            0 kB
Active:            92092 kB
Inactive:         307100 kB
Active(anon):       1428 kB
Inactive(anon):    98252 kB
Active(file):      90664 kB
Inactive(file):   208848 kB
Unevictable:           0 kB
Mlocked:               0 kB
SwapTotal:      32970748 kB
SwapFree:       32970748 kB
Dirty:               208 kB
Writeback:             0 kB
AnonPages:         88568 kB
Mapped:            95764 kB
Shmem:              9300 kB
KReclaimable:      50208 kB
Slab:             150004 kB
SReclaimable:      50208 kB
SUnreclaim:        99796 kB
KernelStack:        8000 kB
PageTables:         6816 kB
NFS_Unstable:          0 kB
Bounce:                0 kB
WritebackTmp:          0 kB
CommitLimit:    65823308 kB
Committed_AS:     522184 kB
VmallocTotal:   34359738367 kB
VmallocUsed:      158704 kB
VmallocChunk:          0 kB
Percpu:            19328 kB
HardwareCorrupted:     0 kB
AnonHugePages:     10240 kB
ShmemHugePages:        0 kB
ShmemPmdMapped:        0 kB
FileHugePages:         0 kB
FilePmdMapped:         0 kB
HugePages_Total:       0
HugePages_Free:        0
HugePages_Rsvd:        0
HugePages_Surp:        0
Hugepagesize:       2048 kB
Hugetlb:               0 kB
DirectMap4k:      546796 kB
DirectMap2M:    11900928 kB
DirectMap1G:    55574528 kB
