MemTotal:       263785560 kB
MemFree:        262192472 kB
MemAvailable:   261248160 kB
Buffers:           65812 kB
Cached:           286864 kB
SwapCached:            0 kB
Active:           119672 kB
Inactive:         364324 kB
Active(anon):        592 kB
Inactive(anon):   141692 kB
Active(file):     119080 kB
Inactive(file):   222632 kB
Unevictable:       19116 kB
Mlocked:           19116 kB
SwapTotal:      67108860 kB
SwapFree:       67108860 kB
Dirty:              5664 kB
Writeback:             0 kB
AnonPages:        150748 kB
Mapped:           118480 kB
Shmem:              2064 kB
KReclaimable:      51164 kB
Slab:             185680 kB
SReclaimable:      51164 kB
SUnreclaim:       134516 kB
KernelStack:       11920 kB
PageTables:         9292 kB
NFS_Unstable:          0 kB
Bounce:                0 kB
WritebackTmp:          0 kB
CommitLimit:    199001640 kB
Committed_AS:     509704 kB
VmallocTotal:   34359738367 kB
VmallocUsed:      271128 kB
VmallocChunk:          0 kB
Percpu:            26496 kB
HardwareCorrupted:     0 kB
AnonHugePages:         0 kB
ShmemHugePages:        0 kB
ShmemPmdMapped:        0 kB
FileHugePages:         0 kB
FilePmdMapped:         0 kB
HugePages_Total:       0
HugePages_Free:        0
HugePages_Rsvd:        0
HugePages_Surp:        0
Hugepagesize:       2048 kB
Hugetlb:               0 kB
DirectMap4k:      248492 kB
DirectMap2M:     5695488 kB
DirectMap1G:    264241152 kB
