MemTotal:       263785564 kB
MemFree:         2857956 kB
MemAvailable:    1827640 kB
Buffers:           22020 kB
Cached:           132132 kB
SwapCached:            0 kB
Active:         29144392 kB
Inactive:       229240376 kB
Active(anon):   29065296 kB
Inactive(anon): 229176020 kB
Active(file):      79096 kB
Inactive(file):    64356 kB
Unevictable:       19140 kB
Mlocked:           19140 kB
SwapTotal:      41943024 kB
SwapFree:       31272432 kB
Dirty:                12 kB
Writeback:             0 kB
AnonPages:      258246224 kB
Mapped:            73536 kB
Shmem:              2396 kB
KReclaimable:      77376 kB
Slab:             265564 kB
SReclaimable:      77376 kB
SUnreclaim:       188188 kB
KernelStack:       12112 kB
PageTables:       531444 kB
NFS_Unstable:          0 kB
Bounce:                0 kB
WritebackTmp:          0 kB
CommitLimit:    173835804 kB
Committed_AS:    1377524 kB
VmallocTotal:   34359738367 kB
VmallocUsed:      514280 kB
VmallocChunk:          0 kB
Percpu:            33984 kB
HardwareCorrupted:     0 kB
AnonHugePages:  168433664 kB
ShmemHugePages:        0 kB
ShmemPmdMapped:        0 kB
FileHugePages:         0 kB
FilePmdMapped:         0 kB
HugePages_Total:       0
HugePages_Free:        0
HugePages_Rsvd:        0
HugePages_Surp:        0
Hugepagesize:       2048 kB
Hugetlb:               0 kB
DirectMap4k:      322224 kB
DirectMap2M:     5621760 kB
DirectMap1G:    264241152 kB
