MemTotal:       263785564 kB
MemFree:         1203024 kB
MemAvailable:     138696 kB
Buffers:           14452 kB
Cached:            79088 kB
SwapCached:            0 kB
Active:           101368 kB
Inactive:       260378400 kB
Active(anon):      54248 kB
Inactive(anon): 260342764 kB
Active(file):      47120 kB
Inactive(file):    35636 kB
Unevictable:       19140 kB
Mlocked:           19140 kB
SwapTotal:      41943024 kB
SwapFree:       33619696 kB
Dirty:                 0 kB
Writeback:             0 kB
AnonPages:      260408416 kB
Mapped:            46592 kB
Shmem:              2396 kB
KReclaimable:      70088 kB
Slab:             250220 kB
SReclaimable:      70088 kB
SUnreclaim:       180132 kB
KernelStack:       11872 kB
PageTables:       531552 kB
NFS_Unstable:          0 kB
Bounce:                0 kB
WritebackTmp:          0 kB
CommitLimit:    173835804 kB
Committed_AS:    1402848 kB
VmallocTotal:   34359738367 kB
VmallocUsed:      519332 kB
VmallocChunk:          0 kB
Percpu:            33984 kB
HardwareCorrupted:     0 kB
AnonHugePages:         0 kB
ShmemHugePages:        0 kB
ShmemPmdMapped:        0 kB
FileHugePages:         0 kB
FilePmdMapped:         0 kB
HugePages_Total:       0
HugePages_Free:        0
HugePages_Rsvd:        0
HugePages_Surp:        0
Hugepagesize:       2048 kB
Hugetlb:               0 kB
DirectMap4k:      305840 kB
DirectMap2M:     5638144 kB
DirectMap1G:    264241152 kB
