MemTotal:       65705120 kB
MemFree:          329312 kB
MemAvailable:          0 kB
Buffers:            3400 kB
Cached:            18024 kB
SwapCached:           12 kB
Active:         37394712 kB
Inactive:       27086056 kB
Active(anon):   37380668 kB
Inactive(anon): 27081412 kB
Active(file):      14044 kB
Inactive(file):     4644 kB
Unevictable:           0 kB
Mlocked:               0 kB
SwapTotal:       8388604 kB
SwapFree:        5284604 kB
Dirty:                 0 kB
Writeback:             0 kB
AnonPages:      64466944 kB
Mapped:            14020 kB
Shmem:              2704 kB
KReclaimable:      46240 kB
Slab:             153372 kB
SReclaimable:      46240 kB
SUnreclaim:       107132 kB
KernelStack:        8704 kB
PageTables:       141464 kB
NFS_Unstable:          0 kB
Bounce:                0 kB
WritebackTmp:          0 kB
CommitLimit:    41241164 kB
Committed_AS:    3975668 kB
VmallocTotal:   34359738367 kB
VmallocUsed:      191184 kB
VmallocChunk:          0 kB
Percpu:            19584 kB
HardwareCorrupted:     0 kB
AnonHugePages:         0 kB
ShmemHugePages:        0 kB
ShmemPmdMapped:        0 kB
FileHugePages:         0 kB
FilePmdMapped:         0 kB
HugePages_Total:       0
HugePages_Free:        0
HugePages_Rsvd:        0
HugePages_Surp:        0
Hugepagesize:       2048 kB
Hugetlb:               0 kB
DirectMap4k:      497644 kB
DirectMap2M:     8804352 kB
DirectMap1G:    58720256 kB
