MemTotal:       263785560 kB
MemFree:         1278656 kB
MemAvailable:   257839844 kB
Buffers:           60248 kB
Cached:         256370116 kB
SwapCached:            0 kB
Active:           171496 kB
Inactive:       256299400 kB
Active(anon):       1712 kB
Inactive(anon):  2691036 kB
Active(file):     169784 kB
Inactive(file): 253608364 kB
Unevictable:       19116 kB
Mlocked:           19116 kB
SwapTotal:             0 kB
SwapFree:              0 kB
Dirty:            350856 kB
Writeback:             0 kB
AnonPages:         59824 kB
Mapped:          2694216 kB
Shmem:           2643436 kB
KReclaimable:    4631260 kB
Slab:            5195420 kB
SReclaimable:    4631260 kB
SUnreclaim:       564160 kB
KernelStack:        9072 kB
PageTables:         8580 kB
NFS_Unstable:          0 kB
Bounce:                0 kB
WritebackTmp:          0 kB
CommitLimit:    131892780 kB
Committed_AS:   130032596 kB
VmallocTotal:   34359738367 kB
VmallocUsed:      251792 kB
VmallocChunk:          0 kB
Percpu:            27648 kB
HardwareCorrupted:     0 kB
AnonHugePages:         0 kB
ShmemHugePages:        0 kB
ShmemPmdMapped:        0 kB
FileHugePages:         0 kB
FilePmdMapped:         0 kB
HugePages_Total:       0
HugePages_Free:        0
HugePages_Rsvd:        0
HugePages_Surp:        0
Hugepagesize:       2048 kB
Hugetlb:               0 kB
DirectMap4k:      275116 kB
DirectMap2M:     4620288 kB
DirectMap1G:    265289728 kB
