MemTotal:       263785552 kB
MemFree:        262261032 kB
MemAvailable:   261283872 kB
Buffers:           52856 kB
Cached:           237340 kB
SwapCached:            0 kB
Active:           286084 kB
Inactive:         143476 kB
Active(anon):     149628 kB
Inactive(anon):     2112 kB
Active(file):     136456 kB
Inactive(file):   141364 kB
Unevictable:       18984 kB
Mlocked:           18984 kB
SwapTotal:      67108860 kB
SwapFree:       67108860 kB
Dirty:              4572 kB
Writeback:             0 kB
AnonPages:        160708 kB
Mapped:            98672 kB
Shmem:              2064 kB
KReclaimable:      49044 kB
Slab:             185700 kB
SReclaimable:      49044 kB
SUnreclaim:       136656 kB
KernelStack:       11952 kB
PageTables:         8476 kB
NFS_Unstable:          0 kB
Bounce:                0 kB
WritebackTmp:          0 kB
CommitLimit:    199001636 kB
Committed_AS:     556804 kB
VmallocTotal:   34359738367 kB
VmallocUsed:      271164 kB
VmallocChunk:          0 kB
Percpu:            26880 kB
HardwareCorrupted:     0 kB
AnonHugePages:         0 kB
ShmemHugePages:        0 kB
ShmemPmdMapped:        0 kB
FileHugePages:         0 kB
FilePmdMapped:         0 kB
HugePages_Total:       0
HugePages_Free:        0
HugePages_Rsvd:        0
HugePages_Surp:        0
Hugepagesize:       2048 kB
Hugetlb:               0 kB
DirectMap4k:      242348 kB
DirectMap2M:     4653056 kB
DirectMap1G:    265289728 kB
