MemTotal:       263785564 kB
MemFree:         1054088 kB
MemAvailable:      11300 kB
Buffers:           19424 kB
Cached:           116964 kB
SwapCached:            0 kB
Active:         11749200 kB
Inactive:       248951448 kB
Active(anon):   11671048 kB
Inactive(anon): 248904240 kB
Active(file):      78152 kB
Inactive(file):    47208 kB
Unevictable:       19140 kB
Mlocked:           19140 kB
SwapTotal:      41943024 kB
SwapFree:       33628912 kB
Dirty:                 0 kB
Writeback:             0 kB
AnonPages:      260587540 kB
Mapped:            67436 kB
Shmem:              2408 kB
KReclaimable:      70840 kB
Slab:             248004 kB
SReclaimable:      70840 kB
SUnreclaim:       177164 kB
KernelStack:       12048 kB
PageTables:       531708 kB
NFS_Unstable:          0 kB
Bounce:                0 kB
WritebackTmp:          0 kB
CommitLimit:    173835804 kB
Committed_AS:    1385328 kB
VmallocTotal:   34359738367 kB
VmallocUsed:      514232 kB
VmallocChunk:          0 kB
Percpu:            33984 kB
HardwareCorrupted:     0 kB
AnonHugePages:  191918080 kB
ShmemHugePages:        0 kB
ShmemPmdMapped:        0 kB
FileHugePages:         0 kB
FilePmdMapped:         0 kB
HugePages_Total:       0
HugePages_Free:        0
HugePages_Rsvd:        0
HugePages_Surp:        0
Hugepagesize:       2048 kB
Hugetlb:               0 kB
DirectMap4k:      324272 kB
DirectMap2M:     5619712 kB
DirectMap1G:    264241152 kB
