MemTotal:       263785556 kB
MemFree:         1178380 kB
MemAvailable:      93252 kB
Buffers:            5440 kB
Cached:            50788 kB
SwapCached:            0 kB
Active:         136542796 kB
Inactive:       124018072 kB
Active(anon):   136504304 kB
Inactive(anon): 124009620 kB
Active(file):      38492 kB
Inactive(file):     8452 kB
Unevictable:       19116 kB
Mlocked:           19116 kB
SwapTotal:      41943024 kB
SwapFree:       33736888 kB
Dirty:                 0 kB
Writeback:             0 kB
AnonPages:      260525292 kB
Mapped:            33324 kB
Shmem:                 8 kB
KReclaimable:      64304 kB
Slab:             242112 kB
SReclaimable:      64304 kB
SUnreclaim:       177808 kB
KernelStack:       11968 kB
PageTables:       531288 kB
NFS_Unstable:          0 kB
Bounce:                0 kB
WritebackTmp:          0 kB
CommitLimit:    173835800 kB
Committed_AS:    1394660 kB
VmallocTotal:   34359738367 kB
VmallocUsed:      519188 kB
VmallocChunk:          0 kB
Percpu:            33408 kB
HardwareCorrupted:     0 kB
AnonHugePages:         0 kB
ShmemHugePages:        0 kB
ShmemPmdMapped:        0 kB
FileHugePages:         0 kB
FilePmdMapped:         0 kB
HugePages_Total:       0
HugePages_Free:        0
HugePages_Rsvd:        0
HugePages_Surp:        0
Hugepagesize:       2048 kB
Hugetlb:               0 kB
DirectMap4k:      326320 kB
DirectMap2M:     5617664 kB
DirectMap1G:    264241152 kB
