MemTotal:       65705112 kB
MemFree:        58605900 kB
MemAvailable:   58255232 kB
Buffers:            9468 kB
Cached:           169512 kB
SwapCached:            0 kB
Active:          6371800 kB
Inactive:          41092 kB
Active(anon):    6230768 kB
Inactive(anon):    12476 kB
Active(file):     141032 kB
Inactive(file):    28616 kB
Unevictable:           0 kB
Mlocked:               0 kB
SwapTotal:      32970748 kB
SwapFree:       32970748 kB
Dirty:                64 kB
Writeback:             0 kB
AnonPages:       6233928 kB
Mapped:           102156 kB
Shmem:              9316 kB
KReclaimable:      49432 kB
Slab:             166336 kB
SReclaimable:      49432 kB
SUnreclaim:       116904 kB
KernelStack:        8384 kB
PageTables:        19312 kB
NFS_Unstable:          0 kB
Bounce:                0 kB
WritebackTmp:          0 kB
CommitLimit:    65823304 kB
Committed_AS:   66747776 kB
VmallocTotal:   34359738367 kB
VmallocUsed:      164068 kB
VmallocChunk:          0 kB
Percpu:            19712 kB
HardwareCorrupted:     0 kB
AnonHugePages:   6094848 kB
ShmemHugePages:        0 kB
ShmemPmdMapped:        0 kB
FileHugePages:         0 kB
FilePmdMapped:         0 kB
HugePages_Total:       0
HugePages_Free:        0
HugePages_Rsvd:        0
HugePages_Surp:        0
Hugepagesize:       2048 kB
Hugetlb:               0 kB
DirectMap4k:      403436 kB
DirectMap2M:     8898560 kB
DirectMap1G:    58720256 kB
