MemTotal:       263785556 kB
MemFree:         1119576 kB
MemAvailable:   199337760 kB
Buffers:          257552 kB
Cached:         196589300 kB
SwapCached:            0 kB
Active:         15009056 kB
Inactive:       187807068 kB
Active(anon):    6003232 kB
Inactive(anon):     2564 kB
Active(file):    9005824 kB
Inactive(file): 187804504 kB
Unevictable:    55312500 kB
Mlocked:        55312500 kB
SwapTotal:             0 kB
SwapFree:              0 kB
Dirty:            772344 kB
Writeback:             0 kB
AnonPages:      61281344 kB
Mapped:          5606248 kB
Shmem:              2348 kB
KReclaimable:    3276556 kB
Slab:            3804520 kB
SReclaimable:    3276556 kB
SUnreclaim:       527964 kB
KernelStack:       12336 kB
PageTables:       133696 kB
NFS_Unstable:          0 kB
Bounce:                0 kB
WritebackTmp:          0 kB
CommitLimit:    131892776 kB
Committed_AS:   64904868 kB
VmallocTotal:   34359738367 kB
VmallocUsed:      255620 kB
VmallocChunk:          0 kB
Percpu:            30336 kB
HardwareCorrupted:     0 kB
AnonHugePages:         0 kB
ShmemHugePages:        0 kB
ShmemPmdMapped:        0 kB
FileHugePages:         0 kB
FilePmdMapped:         0 kB
HugePages_Total:       0
HugePages_Free:        0
HugePages_Rsvd:        0
HugePages_Surp:        0
Hugepagesize:       2048 kB
Hugetlb:               0 kB
DirectMap4k:      295600 kB
DirectMap2M:     4599808 kB
DirectMap1G:    265289728 kB
