MemTotal:       263785564 kB
MemFree:          972040 kB
MemAvailable:          0 kB
Buffers:           14392 kB
Cached:            68764 kB
SwapCached:            0 kB
Active:            75944 kB
Inactive:       260831436 kB
Active(anon):      36040 kB
Inactive(anon): 260799928 kB
Active(file):      39904 kB
Inactive(file):    31508 kB
Unevictable:       19140 kB
Mlocked:           19140 kB
SwapTotal:      41943024 kB
SwapFree:       34061552 kB
Dirty:                 4 kB
Writeback:             0 kB
AnonPages:      260845552 kB
Mapped:            45908 kB
Shmem:              2320 kB
KReclaimable:      68276 kB
Slab:             247188 kB
SReclaimable:      68276 kB
SUnreclaim:       178912 kB
KernelStack:       11872 kB
PageTables:       531636 kB
NFS_Unstable:          0 kB
Bounce:                0 kB
WritebackTmp:          0 kB
CommitLimit:    173835804 kB
Committed_AS:    1392992 kB
VmallocTotal:   34359738367 kB
VmallocUsed:      519092 kB
VmallocChunk:          0 kB
Percpu:            33792 kB
HardwareCorrupted:     0 kB
AnonHugePages:         0 kB
ShmemHugePages:        0 kB
ShmemPmdMapped:        0 kB
FileHugePages:         0 kB
FilePmdMapped:         0 kB
HugePages_Total:       0
HugePages_Free:        0
HugePages_Rsvd:        0
HugePages_Surp:        0
Hugepagesize:       2048 kB
Hugetlb:               0 kB
DirectMap4k:      277168 kB
DirectMap2M:     5666816 kB
DirectMap1G:    264241152 kB
