MemTotal:       263785556 kB
MemFree:         1098312 kB
MemAvailable:      20860 kB
Buffers:            5556 kB
Cached:            65912 kB
SwapCached:            0 kB
Active:         103735984 kB
Inactive:       156921792 kB
Active(anon):   103683076 kB
Inactive(anon): 156913580 kB
Active(file):      52908 kB
Inactive(file):     8212 kB
Unevictable:       19116 kB
Mlocked:           19116 kB
SwapTotal:      41943024 kB
SwapFree:       33822192 kB
Dirty:                64 kB
Writeback:             0 kB
AnonPages:      260607856 kB
Mapped:            39636 kB
Shmem:                 8 kB
KReclaimable:      65480 kB
Slab:             240976 kB
SReclaimable:      65480 kB
SUnreclaim:       175496 kB
KernelStack:       11920 kB
PageTables:       531496 kB
NFS_Unstable:          0 kB
Bounce:                0 kB
WritebackTmp:          0 kB
CommitLimit:    173835800 kB
Committed_AS:    1403236 kB
VmallocTotal:   34359738367 kB
VmallocUsed:      519124 kB
VmallocChunk:          0 kB
Percpu:            33024 kB
HardwareCorrupted:     0 kB
AnonHugePages:         0 kB
ShmemHugePages:        0 kB
ShmemPmdMapped:        0 kB
FileHugePages:         0 kB
FilePmdMapped:         0 kB
HugePages_Total:       0
HugePages_Free:        0
HugePages_Rsvd:        0
HugePages_Surp:        0
Hugepagesize:       2048 kB
Hugetlb:               0 kB
DirectMap4k:      311984 kB
DirectMap2M:     5632000 kB
DirectMap1G:    264241152 kB
