MemTotal:       65705120 kB
MemFree:          407132 kB
MemAvailable:          0 kB
Buffers:            3348 kB
Cached:            17084 kB
SwapCached:            8 kB
Active:          1715308 kB
Inactive:       62675976 kB
Active(anon):    1703072 kB
Inactive(anon): 62670260 kB
Active(file):      12236 kB
Inactive(file):     5716 kB
Unevictable:           0 kB
Mlocked:               0 kB
SwapTotal:       8388604 kB
SwapFree:        5288700 kB
Dirty:                 0 kB
Writeback:             0 kB
AnonPages:      64373216 kB
Mapped:            11996 kB
Shmem:              1916 kB
KReclaimable:      45392 kB
Slab:             154012 kB
SReclaimable:      45392 kB
SUnreclaim:       108620 kB
KernelStack:        8620 kB
PageTables:       141024 kB
NFS_Unstable:          0 kB
Bounce:                0 kB
WritebackTmp:          0 kB
CommitLimit:    41241164 kB
Committed_AS:    3870708 kB
VmallocTotal:   34359738367 kB
VmallocUsed:      191264 kB
VmallocChunk:          0 kB
Percpu:            19584 kB
HardwareCorrupted:     0 kB
AnonHugePages:         0 kB
ShmemHugePages:        0 kB
ShmemPmdMapped:        0 kB
FileHugePages:         0 kB
FilePmdMapped:         0 kB
HugePages_Total:       0
HugePages_Free:        0
HugePages_Rsvd:        0
HugePages_Surp:        0
Hugepagesize:       2048 kB
Hugetlb:               0 kB
DirectMap4k:      559084 kB
DirectMap2M:    11888640 kB
DirectMap1G:    55574528 kB
