MemTotal:       65705112 kB
MemFree:          337384 kB
MemAvailable:          0 kB
Buffers:            3276 kB
Cached:            13020 kB
SwapCached:          180 kB
Active:         63976172 kB
Inactive:         296488 kB
Active(anon):   63964200 kB
Inactive(anon):   293204 kB
Active(file):      11972 kB
Inactive(file):     3284 kB
Unevictable:           0 kB
Mlocked:               0 kB
SwapTotal:       8388604 kB
SwapFree:        5033020 kB
Dirty:                 0 kB
Writeback:             0 kB
AnonPages:      64263408 kB
Mapped:             8596 kB
Shmem:                 4 kB
KReclaimable:      51292 kB
Slab:             161604 kB
SReclaimable:      51292 kB
SUnreclaim:       110312 kB
KernelStack:        8604 kB
PageTables:       139012 kB
NFS_Unstable:          0 kB
Bounce:                0 kB
WritebackTmp:          0 kB
CommitLimit:    41241160 kB
Committed_AS:   68121260 kB
VmallocTotal:   34359738367 kB
VmallocUsed:      191152 kB
VmallocChunk:          0 kB
Percpu:            19584 kB
HardwareCorrupted:     0 kB
AnonHugePages:  64077824 kB
ShmemHugePages:        0 kB
ShmemPmdMapped:        0 kB
FileHugePages:         0 kB
FilePmdMapped:         0 kB
HugePages_Total:       0
HugePages_Free:        0
HugePages_Rsvd:        0
HugePages_Surp:        0
Hugepagesize:       2048 kB
Hugetlb:               0 kB
DirectMap4k:      335852 kB
DirectMap2M:     7917568 kB
DirectMap1G:    59768832 kB
