MemTotal:       263785556 kB
MemFree:         1107584 kB
MemAvailable:      28588 kB
Buffers:            5268 kB
Cached:            62272 kB
SwapCached:         4096 kB
Active:         91536228 kB
Inactive:       169007544 kB
Active(anon):   91486308 kB
Inactive(anon): 168998736 kB
Active(file):      49920 kB
Inactive(file):     8808 kB
Unevictable:       19140 kB
Mlocked:           19140 kB
SwapTotal:      41943024 kB
SwapFree:       33502192 kB
Dirty:                 4 kB
Writeback:             0 kB
AnonPages:      260495848 kB
Mapped:            40048 kB
Shmem:                12 kB
KReclaimable:      64740 kB
Slab:             243020 kB
SReclaimable:      64740 kB
SUnreclaim:       178280 kB
KernelStack:       12016 kB
PageTables:       531384 kB
NFS_Unstable:          0 kB
Bounce:                0 kB
WritebackTmp:          0 kB
CommitLimit:    173835800 kB
Committed_AS:    1410428 kB
VmallocTotal:   34359738367 kB
VmallocUsed:      514312 kB
VmallocChunk:          0 kB
Percpu:            33792 kB
HardwareCorrupted:     0 kB
AnonHugePages:  225951744 kB
ShmemHugePages:        0 kB
ShmemPmdMapped:        0 kB
FileHugePages:         0 kB
FilePmdMapped:         0 kB
HugePages_Total:       0
HugePages_Free:        0
HugePages_Rsvd:        0
HugePages_Surp:        0
Hugepagesize:       2048 kB
Hugetlb:               0 kB
DirectMap4k:      293552 kB
DirectMap2M:     5650432 kB
DirectMap1G:    264241152 kB
