MemTotal:       65705120 kB
MemFree:        60496764 kB
MemAvailable:   60158932 kB
Buffers:           23484 kB
Cached:           183432 kB
SwapCached:            0 kB
Active:           121368 kB
Inactive:        4410892 kB
Active(anon):       1572 kB
Inactive(anon):  4333592 kB
Active(file):     119796 kB
Inactive(file):    77300 kB
Unevictable:           0 kB
Mlocked:               0 kB
SwapTotal:      32970748 kB
SwapFree:       32970748 kB
Dirty:               220 kB
Writeback:             0 kB
AnonPages:       4324976 kB
Mapped:            82444 kB
Shmem:              9320 kB
KReclaimable:      47672 kB
Slab:             162220 kB
SReclaimable:      47672 kB
SUnreclaim:       114548 kB
KernelStack:        8416 kB
PageTables:        15264 kB
NFS_Unstable:          0 kB
Bounce:                0 kB
WritebackTmp:          0 kB
CommitLimit:    65823308 kB
Committed_AS:   66723328 kB
VmallocTotal:   34359738367 kB
VmallocUsed:      163908 kB
VmallocChunk:          0 kB
Percpu:            20224 kB
HardwareCorrupted:     0 kB
AnonHugePages:   4194304 kB
ShmemHugePages:        0 kB
ShmemPmdMapped:        0 kB
FileHugePages:         0 kB
FilePmdMapped:         0 kB
HugePages_Total:       0
HugePages_Free:        0
HugePages_Rsvd:        0
HugePages_Surp:        0
Hugepagesize:       2048 kB
Hugetlb:               0 kB
DirectMap4k:      419820 kB
DirectMap2M:    12027904 kB
DirectMap1G:    55574528 kB
