MemTotal:       65705112 kB
MemFree:          484316 kB
MemAvailable:      55456 kB
Buffers:            3348 kB
Cached:            13872 kB
SwapCached:          156 kB
Active:         64009720 kB
Inactive:         296688 kB
Active(anon):   63996836 kB
Inactive(anon):   293420 kB
Active(file):      12884 kB
Inactive(file):     3268 kB
Unevictable:           0 kB
Mlocked:               0 kB
SwapTotal:       8388604 kB
SwapFree:        5201148 kB
Dirty:                 0 kB
Writeback:             0 kB
AnonPages:      64289572 kB
Mapped:             8912 kB
Shmem:                 4 kB
KReclaimable:      46928 kB
Slab:             157292 kB
SReclaimable:      46928 kB
SUnreclaim:       110364 kB
KernelStack:        8640 kB
PageTables:       138896 kB
NFS_Unstable:          0 kB
Bounce:                0 kB
WritebackTmp:          0 kB
CommitLimit:    41241160 kB
Committed_AS:   67989712 kB
VmallocTotal:   34359738367 kB
VmallocUsed:      191136 kB
VmallocChunk:          0 kB
Percpu:            19840 kB
HardwareCorrupted:     0 kB
AnonHugePages:  63873024 kB
ShmemHugePages:        0 kB
ShmemPmdMapped:        0 kB
FileHugePages:         0 kB
FilePmdMapped:         0 kB
HugePages_Total:       0
HugePages_Free:        0
HugePages_Rsvd:        0
HugePages_Surp:        0
Hugepagesize:       2048 kB
Hugetlb:               0 kB
DirectMap4k:      495596 kB
DirectMap2M:    11952128 kB
DirectMap1G:    55574528 kB
