MemTotal:       263785556 kB
MemFree:         1052776 kB
MemAvailable:          0 kB
Buffers:            5528 kB
Cached:            52596 kB
SwapCached:            0 kB
Active:         31498372 kB
Inactive:       229191352 kB
Active(anon):   31457256 kB
Inactive(anon): 229183160 kB
Active(file):      41116 kB
Inactive(file):     8192 kB
Unevictable:       19140 kB
Mlocked:           19140 kB
SwapTotal:      41943024 kB
SwapFree:       33870576 kB
Dirty:                 0 kB
Writeback:             0 kB
AnonPages:      260651760 kB
Mapped:            37700 kB
Shmem:                12 kB
KReclaimable:      63704 kB
Slab:             238348 kB
SReclaimable:      63704 kB
SUnreclaim:       174644 kB
KernelStack:       12016 kB
PageTables:       531376 kB
NFS_Unstable:          0 kB
Bounce:                0 kB
WritebackTmp:          0 kB
CommitLimit:    173835800 kB
Committed_AS:    1385488 kB
VmallocTotal:   34359738367 kB
VmallocUsed:      519316 kB
VmallocChunk:          0 kB
Percpu:            33984 kB
HardwareCorrupted:     0 kB
AnonHugePages:         0 kB
ShmemHugePages:        0 kB
ShmemPmdMapped:        0 kB
FileHugePages:         0 kB
FilePmdMapped:         0 kB
HugePages_Total:       0
HugePages_Free:        0
HugePages_Rsvd:        0
HugePages_Surp:        0
Hugepagesize:       2048 kB
Hugetlb:               0 kB
DirectMap4k:      303792 kB
DirectMap2M:     5640192 kB
DirectMap1G:    264241152 kB
