MemTotal:       263785552 kB
MemFree:         1281028 kB
MemAvailable:   257824172 kB
Buffers:           11380 kB
Cached:         256402252 kB
SwapCached:            0 kB
Active:          2836312 kB
Inactive:       253615452 kB
Active(anon):    2691672 kB
Inactive(anon):      260 kB
Active(file):     144640 kB
Inactive(file): 253615192 kB
Unevictable:       19116 kB
Mlocked:           19116 kB
SwapTotal:             0 kB
SwapFree:              0 kB
Dirty:            355384 kB
Writeback:             0 kB
AnonPages:         58940 kB
Mapped:          2714884 kB
Shmem:           2643436 kB
KReclaimable:    4631532 kB
Slab:            5199356 kB
SReclaimable:    4631532 kB
SUnreclaim:       567824 kB
KernelStack:        9088 kB
PageTables:         8628 kB
NFS_Unstable:          0 kB
Bounce:                0 kB
WritebackTmp:          0 kB
CommitLimit:    131892776 kB
Committed_AS:   130040820 kB
VmallocTotal:   34359738367 kB
VmallocUsed:      251792 kB
VmallocChunk:          0 kB
Percpu:            27264 kB
HardwareCorrupted:     0 kB
AnonHugePages:         0 kB
ShmemHugePages:        0 kB
ShmemPmdMapped:        0 kB
FileHugePages:         0 kB
FilePmdMapped:         0 kB
HugePages_Total:       0
HugePages_Free:        0
HugePages_Rsvd:        0
HugePages_Surp:        0
Hugepagesize:       2048 kB
Hugetlb:               0 kB
DirectMap4k:      230060 kB
DirectMap2M:     4665344 kB
DirectMap1G:    265289728 kB
