MemTotal:       263785564 kB
MemFree:         1207272 kB
MemAvailable:   199211284 kB
Buffers:          411352 kB
Cached:         196199912 kB
SwapCached:            0 kB
Active:           575884 kB
Inactive:       202089076 kB
Active(anon):       2216 kB
Inactive(anon):  6084500 kB
Active(file):     573668 kB
Inactive(file): 196004576 kB
Unevictable:    55309620 kB
Mlocked:        55309620 kB
SwapTotal:             0 kB
SwapFree:              0 kB
Dirty:            521288 kB
Writeback:             0 kB
AnonPages:      61364464 kB
Mapped:          5691808 kB
Shmem:              2364 kB
KReclaimable:    3282180 kB
Slab:            3857620 kB
SReclaimable:    3282180 kB
SUnreclaim:       575440 kB
KernelStack:       12272 kB
PageTables:       133592 kB
NFS_Unstable:          0 kB
Bounce:                0 kB
WritebackTmp:          0 kB
CommitLimit:    131892780 kB
Committed_AS:   64790508 kB
VmallocTotal:   34359738367 kB
VmallocUsed:      255620 kB
VmallocChunk:          0 kB
Percpu:            30528 kB
HardwareCorrupted:     0 kB
AnonHugePages:         0 kB
ShmemHugePages:        0 kB
ShmemPmdMapped:        0 kB
FileHugePages:         0 kB
FilePmdMapped:         0 kB
HugePages_Total:       0
HugePages_Free:        0
HugePages_Rsvd:        0
HugePages_Surp:        0
Hugepagesize:       2048 kB
Hugetlb:               0 kB
DirectMap4k:      316080 kB
DirectMap2M:     4579328 kB
DirectMap1G:    265289728 kB
