MemTotal:       65705112 kB
MemFree:          427588 kB
MemAvailable:      15980 kB
Buffers:            3376 kB
Cached:            47196 kB
SwapCached:       151232 kB
Active:         37229032 kB
Inactive:       27143528 kB
Active(anon):   37191676 kB
Inactive(anon): 27130480 kB
Active(file):      37356 kB
Inactive(file):    13048 kB
Unevictable:           0 kB
Mlocked:               0 kB
SwapTotal:       8388604 kB
SwapFree:        5089020 kB
Dirty:                 0 kB
Writeback:             0 kB
AnonPages:      64176428 kB
Mapped:            38000 kB
Shmem:               168 kB
KReclaimable:      46808 kB
Slab:             155860 kB
SReclaimable:      46808 kB
SUnreclaim:       109052 kB
KernelStack:        8604 kB
PageTables:       141008 kB
NFS_Unstable:          0 kB
Bounce:                0 kB
WritebackTmp:          0 kB
CommitLimit:    41241160 kB
Committed_AS:    3794004 kB
VmallocTotal:   34359738367 kB
VmallocUsed:      191264 kB
VmallocChunk:          0 kB
Percpu:            19712 kB
HardwareCorrupted:     0 kB
AnonHugePages:      4096 kB
ShmemHugePages:        0 kB
ShmemPmdMapped:        0 kB
FileHugePages:         0 kB
FilePmdMapped:         0 kB
HugePages_Total:       0
HugePages_Free:        0
HugePages_Rsvd:        0
HugePages_Surp:        0
Hugepagesize:       2048 kB
Hugetlb:               0 kB
DirectMap4k:      460780 kB
DirectMap2M:     8841216 kB
DirectMap1G:    58720256 kB
