MemTotal:       263785552 kB
MemFree:         1088312 kB
MemAvailable:   256999920 kB
Buffers:           14288 kB
Cached:         256519180 kB
SwapCached:          340 kB
Active:          3636980 kB
Inactive:       252937124 kB
Active(anon):    3437312 kB
Inactive(anon):      968 kB
Active(file):     199668 kB
Inactive(file): 252936156 kB
Unevictable:       19116 kB
Mlocked:           19116 kB
SwapTotal:      67108860 kB
SwapFree:       67107324 kB
Dirty:            354036 kB
Writeback:             0 kB
AnonPages:         60248 kB
Mapped:          3489968 kB
Shmem:           3388312 kB
KReclaimable:    4624004 kB
Slab:            5190836 kB
SReclaimable:    4624004 kB
SUnreclaim:       566832 kB
KernelStack:        9136 kB
PageTables:        10724 kB
NFS_Unstable:          0 kB
Bounce:                0 kB
WritebackTmp:          0 kB
CommitLimit:    199001636 kB
Committed_AS:   162317264 kB
VmallocTotal:   34359738367 kB
VmallocUsed:      268336 kB
VmallocChunk:          0 kB
Percpu:            27456 kB
HardwareCorrupted:     0 kB
AnonHugePages:         0 kB
ShmemHugePages:        0 kB
ShmemPmdMapped:        0 kB
FileHugePages:         0 kB
FilePmdMapped:         0 kB
HugePages_Total:       0
HugePages_Free:        0
HugePages_Rsvd:        0
HugePages_Surp:        0
Hugepagesize:       2048 kB
Hugetlb:               0 kB
DirectMap4k:      246444 kB
DirectMap2M:     4648960 kB
DirectMap1G:    265289728 kB
