MemTotal:       263785560 kB
MemFree:         1142468 kB
MemAvailable:   257011800 kB
Buffers:           60544 kB
Cached:         256431352 kB
SwapCached:            0 kB
Active:           164104 kB
Inactive:       256367800 kB
Active(anon):       1660 kB
Inactive(anon):  3437088 kB
Active(file):     162444 kB
Inactive(file): 252930712 kB
Unevictable:       19116 kB
Mlocked:           19116 kB
SwapTotal:      67108860 kB
SwapFree:       67108860 kB
Dirty:            352172 kB
Writeback:             0 kB
AnonPages:         59836 kB
Mapped:          3460196 kB
Shmem:           3389420 kB
KReclaimable:    4624396 kB
Slab:            5190584 kB
SReclaimable:    4624396 kB
SUnreclaim:       566188 kB
KernelStack:        9088 kB
PageTables:        10620 kB
NFS_Unstable:          0 kB
Bounce:                0 kB
WritebackTmp:          0 kB
CommitLimit:    199001640 kB
Committed_AS:   162312756 kB
VmallocTotal:   34359738367 kB
VmallocUsed:      268288 kB
VmallocChunk:          0 kB
Percpu:            27648 kB
HardwareCorrupted:     0 kB
AnonHugePages:         0 kB
ShmemHugePages:        0 kB
ShmemPmdMapped:        0 kB
FileHugePages:         0 kB
FilePmdMapped:         0 kB
HugePages_Total:       0
HugePages_Free:        0
HugePages_Rsvd:        0
HugePages_Surp:        0
Hugepagesize:       2048 kB
Hugetlb:               0 kB
DirectMap4k:      271020 kB
DirectMap2M:     4624384 kB
DirectMap1G:    265289728 kB
