MemTotal:       65705120 kB
MemFree:        60740024 kB
MemAvailable:   60400476 kB
Buffers:           22368 kB
Cached:           179308 kB
SwapCached:            0 kB
Active:           117304 kB
Inactive:        4166400 kB
Active(anon):       1552 kB
Inactive(anon):  4089800 kB
Active(file):     115752 kB
Inactive(file):    76600 kB
Unevictable:           0 kB
Mlocked:               0 kB
SwapTotal:      32970748 kB
SwapFree:       32970748 kB
Dirty:               128 kB
Writeback:             0 kB
AnonPages:       4080796 kB
Mapped:            82820 kB
Shmem:              9320 kB
KReclaimable:      48984 kB
Slab:             166720 kB
SReclaimable:      48984 kB
SUnreclaim:       117736 kB
KernelStack:        8320 kB
PageTables:        16304 kB
NFS_Unstable:          0 kB
Bounce:                0 kB
WritebackTmp:          0 kB
CommitLimit:    65823308 kB
Committed_AS:   56122672 kB
VmallocTotal:   34359738367 kB
VmallocUsed:      163988 kB
VmallocChunk:          0 kB
Percpu:            20096 kB
HardwareCorrupted:     0 kB
AnonHugePages:   3915776 kB
ShmemHugePages:        0 kB
ShmemPmdMapped:        0 kB
FileHugePages:         0 kB
FilePmdMapped:         0 kB
HugePages_Total:       0
HugePages_Free:        0
HugePages_Rsvd:        0
HugePages_Surp:        0
Hugepagesize:       2048 kB
Hugetlb:               0 kB
DirectMap4k:      387052 kB
DirectMap2M:     7866368 kB
DirectMap1G:    59768832 kB
