MemTotal:       65705112 kB
MemFree:          590244 kB
MemAvailable:   64158336 kB
Buffers:           12504 kB
Cached:         62980648 kB
SwapCached:          140 kB
Active:           327600 kB
Inactive:       62808164 kB
Active(anon):     148968 kB
Inactive(anon):      136 kB
Active(file):     178632 kB
Inactive(file): 62808028 kB
Unevictable:           0 kB
Mlocked:               0 kB
SwapTotal:      32970748 kB
SwapFree:       32966396 kB
Dirty:           4419256 kB
Writeback:             0 kB
AnonPages:        144200 kB
Mapped:           119496 kB
Shmem:              4980 kB
KReclaimable:    1308008 kB
Slab:            1518368 kB
SReclaimable:    1308008 kB
SUnreclaim:       210360 kB
KernelStack:        8576 kB
PageTables:         7188 kB
NFS_Unstable:          0 kB
Bounce:                0 kB
WritebackTmp:          0 kB
CommitLimit:    65823304 kB
Committed_AS:     694024 kB
VmallocTotal:   34359738367 kB
VmallocUsed:      158936 kB
VmallocChunk:          0 kB
Percpu:            19456 kB
HardwareCorrupted:     0 kB
AnonHugePages:      4096 kB
ShmemHugePages:        0 kB
ShmemPmdMapped:        0 kB
FileHugePages:         0 kB
FilePmdMapped:         0 kB
HugePages_Total:       0
HugePages_Free:        0
HugePages_Rsvd:        0
HugePages_Surp:        0
Hugepagesize:       2048 kB
Hugetlb:               0 kB
DirectMap4k:      495596 kB
DirectMap2M:    11952128 kB
DirectMap1G:    55574528 kB
