MemTotal:       65705112 kB
MemFree:          618860 kB
MemAvailable:   64161624 kB
Buffers:           13600 kB
Cached:         62953208 kB
SwapCached:          172 kB
Active:           331340 kB
Inactive:       62782324 kB
Active(anon):     152860 kB
Inactive(anon):      140 kB
Active(file):     178480 kB
Inactive(file): 62782184 kB
Unevictable:           0 kB
Mlocked:               0 kB
SwapTotal:      32970748 kB
SwapFree:       32966396 kB
Dirty:           4419252 kB
Writeback:           488 kB
AnonPages:        147000 kB
Mapped:           118132 kB
Shmem:              5032 kB
KReclaimable:    1308676 kB
Slab:            1519364 kB
SReclaimable:    1308676 kB
SUnreclaim:       210688 kB
KernelStack:        8588 kB
PageTables:         7136 kB
NFS_Unstable:          0 kB
Bounce:                0 kB
WritebackTmp:          0 kB
CommitLimit:    65823304 kB
Committed_AS:     693724 kB
VmallocTotal:   34359738367 kB
VmallocUsed:      159000 kB
VmallocChunk:          0 kB
Percpu:            19456 kB
HardwareCorrupted:     0 kB
AnonHugePages:     10240 kB
ShmemHugePages:        0 kB
ShmemPmdMapped:        0 kB
FileHugePages:         0 kB
FilePmdMapped:         0 kB
HugePages_Total:       0
HugePages_Free:        0
HugePages_Rsvd:        0
HugePages_Surp:        0
Hugepagesize:       2048 kB
Hugetlb:               0 kB
DirectMap4k:      528364 kB
DirectMap2M:     8773632 kB
DirectMap1G:    58720256 kB
