MemTotal:       65705120 kB
MemFree:          606020 kB
MemAvailable:   64147232 kB
Buffers:           39556 kB
Cached:         62929940 kB
SwapCached:            0 kB
Active:           254140 kB
Inactive:       62863424 kB
Active(anon):       1456 kB
Inactive(anon):   156100 kB
Active(file):     252684 kB
Inactive(file): 62707324 kB
Unevictable:           0 kB
Mlocked:               0 kB
SwapTotal:      32970748 kB
SwapFree:       32970748 kB
Dirty:           4419116 kB
Writeback:           264 kB
AnonPages:        144896 kB
Mapped:           103676 kB
Shmem:              9296 kB
KReclaimable:    1307780 kB
Slab:            1517824 kB
SReclaimable:    1307780 kB
SUnreclaim:       210044 kB
KernelStack:        8496 kB
PageTables:         6552 kB
NFS_Unstable:          0 kB
Bounce:                0 kB
WritebackTmp:          0 kB
CommitLimit:    65823308 kB
Committed_AS:     691288 kB
VmallocTotal:   34359738367 kB
VmallocUsed:      159032 kB
VmallocChunk:          0 kB
Percpu:            19712 kB
HardwareCorrupted:     0 kB
AnonHugePages:      6144 kB
ShmemHugePages:        0 kB
ShmemPmdMapped:        0 kB
FileHugePages:         0 kB
FilePmdMapped:         0 kB
HugePages_Total:       0
HugePages_Free:        0
HugePages_Rsvd:        0
HugePages_Surp:        0
Hugepagesize:       2048 kB
Hugetlb:               0 kB
DirectMap4k:      495596 kB
DirectMap2M:     8806400 kB
DirectMap1G:    58720256 kB
