MemTotal:       263785560 kB
MemFree:        262312480 kB
MemAvailable:   261343816 kB
Buffers:           64460 kB
Cached:           240528 kB
SwapCached:            0 kB
Active:           114048 kB
Inactive:         322424 kB
Active(anon):        600 kB
Inactive(anon):   142300 kB
Active(file):     113448 kB
Inactive(file):   180124 kB
Unevictable:       19116 kB
Mlocked:           19116 kB
SwapTotal:             0 kB
SwapFree:              0 kB
Dirty:              4516 kB
Writeback:             0 kB
AnonPages:        152468 kB
Mapped:            82000 kB
Shmem:              2068 kB
KReclaimable:      50284 kB
Slab:             185640 kB
SReclaimable:      50284 kB
SUnreclaim:       135356 kB
KernelStack:       12128 kB
PageTables:         9648 kB
NFS_Unstable:          0 kB
Bounce:                0 kB
WritebackTmp:          0 kB
CommitLimit:    131892780 kB
Committed_AS:     554988 kB
VmallocTotal:   34359738367 kB
VmallocUsed:      254652 kB
VmallocChunk:          0 kB
Percpu:            26880 kB
HardwareCorrupted:     0 kB
AnonHugePages:         0 kB
ShmemHugePages:        0 kB
ShmemPmdMapped:        0 kB
FileHugePages:         0 kB
FilePmdMapped:         0 kB
HugePages_Total:       0
HugePages_Free:        0
HugePages_Rsvd:        0
HugePages_Surp:        0
Hugepagesize:       2048 kB
Hugetlb:               0 kB
DirectMap4k:      260780 kB
DirectMap2M:     4634624 kB
DirectMap1G:    265289728 kB
