MemTotal:       65705120 kB
MemFree:          614152 kB
MemAvailable:   64146444 kB
Buffers:           39432 kB
Cached:         62922120 kB
SwapCached:            0 kB
Active:           252012 kB
Inactive:       62853748 kB
Active(anon):       1500 kB
Inactive(anon):   152556 kB
Active(file):     250512 kB
Inactive(file): 62701192 kB
Unevictable:           0 kB
Mlocked:               0 kB
SwapTotal:      32970748 kB
SwapFree:       32970748 kB
Dirty:           4418956 kB
Writeback:             0 kB
AnonPages:        144884 kB
Mapped:           103076 kB
Shmem:              9300 kB
KReclaimable:    1307164 kB
Slab:            1517472 kB
SReclaimable:    1307164 kB
SUnreclaim:       210308 kB
KernelStack:        8640 kB
PageTables:         7348 kB
NFS_Unstable:          0 kB
Bounce:                0 kB
WritebackTmp:          0 kB
CommitLimit:    65823308 kB
Committed_AS:     690420 kB
VmallocTotal:   34359738367 kB
VmallocUsed:      159000 kB
VmallocChunk:          0 kB
Percpu:            19712 kB
HardwareCorrupted:     0 kB
AnonHugePages:      6144 kB
ShmemHugePages:        0 kB
ShmemPmdMapped:        0 kB
FileHugePages:         0 kB
FilePmdMapped:         0 kB
HugePages_Total:       0
HugePages_Free:        0
HugePages_Rsvd:        0
HugePages_Surp:        0
Hugepagesize:       2048 kB
Hugetlb:               0 kB
DirectMap4k:      499692 kB
DirectMap2M:     8802304 kB
DirectMap1G:    58720256 kB
