MemTotal:       65705112 kB
MemFree:        64652504 kB
MemAvailable:   64380304 kB
Buffers:           27188 kB
Cached:           279240 kB
SwapCached:            0 kB
Active:           189596 kB
Inactive:         198892 kB
Active(anon):      76696 kB
Inactive(anon):    15552 kB
Active(file):     112900 kB
Inactive(file):   183340 kB
Unevictable:         260 kB
Mlocked:               0 kB
SwapTotal:      32970748 kB
SwapFree:       32970748 kB
Dirty:               388 kB
Writeback:             0 kB
AnonPages:         82156 kB
Mapped:            93308 kB
Shmem:              9308 kB
KReclaimable:      49912 kB
Slab:             150196 kB
SReclaimable:      49912 kB
SUnreclaim:       100284 kB
KernelStack:        8108 kB
PageTables:         7408 kB
NFS_Unstable:          0 kB
Bounce:                0 kB
WritebackTmp:          0 kB
CommitLimit:    65823304 kB
Committed_AS:     313124 kB
VmallocTotal:   34359738367 kB
VmallocUsed:      158736 kB
VmallocChunk:          0 kB
Percpu:            19584 kB
HardwareCorrupted:     0 kB
AnonHugePages:      4096 kB
ShmemHugePages:        0 kB
ShmemPmdMapped:        0 kB
FileHugePages:         0 kB
FilePmdMapped:         0 kB
HugePages_Total:       0
HugePages_Free:        0
HugePages_Rsvd:        0
HugePages_Surp:        0
Hugepagesize:       2048 kB
Hugetlb:               0 kB
DirectMap4k:      473068 kB
DirectMap2M:     7780352 kB
DirectMap1G:    59768832 kB
