MemTotal:       65705120 kB
MemFree:        58783908 kB
MemAvailable:   58447904 kB
Buffers:           23992 kB
Cached:           184048 kB
SwapCached:            0 kB
Active:           123368 kB
Inactive:        6108292 kB
Active(anon):       1496 kB
Inactive(anon):  6031488 kB
Active(file):     121872 kB
Inactive(file):    76804 kB
Unevictable:           0 kB
Mlocked:               0 kB
SwapTotal:      32970748 kB
SwapFree:       32970748 kB
Dirty:                92 kB
Writeback:             0 kB
AnonPages:       6022420 kB
Mapped:            82284 kB
Shmem:              9316 kB
KReclaimable:      49740 kB
Slab:             169724 kB
SReclaimable:      49740 kB
SUnreclaim:       119984 kB
KernelStack:        8336 kB
PageTables:        18800 kB
NFS_Unstable:          0 kB
Bounce:                0 kB
WritebackTmp:          0 kB
CommitLimit:    65823308 kB
Committed_AS:   56123084 kB
VmallocTotal:   34359738367 kB
VmallocUsed:      164020 kB
VmallocChunk:          0 kB
Percpu:            20096 kB
HardwareCorrupted:     0 kB
AnonHugePages:   5875712 kB
ShmemHugePages:        0 kB
ShmemPmdMapped:        0 kB
FileHugePages:         0 kB
FilePmdMapped:         0 kB
HugePages_Total:       0
HugePages_Free:        0
HugePages_Rsvd:        0
HugePages_Surp:        0
Hugepagesize:       2048 kB
Hugetlb:               0 kB
DirectMap4k:      417772 kB
DirectMap2M:     9932800 kB
DirectMap1G:    57671680 kB
