MemTotal:       263785556 kB
MemFree:         1216344 kB
MemAvailable:     132876 kB
Buffers:            5460 kB
Cached:            55052 kB
SwapCached:            0 kB
Active:         77521244 kB
Inactive:       183025940 kB
Active(anon):   77483452 kB
Inactive(anon): 183013556 kB
Active(file):      37792 kB
Inactive(file):    12384 kB
Unevictable:       19116 kB
Mlocked:           19116 kB
SwapTotal:      41943024 kB
SwapFree:       33717488 kB
Dirty:                 0 kB
Writeback:             0 kB
AnonPages:      260508040 kB
Mapped:            37612 kB
Shmem:                12 kB
KReclaimable:      64388 kB
Slab:             239220 kB
SReclaimable:      64388 kB
SUnreclaim:       174832 kB
KernelStack:       11968 kB
PageTables:       531340 kB
NFS_Unstable:          0 kB
Bounce:                0 kB
WritebackTmp:          0 kB
CommitLimit:    173835800 kB
Committed_AS:    1386072 kB
VmallocTotal:   34359738367 kB
VmallocUsed:      519204 kB
VmallocChunk:          0 kB
Percpu:            33792 kB
HardwareCorrupted:     0 kB
AnonHugePages:         0 kB
ShmemHugePages:        0 kB
ShmemPmdMapped:        0 kB
FileHugePages:         0 kB
FilePmdMapped:         0 kB
HugePages_Total:       0
HugePages_Free:        0
HugePages_Rsvd:        0
HugePages_Surp:        0
Hugepagesize:       2048 kB
Hugetlb:               0 kB
DirectMap4k:      303792 kB
DirectMap2M:     5640192 kB
DirectMap1G:    264241152 kB
