MemTotal:       263785564 kB
MemFree:         2758976 kB
MemAvailable:    1738196 kB
Buffers:           23512 kB
Cached:           147520 kB
SwapCached:            0 kB
Active:         26704252 kB
Inactive:       231938728 kB
Active(anon):   26629404 kB
Inactive(anon): 231853248 kB
Active(file):      74848 kB
Inactive(file):    85480 kB
Unevictable:       19140 kB
Mlocked:           19140 kB
SwapTotal:      41943024 kB
SwapFree:       31503088 kB
Dirty:                28 kB
Writeback:             0 kB
AnonPages:      258474200 kB
Mapped:            66512 kB
Shmem:              2400 kB
KReclaimable:      79888 kB
Slab:             267724 kB
SReclaimable:      79888 kB
SUnreclaim:       187836 kB
KernelStack:       12352 kB
PageTables:       531564 kB
NFS_Unstable:          0 kB
Bounce:                0 kB
WritebackTmp:          0 kB
CommitLimit:    173835804 kB
Committed_AS:    1409724 kB
VmallocTotal:   34359738367 kB
VmallocUsed:      514232 kB
VmallocChunk:          0 kB
Percpu:            33984 kB
HardwareCorrupted:     0 kB
AnonHugePages:  194119680 kB
ShmemHugePages:        0 kB
ShmemPmdMapped:        0 kB
FileHugePages:         0 kB
FilePmdMapped:         0 kB
HugePages_Total:       0
HugePages_Free:        0
HugePages_Rsvd:        0
HugePages_Surp:        0
Hugepagesize:       2048 kB
Hugetlb:               0 kB
DirectMap4k:      326320 kB
DirectMap2M:     4569088 kB
DirectMap1G:    265289728 kB
