MemTotal:       263785556 kB
MemFree:         1089004 kB
MemAvailable:      14548 kB
Buffers:            5288 kB
Cached:            71192 kB
SwapCached:         2048 kB
Active:         90869952 kB
Inactive:       169610092 kB
Active(anon):   90834320 kB
Inactive(anon): 169579044 kB
Active(file):      35632 kB
Inactive(file):    31048 kB
Unevictable:       19140 kB
Mlocked:           19140 kB
SwapTotal:      41943024 kB
SwapFree:       33454876 kB
Dirty:                12 kB
Writeback:             0 kB
AnonPages:      260424604 kB
Mapped:            48288 kB
Shmem:                12 kB
KReclaimable:      65868 kB
Slab:             246464 kB
SReclaimable:      65868 kB
SUnreclaim:       180596 kB
KernelStack:       12224 kB
PageTables:       531716 kB
NFS_Unstable:          0 kB
Bounce:                0 kB
WritebackTmp:          0 kB
CommitLimit:    173835800 kB
Committed_AS:    1377540 kB
VmallocTotal:   34359738367 kB
VmallocUsed:      514344 kB
VmallocChunk:          0 kB
Percpu:            33792 kB
HardwareCorrupted:     0 kB
AnonHugePages:  175292416 kB
ShmemHugePages:        0 kB
ShmemPmdMapped:        0 kB
FileHugePages:         0 kB
FilePmdMapped:         0 kB
HugePages_Total:       0
HugePages_Free:        0
HugePages_Rsvd:        0
HugePages_Surp:        0
Hugepagesize:       2048 kB
Hugetlb:               0 kB
DirectMap4k:      318128 kB
DirectMap2M:     5625856 kB
DirectMap1G:    264241152 kB
