MemTotal:       263785556 kB
MemFree:          988844 kB
MemAvailable:          0 kB
Buffers:            5420 kB
Cached:            62524 kB
SwapCached:            4 kB
Active:         16860244 kB
Inactive:       243975284 kB
Active(anon):   16817636 kB
Inactive(anon): 243960516 kB
Active(file):      42608 kB
Inactive(file):    14768 kB
Unevictable:       19116 kB
Mlocked:           19116 kB
SwapTotal:      41943024 kB
SwapFree:       34002160 kB
Dirty:                 0 kB
Writeback:             0 kB
AnonPages:      260788112 kB
Mapped:            42036 kB
Shmem:                12 kB
KReclaimable:      63764 kB
Slab:             241120 kB
SReclaimable:      63764 kB
SUnreclaim:       177356 kB
KernelStack:       12048 kB
PageTables:       531000 kB
NFS_Unstable:          0 kB
Bounce:                0 kB
WritebackTmp:          0 kB
CommitLimit:    173835800 kB
Committed_AS:    1394404 kB
VmallocTotal:   34359738367 kB
VmallocUsed:      519156 kB
VmallocChunk:          0 kB
Percpu:            33408 kB
HardwareCorrupted:     0 kB
AnonHugePages:         0 kB
ShmemHugePages:        0 kB
ShmemPmdMapped:        0 kB
FileHugePages:         0 kB
FilePmdMapped:         0 kB
HugePages_Total:       0
HugePages_Free:        0
HugePages_Rsvd:        0
HugePages_Surp:        0
Hugepagesize:       2048 kB
Hugetlb:               0 kB
DirectMap4k:      332464 kB
DirectMap2M:     5611520 kB
DirectMap1G:    264241152 kB
