MemTotal:       65705112 kB
MemFree:          630208 kB
MemAvailable:   64159048 kB
Buffers:           13132 kB
Cached:         62940224 kB
SwapCached:          244 kB
Active:           329468 kB
Inactive:       62770836 kB
Active(anon):     150832 kB
Inactive(anon):     2196 kB
Active(file):     178636 kB
Inactive(file): 62768640 kB
Unevictable:           0 kB
Mlocked:               0 kB
SwapTotal:      32970748 kB
SwapFree:       32966396 kB
Dirty:           4418920 kB
Writeback:             0 kB
AnonPages:        145992 kB
Mapped:           119176 kB
Shmem:              4976 kB
KReclaimable:    1308140 kB
Slab:            1517928 kB
SReclaimable:    1308140 kB
SUnreclaim:       209788 kB
KernelStack:        8592 kB
PageTables:         7368 kB
NFS_Unstable:          0 kB
Bounce:                0 kB
WritebackTmp:          0 kB
CommitLimit:    65823304 kB
Committed_AS:     691120 kB
VmallocTotal:   34359738367 kB
VmallocUsed:      158984 kB
VmallocChunk:          0 kB
Percpu:            19584 kB
HardwareCorrupted:     0 kB
AnonHugePages:      8192 kB
ShmemHugePages:        0 kB
ShmemPmdMapped:        0 kB
FileHugePages:         0 kB
FilePmdMapped:         0 kB
HugePages_Total:       0
HugePages_Free:        0
HugePages_Rsvd:        0
HugePages_Surp:        0
Hugepagesize:       2048 kB
Hugetlb:               0 kB
DirectMap4k:      487404 kB
DirectMap2M:     9863168 kB
DirectMap1G:    57671680 kB
