MemTotal:       263785552 kB
MemFree:         1151000 kB
MemAvailable:   257029476 kB
Buffers:           15448 kB
Cached:         256483984 kB
SwapCached:          476 kB
Active:          3638836 kB
Inactive:       252901444 kB
Active(anon):    3437576 kB
Inactive(anon):       64 kB
Active(file):     201260 kB
Inactive(file): 252901380 kB
Unevictable:       19116 kB
Mlocked:           19116 kB
SwapTotal:      67108860 kB
SwapFree:       67106300 kB
Dirty:            363464 kB
Writeback:             0 kB
AnonPages:         60188 kB
Mapped:          3489208 kB
Shmem:           3387408 kB
KReclaimable:    4624220 kB
Slab:            5193200 kB
SReclaimable:    4624220 kB
SUnreclaim:       568980 kB
KernelStack:        9136 kB
PageTables:        10696 kB
NFS_Unstable:          0 kB
Bounce:                0 kB
WritebackTmp:          0 kB
CommitLimit:    199001636 kB
Committed_AS:   162316844 kB
VmallocTotal:   34359738367 kB
VmallocUsed:      268336 kB
VmallocChunk:          0 kB
Percpu:            27840 kB
HardwareCorrupted:     0 kB
AnonHugePages:         0 kB
ShmemHugePages:        0 kB
ShmemPmdMapped:        0 kB
FileHugePages:         0 kB
FilePmdMapped:         0 kB
HugePages_Total:       0
HugePages_Free:        0
HugePages_Rsvd:        0
HugePages_Surp:        0
Hugepagesize:       2048 kB
Hugetlb:               0 kB
DirectMap4k:      248492 kB
DirectMap2M:     4646912 kB
DirectMap1G:    265289728 kB
