MemTotal:       65705120 kB
MemFree:        60221140 kB
MemAvailable:   59881892 kB
Buffers:           21924 kB
Cached:           180228 kB
SwapCached:            0 kB
Active:           116672 kB
Inactive:        4691416 kB
Active(anon):       1500 kB
Inactive(anon):  4613768 kB
Active(file):     115172 kB
Inactive(file):    77648 kB
Unevictable:           0 kB
Mlocked:               0 kB
SwapTotal:      32970748 kB
SwapFree:       32970748 kB
Dirty:               164 kB
Writeback:             0 kB
AnonPages:       4605076 kB
Mapped:            82656 kB
Shmem:              9320 kB
KReclaimable:      49112 kB
Slab:             163420 kB
SReclaimable:      49112 kB
SUnreclaim:       114308 kB
KernelStack:        8400 kB
PageTables:        17972 kB
NFS_Unstable:          0 kB
Bounce:                0 kB
WritebackTmp:          0 kB
CommitLimit:    65823308 kB
Committed_AS:   66731664 kB
VmallocTotal:   34359738367 kB
VmallocUsed:      164004 kB
VmallocChunk:          0 kB
Percpu:            20096 kB
HardwareCorrupted:     0 kB
AnonHugePages:   4423680 kB
ShmemHugePages:        0 kB
ShmemPmdMapped:        0 kB
FileHugePages:         0 kB
FilePmdMapped:         0 kB
HugePages_Total:       0
HugePages_Free:        0
HugePages_Rsvd:        0
HugePages_Surp:        0
Hugepagesize:       2048 kB
Hugetlb:               0 kB
DirectMap4k:      409580 kB
DirectMap2M:     8892416 kB
DirectMap1G:    58720256 kB
