MemTotal:       65705120 kB
MemFree:        64637060 kB
MemAvailable:   64365580 kB
Buffers:           27420 kB
Cached:           278388 kB
SwapCached:            0 kB
Active:            90440 kB
Inactive:         301960 kB
Active(anon):       1412 kB
Inactive(anon):    94100 kB
Active(file):      89028 kB
Inactive(file):   207860 kB
Unevictable:           0 kB
Mlocked:               0 kB
SwapTotal:      32970748 kB
SwapFree:       32970748 kB
Dirty:               204 kB
Writeback:             0 kB
AnonPages:         86428 kB
Mapped:            93388 kB
Shmem:              9296 kB
KReclaimable:      50052 kB
Slab:             150916 kB
SReclaimable:      50052 kB
SUnreclaim:       100864 kB
KernelStack:        8204 kB
PageTables:         7472 kB
NFS_Unstable:          0 kB
Bounce:                0 kB
WritebackTmp:          0 kB
CommitLimit:    65823308 kB
Committed_AS:     313280 kB
VmallocTotal:   34359738367 kB
VmallocUsed:      158688 kB
VmallocChunk:          0 kB
Percpu:            19456 kB
HardwareCorrupted:     0 kB
AnonHugePages:      8192 kB
ShmemHugePages:        0 kB
ShmemPmdMapped:        0 kB
FileHugePages:         0 kB
FilePmdMapped:         0 kB
HugePages_Total:       0
HugePages_Free:        0
HugePages_Rsvd:        0
HugePages_Surp:        0
Hugepagesize:       2048 kB
Hugetlb:               0 kB
DirectMap4k:      516076 kB
DirectMap2M:    11931648 kB
DirectMap1G:    55574528 kB
