MemTotal:       65705120 kB
MemFree:          647424 kB
MemAvailable:   64152440 kB
Buffers:           39900 kB
Cached:         62893672 kB
SwapCached:            0 kB
Active:           256352 kB
Inactive:       62824220 kB
Active(anon):       1516 kB
Inactive(anon):   154832 kB
Active(file):     254836 kB
Inactive(file): 62669388 kB
Unevictable:           0 kB
Mlocked:               0 kB
SwapTotal:      32970748 kB
SwapFree:       32970748 kB
Dirty:           4418912 kB
Writeback:             0 kB
AnonPages:        147276 kB
Mapped:           102520 kB
Shmem:              9300 kB
KReclaimable:    1307368 kB
Slab:            1516908 kB
SReclaimable:    1307368 kB
SUnreclaim:       209540 kB
KernelStack:        8576 kB
PageTables:         7448 kB
NFS_Unstable:          0 kB
Bounce:                0 kB
WritebackTmp:          0 kB
CommitLimit:    65823308 kB
Committed_AS:     689884 kB
VmallocTotal:   34359738367 kB
VmallocUsed:      159000 kB
VmallocChunk:          0 kB
Percpu:            19456 kB
HardwareCorrupted:     0 kB
AnonHugePages:     10240 kB
ShmemHugePages:        0 kB
ShmemPmdMapped:        0 kB
FileHugePages:         0 kB
FilePmdMapped:         0 kB
HugePages_Total:       0
HugePages_Free:        0
HugePages_Rsvd:        0
HugePages_Surp:        0
Hugepagesize:       2048 kB
Hugetlb:               0 kB
DirectMap4k:      548844 kB
DirectMap2M:     9801728 kB
DirectMap1G:    57671680 kB
