MemTotal:       65705120 kB
MemFree:        64632704 kB
MemAvailable:   64362180 kB
Buffers:           27844 kB
Cached:           280976 kB
SwapCached:            0 kB
Active:            90716 kB
Inactive:         303744 kB
Active(anon):       1420 kB
Inactive(anon):    95484 kB
Active(file):      89296 kB
Inactive(file):   208260 kB
Unevictable:           0 kB
Mlocked:               0 kB
SwapTotal:      32970748 kB
SwapFree:       32970748 kB
Dirty:               320 kB
Writeback:             0 kB
AnonPages:         87756 kB
Mapped:            92356 kB
Shmem:              9292 kB
KReclaimable:      50632 kB
Slab:             150840 kB
SReclaimable:      50632 kB
SUnreclaim:       100208 kB
KernelStack:        8144 kB
PageTables:         7216 kB
NFS_Unstable:          0 kB
Bounce:                0 kB
WritebackTmp:          0 kB
CommitLimit:    65823308 kB
Committed_AS:     313412 kB
VmallocTotal:   34359738367 kB
VmallocUsed:      158656 kB
VmallocChunk:          0 kB
Percpu:            19200 kB
HardwareCorrupted:     0 kB
AnonHugePages:      8192 kB
ShmemHugePages:        0 kB
ShmemPmdMapped:        0 kB
FileHugePages:         0 kB
FilePmdMapped:         0 kB
HugePages_Total:       0
HugePages_Free:        0
HugePages_Rsvd:        0
HugePages_Surp:        0
Hugepagesize:       2048 kB
Hugetlb:               0 kB
DirectMap4k:      520172 kB
DirectMap2M:    10878976 kB
DirectMap1G:    56623104 kB
