MemTotal:       263785560 kB
MemFree:         1195468 kB
MemAvailable:   257035212 kB
Buffers:           60488 kB
Cached:         256402872 kB
SwapCached:            0 kB
Active:           161184 kB
Inactive:       256342512 kB
Active(anon):       1556 kB
Inactive(anon):  3437500 kB
Active(file):     159628 kB
Inactive(file): 252905012 kB
Unevictable:       19116 kB
Mlocked:           19116 kB
SwapTotal:      67108860 kB
SwapFree:       67108860 kB
Dirty:            355112 kB
Writeback:             0 kB
AnonPages:         60044 kB
Mapped:          3473016 kB
Shmem:           3389420 kB
KReclaimable:    4623488 kB
Slab:            5189200 kB
SReclaimable:    4623488 kB
SUnreclaim:       565712 kB
KernelStack:        9008 kB
PageTables:        10632 kB
NFS_Unstable:          0 kB
Bounce:                0 kB
WritebackTmp:          0 kB
CommitLimit:    199001640 kB
Committed_AS:   162316964 kB
VmallocTotal:   34359738367 kB
VmallocUsed:      268208 kB
VmallocChunk:          0 kB
Percpu:            27648 kB
HardwareCorrupted:     0 kB
AnonHugePages:         0 kB
ShmemHugePages:        0 kB
ShmemPmdMapped:        0 kB
FileHugePages:         0 kB
FilePmdMapped:         0 kB
HugePages_Total:       0
HugePages_Free:        0
HugePages_Rsvd:        0
HugePages_Surp:        0
Hugepagesize:       2048 kB
Hugetlb:               0 kB
DirectMap4k:      256684 kB
DirectMap2M:     4638720 kB
DirectMap1G:    265289728 kB
