MemTotal:       65705112 kB
MemFree:        64632056 kB
MemAvailable:   64358752 kB
Buffers:           27180 kB
Cached:           278596 kB
SwapCached:            0 kB
Active:           196524 kB
Inactive:         194556 kB
Active(anon):      84516 kB
Inactive(anon):    11440 kB
Active(file):     112008 kB
Inactive(file):   183116 kB
Unevictable:         260 kB
Mlocked:               0 kB
SwapTotal:      32970748 kB
SwapFree:       32970748 kB
Dirty:               272 kB
Writeback:           496 kB
AnonPages:         86896 kB
Mapped:            92888 kB
Shmem:              9312 kB
KReclaimable:      49936 kB
Slab:             149456 kB
SReclaimable:      49936 kB
SUnreclaim:        99520 kB
KernelStack:        8044 kB
PageTables:         7964 kB
NFS_Unstable:          0 kB
Bounce:                0 kB
WritebackTmp:          0 kB
CommitLimit:    65823304 kB
Committed_AS:     313488 kB
VmallocTotal:   34359738367 kB
VmallocUsed:      158736 kB
VmallocChunk:          0 kB
Percpu:            19456 kB
HardwareCorrupted:     0 kB
AnonHugePages:      8192 kB
ShmemHugePages:        0 kB
ShmemPmdMapped:        0 kB
FileHugePages:         0 kB
FilePmdMapped:         0 kB
HugePages_Total:       0
HugePages_Free:        0
HugePages_Rsvd:        0
HugePages_Surp:        0
Hugepagesize:       2048 kB
Hugetlb:               0 kB
DirectMap4k:      487404 kB
DirectMap2M:     7766016 kB
DirectMap1G:    59768832 kB
