MemTotal:       263785564 kB
MemFree:         1119900 kB
MemAvailable:      73516 kB
Buffers:           19552 kB
Cached:           110052 kB
SwapCached:         4096 kB
Active:         13841064 kB
Inactive:       246727308 kB
Active(anon):   13761360 kB
Inactive(anon): 246689496 kB
Active(file):      79704 kB
Inactive(file):    37812 kB
Unevictable:       19140 kB
Mlocked:           19140 kB
SwapTotal:      41943024 kB
SwapFree:       33479408 kB
Dirty:                 0 kB
Writeback:             0 kB
AnonPages:      260463888 kB
Mapped:            63524 kB
Shmem:              2388 kB
KReclaimable:      71484 kB
Slab:             250260 kB
SReclaimable:      71484 kB
SUnreclaim:       178776 kB
KernelStack:       12192 kB
PageTables:       531712 kB
NFS_Unstable:          0 kB
Bounce:                0 kB
WritebackTmp:          0 kB
CommitLimit:    173835804 kB
Committed_AS:    1403272 kB
VmallocTotal:   34359738367 kB
VmallocUsed:      514360 kB
VmallocChunk:          0 kB
Percpu:            33792 kB
HardwareCorrupted:     0 kB
AnonHugePages:  192040960 kB
ShmemHugePages:        0 kB
ShmemPmdMapped:        0 kB
FileHugePages:         0 kB
FilePmdMapped:         0 kB
HugePages_Total:       0
HugePages_Free:        0
HugePages_Rsvd:        0
HugePages_Surp:        0
Hugepagesize:       2048 kB
Hugetlb:               0 kB
DirectMap4k:      289456 kB
DirectMap2M:     5654528 kB
DirectMap1G:    264241152 kB
