MemTotal:       65705120 kB
MemFree:          526572 kB
MemAvailable:     105088 kB
Buffers:            3728 kB
Cached:            20732 kB
SwapCached:          224 kB
Active:         43181608 kB
Inactive:       21014452 kB
Active(anon):   43168804 kB
Inactive(anon): 21003356 kB
Active(file):      12804 kB
Inactive(file):    11096 kB
Unevictable:           0 kB
Mlocked:               0 kB
SwapTotal:       8388604 kB
SwapFree:        5098340 kB
Dirty:                 0 kB
Writeback:             0 kB
AnonPages:      64176392 kB
Mapped:            15088 kB
Shmem:                 4 kB
KReclaimable:      53924 kB
Slab:             172588 kB
SReclaimable:      53924 kB
SUnreclaim:       118664 kB
KernelStack:        8412 kB
PageTables:       139032 kB
NFS_Unstable:          0 kB
Bounce:                0 kB
WritebackTmp:          0 kB
CommitLimit:    41241164 kB
Committed_AS:   67989696 kB
VmallocTotal:   34359738367 kB
VmallocUsed:      185764 kB
VmallocChunk:          0 kB
Percpu:            19584 kB
HardwareCorrupted:     0 kB
AnonHugePages:  37335040 kB
ShmemHugePages:        0 kB
ShmemPmdMapped:        0 kB
FileHugePages:         0 kB
FilePmdMapped:         0 kB
HugePages_Total:       0
HugePages_Free:        0
HugePages_Rsvd:        0
HugePages_Surp:        0
Hugepagesize:       2048 kB
Hugetlb:               0 kB
DirectMap4k:      452588 kB
DirectMap2M:     7800832 kB
DirectMap1G:    59768832 kB
