MemTotal:       65705112 kB
MemFree:        60546512 kB
MemAvailable:   60195920 kB
Buffers:            7400 kB
Cached:           171456 kB
SwapCached:            0 kB
Active:          4426588 kB
Inactive:          50540 kB
Active(anon):    4284880 kB
Inactive(anon):    22716 kB
Active(file):     141708 kB
Inactive(file):    27824 kB
Unevictable:           0 kB
Mlocked:               0 kB
SwapTotal:      32970748 kB
SwapFree:       32970748 kB
Dirty:               164 kB
Writeback:             0 kB
AnonPages:       4297396 kB
Mapped:           102048 kB
Shmem:              9316 kB
KReclaimable:      49696 kB
Slab:             167160 kB
SReclaimable:      49696 kB
SUnreclaim:       117464 kB
KernelStack:        8512 kB
PageTables:        15372 kB
NFS_Unstable:          0 kB
Bounce:                0 kB
WritebackTmp:          0 kB
CommitLimit:    65823304 kB
Committed_AS:   66755900 kB
VmallocTotal:   34359738367 kB
VmallocUsed:      164052 kB
VmallocChunk:          0 kB
Percpu:            19328 kB
HardwareCorrupted:     0 kB
AnonHugePages:   4169728 kB
ShmemHugePages:        0 kB
ShmemPmdMapped:        0 kB
FileHugePages:         0 kB
FilePmdMapped:         0 kB
HugePages_Total:       0
HugePages_Free:        0
HugePages_Rsvd:        0
HugePages_Surp:        0
Hugepagesize:       2048 kB
Hugetlb:               0 kB
DirectMap4k:      382956 kB
DirectMap2M:     8919040 kB
DirectMap1G:    58720256 kB
