MemTotal:       263785552 kB
MemFree:         1089660 kB
MemAvailable:   257045036 kB
Buffers:           15124 kB
Cached:         256559964 kB
SwapCached:          420 kB
Active:          3587080 kB
Inactive:       253028184 kB
Active(anon):    3436912 kB
Inactive(anon):      132 kB
Active(file):     150168 kB
Inactive(file): 253028052 kB
Unevictable:       19116 kB
Mlocked:           19116 kB
SwapTotal:      67108860 kB
SwapFree:       67106556 kB
Dirty:            358916 kB
Writeback:             0 kB
AnonPages:         59588 kB
Mapped:          3447900 kB
Shmem:           3387536 kB
KReclaimable:    4625376 kB
Slab:            5194324 kB
SReclaimable:    4625376 kB
SUnreclaim:       568948 kB
KernelStack:        9136 kB
PageTables:        10460 kB
NFS_Unstable:          0 kB
Bounce:                0 kB
WritebackTmp:          0 kB
CommitLimit:    199001636 kB
Committed_AS:   162312860 kB
VmallocTotal:   34359738367 kB
VmallocUsed:      268304 kB
VmallocChunk:          0 kB
Percpu:            27264 kB
HardwareCorrupted:     0 kB
AnonHugePages:         0 kB
ShmemHugePages:        0 kB
ShmemPmdMapped:        0 kB
FileHugePages:         0 kB
FilePmdMapped:         0 kB
HugePages_Total:       0
HugePages_Free:        0
HugePages_Rsvd:        0
HugePages_Surp:        0
Hugepagesize:       2048 kB
Hugetlb:               0 kB
DirectMap4k:      244396 kB
DirectMap2M:     4651008 kB
DirectMap1G:    265289728 kB
