MemTotal:       263785564 kB
MemFree:         3379376 kB
MemAvailable:    2343336 kB
Buffers:           20424 kB
Cached:           124352 kB
SwapCached:         2048 kB
Active:         36625704 kB
Inactive:       221435904 kB
Active(anon):   36559236 kB
Inactive(anon): 221368744 kB
Active(file):      66468 kB
Inactive(file):    67160 kB
Unevictable:       19140 kB
Mlocked:           19140 kB
SwapTotal:      41943024 kB
SwapFree:       30958816 kB
Dirty:                 0 kB
Writeback:             0 kB
AnonPages:      257934984 kB
Mapped:            76348 kB
Shmem:              2392 kB
KReclaimable:      75748 kB
Slab:             259672 kB
SReclaimable:      75748 kB
SUnreclaim:       183924 kB
KernelStack:       12096 kB
PageTables:       531508 kB
NFS_Unstable:          0 kB
Bounce:                0 kB
WritebackTmp:          0 kB
CommitLimit:    173835804 kB
Committed_AS:    1402108 kB
VmallocTotal:   34359738367 kB
VmallocUsed:      514232 kB
VmallocChunk:          0 kB
Percpu:            33984 kB
HardwareCorrupted:     0 kB
AnonHugePages:  189669376 kB
ShmemHugePages:        0 kB
ShmemPmdMapped:        0 kB
FileHugePages:         0 kB
FilePmdMapped:         0 kB
HugePages_Total:       0
HugePages_Free:        0
HugePages_Rsvd:        0
HugePages_Surp:        0
Hugepagesize:       2048 kB
Hugetlb:               0 kB
DirectMap4k:      324272 kB
DirectMap2M:     5619712 kB
DirectMap1G:    264241152 kB
