MemTotal:       263785564 kB
MemFree:         1556924 kB
MemAvailable:     514864 kB
Buffers:           20580 kB
Cached:           114400 kB
SwapCached:            0 kB
Active:         42180888 kB
Inactive:       217660884 kB
Active(anon):   42118908 kB
Inactive(anon): 217599092 kB
Active(file):      61980 kB
Inactive(file):    61792 kB
Unevictable:       19140 kB
Mlocked:           19140 kB
SwapTotal:      41943024 kB
SwapFree:       32752112 kB
Dirty:                 4 kB
Writeback:             0 kB
AnonPages:      259724960 kB
Mapped:            73960 kB
Shmem:              2392 kB
KReclaimable:      72872 kB
Slab:             255460 kB
SReclaimable:      72872 kB
SUnreclaim:       182588 kB
KernelStack:       12032 kB
PageTables:       531172 kB
NFS_Unstable:          0 kB
Bounce:                0 kB
WritebackTmp:          0 kB
CommitLimit:    173835804 kB
Committed_AS:    1393032 kB
VmallocTotal:   34359738367 kB
VmallocUsed:      514344 kB
VmallocChunk:          0 kB
Percpu:            33792 kB
HardwareCorrupted:     0 kB
AnonHugePages:  191215616 kB
ShmemHugePages:        0 kB
ShmemPmdMapped:        0 kB
FileHugePages:         0 kB
FilePmdMapped:         0 kB
HugePages_Total:       0
HugePages_Free:        0
HugePages_Rsvd:        0
HugePages_Surp:        0
Hugepagesize:       2048 kB
Hugetlb:               0 kB
DirectMap4k:      316080 kB
DirectMap2M:     5627904 kB
DirectMap1G:    264241152 kB
