MemTotal:       263785564 kB
MemFree:         1219888 kB
MemAvailable:   199102024 kB
Buffers:          410388 kB
Cached:         196084684 kB
SwapCached:            0 kB
Active:           597952 kB
Inactive:       201983908 kB
Active(anon):       1748 kB
Inactive(anon):  6117988 kB
Active(file):     596204 kB
Inactive(file): 195865920 kB
Unevictable:    55311060 kB
Mlocked:        55311060 kB
SwapTotal:      33554428 kB
SwapFree:       33553660 kB
Dirty:            845080 kB
Writeback:             0 kB
AnonPages:      61398780 kB
Mapped:          5718664 kB
Shmem:              2316 kB
KReclaimable:    3284780 kB
Slab:            3860460 kB
SReclaimable:    3284780 kB
SUnreclaim:       575680 kB
KernelStack:       12288 kB
PageTables:       133836 kB
NFS_Unstable:          0 kB
Bounce:                0 kB
WritebackTmp:          0 kB
CommitLimit:    165447208 kB
Committed_AS:   64800492 kB
VmallocTotal:   34359738367 kB
VmallocUsed:      263860 kB
VmallocChunk:          0 kB
Percpu:            30720 kB
HardwareCorrupted:     0 kB
AnonHugePages:         0 kB
ShmemHugePages:        0 kB
ShmemPmdMapped:        0 kB
FileHugePages:         0 kB
FilePmdMapped:         0 kB
HugePages_Total:       0
HugePages_Free:        0
HugePages_Rsvd:        0
HugePages_Surp:        0
Hugepagesize:       2048 kB
Hugetlb:               0 kB
DirectMap4k:      256688 kB
DirectMap2M:     4638720 kB
DirectMap1G:    265289728 kB
