MemTotal:       65705120 kB
MemFree:        61634724 kB
MemAvailable:   61296132 kB
Buffers:           21888 kB
Cached:           180324 kB
SwapCached:            0 kB
Active:           117008 kB
Inactive:        3280360 kB
Active(anon):       1516 kB
Inactive(anon):  3202964 kB
Active(file):     115492 kB
Inactive(file):    77396 kB
Unevictable:           0 kB
Mlocked:               0 kB
SwapTotal:      32970748 kB
SwapFree:       32970748 kB
Dirty:               152 kB
Writeback:             0 kB
AnonPages:       3194248 kB
Mapped:            83088 kB
Shmem:              9320 kB
KReclaimable:      50360 kB
Slab:             170380 kB
SReclaimable:      50360 kB
SUnreclaim:       120020 kB
KernelStack:        8416 kB
PageTables:        12952 kB
NFS_Unstable:          0 kB
Bounce:                0 kB
WritebackTmp:          0 kB
CommitLimit:    65823308 kB
Committed_AS:   66731648 kB
VmallocTotal:   34359738367 kB
VmallocUsed:      164036 kB
VmallocChunk:          0 kB
Percpu:            19968 kB
HardwareCorrupted:     0 kB
AnonHugePages:   3063808 kB
ShmemHugePages:        0 kB
ShmemPmdMapped:        0 kB
FileHugePages:         0 kB
FilePmdMapped:         0 kB
HugePages_Total:       0
HugePages_Free:        0
HugePages_Rsvd:        0
HugePages_Surp:        0
Hugepagesize:       2048 kB
Hugetlb:               0 kB
DirectMap4k:      436204 kB
DirectMap2M:     7817216 kB
DirectMap1G:    59768832 kB
