MemTotal:       263785560 kB
MemFree:         1236788 kB
MemAvailable:   256987076 kB
Buffers:           60656 kB
Cached:         256313488 kB
SwapCached:            0 kB
Active:           154064 kB
Inactive:       256259748 kB
Active(anon):       1720 kB
Inactive(anon):  3436668 kB
Active(file):     152344 kB
Inactive(file): 252823080 kB
Unevictable:       19116 kB
Mlocked:           19116 kB
SwapTotal:      67108860 kB
SwapFree:       67108860 kB
Dirty:            352956 kB
Writeback:             0 kB
AnonPages:         59464 kB
Mapped:          3438924 kB
Shmem:           3389420 kB
KReclaimable:    4623248 kB
Slab:            5190824 kB
SReclaimable:    4623248 kB
SUnreclaim:       567576 kB
KernelStack:        9152 kB
PageTables:        10456 kB
NFS_Unstable:          0 kB
Bounce:                0 kB
WritebackTmp:          0 kB
CommitLimit:    199001640 kB
Committed_AS:   162316936 kB
VmallocTotal:   34359738367 kB
VmallocUsed:      268336 kB
VmallocChunk:          0 kB
Percpu:            27840 kB
HardwareCorrupted:     0 kB
AnonHugePages:         0 kB
ShmemHugePages:        0 kB
ShmemPmdMapped:        0 kB
FileHugePages:         0 kB
FilePmdMapped:         0 kB
HugePages_Total:       0
HugePages_Free:        0
HugePages_Rsvd:        0
HugePages_Surp:        0
Hugepagesize:       2048 kB
Hugetlb:               0 kB
DirectMap4k:      271020 kB
DirectMap2M:     5672960 kB
DirectMap1G:    264241152 kB
