MemTotal:       263785552 kB
MemFree:        262307408 kB
MemAvailable:   261340728 kB
Buffers:           64888 kB
Cached:           243876 kB
SwapCached:            0 kB
Active:           245440 kB
Inactive:         182052 kB
Active(anon):     128080 kB
Inactive(anon):     2156 kB
Active(file):     117360 kB
Inactive(file):   179896 kB
Unevictable:       19116 kB
Mlocked:           19116 kB
SwapTotal:             0 kB
SwapFree:              0 kB
Dirty:              4484 kB
Writeback:             0 kB
AnonPages:        138980 kB
Mapped:            81732 kB
Shmem:              2068 kB
KReclaimable:      50888 kB
Slab:             184456 kB
SReclaimable:      50888 kB
SUnreclaim:       133568 kB
KernelStack:       12096 kB
PageTables:         9896 kB
NFS_Unstable:          0 kB
Bounce:                0 kB
WritebackTmp:          0 kB
CommitLimit:    131892776 kB
Committed_AS:     552656 kB
VmallocTotal:   34359738367 kB
VmallocUsed:      254472 kB
VmallocChunk:          0 kB
Percpu:            26688 kB
HardwareCorrupted:     0 kB
AnonHugePages:         0 kB
ShmemHugePages:        0 kB
ShmemPmdMapped:        0 kB
FileHugePages:         0 kB
FilePmdMapped:         0 kB
HugePages_Total:       0
HugePages_Free:        0
HugePages_Rsvd:        0
HugePages_Surp:        0
Hugepagesize:       2048 kB
Hugetlb:               0 kB
DirectMap4k:      258732 kB
DirectMap2M:     4636672 kB
DirectMap1G:    265289728 kB
