MemTotal:       263785560 kB
MemFree:        262220448 kB
MemAvailable:   261250852 kB
Buffers:           65960 kB
Cached:           236412 kB
SwapCached:            0 kB
Active:           115840 kB
Inactive:         344232 kB
Active(anon):        596 kB
Inactive(anon):   167988 kB
Active(file):     115244 kB
Inactive(file):   176244 kB
Unevictable:       19116 kB
Mlocked:           19116 kB
SwapTotal:      67108860 kB
SwapFree:       67108860 kB
Dirty:              4076 kB
Writeback:             0 kB
AnonPages:        177040 kB
Mapped:            71576 kB
Shmem:              2068 kB
KReclaimable:      50820 kB
Slab:             187348 kB
SReclaimable:      50820 kB
SUnreclaim:       136528 kB
KernelStack:       12048 kB
PageTables:         9876 kB
NFS_Unstable:          0 kB
Bounce:                0 kB
WritebackTmp:          0 kB
CommitLimit:    199001640 kB
Committed_AS:     554124 kB
VmallocTotal:   34359738367 kB
VmallocUsed:      271004 kB
VmallocChunk:          0 kB
Percpu:            26880 kB
HardwareCorrupted:     0 kB
AnonHugePages:         0 kB
ShmemHugePages:        0 kB
ShmemPmdMapped:        0 kB
FileHugePages:         0 kB
FilePmdMapped:         0 kB
HugePages_Total:       0
HugePages_Free:        0
HugePages_Rsvd:        0
HugePages_Surp:        0
Hugepagesize:       2048 kB
Hugetlb:               0 kB
DirectMap4k:      268972 kB
DirectMap2M:     4626432 kB
DirectMap1G:    265289728 kB
