MemTotal:       65705120 kB
MemFree:        64630116 kB
MemAvailable:   64364520 kB
Buffers:           27424 kB
Cached:           285540 kB
SwapCached:            0 kB
Active:            90808 kB
Inactive:         306416 kB
Active(anon):       1460 kB
Inactive(anon):    93188 kB
Active(file):      89348 kB
Inactive(file):   213228 kB
Unevictable:           0 kB
Mlocked:               0 kB
SwapTotal:      32970748 kB
SwapFree:       32970748 kB
Dirty:               280 kB
Writeback:             8 kB
AnonPages:         85052 kB
Mapped:            95916 kB
Shmem:              9304 kB
KReclaimable:      50448 kB
Slab:             150548 kB
SReclaimable:      50448 kB
SUnreclaim:       100100 kB
KernelStack:        8112 kB
PageTables:         7020 kB
NFS_Unstable:          0 kB
Bounce:                0 kB
WritebackTmp:          0 kB
CommitLimit:    65823308 kB
Committed_AS:     539868 kB
VmallocTotal:   34359738367 kB
VmallocUsed:      158848 kB
VmallocChunk:          0 kB
Percpu:            19456 kB
HardwareCorrupted:     0 kB
AnonHugePages:      2048 kB
ShmemHugePages:        0 kB
ShmemPmdMapped:        0 kB
FileHugePages:         0 kB
FilePmdMapped:         0 kB
HugePages_Total:       0
HugePages_Free:        0
HugePages_Rsvd:        0
HugePages_Surp:        0
Hugepagesize:       2048 kB
Hugetlb:               0 kB
DirectMap4k:      477164 kB
DirectMap2M:     8824832 kB
DirectMap1G:    58720256 kB
