MemTotal:       263785556 kB
MemFree:         1164264 kB
MemAvailable:   199137044 kB
Buffers:          162880 kB
Cached:         196431564 kB
SwapCached:            0 kB
Active:         15409852 kB
Inactive:       187322876 kB
Active(anon):    6170312 kB
Inactive(anon):     2964 kB
Active(file):    9239540 kB
Inactive(file): 187319912 kB
Unevictable:    55308936 kB
Mlocked:        55308936 kB
SwapTotal:             0 kB
SwapFree:              0 kB
Dirty:            811564 kB
Writeback:             0 kB
AnonPages:      61447288 kB
Mapped:          5819348 kB
Shmem:              2344 kB
KReclaimable:    3273836 kB
Slab:            3798540 kB
SReclaimable:    3273836 kB
SUnreclaim:       524704 kB
KernelStack:       12448 kB
PageTables:       134604 kB
NFS_Unstable:          0 kB
Bounce:                0 kB
WritebackTmp:          0 kB
CommitLimit:    131892776 kB
Committed_AS:   65063452 kB
VmallocTotal:   34359738367 kB
VmallocUsed:      255804 kB
VmallocChunk:          0 kB
Percpu:            30336 kB
HardwareCorrupted:     0 kB
AnonHugePages:         0 kB
ShmemHugePages:        0 kB
ShmemPmdMapped:        0 kB
FileHugePages:         0 kB
FilePmdMapped:         0 kB
HugePages_Total:       0
HugePages_Free:        0
HugePages_Rsvd:        0
HugePages_Surp:        0
Hugepagesize:       2048 kB
Hugetlb:               0 kB
DirectMap4k:      289456 kB
DirectMap2M:     7751680 kB
DirectMap1G:    262144000 kB
