MemTotal:       263785560 kB
MemFree:        262223700 kB
MemAvailable:   261276348 kB
Buffers:           64196 kB
Cached:           282920 kB
SwapCached:            0 kB
Active:           112956 kB
Inactive:         369036 kB
Active(anon):        576 kB
Inactive(anon):   145196 kB
Active(file):     112380 kB
Inactive(file):   223840 kB
Unevictable:       19116 kB
Mlocked:           19116 kB
SwapTotal:      67108860 kB
SwapFree:       67108860 kB
Dirty:              5472 kB
Writeback:             0 kB
AnonPages:        154308 kB
Mapped:           114324 kB
Shmem:              2048 kB
KReclaimable:      50572 kB
Slab:             189588 kB
SReclaimable:      50572 kB
SUnreclaim:       139016 kB
KernelStack:       11968 kB
PageTables:         9444 kB
NFS_Unstable:          0 kB
Bounce:                0 kB
WritebackTmp:          0 kB
CommitLimit:    199001640 kB
Committed_AS:     499324 kB
VmallocTotal:   34359738367 kB
VmallocUsed:      271048 kB
VmallocChunk:          0 kB
Percpu:            27072 kB
HardwareCorrupted:     0 kB
AnonHugePages:         0 kB
ShmemHugePages:        0 kB
ShmemPmdMapped:        0 kB
FileHugePages:         0 kB
FilePmdMapped:         0 kB
HugePages_Total:       0
HugePages_Free:        0
HugePages_Rsvd:        0
HugePages_Surp:        0
Hugepagesize:       2048 kB
Hugetlb:               0 kB
DirectMap4k:      252588 kB
DirectMap2M:     4642816 kB
DirectMap1G:    265289728 kB
