MemTotal:       263785552 kB
MemFree:        262195944 kB
MemAvailable:   261260488 kB
Buffers:           65032 kB
Cached:           305380 kB
SwapCached:            0 kB
Active:           321184 kB
Inactive:         182560 kB
Active(anon):     142096 kB
Inactive(anon):     2124 kB
Active(file):     179088 kB
Inactive(file):   180436 kB
Unevictable:       19116 kB
Mlocked:           19116 kB
SwapTotal:      67108860 kB
SwapFree:       67108860 kB
Dirty:              6216 kB
Writeback:             0 kB
AnonPages:        152360 kB
Mapped:           129348 kB
Shmem:              2056 kB
KReclaimable:      50748 kB
Slab:             187628 kB
SReclaimable:      50748 kB
SUnreclaim:       136880 kB
KernelStack:       12128 kB
PageTables:         9808 kB
NFS_Unstable:          0 kB
Bounce:                0 kB
WritebackTmp:          0 kB
CommitLimit:    199001636 kB
Committed_AS:     539344 kB
VmallocTotal:   34359738367 kB
VmallocUsed:      271144 kB
VmallocChunk:          0 kB
Percpu:            26880 kB
HardwareCorrupted:     0 kB
AnonHugePages:         0 kB
ShmemHugePages:        0 kB
ShmemPmdMapped:        0 kB
FileHugePages:         0 kB
FilePmdMapped:         0 kB
HugePages_Total:       0
HugePages_Free:        0
HugePages_Rsvd:        0
HugePages_Surp:        0
Hugepagesize:       2048 kB
Hugetlb:               0 kB
DirectMap4k:      230060 kB
DirectMap2M:     4665344 kB
DirectMap1G:    265289728 kB
