MemTotal:       65705120 kB
MemFree:         1015884 kB
MemAvailable:     588428 kB
Buffers:            3452 kB
Cached:            14924 kB
SwapCached:           12 kB
Active:         63639752 kB
Inactive:          56120 kB
Active(anon):   63629368 kB
Inactive(anon):    49672 kB
Active(file):      10384 kB
Inactive(file):     6448 kB
Unevictable:           0 kB
Mlocked:               0 kB
SwapTotal:       8388604 kB
SwapFree:        4593916 kB
Dirty:                 0 kB
Writeback:             0 kB
AnonPages:      63681792 kB
Mapped:            12336 kB
Shmem:                 4 kB
KReclaimable:      49056 kB
Slab:             163980 kB
SReclaimable:      49056 kB
SUnreclaim:       114924 kB
KernelStack:        8620 kB
PageTables:       139068 kB
NFS_Unstable:          0 kB
Bounce:                0 kB
WritebackTmp:          0 kB
CommitLimit:    41241164 kB
Committed_AS:   67989280 kB
VmallocTotal:   34359738367 kB
VmallocUsed:      191264 kB
VmallocChunk:          0 kB
Percpu:            19712 kB
HardwareCorrupted:     0 kB
AnonHugePages:  60610560 kB
ShmemHugePages:        0 kB
ShmemPmdMapped:        0 kB
FileHugePages:         0 kB
FilePmdMapped:         0 kB
HugePages_Total:       0
HugePages_Free:        0
HugePages_Rsvd:        0
HugePages_Surp:        0
Hugepagesize:       2048 kB
Hugetlb:               0 kB
DirectMap4k:      491500 kB
DirectMap2M:    10907648 kB
DirectMap1G:    56623104 kB
