MemTotal:       263785560 kB
MemFree:        262242868 kB
MemAvailable:   261267344 kB
Buffers:           61344 kB
Cached:           230168 kB
SwapCached:            0 kB
Active:           113280 kB
Inactive:         305196 kB
Active(anon):        568 kB
Inactive(anon):   137300 kB
Active(file):     112712 kB
Inactive(file):   167896 kB
Unevictable:       19116 kB
Mlocked:           19116 kB
SwapTotal:      67108860 kB
SwapFree:       67108860 kB
Dirty:              3636 kB
Writeback:             0 kB
AnonPages:        146308 kB
Mapped:            66312 kB
Shmem:              2060 kB
KReclaimable:      49848 kB
Slab:             185948 kB
SReclaimable:      49848 kB
SUnreclaim:       136100 kB
KernelStack:       12016 kB
PageTables:         9144 kB
NFS_Unstable:          0 kB
Bounce:                0 kB
WritebackTmp:          0 kB
CommitLimit:    199001640 kB
Committed_AS:     520288 kB
VmallocTotal:   34359738367 kB
VmallocUsed:      271016 kB
VmallocChunk:          0 kB
Percpu:            26880 kB
HardwareCorrupted:     0 kB
AnonHugePages:         0 kB
ShmemHugePages:        0 kB
ShmemPmdMapped:        0 kB
FileHugePages:         0 kB
FilePmdMapped:         0 kB
HugePages_Total:       0
HugePages_Free:        0
HugePages_Rsvd:        0
HugePages_Surp:        0
Hugepagesize:       2048 kB
Hugetlb:               0 kB
DirectMap4k:      254636 kB
DirectMap2M:     4640768 kB
DirectMap1G:    265289728 kB
