MemTotal:       263785552 kB
MemFree:         1262184 kB
MemAvailable:   257845192 kB
Buffers:           12364 kB
Cached:         256440740 kB
SwapCached:            0 kB
Active:          2818004 kB
Inactive:       253674900 kB
Active(anon):    2692308 kB
Inactive(anon):      260 kB
Active(file):     125696 kB
Inactive(file): 253674640 kB
Unevictable:       19116 kB
Mlocked:           19116 kB
SwapTotal:             0 kB
SwapFree:              0 kB
Dirty:            354472 kB
Writeback:             0 kB
AnonPages:         59760 kB
Mapped:          2695748 kB
Shmem:           2643436 kB
KReclaimable:    4630892 kB
Slab:            5198588 kB
SReclaimable:    4630892 kB
SUnreclaim:       567696 kB
KernelStack:        9152 kB
PageTables:         8764 kB
NFS_Unstable:          0 kB
Bounce:                0 kB
WritebackTmp:          0 kB
CommitLimit:    131892776 kB
Committed_AS:   130036804 kB
VmallocTotal:   34359738367 kB
VmallocUsed:      251808 kB
VmallocChunk:          0 kB
Percpu:            27264 kB
HardwareCorrupted:     0 kB
AnonHugePages:         0 kB
ShmemHugePages:        0 kB
ShmemPmdMapped:        0 kB
FileHugePages:         0 kB
FilePmdMapped:         0 kB
HugePages_Total:       0
HugePages_Free:        0
HugePages_Rsvd:        0
HugePages_Surp:        0
Hugepagesize:       2048 kB
Hugetlb:               0 kB
DirectMap4k:      234156 kB
DirectMap2M:     4661248 kB
DirectMap1G:    265289728 kB
