MemTotal:       65705112 kB
MemFree:        60556744 kB
MemAvailable:   60219880 kB
Buffers:           23480 kB
Cached:           183436 kB
SwapCached:            0 kB
Active:           121976 kB
Inactive:        4346968 kB
Active(anon):       1536 kB
Inactive(anon):  4269828 kB
Active(file):     120440 kB
Inactive(file):    77140 kB
Unevictable:           0 kB
Mlocked:               0 kB
SwapTotal:      32970748 kB
SwapFree:       32970748 kB
Dirty:                64 kB
Writeback:             0 kB
AnonPages:       4261592 kB
Mapped:            82780 kB
Shmem:              9320 kB
KReclaimable:      49488 kB
Slab:             166564 kB
SReclaimable:      49488 kB
SUnreclaim:       117076 kB
KernelStack:        8416 kB
PageTables:        15472 kB
NFS_Unstable:          0 kB
Bounce:                0 kB
WritebackTmp:          0 kB
CommitLimit:    65823304 kB
Committed_AS:   66731424 kB
VmallocTotal:   34359738367 kB
VmallocUsed:      164020 kB
VmallocChunk:          0 kB
Percpu:            20096 kB
HardwareCorrupted:     0 kB
AnonHugePages:   4126720 kB
ShmemHugePages:        0 kB
ShmemPmdMapped:        0 kB
FileHugePages:         0 kB
FilePmdMapped:         0 kB
HugePages_Total:       0
HugePages_Free:        0
HugePages_Rsvd:        0
HugePages_Surp:        0
Hugepagesize:       2048 kB
Hugetlb:               0 kB
DirectMap4k:      413676 kB
DirectMap2M:    12034048 kB
DirectMap1G:    55574528 kB
