MemTotal:       65705120 kB
MemFree:         1913368 kB
MemAvailable:    1488592 kB
Buffers:            3416 kB
Cached:            18200 kB
SwapCached:           28 kB
Active:         53437604 kB
Inactive:        9244284 kB
Active(anon):   53425632 kB
Inactive(anon):  9239360 kB
Active(file):      11972 kB
Inactive(file):     4924 kB
Unevictable:           0 kB
Mlocked:               0 kB
SwapTotal:       8388604 kB
SwapFree:        3598140 kB
Dirty:                 0 kB
Writeback:             0 kB
AnonPages:      62661284 kB
Mapped:            13844 kB
Shmem:              3560 kB
KReclaimable:      53984 kB
Slab:             172644 kB
SReclaimable:      53984 kB
SUnreclaim:       118660 kB
KernelStack:        8588 kB
PageTables:       140960 kB
NFS_Unstable:          0 kB
Bounce:                0 kB
WritebackTmp:          0 kB
CommitLimit:    41241164 kB
Committed_AS:    3918396 kB
VmallocTotal:   34359738367 kB
VmallocUsed:      191184 kB
VmallocChunk:          0 kB
Percpu:            20096 kB
HardwareCorrupted:     0 kB
AnonHugePages:      2048 kB
ShmemHugePages:        0 kB
ShmemPmdMapped:        0 kB
FileHugePages:         0 kB
FilePmdMapped:         0 kB
HugePages_Total:       0
HugePages_Free:        0
HugePages_Rsvd:        0
HugePages_Surp:        0
Hugepagesize:       2048 kB
Hugetlb:               0 kB
DirectMap4k:      350188 kB
DirectMap2M:     8951808 kB
DirectMap1G:    58720256 kB
