MemTotal:       65705112 kB
MemFree:        60811720 kB
MemAvailable:   60459448 kB
Buffers:            6796 kB
Cached:           169588 kB
SwapCached:            0 kB
Active:          4187380 kB
Inactive:          38248 kB
Active(anon):    4046076 kB
Inactive(anon):    12488 kB
Active(file):     141304 kB
Inactive(file):    25760 kB
Unevictable:           0 kB
Mlocked:               0 kB
SwapTotal:      32970748 kB
SwapFree:       32970748 kB
Dirty:                80 kB
Writeback:             4 kB
AnonPages:       4048652 kB
Mapped:           101524 kB
Shmem:              9316 kB
KReclaimable:      48804 kB
Slab:             164744 kB
SReclaimable:      48804 kB
SUnreclaim:       115940 kB
KernelStack:        8252 kB
PageTables:        13856 kB
NFS_Unstable:          0 kB
Bounce:                0 kB
WritebackTmp:          0 kB
CommitLimit:    65823304 kB
Committed_AS:   56122992 kB
VmallocTotal:   34359738367 kB
VmallocUsed:      163828 kB
VmallocChunk:          0 kB
Percpu:            19584 kB
HardwareCorrupted:     0 kB
AnonHugePages:   3917824 kB
ShmemHugePages:        0 kB
ShmemPmdMapped:        0 kB
FileHugePages:         0 kB
FilePmdMapped:         0 kB
HugePages_Total:       0
HugePages_Free:        0
HugePages_Rsvd:        0
HugePages_Surp:        0
Hugepagesize:       2048 kB
Hugetlb:               0 kB
DirectMap4k:      374764 kB
DirectMap2M:     8927232 kB
DirectMap1G:    58720256 kB
