MemTotal:       263785560 kB
MemFree:        262334132 kB
MemAvailable:   261308592 kB
Buffers:           23532 kB
Cached:           168744 kB
SwapCached:            0 kB
Active:            71276 kB
Inactive:         268164 kB
Active(anon):        508 kB
Inactive(anon):   158020 kB
Active(file):      70768 kB
Inactive(file):   110144 kB
Unevictable:       19116 kB
Mlocked:           19116 kB
SwapTotal:      67108860 kB
SwapFree:       67108860 kB
Dirty:              4152 kB
Writeback:             0 kB
AnonPages:        166384 kB
Mapped:            88108 kB
Shmem:              2012 kB
KReclaimable:      49196 kB
Slab:             185152 kB
SReclaimable:      49196 kB
SUnreclaim:       135956 kB
KernelStack:       11936 kB
PageTables:         9624 kB
NFS_Unstable:          0 kB
Bounce:                0 kB
WritebackTmp:          0 kB
CommitLimit:    199001640 kB
Committed_AS:     543204 kB
VmallocTotal:   34359738367 kB
VmallocUsed:      270972 kB
VmallocChunk:          0 kB
Percpu:            26880 kB
HardwareCorrupted:     0 kB
AnonHugePages:         0 kB
ShmemHugePages:        0 kB
ShmemPmdMapped:        0 kB
FileHugePages:         0 kB
FilePmdMapped:         0 kB
HugePages_Total:       0
HugePages_Free:        0
HugePages_Rsvd:        0
HugePages_Surp:        0
Hugepagesize:       2048 kB
Hugetlb:               0 kB
DirectMap4k:      273068 kB
DirectMap2M:     4622336 kB
DirectMap1G:    265289728 kB
