MemTotal:       263785556 kB
MemFree:         1129916 kB
MemAvailable:   199229236 kB
Buffers:          184320 kB
Cached:         196527988 kB
SwapCached:          480 kB
Active:         15163088 kB
Inactive:       187588320 kB
Active(anon):    6071716 kB
Inactive(anon):      124 kB
Active(file):    9091372 kB
Inactive(file): 187588196 kB
Unevictable:    55306652 kB
Mlocked:        55306652 kB
SwapTotal:      33554428 kB
SwapFree:       33551868 kB
Dirty:            810844 kB
Writeback:             0 kB
AnonPages:      61345288 kB
Mapped:          5609468 kB
Shmem:               144 kB
KReclaimable:    3276328 kB
Slab:            3804588 kB
SReclaimable:    3276328 kB
SUnreclaim:       528260 kB
KernelStack:       12448 kB
PageTables:       133584 kB
NFS_Unstable:          0 kB
Bounce:                0 kB
WritebackTmp:          0 kB
CommitLimit:    165447204 kB
Committed_AS:   64942264 kB
VmallocTotal:   34359738367 kB
VmallocUsed:      264204 kB
VmallocChunk:          0 kB
Percpu:            30912 kB
HardwareCorrupted:     0 kB
AnonHugePages:         0 kB
ShmemHugePages:        0 kB
ShmemPmdMapped:        0 kB
FileHugePages:         0 kB
FilePmdMapped:         0 kB
HugePages_Total:       0
HugePages_Free:        0
HugePages_Rsvd:        0
HugePages_Surp:        0
Hugepagesize:       2048 kB
Hugetlb:               0 kB
DirectMap4k:      287408 kB
DirectMap2M:     8802304 kB
DirectMap1G:    261095424 kB
