MemTotal:       65705112 kB
MemFree:          584364 kB
MemAvailable:   64158240 kB
Buffers:           11784 kB
Cached:         62985244 kB
SwapCached:          236 kB
Active:           330328 kB
Inactive:       62811836 kB
Active(anon):     151044 kB
Inactive(anon):      144 kB
Active(file):     179284 kB
Inactive(file): 62811692 kB
Unevictable:           0 kB
Mlocked:               0 kB
SwapTotal:      32970748 kB
SwapFree:       32966396 kB
Dirty:           4419300 kB
Writeback:             0 kB
AnonPages:        146160 kB
Mapped:           120292 kB
Shmem:              4976 kB
KReclaimable:    1309476 kB
Slab:            1519532 kB
SReclaimable:    1309476 kB
SUnreclaim:       210056 kB
KernelStack:        8576 kB
PageTables:         7440 kB
NFS_Unstable:          0 kB
Bounce:                0 kB
WritebackTmp:          0 kB
CommitLimit:    65823304 kB
Committed_AS:     693916 kB
VmallocTotal:   34359738367 kB
VmallocUsed:      158952 kB
VmallocChunk:          0 kB
Percpu:            19456 kB
HardwareCorrupted:     0 kB
AnonHugePages:      8192 kB
ShmemHugePages:        0 kB
ShmemPmdMapped:        0 kB
FileHugePages:         0 kB
FilePmdMapped:         0 kB
HugePages_Total:       0
HugePages_Free:        0
HugePages_Rsvd:        0
HugePages_Surp:        0
Hugepagesize:       2048 kB
Hugetlb:               0 kB
DirectMap4k:      522220 kB
DirectMap2M:     7731200 kB
DirectMap1G:    59768832 kB
