MemTotal:       263785560 kB
MemFree:        262295380 kB
MemAvailable:   261334444 kB
Buffers:           65176 kB
Cached:           253664 kB
SwapCached:            0 kB
Active:           115020 kB
Inactive:         331700 kB
Active(anon):        552 kB
Inactive(anon):   137764 kB
Active(file):     114468 kB
Inactive(file):   193936 kB
Unevictable:       19116 kB
Mlocked:           19116 kB
SwapTotal:             0 kB
SwapFree:              0 kB
Dirty:              4796 kB
Writeback:             0 kB
AnonPages:        146932 kB
Mapped:            89444 kB
Shmem:              2052 kB
KReclaimable:      50908 kB
Slab:             183408 kB
SReclaimable:      50908 kB
SUnreclaim:       132500 kB
KernelStack:       12128 kB
PageTables:         9300 kB
NFS_Unstable:          0 kB
Bounce:                0 kB
WritebackTmp:          0 kB
CommitLimit:    131892780 kB
Committed_AS:     549660 kB
VmallocTotal:   34359738367 kB
VmallocUsed:      254664 kB
VmallocChunk:          0 kB
Percpu:            27072 kB
HardwareCorrupted:     0 kB
AnonHugePages:         0 kB
ShmemHugePages:        0 kB
ShmemPmdMapped:        0 kB
FileHugePages:         0 kB
FilePmdMapped:         0 kB
HugePages_Total:       0
HugePages_Free:        0
HugePages_Rsvd:        0
HugePages_Surp:        0
Hugepagesize:       2048 kB
Hugetlb:               0 kB
DirectMap4k:      266924 kB
DirectMap2M:     4628480 kB
DirectMap1G:    265289728 kB
