MemTotal:       65705120 kB
MemFree:         4807100 kB
MemAvailable:    4381516 kB
Buffers:            3376 kB
Cached:            14756 kB
SwapCached:           36 kB
Active:         22547544 kB
Inactive:       37196052 kB
Active(anon):   22540300 kB
Inactive(anon): 37187188 kB
Active(file):       7244 kB
Inactive(file):     8864 kB
Unevictable:           0 kB
Mlocked:               0 kB
SwapTotal:       8388604 kB
SwapFree:         652308 kB
Dirty:                 0 kB
Writeback:             0 kB
AnonPages:      59732212 kB
Mapped:             9960 kB
Shmem:                 4 kB
KReclaimable:      53516 kB
Slab:             173920 kB
SReclaimable:      53516 kB
SUnreclaim:       120404 kB
KernelStack:        8508 kB
PageTables:       139052 kB
NFS_Unstable:          0 kB
Bounce:                0 kB
WritebackTmp:          0 kB
CommitLimit:    41241164 kB
Committed_AS:   67989652 kB
VmallocTotal:   34359738367 kB
VmallocUsed:      185940 kB
VmallocChunk:          0 kB
Percpu:            19584 kB
HardwareCorrupted:     0 kB
AnonHugePages:  51423232 kB
ShmemHugePages:        0 kB
ShmemPmdMapped:        0 kB
FileHugePages:         0 kB
FilePmdMapped:         0 kB
HugePages_Total:       0
HugePages_Free:        0
HugePages_Rsvd:        0
HugePages_Surp:        0
Hugepagesize:       2048 kB
Hugetlb:               0 kB
DirectMap4k:      530412 kB
DirectMap2M:    11917312 kB
DirectMap1G:    55574528 kB
