MemTotal:       65705120 kB
MemFree:          607600 kB
MemAvailable:   64151724 kB
Buffers:           38888 kB
Cached:         62934100 kB
SwapCached:            0 kB
Active:           249480 kB
Inactive:       62863300 kB
Active(anon):       1460 kB
Inactive(anon):   148744 kB
Active(file):     248020 kB
Inactive(file): 62714556 kB
Unevictable:           0 kB
Mlocked:               0 kB
SwapTotal:      32970748 kB
SwapFree:       32970748 kB
Dirty:           4418596 kB
Writeback:             0 kB
AnonPages:        141168 kB
Mapped:           104080 kB
Shmem:              9300 kB
KReclaimable:    1308124 kB
Slab:            1518156 kB
SReclaimable:    1308124 kB
SUnreclaim:       210032 kB
KernelStack:        8576 kB
PageTables:         7244 kB
NFS_Unstable:          0 kB
Bounce:                0 kB
WritebackTmp:          0 kB
CommitLimit:    65823308 kB
Committed_AS:     690228 kB
VmallocTotal:   34359738367 kB
VmallocUsed:      159000 kB
VmallocChunk:          0 kB
Percpu:            19712 kB
HardwareCorrupted:     0 kB
AnonHugePages:      4096 kB
ShmemHugePages:        0 kB
ShmemPmdMapped:        0 kB
FileHugePages:         0 kB
FilePmdMapped:         0 kB
HugePages_Total:       0
HugePages_Free:        0
HugePages_Rsvd:        0
HugePages_Surp:        0
Hugepagesize:       2048 kB
Hugetlb:               0 kB
DirectMap4k:      575468 kB
DirectMap2M:     7677952 kB
DirectMap1G:    59768832 kB
