MemTotal:       65705112 kB
MemFree:        64625512 kB
MemAvailable:   64362808 kB
Buffers:           27180 kB
Cached:           288048 kB
SwapCached:            0 kB
Active:           210448 kB
Inactive:         196004 kB
Active(anon):      89664 kB
Inactive(anon):    11456 kB
Active(file):     120784 kB
Inactive(file):   184548 kB
Unevictable:           0 kB
Mlocked:               0 kB
SwapTotal:      32970748 kB
SwapFree:       32970748 kB
Dirty:               356 kB
Writeback:             0 kB
AnonPages:         91968 kB
Mapped:            97880 kB
Shmem:              9304 kB
KReclaimable:      50720 kB
Slab:             151804 kB
SReclaimable:      50720 kB
SUnreclaim:       101084 kB
KernelStack:        8384 kB
PageTables:         7572 kB
NFS_Unstable:          0 kB
Bounce:                0 kB
WritebackTmp:          0 kB
CommitLimit:    65823304 kB
Committed_AS:     539616 kB
VmallocTotal:   34359738367 kB
VmallocUsed:      158880 kB
VmallocChunk:          0 kB
Percpu:            19456 kB
HardwareCorrupted:     0 kB
AnonHugePages:      8192 kB
ShmemHugePages:        0 kB
ShmemPmdMapped:        0 kB
FileHugePages:         0 kB
FilePmdMapped:         0 kB
HugePages_Total:       0
HugePages_Free:        0
HugePages_Rsvd:        0
HugePages_Surp:        0
Hugepagesize:       2048 kB
Hugetlb:               0 kB
DirectMap4k:      389100 kB
DirectMap2M:     7864320 kB
DirectMap1G:    59768832 kB
