MemTotal:       65705120 kB
MemFree:        64629220 kB
MemAvailable:   64366692 kB
Buffers:           27872 kB
Cached:           287668 kB
SwapCached:            0 kB
Active:            96964 kB
Inactive:         305820 kB
Active(anon):       1460 kB
Inactive(anon):    95640 kB
Active(file):      95504 kB
Inactive(file):   210180 kB
Unevictable:           0 kB
Mlocked:               0 kB
SwapTotal:      32970748 kB
SwapFree:       32970748 kB
Dirty:               272 kB
Writeback:             0 kB
AnonPages:         86376 kB
Mapped:            96784 kB
Shmem:              9300 kB
KReclaimable:      50364 kB
Slab:             149644 kB
SReclaimable:      50364 kB
SUnreclaim:        99280 kB
KernelStack:        7776 kB
PageTables:         6552 kB
NFS_Unstable:          0 kB
Bounce:                0 kB
WritebackTmp:          0 kB
CommitLimit:    65823308 kB
Committed_AS:     522352 kB
VmallocTotal:   34359738367 kB
VmallocUsed:      158640 kB
VmallocChunk:          0 kB
Percpu:            19456 kB
HardwareCorrupted:     0 kB
AnonHugePages:      8192 kB
ShmemHugePages:        0 kB
ShmemPmdMapped:        0 kB
FileHugePages:         0 kB
FilePmdMapped:         0 kB
HugePages_Total:       0
HugePages_Free:        0
HugePages_Rsvd:        0
HugePages_Surp:        0
Hugepagesize:       2048 kB
Hugetlb:               0 kB
DirectMap4k:      481260 kB
DirectMap2M:    11966464 kB
DirectMap1G:    55574528 kB
