MemTotal:       263785564 kB
MemFree:         1202188 kB
MemAvailable:   199167704 kB
Buffers:          413036 kB
Cached:         196139284 kB
SwapCached:            0 kB
Active:           569120 kB
Inactive:       202091560 kB
Active(anon):       2228 kB
Inactive(anon):  6139384 kB
Active(file):     566892 kB
Inactive(file): 195952176 kB
Unevictable:    55309888 kB
Mlocked:        55309888 kB
SwapTotal:             0 kB
SwapFree:              0 kB
Dirty:            494420 kB
Writeback:             0 kB
AnonPages:      61419056 kB
Mapped:          5741540 kB
Shmem:              2348 kB
KReclaimable:    3298928 kB
Slab:            3884924 kB
SReclaimable:    3298928 kB
SUnreclaim:       585996 kB
KernelStack:       12400 kB
PageTables:       133824 kB
NFS_Unstable:          0 kB
Bounce:                0 kB
WritebackTmp:          0 kB
CommitLimit:    131892780 kB
Committed_AS:   64847976 kB
VmallocTotal:   34359738367 kB
VmallocUsed:      255748 kB
VmallocChunk:          0 kB
Percpu:            30720 kB
HardwareCorrupted:     0 kB
AnonHugePages:         0 kB
ShmemHugePages:        0 kB
ShmemPmdMapped:        0 kB
FileHugePages:         0 kB
FilePmdMapped:         0 kB
HugePages_Total:       0
HugePages_Free:        0
HugePages_Rsvd:        0
HugePages_Surp:        0
Hugepagesize:       2048 kB
Hugetlb:               0 kB
DirectMap4k:      279216 kB
DirectMap2M:     4616192 kB
DirectMap1G:    265289728 kB
