MemTotal:       263785552 kB
MemFree:        262450784 kB
MemAvailable:   261416296 kB
Buffers:           18880 kB
Cached:           156280 kB
SwapCached:            0 kB
Active:           249036 kB
Inactive:          46512 kB
Active(anon):     129660 kB
Inactive(anon):     2136 kB
Active(file):     119376 kB
Inactive(file):    44376 kB
Unevictable:       19116 kB
Mlocked:           19116 kB
SwapTotal:             0 kB
SwapFree:              0 kB
Dirty:              4560 kB
Writeback:             0 kB
AnonPages:        140252 kB
Mapped:            82356 kB
Shmem:              2064 kB
KReclaimable:      48460 kB
Slab:             183244 kB
SReclaimable:      48460 kB
SUnreclaim:       134784 kB
KernelStack:       12144 kB
PageTables:         8824 kB
NFS_Unstable:          0 kB
Bounce:                0 kB
WritebackTmp:          0 kB
CommitLimit:    131892776 kB
Committed_AS:     541972 kB
VmallocTotal:   34359738367 kB
VmallocUsed:      254616 kB
VmallocChunk:          0 kB
Percpu:            26880 kB
HardwareCorrupted:     0 kB
AnonHugePages:         0 kB
ShmemHugePages:        0 kB
ShmemPmdMapped:        0 kB
FileHugePages:         0 kB
FilePmdMapped:         0 kB
HugePages_Total:       0
HugePages_Free:        0
HugePages_Rsvd:        0
HugePages_Surp:        0
Hugepagesize:       2048 kB
Hugetlb:               0 kB
DirectMap4k:      258732 kB
DirectMap2M:     4636672 kB
DirectMap1G:    265289728 kB
