MemTotal:       65705112 kB
MemFree:          627540 kB
MemAvailable:   64150628 kB
Buffers:            8768 kB
Cached:         62943612 kB
SwapCached:          256 kB
Active:           330616 kB
Inactive:       62771668 kB
Active(anon):     156320 kB
Inactive(anon):      148 kB
Active(file):     174296 kB
Inactive(file): 62771520 kB
Unevictable:           0 kB
Mlocked:               0 kB
SwapTotal:      32970748 kB
SwapFree:       32966396 kB
Dirty:           4418688 kB
Writeback:             0 kB
AnonPages:        148320 kB
Mapped:           119420 kB
Shmem:              5044 kB
KReclaimable:    1307944 kB
Slab:            1517696 kB
SReclaimable:    1307944 kB
SUnreclaim:       209752 kB
KernelStack:        8608 kB
PageTables:         7208 kB
NFS_Unstable:          0 kB
Bounce:                0 kB
WritebackTmp:          0 kB
CommitLimit:    65823304 kB
Committed_AS:     691136 kB
VmallocTotal:   34359738367 kB
VmallocUsed:      159048 kB
VmallocChunk:          0 kB
Percpu:            19200 kB
HardwareCorrupted:     0 kB
AnonHugePages:     10240 kB
ShmemHugePages:        0 kB
ShmemPmdMapped:        0 kB
FileHugePages:         0 kB
FilePmdMapped:         0 kB
HugePages_Total:       0
HugePages_Free:        0
HugePages_Rsvd:        0
HugePages_Surp:        0
Hugepagesize:       2048 kB
Hugetlb:               0 kB
DirectMap4k:      489452 kB
DirectMap2M:    11958272 kB
DirectMap1G:    55574528 kB
