MemTotal:       65705120 kB
MemFree:          598804 kB
MemAvailable:   64147424 kB
Buffers:           38860 kB
Cached:         62939044 kB
SwapCached:            0 kB
Active:           248508 kB
Inactive:       62873804 kB
Active(anon):       1464 kB
Inactive(anon):   153276 kB
Active(file):     247044 kB
Inactive(file): 62720528 kB
Unevictable:           0 kB
Mlocked:               0 kB
SwapTotal:      32970748 kB
SwapFree:       32970748 kB
Dirty:           4418668 kB
Writeback:             0 kB
AnonPages:        145572 kB
Mapped:           104572 kB
Shmem:              9300 kB
KReclaimable:    1307624 kB
Slab:            1518052 kB
SReclaimable:    1307624 kB
SUnreclaim:       210428 kB
KernelStack:        8576 kB
PageTables:         7156 kB
NFS_Unstable:          0 kB
Bounce:                0 kB
WritebackTmp:          0 kB
CommitLimit:    65823308 kB
Committed_AS:     691048 kB
VmallocTotal:   34359738367 kB
VmallocUsed:      158968 kB
VmallocChunk:          0 kB
Percpu:            19712 kB
HardwareCorrupted:     0 kB
AnonHugePages:      6144 kB
ShmemHugePages:        0 kB
ShmemPmdMapped:        0 kB
FileHugePages:         0 kB
FilePmdMapped:         0 kB
HugePages_Total:       0
HugePages_Free:        0
HugePages_Rsvd:        0
HugePages_Surp:        0
Hugepagesize:       2048 kB
Hugetlb:               0 kB
DirectMap4k:      532460 kB
DirectMap2M:    10866688 kB
DirectMap1G:    56623104 kB
