MemTotal:       65705120 kB
MemFree:        59893536 kB
MemAvailable:   59552944 kB
Buffers:           21720 kB
Cached:           179076 kB
SwapCached:            0 kB
Active:           116140 kB
Inactive:        5014880 kB
Active(anon):       1484 kB
Inactive(anon):  4938556 kB
Active(file):     114656 kB
Inactive(file):    76324 kB
Unevictable:           0 kB
Mlocked:               0 kB
SwapTotal:      32970748 kB
SwapFree:       32970748 kB
Dirty:               152 kB
Writeback:             4 kB
AnonPages:       4929528 kB
Mapped:            82908 kB
Shmem:              9320 kB
KReclaimable:      48260 kB
Slab:             162960 kB
SReclaimable:      48260 kB
SUnreclaim:       114700 kB
KernelStack:        8348 kB
PageTables:        15964 kB
NFS_Unstable:          0 kB
Bounce:                0 kB
WritebackTmp:          0 kB
CommitLimit:    65823308 kB
Committed_AS:   56122708 kB
VmallocTotal:   34359738367 kB
VmallocUsed:      163972 kB
VmallocChunk:          0 kB
Percpu:            19968 kB
HardwareCorrupted:     0 kB
AnonHugePages:   4800512 kB
ShmemHugePages:        0 kB
ShmemPmdMapped:        0 kB
FileHugePages:         0 kB
FilePmdMapped:         0 kB
HugePages_Total:       0
HugePages_Free:        0
HugePages_Rsvd:        0
HugePages_Surp:        0
Hugepagesize:       2048 kB
Hugetlb:               0 kB
DirectMap4k:      409580 kB
DirectMap2M:     7843840 kB
DirectMap1G:    59768832 kB
