MemTotal:       65705120 kB
MemFree:        64638940 kB
MemAvailable:   64366784 kB
Buffers:           27412 kB
Cached:           278200 kB
SwapCached:            0 kB
Active:            90732 kB
Inactive:         298704 kB
Active(anon):       1440 kB
Inactive(anon):    91824 kB
Active(file):      89292 kB
Inactive(file):   206880 kB
Unevictable:           0 kB
Mlocked:               0 kB
SwapTotal:      32970748 kB
SwapFree:       32970748 kB
Dirty:               360 kB
Writeback:             0 kB
AnonPages:         84072 kB
Mapped:            92444 kB
Shmem:              9300 kB
KReclaimable:      50136 kB
Slab:             151312 kB
SReclaimable:      50136 kB
SUnreclaim:       101176 kB
KernelStack:        8144 kB
PageTables:         7424 kB
NFS_Unstable:          0 kB
Bounce:                0 kB
WritebackTmp:          0 kB
CommitLimit:    65823308 kB
Committed_AS:     313508 kB
VmallocTotal:   34359738367 kB
VmallocUsed:      158672 kB
VmallocChunk:          0 kB
Percpu:            19456 kB
HardwareCorrupted:     0 kB
AnonHugePages:      6144 kB
ShmemHugePages:        0 kB
ShmemPmdMapped:        0 kB
FileHugePages:         0 kB
FilePmdMapped:         0 kB
HugePages_Total:       0
HugePages_Free:        0
HugePages_Rsvd:        0
HugePages_Surp:        0
Hugepagesize:       2048 kB
Hugetlb:               0 kB
DirectMap4k:      540652 kB
DirectMap2M:     7712768 kB
DirectMap1G:    59768832 kB
