MemTotal:       65705112 kB
MemFree:        64647056 kB
MemAvailable:   64372940 kB
Buffers:           26972 kB
Cached:           277968 kB
SwapCached:            0 kB
Active:           194804 kB
Inactive:         194920 kB
Active(anon):      82088 kB
Inactive(anon):    13496 kB
Active(file):     112716 kB
Inactive(file):   181424 kB
Unevictable:           0 kB
Mlocked:               0 kB
SwapTotal:      32970748 kB
SwapFree:       32970748 kB
Dirty:             27808 kB
Writeback:             0 kB
AnonPages:         86452 kB
Mapped:            92220 kB
Shmem:              9304 kB
KReclaimable:      50280 kB
Slab:             151560 kB
SReclaimable:      50280 kB
SUnreclaim:       101280 kB
KernelStack:        8064 kB
PageTables:         7444 kB
NFS_Unstable:          0 kB
Bounce:                0 kB
WritebackTmp:          0 kB
CommitLimit:    65823304 kB
Committed_AS:     313128 kB
VmallocTotal:   34359738367 kB
VmallocUsed:      158560 kB
VmallocChunk:          0 kB
Percpu:            19584 kB
HardwareCorrupted:     0 kB
AnonHugePages:      8192 kB
ShmemHugePages:        0 kB
ShmemPmdMapped:        0 kB
FileHugePages:         0 kB
FilePmdMapped:         0 kB
HugePages_Total:       0
HugePages_Free:        0
HugePages_Rsvd:        0
HugePages_Surp:        0
Hugepagesize:       2048 kB
Hugetlb:               0 kB
DirectMap4k:      561132 kB
DirectMap2M:    11886592 kB
DirectMap1G:    55574528 kB
