MemTotal:       65705112 kB
MemFree:          399840 kB
MemAvailable:          0 kB
Buffers:            3272 kB
Cached:            46176 kB
SwapCached:       176500 kB
Active:         39381136 kB
Inactive:       25020256 kB
Active(anon):   39349056 kB
Inactive(anon): 25003416 kB
Active(file):      32080 kB
Inactive(file):    16840 kB
Unevictable:           0 kB
Mlocked:               0 kB
SwapTotal:       8388604 kB
SwapFree:        5093736 kB
Dirty:                 0 kB
Writeback:             0 kB
AnonPages:      64184328 kB
Mapped:            38788 kB
Shmem:                44 kB
KReclaimable:      47412 kB
Slab:             155760 kB
SReclaimable:      47412 kB
SUnreclaim:       108348 kB
KernelStack:        8696 kB
PageTables:       140760 kB
NFS_Unstable:          0 kB
Bounce:                0 kB
WritebackTmp:          0 kB
CommitLimit:    41241160 kB
Committed_AS:    3907072 kB
VmallocTotal:   34359738367 kB
VmallocUsed:      191184 kB
VmallocChunk:          0 kB
Percpu:            19584 kB
HardwareCorrupted:     0 kB
AnonHugePages:      8192 kB
ShmemHugePages:        0 kB
ShmemPmdMapped:        0 kB
FileHugePages:         0 kB
FilePmdMapped:         0 kB
HugePages_Total:       0
HugePages_Free:        0
HugePages_Rsvd:        0
HugePages_Surp:        0
Hugepagesize:       2048 kB
Hugetlb:               0 kB
DirectMap4k:      481260 kB
DirectMap2M:     7772160 kB
DirectMap1G:    59768832 kB
