MemTotal:       263785552 kB
MemFree:         1122456 kB
MemAvailable:   257818852 kB
Buffers:           13404 kB
Cached:         256551560 kB
SwapCached:            0 kB
Active:          2828788 kB
Inactive:       253775904 kB
Active(anon):    2692268 kB
Inactive(anon):      260 kB
Active(file):     136520 kB
Inactive(file): 253775644 kB
Unevictable:       19116 kB
Mlocked:           19116 kB
SwapTotal:             0 kB
SwapFree:              0 kB
Dirty:            353740 kB
Writeback:             0 kB
AnonPages:         59600 kB
Mapped:          2698200 kB
Shmem:           2643436 kB
KReclaimable:    4632452 kB
Slab:            5200248 kB
SReclaimable:    4632452 kB
SUnreclaim:       567796 kB
KernelStack:        9152 kB
PageTables:         8732 kB
NFS_Unstable:          0 kB
Bounce:                0 kB
WritebackTmp:          0 kB
CommitLimit:    131892776 kB
Committed_AS:   130032804 kB
VmallocTotal:   34359738367 kB
VmallocUsed:      251792 kB
VmallocChunk:          0 kB
Percpu:            27648 kB
HardwareCorrupted:     0 kB
AnonHugePages:         0 kB
ShmemHugePages:        0 kB
ShmemPmdMapped:        0 kB
FileHugePages:         0 kB
FilePmdMapped:         0 kB
HugePages_Total:       0
HugePages_Free:        0
HugePages_Rsvd:        0
HugePages_Surp:        0
Hugepagesize:       2048 kB
Hugetlb:               0 kB
DirectMap4k:      309932 kB
DirectMap2M:     4585472 kB
DirectMap1G:    265289728 kB
