MemTotal:       65705112 kB
MemFree:        59811640 kB
MemAvailable:   59460348 kB
Buffers:            7272 kB
Cached:           170912 kB
SwapCached:            0 kB
Active:          5166308 kB
Inactive:          35952 kB
Active(anon):    5025528 kB
Inactive(anon):     8384 kB
Active(file):     140780 kB
Inactive(file):    27568 kB
Unevictable:           0 kB
Mlocked:               0 kB
SwapTotal:      32970748 kB
SwapFree:       32970748 kB
Dirty:                72 kB
Writeback:             0 kB
AnonPages:       5024692 kB
Mapped:           101948 kB
Shmem:              9320 kB
KReclaimable:      49480 kB
Slab:             170584 kB
SReclaimable:      49480 kB
SUnreclaim:       121104 kB
KernelStack:        8336 kB
PageTables:        18484 kB
NFS_Unstable:          0 kB
Bounce:                0 kB
WritebackTmp:          0 kB
CommitLimit:    65823304 kB
Committed_AS:   56122880 kB
VmallocTotal:   34359738367 kB
VmallocUsed:      164020 kB
VmallocChunk:          0 kB
Percpu:            19584 kB
HardwareCorrupted:     0 kB
AnonHugePages:   4835328 kB
ShmemHugePages:        0 kB
ShmemPmdMapped:        0 kB
FileHugePages:         0 kB
FilePmdMapped:         0 kB
HugePages_Total:       0
HugePages_Free:        0
HugePages_Rsvd:        0
HugePages_Surp:        0
Hugepagesize:       2048 kB
Hugetlb:               0 kB
DirectMap4k:      393196 kB
DirectMap2M:     8908800 kB
DirectMap1G:    58720256 kB
