MemTotal:       263785560 kB
MemFree:         1097112 kB
MemAvailable:   257839144 kB
Buffers:           60500 kB
Cached:         256547160 kB
SwapCached:            0 kB
Active:           158680 kB
Inactive:       256489848 kB
Active(anon):       1664 kB
Inactive(anon):  2691472 kB
Active(file):     157016 kB
Inactive(file): 253798376 kB
Unevictable:       19116 kB
Mlocked:           19116 kB
SwapTotal:             0 kB
SwapFree:              0 kB
Dirty:            353572 kB
Writeback:             0 kB
AnonPages:         60120 kB
Mapped:          2706472 kB
Shmem:           2643436 kB
KReclaimable:    4634860 kB
Slab:            5201124 kB
SReclaimable:    4634860 kB
SUnreclaim:       566264 kB
KernelStack:        9120 kB
PageTables:         8712 kB
NFS_Unstable:          0 kB
Bounce:                0 kB
WritebackTmp:          0 kB
CommitLimit:    131892780 kB
Committed_AS:   130033048 kB
VmallocTotal:   34359738367 kB
VmallocUsed:      251808 kB
VmallocChunk:          0 kB
Percpu:            27840 kB
HardwareCorrupted:     0 kB
AnonHugePages:         0 kB
ShmemHugePages:        0 kB
ShmemPmdMapped:        0 kB
FileHugePages:         0 kB
FilePmdMapped:         0 kB
HugePages_Total:       0
HugePages_Free:        0
HugePages_Rsvd:        0
HugePages_Surp:        0
Hugepagesize:       2048 kB
Hugetlb:               0 kB
DirectMap4k:      295596 kB
DirectMap2M:     5648384 kB
DirectMap1G:    264241152 kB
