MemTotal:       65705112 kB
MemFree:        59538944 kB
MemAvailable:   59189100 kB
Buffers:           11496 kB
Cached:           168768 kB
SwapCached:            0 kB
Active:          5430560 kB
Inactive:          48352 kB
Active(anon):    5289344 kB
Inactive(anon):    18628 kB
Active(file):     141216 kB
Inactive(file):    29724 kB
Unevictable:           0 kB
Mlocked:               0 kB
SwapTotal:      32970748 kB
SwapFree:       32970748 kB
Dirty:               220 kB
Writeback:             0 kB
AnonPages:       5297392 kB
Mapped:           101640 kB
Shmem:              9320 kB
KReclaimable:      49784 kB
Slab:             168480 kB
SReclaimable:      49784 kB
SUnreclaim:       118696 kB
KernelStack:        8320 kB
PageTables:        19056 kB
NFS_Unstable:          0 kB
Bounce:                0 kB
WritebackTmp:          0 kB
CommitLimit:    65823304 kB
Committed_AS:   66756020 kB
VmallocTotal:   34359738367 kB
VmallocUsed:      163972 kB
VmallocChunk:          0 kB
Percpu:            19328 kB
HardwareCorrupted:     0 kB
AnonHugePages:   5109760 kB
ShmemHugePages:        0 kB
ShmemPmdMapped:        0 kB
FileHugePages:         0 kB
FilePmdMapped:         0 kB
HugePages_Total:       0
HugePages_Free:        0
HugePages_Rsvd:        0
HugePages_Surp:        0
Hugepagesize:       2048 kB
Hugetlb:               0 kB
DirectMap4k:      436204 kB
DirectMap2M:     8865792 kB
DirectMap1G:    58720256 kB
