MemTotal:       65705120 kB
MemFree:         4408808 kB
MemAvailable:    3987480 kB
Buffers:            3756 kB
Cached:            23720 kB
SwapCached:          788 kB
Active:         58800816 kB
Inactive:        1301228 kB
Active(anon):   58789600 kB
Inactive(anon):  1289164 kB
Active(file):      11216 kB
Inactive(file):    12064 kB
Unevictable:           0 kB
Mlocked:               0 kB
SwapTotal:       8388604 kB
SwapFree:         999044 kB
Dirty:                16 kB
Writeback:             0 kB
AnonPages:      60079116 kB
Mapped:            17696 kB
Shmem:              2668 kB
KReclaimable:      54492 kB
Slab:             173680 kB
SReclaimable:      54492 kB
SUnreclaim:       119188 kB
KernelStack:        8540 kB
PageTables:       141084 kB
NFS_Unstable:          0 kB
Bounce:                0 kB
WritebackTmp:          0 kB
CommitLimit:    41241164 kB
Committed_AS:    2646368 kB
VmallocTotal:   34359738367 kB
VmallocUsed:      191200 kB
VmallocChunk:          0 kB
Percpu:            19712 kB
HardwareCorrupted:     0 kB
AnonHugePages:         0 kB
ShmemHugePages:        0 kB
ShmemPmdMapped:        0 kB
FileHugePages:         0 kB
FilePmdMapped:         0 kB
HugePages_Total:       0
HugePages_Free:        0
HugePages_Rsvd:        0
HugePages_Surp:        0
Hugepagesize:       2048 kB
Hugetlb:               0 kB
DirectMap4k:      597996 kB
DirectMap2M:     9752576 kB
DirectMap1G:    57671680 kB
