MemTotal:       263785552 kB
MemFree:         1179364 kB
MemAvailable:   257884340 kB
Buffers:           13428 kB
Cached:         256560492 kB
SwapCached:            0 kB
Active:          2821904 kB
Inactive:       253791444 kB
Active(anon):    2691968 kB
Inactive(anon):      216 kB
Active(file):     129936 kB
Inactive(file): 253791228 kB
Unevictable:       19116 kB
Mlocked:           19116 kB
SwapTotal:             0 kB
SwapFree:              0 kB
Dirty:            356048 kB
Writeback:             0 kB
AnonPages:         59320 kB
Mapped:          2691764 kB
Shmem:           2643436 kB
KReclaimable:    4632196 kB
Slab:            5199256 kB
SReclaimable:    4632196 kB
SUnreclaim:       567060 kB
KernelStack:        9120 kB
PageTables:         8616 kB
NFS_Unstable:          0 kB
Bounce:                0 kB
WritebackTmp:          0 kB
CommitLimit:    131892776 kB
Committed_AS:   130032828 kB
VmallocTotal:   34359738367 kB
VmallocUsed:      251824 kB
VmallocChunk:          0 kB
Percpu:            28032 kB
HardwareCorrupted:     0 kB
AnonHugePages:         0 kB
ShmemHugePages:        0 kB
ShmemPmdMapped:        0 kB
FileHugePages:         0 kB
FilePmdMapped:         0 kB
HugePages_Total:       0
HugePages_Free:        0
HugePages_Rsvd:        0
HugePages_Surp:        0
Hugepagesize:       2048 kB
Hugetlb:               0 kB
DirectMap4k:      219820 kB
DirectMap2M:     4675584 kB
DirectMap1G:    265289728 kB
