MemTotal:       65705112 kB
MemFree:        64627268 kB
MemAvailable:   64365668 kB
Buffers:           27604 kB
Cached:           288204 kB
SwapCached:            0 kB
Active:           203740 kB
Inactive:         200000 kB
Active(anon):      83844 kB
Inactive(anon):    13492 kB
Active(file):     119896 kB
Inactive(file):   186508 kB
Unevictable:           0 kB
Mlocked:               0 kB
SwapTotal:      32970748 kB
SwapFree:       32970748 kB
Dirty:               172 kB
Writeback:             0 kB
AnonPages:         88300 kB
Mapped:            96368 kB
Shmem:              9304 kB
KReclaimable:      50780 kB
Slab:             151424 kB
SReclaimable:      50780 kB
SUnreclaim:       100644 kB
KernelStack:        8144 kB
PageTables:         7412 kB
NFS_Unstable:          0 kB
Bounce:                0 kB
WritebackTmp:          0 kB
CommitLimit:    65823304 kB
Committed_AS:     540048 kB
VmallocTotal:   34359738367 kB
VmallocUsed:      158752 kB
VmallocChunk:          0 kB
Percpu:            19456 kB
HardwareCorrupted:     0 kB
AnonHugePages:      6144 kB
ShmemHugePages:        0 kB
ShmemPmdMapped:        0 kB
FileHugePages:         0 kB
FilePmdMapped:         0 kB
HugePages_Total:       0
HugePages_Free:        0
HugePages_Rsvd:        0
HugePages_Surp:        0
Hugepagesize:       2048 kB
Hugetlb:               0 kB
DirectMap4k:      438252 kB
DirectMap2M:     8863744 kB
DirectMap1G:    58720256 kB
