MemTotal:       263785556 kB
MemFree:         1074656 kB
MemAvailable:      14184 kB
Buffers:            5180 kB
Cached:           100820 kB
SwapCached:         4096 kB
Active:         79545068 kB
Inactive:       180980928 kB
Active(anon):   79460188 kB
Inactive(anon): 180970456 kB
Active(file):      84880 kB
Inactive(file):    10472 kB
Unevictable:       19140 kB
Mlocked:           19140 kB
SwapTotal:      41943024 kB
SwapFree:       33449712 kB
Dirty:                 0 kB
Writeback:             0 kB
AnonPages:      260440408 kB
Mapped:            87212 kB
Shmem:                 8 kB
KReclaimable:      65476 kB
Slab:             245704 kB
SReclaimable:      65476 kB
SUnreclaim:       180228 kB
KernelStack:       12048 kB
PageTables:       531660 kB
NFS_Unstable:          0 kB
Bounce:                0 kB
WritebackTmp:          0 kB
CommitLimit:    173835800 kB
Committed_AS:    1394580 kB
VmallocTotal:   34359738367 kB
VmallocUsed:      519300 kB
VmallocChunk:          0 kB
Percpu:            34176 kB
HardwareCorrupted:     0 kB
AnonHugePages:  197562368 kB
ShmemHugePages:        0 kB
ShmemPmdMapped:        0 kB
FileHugePages:         0 kB
FilePmdMapped:         0 kB
HugePages_Total:       0
HugePages_Free:        0
HugePages_Rsvd:        0
HugePages_Surp:        0
Hugepagesize:       2048 kB
Hugetlb:               0 kB
DirectMap4k:      322224 kB
DirectMap2M:     5621760 kB
DirectMap1G:    264241152 kB
