MemTotal:       263785560 kB
MemFree:         1249888 kB
MemAvailable:   257819012 kB
Buffers:           60416 kB
Cached:         256378636 kB
SwapCached:            0 kB
Active:           155228 kB
Inactive:       256323640 kB
Active(anon):       1740 kB
Inactive(anon):  2690352 kB
Active(file):     153488 kB
Inactive(file): 253633288 kB
Unevictable:       19116 kB
Mlocked:           19116 kB
SwapTotal:             0 kB
SwapFree:              0 kB
Dirty:            350720 kB
Writeback:             0 kB
AnonPages:         59152 kB
Mapped:          2696756 kB
Shmem:           2643436 kB
KReclaimable:    4630568 kB
Slab:            5195316 kB
SReclaimable:    4630568 kB
SUnreclaim:       564748 kB
KernelStack:        9072 kB
PageTables:         8724 kB
NFS_Unstable:          0 kB
Bounce:                0 kB
WritebackTmp:          0 kB
CommitLimit:    131892780 kB
Committed_AS:   130032868 kB
VmallocTotal:   34359738367 kB
VmallocUsed:      251744 kB
VmallocChunk:          0 kB
Percpu:            27648 kB
HardwareCorrupted:     0 kB
AnonHugePages:         0 kB
ShmemHugePages:        0 kB
ShmemPmdMapped:        0 kB
FileHugePages:         0 kB
FilePmdMapped:         0 kB
HugePages_Total:       0
HugePages_Free:        0
HugePages_Rsvd:        0
HugePages_Surp:        0
Hugepagesize:       2048 kB
Hugetlb:               0 kB
DirectMap4k:      252588 kB
DirectMap2M:     5691392 kB
DirectMap1G:    264241152 kB
