MemTotal:       65705120 kB
MemFree:          619640 kB
MemAvailable:   64153836 kB
Buffers:           36344 kB
Cached:         62927176 kB
SwapCached:            0 kB
Active:           250400 kB
Inactive:       62856188 kB
Active(anon):       1512 kB
Inactive(anon):   151392 kB
Active(file):     248888 kB
Inactive(file): 62704796 kB
Unevictable:           0 kB
Mlocked:               0 kB
SwapTotal:      32970748 kB
SwapFree:       32970748 kB
Dirty:           4419420 kB
Writeback:             0 kB
AnonPages:        143780 kB
Mapped:           104184 kB
Shmem:              9300 kB
KReclaimable:    1307088 kB
Slab:            1517052 kB
SReclaimable:    1307088 kB
SUnreclaim:       209964 kB
KernelStack:        8448 kB
PageTables:         7204 kB
NFS_Unstable:          0 kB
Bounce:                0 kB
WritebackTmp:          0 kB
CommitLimit:    65823308 kB
Committed_AS:     690020 kB
VmallocTotal:   34359738367 kB
VmallocUsed:      158888 kB
VmallocChunk:          0 kB
Percpu:            19456 kB
HardwareCorrupted:     0 kB
AnonHugePages:      6144 kB
ShmemHugePages:        0 kB
ShmemPmdMapped:        0 kB
FileHugePages:         0 kB
FilePmdMapped:         0 kB
HugePages_Total:       0
HugePages_Free:        0
HugePages_Rsvd:        0
HugePages_Surp:        0
Hugepagesize:       2048 kB
Hugetlb:               0 kB
DirectMap4k:      366572 kB
DirectMap2M:     8935424 kB
DirectMap1G:    58720256 kB
