MemTotal:       263785556 kB
MemFree:         1009476 kB
MemAvailable:   198733404 kB
Buffers:          272012 kB
Cached:         196088204 kB
SwapCached:          220 kB
Active:         16612188 kB
Inactive:       186180416 kB
Active(anon):    6468008 kB
Inactive(anon):      128 kB
Active(file):   10144180 kB
Inactive(file): 186180288 kB
Unevictable:    55311852 kB
Mlocked:        55311852 kB
SwapTotal:      33554428 kB
SwapFree:       33551868 kB
Dirty:            994888 kB
Writeback:             0 kB
AnonPages:      61744044 kB
Mapped:          6067136 kB
Shmem:               164 kB
KReclaimable:    3296996 kB
Slab:            3872404 kB
SReclaimable:    3296996 kB
SUnreclaim:       575408 kB
KernelStack:       12272 kB
PageTables:       135308 kB
NFS_Unstable:          0 kB
Bounce:                0 kB
WritebackTmp:          0 kB
CommitLimit:    165447204 kB
Committed_AS:   65169056 kB
VmallocTotal:   34359738367 kB
VmallocUsed:      263860 kB
VmallocChunk:          0 kB
Percpu:            30528 kB
HardwareCorrupted:     0 kB
AnonHugePages:         0 kB
ShmemHugePages:        0 kB
ShmemPmdMapped:        0 kB
FileHugePages:         0 kB
FilePmdMapped:         0 kB
HugePages_Total:       0
HugePages_Free:        0
HugePages_Rsvd:        0
HugePages_Surp:        0
Hugepagesize:       2048 kB
Hugetlb:               0 kB
DirectMap4k:      283312 kB
DirectMap2M:     4612096 kB
DirectMap1G:    265289728 kB
