MemTotal:       263785552 kB
MemFree:         1269124 kB
MemAvailable:   257848444 kB
Buffers:           13940 kB
Cached:         256434960 kB
SwapCached:            0 kB
Active:          2851168 kB
Inactive:       253637376 kB
Active(anon):    2691276 kB
Inactive(anon):     1112 kB
Active(file):     159892 kB
Inactive(file): 253636264 kB
Unevictable:       19116 kB
Mlocked:           19116 kB
SwapTotal:             0 kB
SwapFree:              0 kB
Dirty:            363028 kB
Writeback:             0 kB
AnonPages:         59464 kB
Mapped:          2718312 kB
Shmem:           2643436 kB
KReclaimable:    4631548 kB
Slab:            5198988 kB
SReclaimable:    4631548 kB
SUnreclaim:       567440 kB
KernelStack:        9088 kB
PageTables:         8740 kB
NFS_Unstable:          0 kB
Bounce:                0 kB
WritebackTmp:          0 kB
CommitLimit:    131892776 kB
Committed_AS:   130041028 kB
VmallocTotal:   34359738367 kB
VmallocUsed:      251760 kB
VmallocChunk:          0 kB
Percpu:            27648 kB
HardwareCorrupted:     0 kB
AnonHugePages:         0 kB
ShmemHugePages:        0 kB
ShmemPmdMapped:        0 kB
FileHugePages:         0 kB
FilePmdMapped:         0 kB
HugePages_Total:       0
HugePages_Free:        0
HugePages_Rsvd:        0
HugePages_Surp:        0
Hugepagesize:       2048 kB
Hugetlb:               0 kB
DirectMap4k:      279212 kB
DirectMap2M:     4616192 kB
DirectMap1G:    265289728 kB
