MemTotal:       65705112 kB
MemFree:        61842652 kB
MemAvailable:   61492696 kB
Buffers:           10904 kB
Cached:           169152 kB
SwapCached:            0 kB
Active:          3136988 kB
Inactive:          47816 kB
Active(anon):    2995456 kB
Inactive(anon):    18608 kB
Active(file):     141532 kB
Inactive(file):    29208 kB
Unevictable:           0 kB
Mlocked:               0 kB
SwapTotal:      32970748 kB
SwapFree:       32970748 kB
Dirty:               160 kB
Writeback:             0 kB
AnonPages:       3004196 kB
Mapped:           101544 kB
Shmem:              9316 kB
KReclaimable:      49760 kB
Slab:             167648 kB
SReclaimable:      49760 kB
SUnreclaim:       117888 kB
KernelStack:        8352 kB
PageTables:        14696 kB
NFS_Unstable:          0 kB
Bounce:                0 kB
WritebackTmp:          0 kB
CommitLimit:    65823304 kB
Committed_AS:   66731816 kB
VmallocTotal:   34359738367 kB
VmallocUsed:      163988 kB
VmallocChunk:          0 kB
Percpu:            19328 kB
HardwareCorrupted:     0 kB
AnonHugePages:   2850816 kB
ShmemHugePages:        0 kB
ShmemPmdMapped:        0 kB
FileHugePages:         0 kB
FilePmdMapped:         0 kB
HugePages_Total:       0
HugePages_Free:        0
HugePages_Rsvd:        0
HugePages_Surp:        0
Hugepagesize:       2048 kB
Hugetlb:               0 kB
DirectMap4k:      409580 kB
DirectMap2M:    12038144 kB
DirectMap1G:    55574528 kB
