MemTotal:       263785560 kB
MemFree:        262176784 kB
MemAvailable:   261233680 kB
Buffers:           64724 kB
Cached:           291340 kB
SwapCached:            0 kB
Active:           114120 kB
Inactive:         385084 kB
Active(anon):        592 kB
Inactive(anon):   153464 kB
Active(file):     113528 kB
Inactive(file):   231620 kB
Unevictable:       19116 kB
Mlocked:           19116 kB
SwapTotal:      67108860 kB
SwapFree:       67108860 kB
Dirty:              5228 kB
Writeback:             0 kB
AnonPages:        162704 kB
Mapped:           119516 kB
Shmem:              2060 kB
KReclaimable:      50140 kB
Slab:             185556 kB
SReclaimable:      50140 kB
SUnreclaim:       135416 kB
KernelStack:       11936 kB
PageTables:         9916 kB
NFS_Unstable:          0 kB
Bounce:                0 kB
WritebackTmp:          0 kB
CommitLimit:    199001640 kB
Committed_AS:     526428 kB
VmallocTotal:   34359738367 kB
VmallocUsed:      270796 kB
VmallocChunk:          0 kB
Percpu:            26880 kB
HardwareCorrupted:     0 kB
AnonHugePages:         0 kB
ShmemHugePages:        0 kB
ShmemPmdMapped:        0 kB
FileHugePages:         0 kB
FilePmdMapped:         0 kB
HugePages_Total:       0
HugePages_Free:        0
HugePages_Rsvd:        0
HugePages_Surp:        0
Hugepagesize:       2048 kB
Hugetlb:               0 kB
DirectMap4k:      293548 kB
DirectMap2M:     5650432 kB
DirectMap1G:    264241152 kB
