MemTotal:       65705120 kB
MemFree:          634044 kB
MemAvailable:   64149208 kB
Buffers:           39532 kB
Cached:         62904824 kB
SwapCached:            0 kB
Active:           251956 kB
Inactive:       62837524 kB
Active(anon):       1452 kB
Inactive(anon):   153644 kB
Active(file):     250504 kB
Inactive(file): 62683880 kB
Unevictable:           0 kB
Mlocked:               0 kB
SwapTotal:      32970748 kB
SwapFree:       32970748 kB
Dirty:           4418484 kB
Writeback:             0 kB
AnonPages:        145972 kB
Mapped:           105012 kB
Shmem:              9300 kB
KReclaimable:    1307356 kB
Slab:            1517224 kB
SReclaimable:    1307356 kB
SUnreclaim:       209868 kB
KernelStack:        8416 kB
PageTables:         7256 kB
NFS_Unstable:          0 kB
Bounce:                0 kB
WritebackTmp:          0 kB
CommitLimit:    65823308 kB
Committed_AS:     691240 kB
VmallocTotal:   34359738367 kB
VmallocUsed:      158840 kB
VmallocChunk:          0 kB
Percpu:            19456 kB
HardwareCorrupted:     0 kB
AnonHugePages:     10240 kB
ShmemHugePages:        0 kB
ShmemPmdMapped:        0 kB
FileHugePages:         0 kB
FilePmdMapped:         0 kB
HugePages_Total:       0
HugePages_Free:        0
HugePages_Rsvd:        0
HugePages_Surp:        0
Hugepagesize:       2048 kB
Hugetlb:               0 kB
DirectMap4k:      518124 kB
DirectMap2M:     8783872 kB
DirectMap1G:    58720256 kB
