MemTotal:       263785564 kB
MemFree:         1474372 kB
MemAvailable:     449896 kB
Buffers:           24076 kB
Cached:           144012 kB
SwapCached:            0 kB
Active:         44605624 kB
Inactive:       215279252 kB
Active(anon):   44527980 kB
Inactive(anon): 215200524 kB
Active(file):      77644 kB
Inactive(file):    78728 kB
Unevictable:       19140 kB
Mlocked:           19140 kB
SwapTotal:      41943024 kB
SwapFree:       32748272 kB
Dirty:                 4 kB
Writeback:             0 kB
AnonPages:      259719744 kB
Mapped:            70120 kB
Shmem:              2408 kB
KReclaimable:      76132 kB
Slab:             258424 kB
SReclaimable:      76132 kB
SUnreclaim:       182292 kB
KernelStack:       12160 kB
PageTables:       531460 kB
NFS_Unstable:          0 kB
Bounce:                0 kB
WritebackTmp:          0 kB
CommitLimit:    173835804 kB
Committed_AS:    1403056 kB
VmallocTotal:   34359738367 kB
VmallocUsed:      514376 kB
VmallocChunk:          0 kB
Percpu:            33984 kB
HardwareCorrupted:     0 kB
AnonHugePages:  172218368 kB
ShmemHugePages:        0 kB
ShmemPmdMapped:        0 kB
FileHugePages:         0 kB
FilePmdMapped:         0 kB
HugePages_Total:       0
HugePages_Free:        0
HugePages_Rsvd:        0
HugePages_Surp:        0
Hugepagesize:       2048 kB
Hugetlb:               0 kB
DirectMap4k:      320176 kB
DirectMap2M:     5623808 kB
DirectMap1G:    264241152 kB
