MemTotal:       263785564 kB
MemFree:         1200984 kB
MemAvailable:   199146200 kB
Buffers:          411476 kB
Cached:         196135720 kB
SwapCached:            0 kB
Active:           613904 kB
Inactive:       202060068 kB
Active(anon):       2224 kB
Inactive(anon):  6157076 kB
Active(file):     611680 kB
Inactive(file): 195902992 kB
Unevictable:    55309640 kB
Mlocked:        55309640 kB
SwapTotal:             0 kB
SwapFree:              0 kB
Dirty:            514280 kB
Writeback:             0 kB
AnonPages:      61436968 kB
Mapped:          5724756 kB
Shmem:              2348 kB
KReclaimable:    3283024 kB
Slab:            3864168 kB
SReclaimable:    3283024 kB
SUnreclaim:       581144 kB
KernelStack:       12400 kB
PageTables:       134012 kB
NFS_Unstable:          0 kB
Bounce:                0 kB
WritebackTmp:          0 kB
CommitLimit:    131892780 kB
Committed_AS:   64932660 kB
VmallocTotal:   34359738367 kB
VmallocUsed:      255764 kB
VmallocChunk:          0 kB
Percpu:            31104 kB
HardwareCorrupted:     0 kB
AnonHugePages:         0 kB
ShmemHugePages:        0 kB
ShmemPmdMapped:        0 kB
FileHugePages:         0 kB
FilePmdMapped:         0 kB
HugePages_Total:       0
HugePages_Free:        0
HugePages_Rsvd:        0
HugePages_Surp:        0
Hugepagesize:       2048 kB
Hugetlb:               0 kB
DirectMap4k:      260784 kB
DirectMap2M:     4634624 kB
DirectMap1G:    265289728 kB
