MemTotal:       65705120 kB
MemFree:        60540928 kB
MemAvailable:   60203688 kB
Buffers:           23196 kB
Cached:           183476 kB
SwapCached:            0 kB
Active:           121088 kB
Inactive:        4360456 kB
Active(anon):       1528 kB
Inactive(anon):  4283204 kB
Active(file):     119560 kB
Inactive(file):    77252 kB
Unevictable:           0 kB
Mlocked:               0 kB
SwapTotal:      32970748 kB
SwapFree:       32970748 kB
Dirty:               220 kB
Writeback:             0 kB
AnonPages:       4274516 kB
Mapped:            82616 kB
Shmem:              9320 kB
KReclaimable:      49136 kB
Slab:             164788 kB
SReclaimable:      49136 kB
SUnreclaim:       115652 kB
KernelStack:        8512 kB
PageTables:        15624 kB
NFS_Unstable:          0 kB
Bounce:                0 kB
WritebackTmp:          0 kB
CommitLimit:    65823308 kB
Committed_AS:   66755720 kB
VmallocTotal:   34359738367 kB
VmallocUsed:      164148 kB
VmallocChunk:          0 kB
Percpu:            20096 kB
HardwareCorrupted:     0 kB
AnonHugePages:   4136960 kB
ShmemHugePages:        0 kB
ShmemPmdMapped:        0 kB
FileHugePages:         0 kB
FilePmdMapped:         0 kB
HugePages_Total:       0
HugePages_Free:        0
HugePages_Rsvd:        0
HugePages_Surp:        0
Hugepagesize:       2048 kB
Hugetlb:               0 kB
DirectMap4k:      372716 kB
DirectMap2M:     8929280 kB
DirectMap1G:    58720256 kB
