MemTotal:       263785552 kB
MemFree:         1117560 kB
MemAvailable:   256988148 kB
Buffers:           10532 kB
Cached:         256480740 kB
SwapCached:          448 kB
Active:          3593668 kB
Inactive:       252937860 kB
Active(anon):    3436884 kB
Inactive(anon):       92 kB
Active(file):     156784 kB
Inactive(file): 252937768 kB
Unevictable:       19116 kB
Mlocked:           19116 kB
SwapTotal:      67108860 kB
SwapFree:       67106556 kB
Dirty:            363860 kB
Writeback:             0 kB
AnonPages:         59568 kB
Mapped:          3465048 kB
Shmem:           3387436 kB
KReclaimable:    4624256 kB
Slab:            5192160 kB
SReclaimable:    4624256 kB
SUnreclaim:       567904 kB
KernelStack:        9072 kB
PageTables:        10524 kB
NFS_Unstable:          0 kB
Bounce:                0 kB
WritebackTmp:          0 kB
CommitLimit:    199001636 kB
Committed_AS:   162316960 kB
VmallocTotal:   34359738367 kB
VmallocUsed:      268256 kB
VmallocChunk:          0 kB
Percpu:            28032 kB
HardwareCorrupted:     0 kB
AnonHugePages:         0 kB
ShmemHugePages:        0 kB
ShmemPmdMapped:        0 kB
FileHugePages:         0 kB
FilePmdMapped:         0 kB
HugePages_Total:       0
HugePages_Free:        0
HugePages_Rsvd:        0
HugePages_Surp:        0
Hugepagesize:       2048 kB
Hugetlb:               0 kB
DirectMap4k:      260780 kB
DirectMap2M:     4634624 kB
DirectMap1G:    265289728 kB
