MemTotal:       263785564 kB
MemFree:         1289288 kB
MemAvailable:     241944 kB
Buffers:           19588 kB
Cached:           103972 kB
SwapCached:            0 kB
Active:           152356 kB
Inactive:       260298672 kB
Active(anon):      96028 kB
Inactive(anon): 260242072 kB
Active(file):      56328 kB
Inactive(file):    56600 kB
Unevictable:       19140 kB
Mlocked:           19140 kB
SwapTotal:      41943024 kB
SwapFree:       33562352 kB
Dirty:                 0 kB
Writeback:             0 kB
AnonPages:      260348080 kB
Mapped:            52968 kB
Shmem:              2300 kB
KReclaimable:      73576 kB
Slab:             250856 kB
SReclaimable:      73576 kB
SUnreclaim:       177280 kB
KernelStack:       12032 kB
PageTables:       531304 kB
NFS_Unstable:          0 kB
Bounce:                0 kB
WritebackTmp:          0 kB
CommitLimit:    173835804 kB
Committed_AS:    1386144 kB
VmallocTotal:   34359738367 kB
VmallocUsed:      519380 kB
VmallocChunk:          0 kB
Percpu:            33984 kB
HardwareCorrupted:     0 kB
AnonHugePages:         0 kB
ShmemHugePages:        0 kB
ShmemPmdMapped:        0 kB
FileHugePages:         0 kB
FilePmdMapped:         0 kB
HugePages_Total:       0
HugePages_Free:        0
HugePages_Rsvd:        0
HugePages_Surp:        0
Hugepagesize:       2048 kB
Hugetlb:               0 kB
DirectMap4k:      359088 kB
DirectMap2M:     5584896 kB
DirectMap1G:    264241152 kB
