MemTotal:       263785556 kB
MemFree:         1110932 kB
MemAvailable:      41276 kB
Buffers:            5436 kB
Cached:            79744 kB
SwapCached:         2048 kB
Active:         115578516 kB
Inactive:       144748644 kB
Active(anon):   115536740 kB
Inactive(anon): 144714272 kB
Active(file):      41776 kB
Inactive(file):    34372 kB
Unevictable:       19144 kB
Mlocked:           19144 kB
SwapTotal:      41943024 kB
SwapFree:       33272392 kB
Dirty:                 4 kB
Writeback:             0 kB
AnonPages:      260262104 kB
Mapped:            58196 kB
Shmem:                12 kB
KReclaimable:      64988 kB
Slab:             246852 kB
SReclaimable:      64988 kB
SUnreclaim:       181864 kB
KernelStack:       12192 kB
PageTables:       530964 kB
NFS_Unstable:          0 kB
Bounce:                0 kB
WritebackTmp:          0 kB
CommitLimit:    173835800 kB
Committed_AS:    1394956 kB
VmallocTotal:   34359738367 kB
VmallocUsed:      514216 kB
VmallocChunk:          0 kB
Percpu:            33984 kB
HardwareCorrupted:     0 kB
AnonHugePages:  219136000 kB
ShmemHugePages:        0 kB
ShmemPmdMapped:        0 kB
FileHugePages:         0 kB
FilePmdMapped:         0 kB
HugePages_Total:       0
HugePages_Free:        0
HugePages_Rsvd:        0
HugePages_Surp:        0
Hugepagesize:       2048 kB
Hugetlb:               0 kB
DirectMap4k:      328368 kB
DirectMap2M:     4567040 kB
DirectMap1G:    265289728 kB
