MemTotal:       263785560 kB
MemFree:          961680 kB
MemAvailable:   257086252 kB
Buffers:           60432 kB
Cached:         256683336 kB
SwapCached:            0 kB
Active:           160880 kB
Inactive:       256621916 kB
Active(anon):       1648 kB
Inactive(anon):  3436128 kB
Active(file):     159232 kB
Inactive(file): 253185788 kB
Unevictable:       19116 kB
Mlocked:           19116 kB
SwapTotal:      67108860 kB
SwapFree:       67108860 kB
Dirty:            349204 kB
Writeback:             0 kB
AnonPages:         58852 kB
Mapped:          3449740 kB
Shmem:           3389420 kB
KReclaimable:    4627936 kB
Slab:            5196400 kB
SReclaimable:    4627936 kB
SUnreclaim:       568464 kB
KernelStack:        9088 kB
PageTables:        10544 kB
NFS_Unstable:          0 kB
Bounce:                0 kB
WritebackTmp:          0 kB
CommitLimit:    199001640 kB
Committed_AS:   162316748 kB
VmallocTotal:   34359738367 kB
VmallocUsed:      268272 kB
VmallocChunk:          0 kB
Percpu:            27456 kB
HardwareCorrupted:     0 kB
AnonHugePages:         0 kB
ShmemHugePages:        0 kB
ShmemPmdMapped:        0 kB
FileHugePages:         0 kB
FilePmdMapped:         0 kB
HugePages_Total:       0
HugePages_Free:        0
HugePages_Rsvd:        0
HugePages_Surp:        0
Hugepagesize:       2048 kB
Hugetlb:               0 kB
DirectMap4k:      228012 kB
DirectMap2M:     4667392 kB
DirectMap1G:    265289728 kB
