MemTotal:       65705112 kB
MemFree:          584980 kB
MemAvailable:   64162776 kB
Buffers:           13140 kB
Cached:         62988568 kB
SwapCached:          164 kB
Active:           328572 kB
Inactive:       62818564 kB
Active(anon):     149344 kB
Inactive(anon):     2196 kB
Active(file):     179228 kB
Inactive(file): 62816368 kB
Unevictable:           0 kB
Mlocked:               0 kB
SwapTotal:      32970748 kB
SwapFree:       32966396 kB
Dirty:           4418912 kB
Writeback:             0 kB
AnonPages:        146536 kB
Mapped:           118880 kB
Shmem:              5040 kB
KReclaimable:    1308968 kB
Slab:            1519576 kB
SReclaimable:    1308968 kB
SUnreclaim:       210608 kB
KernelStack:        8576 kB
PageTables:         7240 kB
NFS_Unstable:          0 kB
Bounce:                0 kB
WritebackTmp:          0 kB
CommitLimit:    65823304 kB
Committed_AS:     690772 kB
VmallocTotal:   34359738367 kB
VmallocUsed:      159080 kB
VmallocChunk:          0 kB
Percpu:            19456 kB
HardwareCorrupted:     0 kB
AnonHugePages:      8192 kB
ShmemHugePages:        0 kB
ShmemPmdMapped:        0 kB
FileHugePages:         0 kB
FilePmdMapped:         0 kB
HugePages_Total:       0
HugePages_Free:        0
HugePages_Rsvd:        0
HugePages_Surp:        0
Hugepagesize:       2048 kB
Hugetlb:               0 kB
DirectMap4k:      389100 kB
DirectMap2M:    11010048 kB
DirectMap1G:    56623104 kB
