MemTotal:       263785564 kB
MemFree:         1840692 kB
MemAvailable:     781092 kB
Buffers:           13724 kB
Cached:            88720 kB
SwapCached:            0 kB
Active:           120556 kB
Inactive:       259794256 kB
Active(anon):      70812 kB
Inactive(anon): 259752756 kB
Active(file):      49744 kB
Inactive(file):    41500 kB
Unevictable:       19140 kB
Mlocked:           19140 kB
SwapTotal:      41943024 kB
SwapFree:       33052144 kB
Dirty:                12 kB
Writeback:             0 kB
AnonPages:      259833724 kB
Mapped:            45632 kB
Shmem:              2388 kB
KReclaimable:      70744 kB
Slab:             247992 kB
SReclaimable:      70744 kB
SUnreclaim:       177248 kB
KernelStack:       11968 kB
PageTables:       531600 kB
NFS_Unstable:          0 kB
Bounce:                0 kB
WritebackTmp:          0 kB
CommitLimit:    173835804 kB
Committed_AS:    1415160 kB
VmallocTotal:   34359738367 kB
VmallocUsed:      519268 kB
VmallocChunk:          0 kB
Percpu:            34176 kB
HardwareCorrupted:     0 kB
AnonHugePages:         0 kB
ShmemHugePages:        0 kB
ShmemPmdMapped:        0 kB
FileHugePages:         0 kB
FilePmdMapped:         0 kB
HugePages_Total:       0
HugePages_Free:        0
HugePages_Rsvd:        0
HugePages_Surp:        0
Hugepagesize:       2048 kB
Hugetlb:               0 kB
DirectMap4k:      336560 kB
DirectMap2M:     5607424 kB
DirectMap1G:    264241152 kB
