MemTotal:       65705112 kB
MemFree:        64639516 kB
MemAvailable:   64369424 kB
Buffers:           27268 kB
Cached:           279812 kB
SwapCached:            0 kB
Active:           191616 kB
Inactive:         198804 kB
Active(anon):      79208 kB
Inactive(anon):    13516 kB
Active(file):     112408 kB
Inactive(file):   185288 kB
Unevictable:           0 kB
Mlocked:               0 kB
SwapTotal:      32970748 kB
SwapFree:       32970748 kB
Dirty:             27636 kB
Writeback:             0 kB
AnonPages:         83504 kB
Mapped:            92348 kB
Shmem:              9300 kB
KReclaimable:      51212 kB
Slab:             153444 kB
SReclaimable:      51212 kB
SUnreclaim:       102232 kB
KernelStack:        8240 kB
PageTables:         7308 kB
NFS_Unstable:          0 kB
Bounce:                0 kB
WritebackTmp:          0 kB
CommitLimit:    65823304 kB
Committed_AS:     313192 kB
VmallocTotal:   34359738367 kB
VmallocUsed:      158880 kB
VmallocChunk:          0 kB
Percpu:            19328 kB
HardwareCorrupted:     0 kB
AnonHugePages:      6144 kB
ShmemHugePages:        0 kB
ShmemPmdMapped:        0 kB
FileHugePages:         0 kB
FilePmdMapped:         0 kB
HugePages_Total:       0
HugePages_Free:        0
HugePages_Rsvd:        0
HugePages_Surp:        0
Hugepagesize:       2048 kB
Hugetlb:               0 kB
DirectMap4k:      530412 kB
DirectMap2M:     7723008 kB
DirectMap1G:    59768832 kB
