MemTotal:       263785560 kB
MemFree:         1242716 kB
MemAvailable:   257824956 kB
Buffers:           60324 kB
Cached:         256391084 kB
SwapCached:            0 kB
Active:           152616 kB
Inactive:       256339680 kB
Active(anon):       1692 kB
Inactive(anon):  2691516 kB
Active(file):     150924 kB
Inactive(file): 253648164 kB
Unevictable:       19116 kB
Mlocked:           19116 kB
SwapTotal:             0 kB
SwapFree:              0 kB
Dirty:            353292 kB
Writeback:             0 kB
AnonPages:         60228 kB
Mapped:          2696392 kB
Shmem:           2643436 kB
KReclaimable:    4631536 kB
Slab:            5199248 kB
SReclaimable:    4631536 kB
SUnreclaim:       567712 kB
KernelStack:        9120 kB
PageTables:         8588 kB
NFS_Unstable:          0 kB
Bounce:                0 kB
WritebackTmp:          0 kB
CommitLimit:    131892780 kB
Committed_AS:   130045208 kB
VmallocTotal:   34359738367 kB
VmallocUsed:      251872 kB
VmallocChunk:          0 kB
Percpu:            27456 kB
HardwareCorrupted:     0 kB
AnonHugePages:         0 kB
ShmemHugePages:        0 kB
ShmemPmdMapped:        0 kB
FileHugePages:         0 kB
FilePmdMapped:         0 kB
HugePages_Total:       0
HugePages_Free:        0
HugePages_Rsvd:        0
HugePages_Surp:        0
Hugepagesize:       2048 kB
Hugetlb:               0 kB
DirectMap4k:      250540 kB
DirectMap2M:     4644864 kB
DirectMap1G:    265289728 kB
