MemTotal:       65705104 kB
MemFree:          634620 kB
MemAvailable:   64162424 kB
Buffers:           13396 kB
Cached:         62939080 kB
SwapCached:          140 kB
Active:           327700 kB
Inactive:       62766860 kB
Active(anon):     148572 kB
Inactive(anon):      152 kB
Active(file):     179128 kB
Inactive(file): 62766708 kB
Unevictable:           0 kB
Mlocked:               0 kB
SwapTotal:      32970748 kB
SwapFree:       32966396 kB
Dirty:           4418624 kB
Writeback:             0 kB
AnonPages:        143712 kB
Mapped:           118632 kB
Shmem:              5044 kB
KReclaimable:    1308736 kB
Slab:            1517704 kB
SReclaimable:    1308736 kB
SUnreclaim:       208968 kB
KernelStack:        8608 kB
PageTables:         7284 kB
NFS_Unstable:          0 kB
Bounce:                0 kB
WritebackTmp:          0 kB
CommitLimit:    65823300 kB
Committed_AS:     691228 kB
VmallocTotal:   34359738367 kB
VmallocUsed:      158968 kB
VmallocChunk:          0 kB
Percpu:            19584 kB
HardwareCorrupted:     0 kB
AnonHugePages:      4096 kB
ShmemHugePages:        0 kB
ShmemPmdMapped:        0 kB
FileHugePages:         0 kB
FilePmdMapped:         0 kB
HugePages_Total:       0
HugePages_Free:        0
HugePages_Rsvd:        0
HugePages_Surp:        0
Hugepagesize:       2048 kB
Hugetlb:               0 kB
DirectMap4k:      407532 kB
DirectMap2M:    10991616 kB
DirectMap1G:    56623104 kB
