MemTotal:       65705120 kB
MemFree:        60253452 kB
MemAvailable:   59917764 kB
Buffers:           23860 kB
Cached:           183440 kB
SwapCached:            0 kB
Active:           122140 kB
Inactive:        4638376 kB
Active(anon):       1496 kB
Inactive(anon):  4561056 kB
Active(file):     120644 kB
Inactive(file):    77320 kB
Unevictable:           0 kB
Mlocked:               0 kB
SwapTotal:      32970748 kB
SwapFree:       32970748 kB
Dirty:               116 kB
Writeback:             0 kB
AnonPages:       4553320 kB
Mapped:            82692 kB
Shmem:              9320 kB
KReclaimable:      51088 kB
Slab:             172640 kB
SReclaimable:      51088 kB
SUnreclaim:       121552 kB
KernelStack:        8384 kB
PageTables:        17788 kB
NFS_Unstable:          0 kB
Bounce:                0 kB
WritebackTmp:          0 kB
CommitLimit:    65823308 kB
Committed_AS:   66747684 kB
VmallocTotal:   34359738367 kB
VmallocUsed:      163940 kB
VmallocChunk:          0 kB
Percpu:            20096 kB
HardwareCorrupted:     0 kB
AnonHugePages:   4374528 kB
ShmemHugePages:        0 kB
ShmemPmdMapped:        0 kB
FileHugePages:         0 kB
FilePmdMapped:         0 kB
HugePages_Total:       0
HugePages_Free:        0
HugePages_Rsvd:        0
HugePages_Surp:        0
Hugepagesize:       2048 kB
Hugetlb:               0 kB
DirectMap4k:      423916 kB
DirectMap2M:     7829504 kB
DirectMap1G:    59768832 kB
