MemTotal:       263785552 kB
MemFree:         1241268 kB
MemAvailable:   257785796 kB
Buffers:           11228 kB
Cached:         256403064 kB
SwapCached:            0 kB
Active:          2841048 kB
Inactive:       253613456 kB
Active(anon):    2692668 kB
Inactive(anon):      256 kB
Active(file):     148380 kB
Inactive(file): 253613200 kB
Unevictable:       19116 kB
Mlocked:           19116 kB
SwapTotal:             0 kB
SwapFree:              0 kB
Dirty:            361932 kB
Writeback:             0 kB
AnonPages:         59976 kB
Mapped:          2717048 kB
Shmem:           2643436 kB
KReclaimable:    4631332 kB
Slab:            5200436 kB
SReclaimable:    4631332 kB
SUnreclaim:       569104 kB
KernelStack:        9088 kB
PageTables:         8664 kB
NFS_Unstable:          0 kB
Bounce:                0 kB
WritebackTmp:          0 kB
CommitLimit:    131892776 kB
Committed_AS:   130033012 kB
VmallocTotal:   34359738367 kB
VmallocUsed:      251808 kB
VmallocChunk:          0 kB
Percpu:            27456 kB
HardwareCorrupted:     0 kB
AnonHugePages:         0 kB
ShmemHugePages:        0 kB
ShmemPmdMapped:        0 kB
FileHugePages:         0 kB
FilePmdMapped:         0 kB
HugePages_Total:       0
HugePages_Free:        0
HugePages_Rsvd:        0
HugePages_Surp:        0
Hugepagesize:       2048 kB
Hugetlb:               0 kB
DirectMap4k:      266924 kB
DirectMap2M:     4628480 kB
DirectMap1G:    265289728 kB
