MemTotal:       65705112 kB
MemFree:        59774452 kB
MemAvailable:   59423388 kB
Buffers:            7560 kB
Cached:           170432 kB
SwapCached:            0 kB
Active:          5214160 kB
Inactive:          37584 kB
Active(anon):    5072716 kB
Inactive(anon):    10420 kB
Active(file):     141444 kB
Inactive(file):    27164 kB
Unevictable:           0 kB
Mlocked:               0 kB
SwapTotal:      32970748 kB
SwapFree:       32970748 kB
Dirty:               288 kB
Writeback:             0 kB
AnonPages:       5073312 kB
Mapped:           101816 kB
Shmem:              9316 kB
KReclaimable:      49680 kB
Slab:             164676 kB
SReclaimable:      49680 kB
SUnreclaim:       114996 kB
KernelStack:        8368 kB
PageTables:        17112 kB
NFS_Unstable:          0 kB
Bounce:                0 kB
WritebackTmp:          0 kB
CommitLimit:    65823304 kB
Committed_AS:   66731740 kB
VmallocTotal:   34359738367 kB
VmallocUsed:      163972 kB
VmallocChunk:          0 kB
Percpu:            19712 kB
HardwareCorrupted:     0 kB
AnonHugePages:   4937728 kB
ShmemHugePages:        0 kB
ShmemPmdMapped:        0 kB
FileHugePages:         0 kB
FilePmdMapped:         0 kB
HugePages_Total:       0
HugePages_Free:        0
HugePages_Rsvd:        0
HugePages_Surp:        0
Hugepagesize:       2048 kB
Hugetlb:               0 kB
DirectMap4k:      339948 kB
DirectMap2M:     7913472 kB
DirectMap1G:    59768832 kB
