MemTotal:       65705112 kB
MemFree:        64640640 kB
MemAvailable:   64367236 kB
Buffers:           27584 kB
Cached:           278940 kB
SwapCached:            0 kB
Active:           192184 kB
Inactive:         197524 kB
Active(anon):      80744 kB
Inactive(anon):    13456 kB
Active(file):     111440 kB
Inactive(file):   184068 kB
Unevictable:         260 kB
Mlocked:               0 kB
SwapTotal:      32970748 kB
SwapFree:       32970748 kB
Dirty:               416 kB
Writeback:           268 kB
AnonPages:         84840 kB
Mapped:            92196 kB
Shmem:              9276 kB
KReclaimable:      48968 kB
Slab:             148368 kB
SReclaimable:      48968 kB
SUnreclaim:        99400 kB
KernelStack:        8076 kB
PageTables:         6780 kB
NFS_Unstable:          0 kB
Bounce:                0 kB
WritebackTmp:          0 kB
CommitLimit:    65823304 kB
Committed_AS:     313228 kB
VmallocTotal:   34359738367 kB
VmallocUsed:      158720 kB
VmallocChunk:          0 kB
Percpu:            19328 kB
HardwareCorrupted:     0 kB
AnonHugePages:      8192 kB
ShmemHugePages:        0 kB
ShmemPmdMapped:        0 kB
FileHugePages:         0 kB
FilePmdMapped:         0 kB
HugePages_Total:       0
HugePages_Free:        0
HugePages_Rsvd:        0
HugePages_Surp:        0
Hugepagesize:       2048 kB
Hugetlb:               0 kB
DirectMap4k:      507884 kB
DirectMap2M:    11939840 kB
DirectMap1G:    55574528 kB
