MemTotal:       65705112 kB
MemFree:          619900 kB
MemAvailable:   64161844 kB
Buffers:           12984 kB
Cached:         62952888 kB
SwapCached:          144 kB
Active:           329712 kB
Inactive:       62781552 kB
Active(anon):     150896 kB
Inactive(anon):      160 kB
Active(file):     178816 kB
Inactive(file): 62781392 kB
Unevictable:           0 kB
Mlocked:               0 kB
SwapTotal:      32970748 kB
SwapFree:       32966396 kB
Dirty:           4418880 kB
Writeback:             0 kB
AnonPages:        146000 kB
Mapped:           118864 kB
Shmem:              5040 kB
KReclaimable:    1308312 kB
Slab:            1519360 kB
SReclaimable:    1308312 kB
SUnreclaim:       211048 kB
KernelStack:        8528 kB
PageTables:         7304 kB
NFS_Unstable:          0 kB
Bounce:                0 kB
WritebackTmp:          0 kB
CommitLimit:    65823304 kB
Committed_AS:     691216 kB
VmallocTotal:   34359738367 kB
VmallocUsed:      158952 kB
VmallocChunk:          0 kB
Percpu:            19200 kB
HardwareCorrupted:     0 kB
AnonHugePages:      6144 kB
ShmemHugePages:        0 kB
ShmemPmdMapped:        0 kB
FileHugePages:         0 kB
FilePmdMapped:         0 kB
HugePages_Total:       0
HugePages_Free:        0
HugePages_Rsvd:        0
HugePages_Surp:        0
Hugepagesize:       2048 kB
Hugetlb:               0 kB
DirectMap4k:      538604 kB
DirectMap2M:     8763392 kB
DirectMap1G:    58720256 kB
