MemTotal:       65705112 kB
MemFree:        60600392 kB
MemAvailable:   60249252 kB
Buffers:            7480 kB
Cached:           170748 kB
SwapCached:            0 kB
Active:          4379072 kB
Inactive:          46136 kB
Active(anon):    4237708 kB
Inactive(anon):    18612 kB
Active(file):     141364 kB
Inactive(file):    27524 kB
Unevictable:           0 kB
Mlocked:               0 kB
SwapTotal:      32970748 kB
SwapFree:       32970748 kB
Dirty:                64 kB
Writeback:             0 kB
AnonPages:       4246276 kB
Mapped:           101724 kB
Shmem:              9320 kB
KReclaimable:      49248 kB
Slab:             169752 kB
SReclaimable:      49248 kB
SUnreclaim:       120504 kB
KernelStack:        8480 kB
PageTables:        15296 kB
NFS_Unstable:          0 kB
Bounce:                0 kB
WritebackTmp:          0 kB
CommitLimit:    65823304 kB
Committed_AS:   66756188 kB
VmallocTotal:   34359738367 kB
VmallocUsed:      164052 kB
VmallocChunk:          0 kB
Percpu:            19584 kB
HardwareCorrupted:     0 kB
AnonHugePages:   4116480 kB
ShmemHugePages:        0 kB
ShmemPmdMapped:        0 kB
FileHugePages:         0 kB
FilePmdMapped:         0 kB
HugePages_Total:       0
HugePages_Free:        0
HugePages_Rsvd:        0
HugePages_Surp:        0
Hugepagesize:       2048 kB
Hugetlb:               0 kB
DirectMap4k:      425964 kB
DirectMap2M:     9924608 kB
DirectMap1G:    57671680 kB
