MemTotal:       263785552 kB
MemFree:        262266796 kB
MemAvailable:   261305212 kB
Buffers:           65380 kB
Cached:           253448 kB
SwapCached:            0 kB
Active:           277796 kB
Inactive:         185072 kB
Active(anon):     152776 kB
Inactive(anon):     2112 kB
Active(file):     125020 kB
Inactive(file):   182960 kB
Unevictable:       19116 kB
Mlocked:           19116 kB
SwapTotal:             0 kB
SwapFree:              0 kB
Dirty:              3900 kB
Writeback:             4 kB
AnonPages:        163836 kB
Mapped:            87460 kB
Shmem:              2068 kB
KReclaimable:      50352 kB
Slab:             184396 kB
SReclaimable:      50352 kB
SUnreclaim:       134044 kB
KernelStack:       11904 kB
PageTables:         9236 kB
NFS_Unstable:          0 kB
Bounce:                0 kB
WritebackTmp:          0 kB
CommitLimit:    131892776 kB
Committed_AS:     601636 kB
VmallocTotal:   34359738367 kB
VmallocUsed:      254716 kB
VmallocChunk:          0 kB
Percpu:            26688 kB
HardwareCorrupted:     0 kB
AnonHugePages:         0 kB
ShmemHugePages:        0 kB
ShmemPmdMapped:        0 kB
FileHugePages:         0 kB
FilePmdMapped:         0 kB
HugePages_Total:       0
HugePages_Free:        0
HugePages_Rsvd:        0
HugePages_Surp:        0
Hugepagesize:       2048 kB
Hugetlb:               0 kB
DirectMap4k:      232108 kB
DirectMap2M:     4663296 kB
DirectMap1G:    265289728 kB
