MemTotal:       65705120 kB
MemFree:          474856 kB
MemAvailable:      50980 kB
Buffers:            3372 kB
Cached:            17724 kB
SwapCached:            0 kB
Active:         41693316 kB
Inactive:       22522680 kB
Active(anon):   41680152 kB
Inactive(anon): 22516932 kB
Active(file):      13164 kB
Inactive(file):     5748 kB
Unevictable:           0 kB
Mlocked:               0 kB
SwapTotal:       8388604 kB
SwapFree:        5025652 kB
Dirty:                 0 kB
Writeback:             0 kB
AnonPages:      64195912 kB
Mapped:            11564 kB
Shmem:              1672 kB
KReclaimable:      53764 kB
Slab:             166904 kB
SReclaimable:      53764 kB
SUnreclaim:       113140 kB
KernelStack:        8492 kB
PageTables:       141140 kB
NFS_Unstable:          0 kB
Bounce:                0 kB
WritebackTmp:          0 kB
CommitLimit:    41241164 kB
Committed_AS:    3756668 kB
VmallocTotal:   34359738367 kB
VmallocUsed:      191200 kB
VmallocChunk:          0 kB
Percpu:            19840 kB
HardwareCorrupted:     0 kB
AnonHugePages:      4096 kB
ShmemHugePages:        0 kB
ShmemPmdMapped:        0 kB
FileHugePages:         0 kB
FilePmdMapped:         0 kB
HugePages_Total:       0
HugePages_Free:        0
HugePages_Rsvd:        0
HugePages_Surp:        0
Hugepagesize:       2048 kB
Hugetlb:               0 kB
DirectMap4k:      401388 kB
DirectMap2M:    10997760 kB
DirectMap1G:    56623104 kB
