MemTotal:       65705112 kB
MemFree:          599512 kB
MemAvailable:   64156836 kB
Buffers:           12756 kB
Cached:         62969240 kB
SwapCached:          144 kB
Active:           331716 kB
Inactive:       62796052 kB
Active(anon):     152184 kB
Inactive(anon):      156 kB
Active(file):     179532 kB
Inactive(file): 62795896 kB
Unevictable:           0 kB
Mlocked:               0 kB
SwapTotal:      32970748 kB
SwapFree:       32966396 kB
Dirty:           4419344 kB
Writeback:             0 kB
AnonPages:        145416 kB
Mapped:           117844 kB
Shmem:              5044 kB
KReclaimable:    1308472 kB
Slab:            1519924 kB
SReclaimable:    1308472 kB
SUnreclaim:       211452 kB
KernelStack:        8592 kB
PageTables:         7220 kB
NFS_Unstable:          0 kB
Bounce:                0 kB
WritebackTmp:          0 kB
CommitLimit:    65823304 kB
Committed_AS:     690800 kB
VmallocTotal:   34359738367 kB
VmallocUsed:      158904 kB
VmallocChunk:          0 kB
Percpu:            19328 kB
HardwareCorrupted:     0 kB
AnonHugePages:      8192 kB
ShmemHugePages:        0 kB
ShmemPmdMapped:        0 kB
FileHugePages:         0 kB
FilePmdMapped:         0 kB
HugePages_Total:       0
HugePages_Free:        0
HugePages_Rsvd:        0
HugePages_Surp:        0
Hugepagesize:       2048 kB
Hugetlb:               0 kB
DirectMap4k:      442348 kB
DirectMap2M:    10956800 kB
DirectMap1G:    56623104 kB
