MemTotal:       65705120 kB
MemFree:          389092 kB
MemAvailable:          0 kB
Buffers:            3272 kB
Cached:            16468 kB
SwapCached:            8 kB
Active:         38602292 kB
Inactive:       25804224 kB
Active(anon):   38590972 kB
Inactive(anon): 25798672 kB
Active(file):      11320 kB
Inactive(file):     5552 kB
Unevictable:           0 kB
Mlocked:               0 kB
SwapTotal:       8388604 kB
SwapFree:        5234940 kB
Dirty:                 0 kB
Writeback:             0 kB
AnonPages:      64388536 kB
Mapped:            11620 kB
Shmem:              1712 kB
KReclaimable:      49988 kB
Slab:             161364 kB
SReclaimable:      49988 kB
SUnreclaim:       111376 kB
KernelStack:        8768 kB
PageTables:       141432 kB
NFS_Unstable:          0 kB
Bounce:                0 kB
WritebackTmp:          0 kB
CommitLimit:    41241164 kB
Committed_AS:    3890676 kB
VmallocTotal:   34359738367 kB
VmallocUsed:      191248 kB
VmallocChunk:          0 kB
Percpu:            19968 kB
HardwareCorrupted:     0 kB
AnonHugePages:         0 kB
ShmemHugePages:        0 kB
ShmemPmdMapped:        0 kB
FileHugePages:         0 kB
FilePmdMapped:         0 kB
HugePages_Total:       0
HugePages_Free:        0
HugePages_Rsvd:        0
HugePages_Surp:        0
Hugepagesize:       2048 kB
Hugetlb:               0 kB
DirectMap4k:      587756 kB
DirectMap2M:     9762816 kB
DirectMap1G:    57671680 kB
