MemTotal:       263785552 kB
MemFree:        262228560 kB
MemAvailable:   261268600 kB
Buffers:           60420 kB
Cached:           261596 kB
SwapCached:            0 kB
Active:           288648 kB
Inactive:         165320 kB
Active(anon):     141244 kB
Inactive(anon):     2128 kB
Active(file):     147404 kB
Inactive(file):   163192 kB
Unevictable:       19116 kB
Mlocked:           19116 kB
SwapTotal:      67108860 kB
SwapFree:       67108860 kB
Dirty:              5320 kB
Writeback:             0 kB
AnonPages:        152040 kB
Mapped:           104884 kB
Shmem:              2064 kB
KReclaimable:      50672 kB
Slab:             187568 kB
SReclaimable:      50672 kB
SUnreclaim:       136896 kB
KernelStack:       12000 kB
PageTables:         9868 kB
NFS_Unstable:          0 kB
Bounce:                0 kB
WritebackTmp:          0 kB
CommitLimit:    199001636 kB
Committed_AS:     554888 kB
VmallocTotal:   34359738367 kB
VmallocUsed:      270968 kB
VmallocChunk:          0 kB
Percpu:            26880 kB
HardwareCorrupted:     0 kB
AnonHugePages:         0 kB
ShmemHugePages:        0 kB
ShmemPmdMapped:        0 kB
FileHugePages:         0 kB
FilePmdMapped:         0 kB
HugePages_Total:       0
HugePages_Free:        0
HugePages_Rsvd:        0
HugePages_Surp:        0
Hugepagesize:       2048 kB
Hugetlb:               0 kB
DirectMap4k:      279212 kB
DirectMap2M:     4616192 kB
DirectMap1G:    265289728 kB
