MemTotal:       263785552 kB
MemFree:         1220932 kB
MemAvailable:   257840008 kB
Buffers:           12092 kB
Cached:         256475536 kB
SwapCached:            0 kB
Active:          2831276 kB
Inactive:       253696540 kB
Active(anon):    2692700 kB
Inactive(anon):      252 kB
Active(file):     138576 kB
Inactive(file): 253696288 kB
Unevictable:       19116 kB
Mlocked:           19116 kB
SwapTotal:             0 kB
SwapFree:              0 kB
Dirty:            355152 kB
Writeback:             0 kB
AnonPages:         59980 kB
Mapped:          2701808 kB
Shmem:           2643436 kB
KReclaimable:    4632432 kB
Slab:            5201416 kB
SReclaimable:    4632432 kB
SUnreclaim:       568984 kB
KernelStack:        9136 kB
PageTables:         8720 kB
NFS_Unstable:          0 kB
Bounce:                0 kB
WritebackTmp:          0 kB
CommitLimit:    131892776 kB
Committed_AS:   130037016 kB
VmallocTotal:   34359738367 kB
VmallocUsed:      251840 kB
VmallocChunk:          0 kB
Percpu:            27264 kB
HardwareCorrupted:     0 kB
AnonHugePages:         0 kB
ShmemHugePages:        0 kB
ShmemPmdMapped:        0 kB
FileHugePages:         0 kB
FilePmdMapped:         0 kB
HugePages_Total:       0
HugePages_Free:        0
HugePages_Rsvd:        0
HugePages_Surp:        0
Hugepagesize:       2048 kB
Hugetlb:               0 kB
DirectMap4k:      266924 kB
DirectMap2M:     4628480 kB
DirectMap1G:    265289728 kB
