MemTotal:       65705120 kB
MemFree:         4069992 kB
MemAvailable:    3646540 kB
Buffers:            3504 kB
Cached:            16904 kB
SwapCached:           12 kB
Active:         56234648 kB
Inactive:        4249736 kB
Active(anon):   56224260 kB
Inactive(anon):  4241612 kB
Active(file):      10388 kB
Inactive(file):     8124 kB
Unevictable:           0 kB
Mlocked:               0 kB
SwapTotal:       8388604 kB
SwapFree:        1380940 kB
Dirty:                 0 kB
Writeback:             0 kB
AnonPages:      60465100 kB
Mapped:            13300 kB
Shmem:               860 kB
KReclaimable:      55384 kB
Slab:             176824 kB
SReclaimable:      55384 kB
SUnreclaim:       121440 kB
KernelStack:        8616 kB
PageTables:       138988 kB
NFS_Unstable:          0 kB
Bounce:                0 kB
WritebackTmp:          0 kB
CommitLimit:    41241164 kB
Committed_AS:   67989428 kB
VmallocTotal:   34359738367 kB
VmallocUsed:      191152 kB
VmallocChunk:          0 kB
Percpu:            19840 kB
HardwareCorrupted:     0 kB
AnonHugePages:   2146304 kB
ShmemHugePages:        0 kB
ShmemPmdMapped:        0 kB
FileHugePages:         0 kB
FilePmdMapped:         0 kB
HugePages_Total:       0
HugePages_Free:        0
HugePages_Rsvd:        0
HugePages_Surp:        0
Hugepagesize:       2048 kB
Hugetlb:               0 kB
DirectMap4k:      540652 kB
DirectMap2M:     6664192 kB
DirectMap1G:    60817408 kB
