MemTotal:       65705112 kB
MemFree:          584444 kB
MemAvailable:   64158156 kB
Buffers:           12820 kB
Cached:         62985812 kB
SwapCached:          196 kB
Active:           326616 kB
Inactive:       62813960 kB
Active(anon):     148548 kB
Inactive(anon):      156 kB
Active(file):     178068 kB
Inactive(file): 62813804 kB
Unevictable:           0 kB
Mlocked:               0 kB
SwapTotal:      32970748 kB
SwapFree:       32965884 kB
Dirty:           4418728 kB
Writeback:             0 kB
AnonPages:        143680 kB
Mapped:           118540 kB
Shmem:              5040 kB
KReclaimable:    1308416 kB
Slab:            1518320 kB
SReclaimable:    1308416 kB
SUnreclaim:       209904 kB
KernelStack:        8576 kB
PageTables:         7236 kB
NFS_Unstable:          0 kB
Bounce:                0 kB
WritebackTmp:          0 kB
CommitLimit:    65823304 kB
Committed_AS:     690996 kB
VmallocTotal:   34359738367 kB
VmallocUsed:      159032 kB
VmallocChunk:          0 kB
Percpu:            19584 kB
HardwareCorrupted:     0 kB
AnonHugePages:      6144 kB
ShmemHugePages:        0 kB
ShmemPmdMapped:        0 kB
FileHugePages:         0 kB
FilePmdMapped:         0 kB
HugePages_Total:       0
HugePages_Free:        0
HugePages_Rsvd:        0
HugePages_Surp:        0
Hugepagesize:       2048 kB
Hugetlb:               0 kB
DirectMap4k:      473068 kB
DirectMap2M:    10926080 kB
DirectMap1G:    56623104 kB
