MemTotal:       65705120 kB
MemFree:          635392 kB
MemAvailable:   64162320 kB
Buffers:           39492 kB
Cached:         62916492 kB
SwapCached:            0 kB
Active:           244352 kB
Inactive:       62854416 kB
Active(anon):       1508 kB
Inactive(anon):   151124 kB
Active(file):     242844 kB
Inactive(file): 62703292 kB
Unevictable:           0 kB
Mlocked:               0 kB
SwapTotal:      32970748 kB
SwapFree:       32970748 kB
Dirty:           4419000 kB
Writeback:             0 kB
AnonPages:        141480 kB
Mapped:           103220 kB
Shmem:              9300 kB
KReclaimable:    1307368 kB
Slab:            1515540 kB
SReclaimable:    1307368 kB
SUnreclaim:       208172 kB
KernelStack:        8592 kB
PageTables:         7216 kB
NFS_Unstable:          0 kB
Bounce:                0 kB
WritebackTmp:          0 kB
CommitLimit:    65823308 kB
Committed_AS:     690012 kB
VmallocTotal:   34359738367 kB
VmallocUsed:      158968 kB
VmallocChunk:          0 kB
Percpu:            19712 kB
HardwareCorrupted:     0 kB
AnonHugePages:      4096 kB
ShmemHugePages:        0 kB
ShmemPmdMapped:        0 kB
FileHugePages:         0 kB
FilePmdMapped:         0 kB
HugePages_Total:       0
HugePages_Free:        0
HugePages_Rsvd:        0
HugePages_Surp:        0
Hugepagesize:       2048 kB
Hugetlb:               0 kB
DirectMap4k:      483308 kB
DirectMap2M:     7770112 kB
DirectMap1G:    59768832 kB
