MemTotal:       263785552 kB
MemFree:        262275272 kB
MemAvailable:   261302952 kB
Buffers:           64976 kB
Cached:           231628 kB
SwapCached:            0 kB
Active:           242120 kB
Inactive:         183564 kB
Active(anon):     138408 kB
Inactive(anon):     2120 kB
Active(file):     103712 kB
Inactive(file):   181444 kB
Unevictable:       19116 kB
Mlocked:           19116 kB
SwapTotal:      67108860 kB
SwapFree:       67108860 kB
Dirty:              4080 kB
Writeback:             0 kB
AnonPages:        148632 kB
Mapped:            70124 kB
Shmem:              2052 kB
KReclaimable:      51392 kB
Slab:             191048 kB
SReclaimable:      51392 kB
SUnreclaim:       139656 kB
KernelStack:       12352 kB
PageTables:         8808 kB
NFS_Unstable:          0 kB
Bounce:                0 kB
WritebackTmp:          0 kB
CommitLimit:    199001636 kB
Committed_AS:     556028 kB
VmallocTotal:   34359738367 kB
VmallocUsed:      271304 kB
VmallocChunk:          0 kB
Percpu:            26880 kB
HardwareCorrupted:     0 kB
AnonHugePages:         0 kB
ShmemHugePages:        0 kB
ShmemPmdMapped:        0 kB
FileHugePages:         0 kB
FilePmdMapped:         0 kB
HugePages_Total:       0
HugePages_Free:        0
HugePages_Rsvd:        0
HugePages_Surp:        0
Hugepagesize:       2048 kB
Hugetlb:               0 kB
DirectMap4k:      268972 kB
DirectMap2M:     4626432 kB
DirectMap1G:    265289728 kB
