MemTotal:       263785560 kB
MemFree:         1026380 kB
MemAvailable:   257039628 kB
Buffers:           60888 kB
Cached:         256572620 kB
SwapCached:            0 kB
Active:           158784 kB
Inactive:       256514488 kB
Active(anon):       1724 kB
Inactive(anon):  3436800 kB
Active(file):     157060 kB
Inactive(file): 253077688 kB
Unevictable:       19116 kB
Mlocked:           19116 kB
SwapTotal:      67108860 kB
SwapFree:       67108860 kB
Dirty:            352760 kB
Writeback:             0 kB
AnonPages:         59580 kB
Mapped:          3441660 kB
Shmem:           3389420 kB
KReclaimable:    4626884 kB
Slab:            5195156 kB
SReclaimable:    4626884 kB
SUnreclaim:       568272 kB
KernelStack:        9072 kB
PageTables:        10480 kB
NFS_Unstable:          0 kB
Bounce:                0 kB
WritebackTmp:          0 kB
CommitLimit:    199001640 kB
Committed_AS:   162313024 kB
VmallocTotal:   34359738367 kB
VmallocUsed:      268304 kB
VmallocChunk:          0 kB
Percpu:            28032 kB
HardwareCorrupted:     0 kB
AnonHugePages:         0 kB
ShmemHugePages:        0 kB
ShmemPmdMapped:        0 kB
FileHugePages:         0 kB
FilePmdMapped:         0 kB
HugePages_Total:       0
HugePages_Free:        0
HugePages_Rsvd:        0
HugePages_Surp:        0
Hugepagesize:       2048 kB
Hugetlb:               0 kB
DirectMap4k:      258732 kB
DirectMap2M:     4636672 kB
DirectMap1G:    265289728 kB
