MemTotal:       65705112 kB
MemFree:          585512 kB
MemAvailable:   64153700 kB
Buffers:           14044 kB
Cached:         62979776 kB
SwapCached:          136 kB
Active:           336908 kB
Inactive:       62806760 kB
Active(anon):     156684 kB
Inactive(anon):      148 kB
Active(file):     180224 kB
Inactive(file): 62806612 kB
Unevictable:           0 kB
Mlocked:               0 kB
SwapTotal:      32970748 kB
SwapFree:       32966396 kB
Dirty:           4418708 kB
Writeback:            12 kB
AnonPages:        147772 kB
Mapped:           119312 kB
Shmem:              4968 kB
KReclaimable:    1307928 kB
Slab:            1518560 kB
SReclaimable:    1307928 kB
SUnreclaim:       210632 kB
KernelStack:        8576 kB
PageTables:         7188 kB
NFS_Unstable:          0 kB
Bounce:                0 kB
WritebackTmp:          0 kB
CommitLimit:    65823304 kB
Committed_AS:     691488 kB
VmallocTotal:   34359738367 kB
VmallocUsed:      158952 kB
VmallocChunk:          0 kB
Percpu:            19328 kB
HardwareCorrupted:     0 kB
AnonHugePages:      8192 kB
ShmemHugePages:        0 kB
ShmemPmdMapped:        0 kB
FileHugePages:         0 kB
FilePmdMapped:         0 kB
HugePages_Total:       0
HugePages_Free:        0
HugePages_Rsvd:        0
HugePages_Surp:        0
Hugepagesize:       2048 kB
Hugetlb:               0 kB
DirectMap4k:      409580 kB
DirectMap2M:     8892416 kB
DirectMap1G:    58720256 kB
