MemTotal:       263785552 kB
MemFree:        262254944 kB
MemAvailable:   261283216 kB
Buffers:           65488 kB
Cached:           231216 kB
SwapCached:            0 kB
Active:           259272 kB
Inactive:         186884 kB
Active(anon):     158212 kB
Inactive(anon):     2128 kB
Active(file):     101060 kB
Inactive(file):   184756 kB
Unevictable:       19116 kB
Mlocked:           19116 kB
SwapTotal:      67108860 kB
SwapFree:       67108860 kB
Dirty:              3708 kB
Writeback:             0 kB
AnonPages:        169052 kB
Mapped:            67768 kB
Shmem:              2064 kB
KReclaimable:      51916 kB
Slab:             189872 kB
SReclaimable:      51916 kB
SUnreclaim:       137956 kB
KernelStack:       12240 kB
PageTables:         9116 kB
NFS_Unstable:          0 kB
Bounce:                0 kB
WritebackTmp:          0 kB
CommitLimit:    199001636 kB
Committed_AS:     611856 kB
VmallocTotal:   34359738367 kB
VmallocUsed:      271148 kB
VmallocChunk:          0 kB
Percpu:            26880 kB
HardwareCorrupted:     0 kB
AnonHugePages:         0 kB
ShmemHugePages:        0 kB
ShmemPmdMapped:        0 kB
FileHugePages:         0 kB
FilePmdMapped:         0 kB
HugePages_Total:       0
HugePages_Free:        0
HugePages_Rsvd:        0
HugePages_Surp:        0
Hugepagesize:       2048 kB
Hugetlb:               0 kB
DirectMap4k:      305836 kB
DirectMap2M:     4589568 kB
DirectMap1G:    265289728 kB
