MemTotal:       263785556 kB
MemFree:         1097948 kB
MemAvailable:      15704 kB
Buffers:            5320 kB
Cached:            57912 kB
SwapCached:            0 kB
Active:         130981088 kB
Inactive:       129744412 kB
Active(anon):   130935328 kB
Inactive(anon): 129736824 kB
Active(file):      45760 kB
Inactive(file):     7588 kB
Unevictable:       19116 kB
Mlocked:           19116 kB
SwapTotal:      41943024 kB
SwapFree:       33897712 kB
Dirty:                 4 kB
Writeback:             0 kB
AnonPages:      260683872 kB
Mapped:            34928 kB
Shmem:                 8 kB
KReclaimable:      63660 kB
Slab:             244632 kB
SReclaimable:      63660 kB
SUnreclaim:       180972 kB
KernelStack:       12144 kB
PageTables:       531588 kB
NFS_Unstable:          0 kB
Bounce:                0 kB
WritebackTmp:          0 kB
CommitLimit:    173835800 kB
Committed_AS:    1393884 kB
VmallocTotal:   34359738367 kB
VmallocUsed:      519316 kB
VmallocChunk:          0 kB
Percpu:            33024 kB
HardwareCorrupted:     0 kB
AnonHugePages:         0 kB
ShmemHugePages:        0 kB
ShmemPmdMapped:        0 kB
FileHugePages:         0 kB
FilePmdMapped:         0 kB
HugePages_Total:       0
HugePages_Free:        0
HugePages_Rsvd:        0
HugePages_Surp:        0
Hugepagesize:       2048 kB
Hugetlb:               0 kB
DirectMap4k:      311984 kB
DirectMap2M:     5632000 kB
DirectMap1G:    264241152 kB
