MemTotal:       263785556 kB
MemFree:          934888 kB
MemAvailable:          0 kB
Buffers:            5392 kB
Cached:            56764 kB
SwapCached:            0 kB
Active:         29321668 kB
Inactive:       231523716 kB
Active(anon):   29287080 kB
Inactive(anon): 231505460 kB
Active(file):      34588 kB
Inactive(file):    18256 kB
Unevictable:       19116 kB
Mlocked:           19116 kB
SwapTotal:      41943024 kB
SwapFree:       34016576 kB
Dirty:                 0 kB
Writeback:             0 kB
AnonPages:      260803788 kB
Mapped:            35608 kB
Shmem:                 8 kB
KReclaimable:      65048 kB
Slab:             243916 kB
SReclaimable:      65048 kB
SUnreclaim:       178868 kB
KernelStack:       12016 kB
PageTables:       530828 kB
NFS_Unstable:          0 kB
Bounce:                0 kB
WritebackTmp:          0 kB
CommitLimit:    173835800 kB
Committed_AS:    1390952 kB
VmallocTotal:   34359738367 kB
VmallocUsed:      519204 kB
VmallocChunk:          0 kB
Percpu:            33408 kB
HardwareCorrupted:     0 kB
AnonHugePages:         0 kB
ShmemHugePages:        0 kB
ShmemPmdMapped:        0 kB
FileHugePages:         0 kB
FilePmdMapped:         0 kB
HugePages_Total:       0
HugePages_Free:        0
HugePages_Rsvd:        0
HugePages_Surp:        0
Hugepagesize:       2048 kB
Hugetlb:               0 kB
DirectMap4k:      346800 kB
DirectMap2M:     5597184 kB
DirectMap1G:    264241152 kB
