MemTotal:       263785556 kB
MemFree:         1078344 kB
MemAvailable:          0 kB
Buffers:            5272 kB
Cached:            50700 kB
SwapCached:            0 kB
Active:         28345252 kB
Inactive:       232307144 kB
Active(anon):   28307332 kB
Inactive(anon): 232299416 kB
Active(file):      37920 kB
Inactive(file):     7728 kB
Unevictable:       19116 kB
Mlocked:           19116 kB
SwapTotal:      41943024 kB
SwapFree:       33831920 kB
Dirty:                 4 kB
Writeback:             0 kB
AnonPages:      260618296 kB
Mapped:            34156 kB
Shmem:                 8 kB
KReclaimable:      63656 kB
Slab:             243076 kB
SReclaimable:      63656 kB
SUnreclaim:       179420 kB
KernelStack:       12000 kB
PageTables:       531452 kB
NFS_Unstable:          0 kB
Bounce:                0 kB
WritebackTmp:          0 kB
CommitLimit:    173835800 kB
Committed_AS:    1426768 kB
VmallocTotal:   34359738367 kB
VmallocUsed:      519188 kB
VmallocChunk:          0 kB
Percpu:            33024 kB
HardwareCorrupted:     0 kB
AnonHugePages:         0 kB
ShmemHugePages:        0 kB
ShmemPmdMapped:        0 kB
FileHugePages:         0 kB
FilePmdMapped:         0 kB
HugePages_Total:       0
HugePages_Free:        0
HugePages_Rsvd:        0
HugePages_Surp:        0
Hugepagesize:       2048 kB
Hugetlb:               0 kB
DirectMap4k:      334512 kB
DirectMap2M:     5609472 kB
DirectMap1G:    264241152 kB
