MemTotal:       263785560 kB
MemFree:        262178464 kB
MemAvailable:   261235672 kB
Buffers:           66084 kB
Cached:           290620 kB
SwapCached:            0 kB
Active:           119168 kB
Inactive:         371956 kB
Active(anon):        420 kB
Inactive(anon):   145364 kB
Active(file):     118748 kB
Inactive(file):   226592 kB
Unevictable:       19116 kB
Mlocked:           19116 kB
SwapTotal:      67108860 kB
SwapFree:       67108860 kB
Dirty:              5244 kB
Writeback:             0 kB
AnonPages:        154244 kB
Mapped:           115428 kB
Shmem:              2068 kB
KReclaimable:      50264 kB
Slab:             187516 kB
SReclaimable:      50264 kB
SUnreclaim:       137252 kB
KernelStack:       11984 kB
PageTables:         9344 kB
NFS_Unstable:          0 kB
Bounce:                0 kB
WritebackTmp:          0 kB
CommitLimit:    199001640 kB
Committed_AS:     533096 kB
VmallocTotal:   34359738367 kB
VmallocUsed:      271112 kB
VmallocChunk:          0 kB
Percpu:            26880 kB
HardwareCorrupted:     0 kB
AnonHugePages:         0 kB
ShmemHugePages:        0 kB
ShmemPmdMapped:        0 kB
FileHugePages:         0 kB
FilePmdMapped:         0 kB
HugePages_Total:       0
HugePages_Free:        0
HugePages_Rsvd:        0
HugePages_Surp:        0
Hugepagesize:       2048 kB
Hugetlb:               0 kB
DirectMap4k:      279212 kB
DirectMap2M:     5664768 kB
DirectMap1G:    264241152 kB
