MemTotal:       65705120 kB
MemFree:        64628956 kB
MemAvailable:   64358824 kB
Buffers:           27432 kB
Cached:           282244 kB
SwapCached:            0 kB
Active:            89064 kB
Inactive:         308440 kB
Active(anon):       1348 kB
Inactive(anon):    97456 kB
Active(file):      87716 kB
Inactive(file):   210984 kB
Unevictable:         188 kB
Mlocked:               0 kB
SwapTotal:      32970748 kB
SwapFree:       32970748 kB
Dirty:               568 kB
Writeback:           484 kB
AnonPages:         88604 kB
Mapped:            94860 kB
Shmem:              9276 kB
KReclaimable:      49124 kB
Slab:             148032 kB
SReclaimable:      49124 kB
SUnreclaim:        98908 kB
KernelStack:        8168 kB
PageTables:         7088 kB
NFS_Unstable:          0 kB
Bounce:                0 kB
WritebackTmp:          0 kB
CommitLimit:    65823308 kB
Committed_AS:     539860 kB
VmallocTotal:   34359738367 kB
VmallocUsed:      158784 kB
VmallocChunk:          0 kB
Percpu:            19456 kB
HardwareCorrupted:     0 kB
AnonHugePages:      6144 kB
ShmemHugePages:        0 kB
ShmemPmdMapped:        0 kB
FileHugePages:         0 kB
FilePmdMapped:         0 kB
HugePages_Total:       0
HugePages_Free:        0
HugePages_Rsvd:        0
HugePages_Surp:        0
Hugepagesize:       2048 kB
Hugetlb:               0 kB
DirectMap4k:      413676 kB
DirectMap2M:     9936896 kB
DirectMap1G:    57671680 kB
