MemTotal:       65705112 kB
MemFree:        64641620 kB
MemAvailable:   64368380 kB
Buffers:           27196 kB
Cached:           278280 kB
SwapCached:            0 kB
Active:           186580 kB
Inactive:         198776 kB
Active(anon):      74672 kB
Inactive(anon):    15528 kB
Active(file):     111908 kB
Inactive(file):   183248 kB
Unevictable:           0 kB
Mlocked:               0 kB
SwapTotal:      32970748 kB
SwapFree:       32970748 kB
Dirty:               220 kB
Writeback:             0 kB
AnonPages:         81816 kB
Mapped:            92640 kB
Shmem:              9288 kB
KReclaimable:      50000 kB
Slab:             150688 kB
SReclaimable:      50000 kB
SUnreclaim:       100688 kB
KernelStack:        7996 kB
PageTables:         6352 kB
NFS_Unstable:          0 kB
Bounce:                0 kB
WritebackTmp:          0 kB
CommitLimit:    65823304 kB
Committed_AS:     295148 kB
VmallocTotal:   34359738367 kB
VmallocUsed:      158720 kB
VmallocChunk:          0 kB
Percpu:            19328 kB
HardwareCorrupted:     0 kB
AnonHugePages:      8192 kB
ShmemHugePages:        0 kB
ShmemPmdMapped:        0 kB
FileHugePages:         0 kB
FilePmdMapped:         0 kB
HugePages_Total:       0
HugePages_Free:        0
HugePages_Rsvd:        0
HugePages_Surp:        0
Hugepagesize:       2048 kB
Hugetlb:               0 kB
DirectMap4k:      421868 kB
DirectMap2M:     7831552 kB
DirectMap1G:    59768832 kB
