MemTotal:       65705112 kB
MemFree:        58737676 kB
MemAvailable:   58384808 kB
Buffers:            7464 kB
Cached:           169188 kB
SwapCached:            0 kB
Active:          6229404 kB
Inactive:          41992 kB
Active(anon):    6088968 kB
Inactive(anon):    16560 kB
Active(file):     140436 kB
Inactive(file):    25432 kB
Unevictable:           0 kB
Mlocked:               0 kB
SwapTotal:      32970748 kB
SwapFree:       32970748 kB
Dirty:                 4 kB
Writeback:             0 kB
AnonPages:       6095696 kB
Mapped:           101996 kB
Shmem:              9316 kB
KReclaimable:      48808 kB
Slab:             170188 kB
SReclaimable:      48808 kB
SUnreclaim:       121380 kB
KernelStack:        8428 kB
PageTables:        19468 kB
NFS_Unstable:          0 kB
Bounce:                0 kB
WritebackTmp:          0 kB
CommitLimit:    65823304 kB
Committed_AS:   56147064 kB
VmallocTotal:   34359738367 kB
VmallocUsed:      164148 kB
VmallocChunk:          0 kB
Percpu:            19712 kB
HardwareCorrupted:     0 kB
AnonHugePages:   5894144 kB
ShmemHugePages:        0 kB
ShmemPmdMapped:        0 kB
FileHugePages:         0 kB
FilePmdMapped:         0 kB
HugePages_Total:       0
HugePages_Free:        0
HugePages_Rsvd:        0
HugePages_Surp:        0
Hugepagesize:       2048 kB
Hugetlb:               0 kB
DirectMap4k:      428012 kB
DirectMap2M:    10971136 kB
DirectMap1G:    56623104 kB
