MemTotal:       263785560 kB
MemFree:         1215304 kB
MemAvailable:   257825172 kB
Buffers:           60300 kB
Cached:         256418904 kB
SwapCached:            0 kB
Active:           155752 kB
Inactive:       256362956 kB
Active(anon):       1560 kB
Inactive(anon):  2690664 kB
Active(file):     154192 kB
Inactive(file): 253672292 kB
Unevictable:       19116 kB
Mlocked:           19116 kB
SwapTotal:             0 kB
SwapFree:              0 kB
Dirty:            363960 kB
Writeback:             0 kB
AnonPages:         59220 kB
Mapped:          2701948 kB
Shmem:           2643436 kB
KReclaimable:    4631768 kB
Slab:            5196560 kB
SReclaimable:    4631768 kB
SUnreclaim:       564792 kB
KernelStack:        9104 kB
PageTables:         8728 kB
NFS_Unstable:          0 kB
Bounce:                0 kB
WritebackTmp:          0 kB
CommitLimit:    131892780 kB
Committed_AS:   130036940 kB
VmallocTotal:   34359738367 kB
VmallocUsed:      251680 kB
VmallocChunk:          0 kB
Percpu:            27648 kB
HardwareCorrupted:     0 kB
AnonHugePages:         0 kB
ShmemHugePages:        0 kB
ShmemPmdMapped:        0 kB
FileHugePages:         0 kB
FilePmdMapped:         0 kB
HugePages_Total:       0
HugePages_Free:        0
HugePages_Rsvd:        0
HugePages_Surp:        0
Hugepagesize:       2048 kB
Hugetlb:               0 kB
DirectMap4k:      268972 kB
DirectMap2M:     4626432 kB
DirectMap1G:    265289728 kB
