MemTotal:       263785560 kB
MemFree:         1040096 kB
MemAvailable:   257035120 kB
Buffers:           61304 kB
Cached:         256554596 kB
SwapCached:            0 kB
Active:           160676 kB
Inactive:       256495280 kB
Active(anon):       1684 kB
Inactive(anon):  3437128 kB
Active(file):     158992 kB
Inactive(file): 253058152 kB
Unevictable:       19116 kB
Mlocked:           19116 kB
SwapTotal:      67108860 kB
SwapFree:       67108860 kB
Dirty:            349916 kB
Writeback:             0 kB
AnonPages:         60012 kB
Mapped:          3477900 kB
Shmem:           3389420 kB
KReclaimable:    4626264 kB
Slab:            5194528 kB
SReclaimable:    4626264 kB
SUnreclaim:       568264 kB
KernelStack:        9088 kB
PageTables:        10616 kB
NFS_Unstable:          0 kB
Bounce:                0 kB
WritebackTmp:          0 kB
CommitLimit:    199001640 kB
Committed_AS:   162320968 kB
VmallocTotal:   34359738367 kB
VmallocUsed:      268256 kB
VmallocChunk:          0 kB
Percpu:            27264 kB
HardwareCorrupted:     0 kB
AnonHugePages:         0 kB
ShmemHugePages:        0 kB
ShmemPmdMapped:        0 kB
FileHugePages:         0 kB
FilePmdMapped:         0 kB
HugePages_Total:       0
HugePages_Free:        0
HugePages_Rsvd:        0
HugePages_Surp:        0
Hugepagesize:       2048 kB
Hugetlb:               0 kB
DirectMap4k:      258732 kB
DirectMap2M:     5685248 kB
DirectMap1G:    264241152 kB
