MemTotal:       263785560 kB
MemFree:        262304712 kB
MemAvailable:   261336648 kB
Buffers:           64316 kB
Cached:           240760 kB
SwapCached:            0 kB
Active:           113372 kB
Inactive:         314128 kB
Active(anon):        400 kB
Inactive(anon):   132924 kB
Active(file):     112972 kB
Inactive(file):   181204 kB
Unevictable:       19116 kB
Mlocked:           19116 kB
SwapTotal:             0 kB
SwapFree:              0 kB
Dirty:              4644 kB
Writeback:             4 kB
AnonPages:        141844 kB
Mapped:            79024 kB
Shmem:              2060 kB
KReclaimable:      50888 kB
Slab:             183204 kB
SReclaimable:      50888 kB
SUnreclaim:       132316 kB
KernelStack:       12064 kB
PageTables:         8952 kB
NFS_Unstable:          0 kB
Bounce:                0 kB
WritebackTmp:          0 kB
CommitLimit:    131892780 kB
Committed_AS:     521664 kB
VmallocTotal:   34359738367 kB
VmallocUsed:      254680 kB
VmallocChunk:          0 kB
Percpu:            26880 kB
HardwareCorrupted:     0 kB
AnonHugePages:         0 kB
ShmemHugePages:        0 kB
ShmemPmdMapped:        0 kB
FileHugePages:         0 kB
FilePmdMapped:         0 kB
HugePages_Total:       0
HugePages_Free:        0
HugePages_Rsvd:        0
HugePages_Surp:        0
Hugepagesize:       2048 kB
Hugetlb:               0 kB
DirectMap4k:      264876 kB
DirectMap2M:     4630528 kB
DirectMap1G:    265289728 kB
