MemTotal:       65705112 kB
MemFree:          580720 kB
MemAvailable:   64160300 kB
Buffers:           10732 kB
Cached:         62993596 kB
SwapCached:          172 kB
Active:           326596 kB
Inactive:       62821832 kB
Active(anon):     150512 kB
Inactive(anon):      152 kB
Active(file):     176084 kB
Inactive(file): 62821680 kB
Unevictable:           0 kB
Mlocked:               0 kB
SwapTotal:      32970748 kB
SwapFree:       32966396 kB
Dirty:           4418912 kB
Writeback:             0 kB
AnonPages:        145600 kB
Mapped:           117768 kB
Shmem:              5040 kB
KReclaimable:    1308392 kB
Slab:            1518540 kB
SReclaimable:    1308392 kB
SUnreclaim:       210148 kB
KernelStack:        8544 kB
PageTables:         7208 kB
NFS_Unstable:          0 kB
Bounce:                0 kB
WritebackTmp:          0 kB
CommitLimit:    65823304 kB
Committed_AS:     691156 kB
VmallocTotal:   34359738367 kB
VmallocUsed:      158920 kB
VmallocChunk:          0 kB
Percpu:            19200 kB
HardwareCorrupted:     0 kB
AnonHugePages:      4096 kB
ShmemHugePages:        0 kB
ShmemPmdMapped:        0 kB
FileHugePages:         0 kB
FilePmdMapped:         0 kB
HugePages_Total:       0
HugePages_Free:        0
HugePages_Rsvd:        0
HugePages_Surp:        0
Hugepagesize:       2048 kB
Hugetlb:               0 kB
DirectMap4k:      442348 kB
DirectMap2M:     7811072 kB
DirectMap1G:    59768832 kB
