MemTotal:       263785552 kB
MemFree:         1221068 kB
MemAvailable:   257015100 kB
Buffers:           12420 kB
Cached:         256402592 kB
SwapCached:          476 kB
Active:          3599408 kB
Inactive:       252856456 kB
Active(anon):    3437072 kB
Inactive(anon):       56 kB
Active(file):     162336 kB
Inactive(file): 252856400 kB
Unevictable:       19116 kB
Mlocked:           19116 kB
SwapTotal:      67108860 kB
SwapFree:       67106300 kB
Dirty:            353912 kB
Writeback:             0 kB
AnonPages:         59740 kB
Mapped:          3461376 kB
Shmem:           3387408 kB
KReclaimable:    4623516 kB
Slab:            5191700 kB
SReclaimable:    4623516 kB
SUnreclaim:       568184 kB
KernelStack:        9072 kB
PageTables:        10680 kB
NFS_Unstable:          0 kB
Bounce:                0 kB
WritebackTmp:          0 kB
CommitLimit:    199001636 kB
Committed_AS:   162316800 kB
VmallocTotal:   34359738367 kB
VmallocUsed:      268288 kB
VmallocChunk:          0 kB
Percpu:            27648 kB
HardwareCorrupted:     0 kB
AnonHugePages:         0 kB
ShmemHugePages:        0 kB
ShmemPmdMapped:        0 kB
FileHugePages:         0 kB
FilePmdMapped:         0 kB
HugePages_Total:       0
HugePages_Free:        0
HugePages_Rsvd:        0
HugePages_Surp:        0
Hugepagesize:       2048 kB
Hugetlb:               0 kB
DirectMap4k:      271020 kB
DirectMap2M:     4624384 kB
DirectMap1G:    265289728 kB
