MemTotal:       263785564 kB
MemFree:         1531220 kB
MemAvailable:     478308 kB
Buffers:           17472 kB
Cached:            98512 kB
SwapCached:            0 kB
Active:           104296 kB
Inactive:       260142084 kB
Active(anon):      53700 kB
Inactive(anon): 260088668 kB
Active(file):      50596 kB
Inactive(file):    53416 kB
Unevictable:       19140 kB
Mlocked:           19140 kB
SwapTotal:      41943024 kB
SwapFree:       33368004 kB
Dirty:                 0 kB
Writeback:             0 kB
AnonPages:      260153164 kB
Mapped:            60396 kB
Shmem:              2392 kB
KReclaimable:      71664 kB
Slab:             249572 kB
SReclaimable:      71664 kB
SUnreclaim:       177908 kB
KernelStack:       12096 kB
PageTables:       531408 kB
NFS_Unstable:          0 kB
Bounce:                0 kB
WritebackTmp:          0 kB
CommitLimit:    173835804 kB
Committed_AS:    1427584 kB
VmallocTotal:   34359738367 kB
VmallocUsed:      519396 kB
VmallocChunk:          0 kB
Percpu:            33600 kB
HardwareCorrupted:     0 kB
AnonHugePages:         0 kB
ShmemHugePages:        0 kB
ShmemPmdMapped:        0 kB
FileHugePages:         0 kB
FilePmdMapped:         0 kB
HugePages_Total:       0
HugePages_Free:        0
HugePages_Rsvd:        0
HugePages_Surp:        0
Hugepagesize:       2048 kB
Hugetlb:               0 kB
DirectMap4k:      305840 kB
DirectMap2M:     5638144 kB
DirectMap1G:    264241152 kB
