MemTotal:       263785564 kB
MemFree:         1500768 kB
MemAvailable:     444364 kB
Buffers:           14868 kB
Cached:            93948 kB
SwapCached:            4 kB
Active:           123824 kB
Inactive:       259992876 kB
Active(anon):      64808 kB
Inactive(anon): 259954684 kB
Active(file):      59016 kB
Inactive(file):    38192 kB
Unevictable:       19140 kB
Mlocked:           19140 kB
SwapTotal:      41943024 kB
SwapFree:       33234160 kB
Dirty:               408 kB
Writeback:             0 kB
AnonPages:      260030264 kB
Mapped:            51392 kB
Shmem:              2312 kB
KReclaimable:      71488 kB
Slab:             250156 kB
SReclaimable:      71488 kB
SUnreclaim:       178668 kB
KernelStack:       12816 kB
PageTables:       531956 kB
NFS_Unstable:          0 kB
Bounce:                0 kB
WritebackTmp:          0 kB
CommitLimit:    173835804 kB
Committed_AS:    1418328 kB
VmallocTotal:   34359738367 kB
VmallocUsed:      519444 kB
VmallocChunk:          0 kB
Percpu:            33984 kB
HardwareCorrupted:     0 kB
AnonHugePages:         0 kB
ShmemHugePages:        0 kB
ShmemPmdMapped:        0 kB
FileHugePages:         0 kB
FilePmdMapped:         0 kB
HugePages_Total:       0
HugePages_Free:        0
HugePages_Rsvd:        0
HugePages_Surp:        0
Hugepagesize:       2048 kB
Hugetlb:               0 kB
DirectMap4k:      334512 kB
DirectMap2M:     5609472 kB
DirectMap1G:    264241152 kB
