MemTotal:       65705112 kB
MemFree:        60772292 kB
MemAvailable:   60420996 kB
Buffers:            7380 kB
Cached:           171104 kB
SwapCached:            0 kB
Active:          4222064 kB
Inactive:          43388 kB
Active(anon):    4080204 kB
Inactive(anon):    16568 kB
Active(file):     141860 kB
Inactive(file):    26820 kB
Unevictable:           0 kB
Mlocked:               0 kB
SwapTotal:      32970748 kB
SwapFree:       32970748 kB
Dirty:                76 kB
Writeback:             0 kB
AnonPages:       4086648 kB
Mapped:           102192 kB
Shmem:              9320 kB
KReclaimable:      49140 kB
Slab:             165104 kB
SReclaimable:      49140 kB
SUnreclaim:       115964 kB
KernelStack:        8416 kB
PageTables:        15060 kB
NFS_Unstable:          0 kB
Bounce:                0 kB
WritebackTmp:          0 kB
CommitLimit:    65823304 kB
Committed_AS:   56147292 kB
VmallocTotal:   34359738367 kB
VmallocUsed:      164084 kB
VmallocChunk:          0 kB
Percpu:            19328 kB
HardwareCorrupted:     0 kB
AnonHugePages:   3954688 kB
ShmemHugePages:        0 kB
ShmemPmdMapped:        0 kB
FileHugePages:         0 kB
FilePmdMapped:         0 kB
HugePages_Total:       0
HugePages_Free:        0
HugePages_Rsvd:        0
HugePages_Surp:        0
Hugepagesize:       2048 kB
Hugetlb:               0 kB
DirectMap4k:      387052 kB
DirectMap2M:     8914944 kB
DirectMap1G:    58720256 kB
