MemTotal:       263785564 kB
MemFree:         1092096 kB
MemAvailable:      42560 kB
Buffers:           18372 kB
Cached:           101828 kB
SwapCached:            0 kB
Active:         80294936 kB
Inactive:       179871208 kB
Active(anon):   80222104 kB
Inactive(anon): 179835040 kB
Active(file):      72832 kB
Inactive(file):    36168 kB
Unevictable:       19140 kB
Mlocked:           19140 kB
SwapTotal:      41943024 kB
SwapFree:       33070576 kB
Dirty:                 0 kB
Writeback:             0 kB
AnonPages:      260065896 kB
Mapped:            60404 kB
Shmem:              2392 kB
KReclaimable:      73388 kB
Slab:             251172 kB
SReclaimable:      73388 kB
SUnreclaim:       177784 kB
KernelStack:       11904 kB
PageTables:       531336 kB
NFS_Unstable:          0 kB
Bounce:                0 kB
WritebackTmp:          0 kB
CommitLimit:    173835804 kB
Committed_AS:    1406984 kB
VmallocTotal:   34359738367 kB
VmallocUsed:      514248 kB
VmallocChunk:          0 kB
Percpu:            34176 kB
HardwareCorrupted:     0 kB
AnonHugePages:  255184896 kB
ShmemHugePages:        0 kB
ShmemPmdMapped:        0 kB
FileHugePages:         0 kB
FilePmdMapped:         0 kB
HugePages_Total:       0
HugePages_Free:        0
HugePages_Rsvd:        0
HugePages_Surp:        0
Hugepagesize:       2048 kB
Hugetlb:               0 kB
DirectMap4k:      332464 kB
DirectMap2M:     5611520 kB
DirectMap1G:    264241152 kB
