MemTotal:       65705120 kB
MemFree:        58557280 kB
MemAvailable:   58220884 kB
Buffers:           23348 kB
Cached:           183556 kB
SwapCached:            0 kB
Active:           121760 kB
Inactive:        6329548 kB
Active(anon):       1504 kB
Inactive(anon):  6252236 kB
Active(file):     120256 kB
Inactive(file):    77312 kB
Unevictable:           0 kB
Mlocked:               0 kB
SwapTotal:      32970748 kB
SwapFree:       32970748 kB
Dirty:               132 kB
Writeback:             0 kB
AnonPages:       6243288 kB
Mapped:            82376 kB
Shmem:              9320 kB
KReclaimable:      50072 kB
Slab:             173236 kB
SReclaimable:      50072 kB
SUnreclaim:       123164 kB
KernelStack:        8448 kB
PageTables:        19260 kB
NFS_Unstable:          0 kB
Bounce:                0 kB
WritebackTmp:          0 kB
CommitLimit:    65823308 kB
Committed_AS:   66756020 kB
VmallocTotal:   34359738367 kB
VmallocUsed:      164068 kB
VmallocChunk:          0 kB
Percpu:            20096 kB
HardwareCorrupted:     0 kB
AnonHugePages:   6113280 kB
ShmemHugePages:        0 kB
ShmemPmdMapped:        0 kB
FileHugePages:         0 kB
FilePmdMapped:         0 kB
HugePages_Total:       0
HugePages_Free:        0
HugePages_Rsvd:        0
HugePages_Surp:        0
Hugepagesize:       2048 kB
Hugetlb:               0 kB
DirectMap4k:      391148 kB
DirectMap2M:    12056576 kB
DirectMap1G:    55574528 kB
