MemTotal:       65705112 kB
MemFree:        60570272 kB
MemAvailable:   60219992 kB
Buffers:           10124 kB
Cached:           170168 kB
SwapCached:            0 kB
Active:          4419944 kB
Inactive:          46432 kB
Active(anon):    4278908 kB
Inactive(anon):    16564 kB
Active(file):     141036 kB
Inactive(file):    29868 kB
Unevictable:           0 kB
Mlocked:               0 kB
SwapTotal:      32970748 kB
SwapFree:       32970748 kB
Dirty:               112 kB
Writeback:             0 kB
AnonPages:       4286220 kB
Mapped:           101456 kB
Shmem:              9320 kB
KReclaimable:      48952 kB
Slab:             163872 kB
SReclaimable:      48952 kB
SUnreclaim:       114920 kB
KernelStack:        8416 kB
PageTables:        15456 kB
NFS_Unstable:          0 kB
Bounce:                0 kB
WritebackTmp:          0 kB
CommitLimit:    65823304 kB
Committed_AS:   66757964 kB
VmallocTotal:   34359738367 kB
VmallocUsed:      163940 kB
VmallocChunk:          0 kB
Percpu:            19584 kB
HardwareCorrupted:     0 kB
AnonHugePages:   4149248 kB
ShmemHugePages:        0 kB
ShmemPmdMapped:        0 kB
FileHugePages:         0 kB
FilePmdMapped:         0 kB
HugePages_Total:       0
HugePages_Free:        0
HugePages_Rsvd:        0
HugePages_Surp:        0
Hugepagesize:       2048 kB
Hugetlb:               0 kB
DirectMap4k:      348140 kB
DirectMap2M:     8953856 kB
DirectMap1G:    58720256 kB
