MemTotal:       65705112 kB
MemFree:        64634096 kB
MemAvailable:   64364008 kB
Buffers:           27588 kB
Cached:           280608 kB
SwapCached:            0 kB
Active:           193776 kB
Inactive:         199324 kB
Active(anon):      81036 kB
Inactive(anon):    13496 kB
Active(file):     112740 kB
Inactive(file):   185828 kB
Unevictable:         260 kB
Mlocked:               0 kB
SwapTotal:      32970748 kB
SwapFree:       32970748 kB
Dirty:                32 kB
Writeback:             0 kB
AnonPages:         85764 kB
Mapped:            92768 kB
Shmem:              9304 kB
KReclaimable:      49476 kB
Slab:             149680 kB
SReclaimable:      49476 kB
SUnreclaim:       100204 kB
KernelStack:        8416 kB
PageTables:         7692 kB
NFS_Unstable:          0 kB
Bounce:                0 kB
WritebackTmp:          0 kB
CommitLimit:    65823304 kB
Committed_AS:     313584 kB
VmallocTotal:   34359738367 kB
VmallocUsed:      158704 kB
VmallocChunk:          0 kB
Percpu:            19456 kB
HardwareCorrupted:     0 kB
AnonHugePages:      8192 kB
ShmemHugePages:        0 kB
ShmemPmdMapped:        0 kB
FileHugePages:         0 kB
FilePmdMapped:         0 kB
HugePages_Total:       0
HugePages_Free:        0
HugePages_Rsvd:        0
HugePages_Surp:        0
Hugepagesize:       2048 kB
Hugetlb:               0 kB
DirectMap4k:      583660 kB
DirectMap2M:     6621184 kB
DirectMap1G:    60817408 kB
