MemTotal:       65705120 kB
MemFree:          610068 kB
MemAvailable:   64153340 kB
Buffers:           39216 kB
Cached:         62932872 kB
SwapCached:            0 kB
Active:           254804 kB
Inactive:       62865416 kB
Active(anon):       1496 kB
Inactive(anon):   156512 kB
Active(file):     253308 kB
Inactive(file): 62708904 kB
Unevictable:           0 kB
Mlocked:               0 kB
SwapTotal:      32970748 kB
SwapFree:       32970748 kB
Dirty:           4418536 kB
Writeback:             0 kB
AnonPages:        145924 kB
Mapped:           101368 kB
Shmem:              9300 kB
KReclaimable:    1307636 kB
Slab:            1517464 kB
SReclaimable:    1307636 kB
SUnreclaim:       209828 kB
KernelStack:        8608 kB
PageTables:         7268 kB
NFS_Unstable:          0 kB
Bounce:                0 kB
WritebackTmp:          0 kB
CommitLimit:    65823308 kB
Committed_AS:     706424 kB
VmallocTotal:   34359738367 kB
VmallocUsed:      159048 kB
VmallocChunk:          0 kB
Percpu:            19456 kB
HardwareCorrupted:     0 kB
AnonHugePages:     10240 kB
ShmemHugePages:        0 kB
ShmemPmdMapped:        0 kB
FileHugePages:         0 kB
FilePmdMapped:         0 kB
HugePages_Total:       0
HugePages_Free:        0
HugePages_Rsvd:        0
HugePages_Surp:        0
Hugepagesize:       2048 kB
Hugetlb:               0 kB
DirectMap4k:      440300 kB
DirectMap2M:    10958848 kB
DirectMap1G:    56623104 kB
