MemTotal:       263785564 kB
MemFree:         1256284 kB
MemAvailable:   199119004 kB
Buffers:          414520 kB
Cached:         196044388 kB
SwapCached:           16 kB
Active:           599008 kB
Inactive:       201951688 kB
Active(anon):       1880 kB
Inactive(anon):  6122832 kB
Active(file):     597128 kB
Inactive(file): 195828856 kB
Unevictable:    55309948 kB
Mlocked:        55309948 kB
SwapTotal:      33554428 kB
SwapFree:       33553916 kB
Dirty:            826188 kB
Writeback:             0 kB
AnonPages:      61402172 kB
Mapped:          5748032 kB
Shmem:              2316 kB
KReclaimable:    3289216 kB
Slab:            3865888 kB
SReclaimable:    3289216 kB
SUnreclaim:       576672 kB
KernelStack:       12304 kB
PageTables:       133820 kB
NFS_Unstable:          0 kB
Bounce:                0 kB
WritebackTmp:          0 kB
CommitLimit:    165447208 kB
Committed_AS:   64809520 kB
VmallocTotal:   34359738367 kB
VmallocUsed:      263908 kB
VmallocChunk:          0 kB
Percpu:            30528 kB
HardwareCorrupted:     0 kB
AnonHugePages:         0 kB
ShmemHugePages:        0 kB
ShmemPmdMapped:        0 kB
FileHugePages:         0 kB
FilePmdMapped:         0 kB
HugePages_Total:       0
HugePages_Free:        0
HugePages_Rsvd:        0
HugePages_Surp:        0
Hugepagesize:       2048 kB
Hugetlb:               0 kB
DirectMap4k:      275120 kB
DirectMap2M:     4620288 kB
DirectMap1G:    265289728 kB
