MemTotal:       263785556 kB
MemFree:          925476 kB
MemAvailable:          0 kB
Buffers:            5004 kB
Cached:            79148 kB
SwapCached:            0 kB
Active:         91360284 kB
Inactive:       169094216 kB
Active(anon):   91322260 kB
Inactive(anon): 169057464 kB
Active(file):      38024 kB
Inactive(file):    36752 kB
Unevictable:       19140 kB
Mlocked:           19140 kB
SwapTotal:      41943024 kB
SwapFree:       33408240 kB
Dirty:                 0 kB
Writeback:             0 kB
AnonPages:      260390852 kB
Mapped:            54508 kB
Shmem:                12 kB
KReclaimable:      66460 kB
Slab:             248192 kB
SReclaimable:      66460 kB
SUnreclaim:       181732 kB
KernelStack:       12048 kB
PageTables:       531432 kB
NFS_Unstable:          0 kB
Bounce:                0 kB
WritebackTmp:          0 kB
CommitLimit:    173835800 kB
Committed_AS:    1406872 kB
VmallocTotal:   34359738367 kB
VmallocUsed:      519412 kB
VmallocChunk:          0 kB
Percpu:            33984 kB
HardwareCorrupted:     0 kB
AnonHugePages:  196687872 kB
ShmemHugePages:        0 kB
ShmemPmdMapped:        0 kB
FileHugePages:         0 kB
FilePmdMapped:         0 kB
HugePages_Total:       0
HugePages_Free:        0
HugePages_Rsvd:        0
HugePages_Surp:        0
Hugepagesize:       2048 kB
Hugetlb:               0 kB
DirectMap4k:      318128 kB
DirectMap2M:     5625856 kB
DirectMap1G:    264241152 kB
