MemTotal:       263785560 kB
MemFree:         1233092 kB
MemAvailable:   257030140 kB
Buffers:           60724 kB
Cached:         256358968 kB
SwapCached:            0 kB
Active:           156040 kB
Inactive:       256304080 kB
Active(anon):       1612 kB
Inactive(anon):  3437528 kB
Active(file):     154428 kB
Inactive(file): 252866552 kB
Unevictable:       19116 kB
Mlocked:           19116 kB
SwapTotal:      67108860 kB
SwapFree:       67108860 kB
Dirty:            352704 kB
Writeback:             0 kB
AnonPages:         60280 kB
Mapped:          3449972 kB
Shmem:           3389420 kB
KReclaimable:    4624288 kB
Slab:            5193552 kB
SReclaimable:    4624288 kB
SUnreclaim:       569264 kB
KernelStack:        9120 kB
PageTables:        10496 kB
NFS_Unstable:          0 kB
Bounce:                0 kB
WritebackTmp:          0 kB
CommitLimit:    199001640 kB
Committed_AS:   162317124 kB
VmallocTotal:   34359738367 kB
VmallocUsed:      268304 kB
VmallocChunk:          0 kB
Percpu:            27648 kB
HardwareCorrupted:     0 kB
AnonHugePages:         0 kB
ShmemHugePages:        0 kB
ShmemPmdMapped:        0 kB
FileHugePages:         0 kB
FilePmdMapped:         0 kB
HugePages_Total:       0
HugePages_Free:        0
HugePages_Rsvd:        0
HugePages_Surp:        0
Hugepagesize:       2048 kB
Hugetlb:               0 kB
DirectMap4k:      275116 kB
DirectMap2M:     5668864 kB
DirectMap1G:    264241152 kB
