MemTotal:       65705120 kB
MemFree:        60456560 kB
MemAvailable:   60119576 kB
Buffers:           23788 kB
Cached:           182972 kB
SwapCached:            0 kB
Active:           122192 kB
Inactive:        4449156 kB
Active(anon):       1504 kB
Inactive(anon):  4372436 kB
Active(file):     120688 kB
Inactive(file):    76720 kB
Unevictable:           0 kB
Mlocked:               0 kB
SwapTotal:      32970748 kB
SwapFree:       32970748 kB
Dirty:               208 kB
Writeback:             0 kB
AnonPages:       4364024 kB
Mapped:            82612 kB
Shmem:              9316 kB
KReclaimable:      49052 kB
Slab:             166716 kB
SReclaimable:      49052 kB
SUnreclaim:       117664 kB
KernelStack:        8368 kB
PageTables:        15312 kB
NFS_Unstable:          0 kB
Bounce:                0 kB
WritebackTmp:          0 kB
CommitLimit:    65823308 kB
Committed_AS:   66723408 kB
VmallocTotal:   34359738367 kB
VmallocUsed:      163972 kB
VmallocChunk:          0 kB
Percpu:            20096 kB
HardwareCorrupted:     0 kB
AnonHugePages:   4233216 kB
ShmemHugePages:        0 kB
ShmemPmdMapped:        0 kB
FileHugePages:         0 kB
FilePmdMapped:         0 kB
HugePages_Total:       0
HugePages_Free:        0
HugePages_Rsvd:        0
HugePages_Surp:        0
Hugepagesize:       2048 kB
Hugetlb:               0 kB
DirectMap4k:      362476 kB
DirectMap2M:     7890944 kB
DirectMap1G:    59768832 kB
