MemTotal:       65705120 kB
MemFree:          627232 kB
MemAvailable:   64144832 kB
Buffers:           36276 kB
Cached:         62909960 kB
SwapCached:            0 kB
Active:           250716 kB
Inactive:       62844616 kB
Active(anon):       1504 kB
Inactive(anon):   157444 kB
Active(file):     249212 kB
Inactive(file): 62687172 kB
Unevictable:           0 kB
Mlocked:               0 kB
SwapTotal:      32970748 kB
SwapFree:       32970748 kB
Dirty:           4418556 kB
Writeback:             0 kB
AnonPages:        149816 kB
Mapped:           103160 kB
Shmem:              9300 kB
KReclaimable:    1307792 kB
Slab:            1517492 kB
SReclaimable:    1307792 kB
SUnreclaim:       209700 kB
KernelStack:        8544 kB
PageTables:         7248 kB
NFS_Unstable:          0 kB
Bounce:                0 kB
WritebackTmp:          0 kB
CommitLimit:    65823308 kB
Committed_AS:     689852 kB
VmallocTotal:   34359738367 kB
VmallocUsed:      158968 kB
VmallocChunk:          0 kB
Percpu:            19584 kB
HardwareCorrupted:     0 kB
AnonHugePages:      8192 kB
ShmemHugePages:        0 kB
ShmemPmdMapped:        0 kB
FileHugePages:         0 kB
FilePmdMapped:         0 kB
HugePages_Total:       0
HugePages_Free:        0
HugePages_Rsvd:        0
HugePages_Surp:        0
Hugepagesize:       2048 kB
Hugetlb:               0 kB
DirectMap4k:      444396 kB
DirectMap2M:     7809024 kB
DirectMap1G:    59768832 kB
