MemTotal:       65705112 kB
MemFree:          434664 kB
MemAvailable:       5132 kB
Buffers:            3260 kB
Cached:            13792 kB
SwapCached:          432 kB
Active:          3995208 kB
Inactive:       60335032 kB
Active(anon):    3982308 kB
Inactive(anon): 60331932 kB
Active(file):      12900 kB
Inactive(file):     3100 kB
Unevictable:           0 kB
Mlocked:               0 kB
SwapTotal:       8388604 kB
SwapFree:        5224956 kB
Dirty:                 0 kB
Writeback:             0 kB
AnonPages:      64314728 kB
Mapped:             9660 kB
Shmem:                 4 kB
KReclaimable:      45736 kB
Slab:             155176 kB
SReclaimable:      45736 kB
SUnreclaim:       109440 kB
KernelStack:        8540 kB
PageTables:       139060 kB
NFS_Unstable:          0 kB
Bounce:                0 kB
WritebackTmp:          0 kB
CommitLimit:    41241160 kB
Committed_AS:   67989700 kB
VmallocTotal:   34359738367 kB
VmallocUsed:      191168 kB
VmallocChunk:          0 kB
Percpu:            19712 kB
HardwareCorrupted:     0 kB
AnonHugePages:  63764480 kB
ShmemHugePages:        0 kB
ShmemPmdMapped:        0 kB
FileHugePages:         0 kB
FilePmdMapped:         0 kB
HugePages_Total:       0
HugePages_Free:        0
HugePages_Rsvd:        0
HugePages_Surp:        0
Hugepagesize:       2048 kB
Hugetlb:               0 kB
DirectMap4k:      446444 kB
DirectMap2M:     7806976 kB
DirectMap1G:    59768832 kB
