MemTotal:       65705112 kB
MemFree:        60799804 kB
MemAvailable:   60449060 kB
Buffers:           10236 kB
Cached:           169368 kB
SwapCached:            0 kB
Active:          4189592 kB
Inactive:          37044 kB
Active(anon):    4047988 kB
Inactive(anon):     8388 kB
Active(file):     141604 kB
Inactive(file):    28656 kB
Unevictable:           0 kB
Mlocked:               0 kB
SwapTotal:      32970748 kB
SwapFree:       32970748 kB
Dirty:               188 kB
Writeback:             0 kB
AnonPages:       4046652 kB
Mapped:           102112 kB
Shmem:              9320 kB
KReclaimable:      48664 kB
Slab:             169652 kB
SReclaimable:      48664 kB
SUnreclaim:       120988 kB
KernelStack:        8336 kB
PageTables:        14720 kB
NFS_Unstable:          0 kB
Bounce:                0 kB
WritebackTmp:          0 kB
CommitLimit:    65823304 kB
Committed_AS:   56147592 kB
VmallocTotal:   34359738367 kB
VmallocUsed:      163988 kB
VmallocChunk:          0 kB
Percpu:            19584 kB
HardwareCorrupted:     0 kB
AnonHugePages:   3913728 kB
ShmemHugePages:        0 kB
ShmemPmdMapped:        0 kB
FileHugePages:         0 kB
FilePmdMapped:         0 kB
HugePages_Total:       0
HugePages_Free:        0
HugePages_Rsvd:        0
HugePages_Surp:        0
Hugepagesize:       2048 kB
Hugetlb:               0 kB
DirectMap4k:      378860 kB
DirectMap2M:    12068864 kB
DirectMap1G:    55574528 kB
