MemTotal:       263785560 kB
MemFree:        262181056 kB
MemAvailable:   261229624 kB
Buffers:           63928 kB
Cached:           274452 kB
SwapCached:            0 kB
Active:           112252 kB
Inactive:         364188 kB
Active(anon):        588 kB
Inactive(anon):   148360 kB
Active(file):     111664 kB
Inactive(file):   215828 kB
Unevictable:       19116 kB
Mlocked:           19116 kB
SwapTotal:      67108860 kB
SwapFree:       67108860 kB
Dirty:              5332 kB
Writeback:             0 kB
AnonPages:        157416 kB
Mapped:           113396 kB
Shmem:              2060 kB
KReclaimable:      50828 kB
Slab:             189376 kB
SReclaimable:      50828 kB
SUnreclaim:       138548 kB
KernelStack:       12080 kB
PageTables:         9396 kB
NFS_Unstable:          0 kB
Bounce:                0 kB
WritebackTmp:          0 kB
CommitLimit:    199001640 kB
Committed_AS:     559240 kB
VmallocTotal:   34359738367 kB
VmallocUsed:      271084 kB
VmallocChunk:          0 kB
Percpu:            26880 kB
HardwareCorrupted:     0 kB
AnonHugePages:         0 kB
ShmemHugePages:        0 kB
ShmemPmdMapped:        0 kB
FileHugePages:         0 kB
FilePmdMapped:         0 kB
HugePages_Total:       0
HugePages_Free:        0
HugePages_Rsvd:        0
HugePages_Surp:        0
Hugepagesize:       2048 kB
Hugetlb:               0 kB
DirectMap4k:      256684 kB
DirectMap2M:     4638720 kB
DirectMap1G:    265289728 kB
