MemTotal:       65705120 kB
MemFree:        60781656 kB
MemAvailable:   60444728 kB
Buffers:           23324 kB
Cached:           184844 kB
SwapCached:            0 kB
Active:           122988 kB
Inactive:        4126252 kB
Active(anon):       1552 kB
Inactive(anon):  4048880 kB
Active(file):     121436 kB
Inactive(file):    77372 kB
Unevictable:           0 kB
Mlocked:               0 kB
SwapTotal:      32970748 kB
SwapFree:       32970748 kB
Dirty:                76 kB
Writeback:             0 kB
AnonPages:       4040612 kB
Mapped:            82396 kB
Shmem:              9320 kB
KReclaimable:      47764 kB
Slab:             166608 kB
SReclaimable:      47764 kB
SUnreclaim:       118844 kB
KernelStack:        8432 kB
PageTables:        14628 kB
NFS_Unstable:          0 kB
Bounce:                0 kB
WritebackTmp:          0 kB
CommitLimit:    65823308 kB
Committed_AS:   56147944 kB
VmallocTotal:   34359738367 kB
VmallocUsed:      163924 kB
VmallocChunk:          0 kB
Percpu:            20096 kB
HardwareCorrupted:     0 kB
AnonHugePages:   3907584 kB
ShmemHugePages:        0 kB
ShmemPmdMapped:        0 kB
FileHugePages:         0 kB
FilePmdMapped:         0 kB
HugePages_Total:       0
HugePages_Free:        0
HugePages_Rsvd:        0
HugePages_Surp:        0
Hugepagesize:       2048 kB
Hugetlb:               0 kB
DirectMap4k:      428012 kB
DirectMap2M:    12019712 kB
DirectMap1G:    55574528 kB
