MemTotal:       65705120 kB
MemFree:        60399696 kB
MemAvailable:   60063020 kB
Buffers:           23596 kB
Cached:           183444 kB
SwapCached:            0 kB
Active:           121924 kB
Inactive:        4506584 kB
Active(anon):       1500 kB
Inactive(anon):  4429292 kB
Active(file):     120424 kB
Inactive(file):    77292 kB
Unevictable:           0 kB
Mlocked:               0 kB
SwapTotal:      32970748 kB
SwapFree:       32970748 kB
Dirty:                76 kB
Writeback:             0 kB
AnonPages:       4420724 kB
Mapped:            82532 kB
Shmem:              9320 kB
KReclaimable:      49356 kB
Slab:             166072 kB
SReclaimable:      49356 kB
SUnreclaim:       116716 kB
KernelStack:        8400 kB
PageTables:        15768 kB
NFS_Unstable:          0 kB
Bounce:                0 kB
WritebackTmp:          0 kB
CommitLimit:    65823308 kB
Committed_AS:   66723496 kB
VmallocTotal:   34359738367 kB
VmallocUsed:      164020 kB
VmallocChunk:          0 kB
Percpu:            20224 kB
HardwareCorrupted:     0 kB
AnonHugePages:   4286464 kB
ShmemHugePages:        0 kB
ShmemPmdMapped:        0 kB
FileHugePages:         0 kB
FilePmdMapped:         0 kB
HugePages_Total:       0
HugePages_Free:        0
HugePages_Rsvd:        0
HugePages_Surp:        0
Hugepagesize:       2048 kB
Hugetlb:               0 kB
DirectMap4k:      350188 kB
DirectMap2M:     8951808 kB
DirectMap1G:    58720256 kB
