MemTotal:       65705112 kB
MemFree:        60587336 kB
MemAvailable:   60236172 kB
Buffers:           10104 kB
Cached:           168852 kB
SwapCached:            0 kB
Active:          4386716 kB
Inactive:          46532 kB
Active(anon):    4246012 kB
Inactive(anon):    18628 kB
Active(file):     140704 kB
Inactive(file):    27904 kB
Unevictable:           0 kB
Mlocked:               0 kB
SwapTotal:      32970748 kB
SwapFree:       32970748 kB
Dirty:                64 kB
Writeback:             0 kB
AnonPages:       4254508 kB
Mapped:           101764 kB
Shmem:              9316 kB
KReclaimable:      49480 kB
Slab:             171608 kB
SReclaimable:      49480 kB
SUnreclaim:       122128 kB
KernelStack:        8368 kB
PageTables:        15296 kB
NFS_Unstable:          0 kB
Bounce:                0 kB
WritebackTmp:          0 kB
CommitLimit:    65823304 kB
Committed_AS:   66731808 kB
VmallocTotal:   34359738367 kB
VmallocUsed:      163972 kB
VmallocChunk:          0 kB
Percpu:            19712 kB
HardwareCorrupted:     0 kB
AnonHugePages:   4120576 kB
ShmemHugePages:        0 kB
ShmemPmdMapped:        0 kB
FileHugePages:         0 kB
FilePmdMapped:         0 kB
HugePages_Total:       0
HugePages_Free:        0
HugePages_Rsvd:        0
HugePages_Surp:        0
Hugepagesize:       2048 kB
Hugetlb:               0 kB
DirectMap4k:      376812 kB
DirectMap2M:     9973760 kB
DirectMap1G:    57671680 kB
