MemTotal:       263785556 kB
MemFree:          915788 kB
MemAvailable:          0 kB
Buffers:            5088 kB
Cached:            54620 kB
SwapCached:            0 kB
Active:         81129436 kB
Inactive:       179335604 kB
Active(anon):   81088532 kB
Inactive(anon): 179327184 kB
Active(file):      40904 kB
Inactive(file):     8420 kB
Unevictable:       19140 kB
Mlocked:           19140 kB
SwapTotal:      41943024 kB
SwapFree:       33459276 kB
Dirty:                 0 kB
Writeback:             0 kB
AnonPages:      260427456 kB
Mapped:            36400 kB
Shmem:                12 kB
KReclaimable:      64840 kB
Slab:             244532 kB
SReclaimable:      64840 kB
SUnreclaim:       179692 kB
KernelStack:       12064 kB
PageTables:       531380 kB
NFS_Unstable:          0 kB
Bounce:                0 kB
WritebackTmp:          0 kB
CommitLimit:    173835800 kB
Committed_AS:    1386388 kB
VmallocTotal:   34359738367 kB
VmallocUsed:      519364 kB
VmallocChunk:          0 kB
Percpu:            33792 kB
HardwareCorrupted:     0 kB
AnonHugePages:  171444224 kB
ShmemHugePages:        0 kB
ShmemPmdMapped:        0 kB
FileHugePages:         0 kB
FilePmdMapped:         0 kB
HugePages_Total:       0
HugePages_Free:        0
HugePages_Rsvd:        0
HugePages_Surp:        0
Hugepagesize:       2048 kB
Hugetlb:               0 kB
DirectMap4k:      311984 kB
DirectMap2M:     5632000 kB
DirectMap1G:    264241152 kB
