MemTotal:       65705112 kB
MemFree:          596768 kB
MemAvailable:   64163040 kB
Buffers:           12084 kB
Cached:         62977984 kB
SwapCached:          204 kB
Active:           325536 kB
Inactive:       62806620 kB
Active(anon):     148024 kB
Inactive(anon):      156 kB
Active(file):     177512 kB
Inactive(file): 62806464 kB
Unevictable:           0 kB
Mlocked:               0 kB
SwapTotal:      32970748 kB
SwapFree:       32966396 kB
Dirty:           4419380 kB
Writeback:             0 kB
AnonPages:        143116 kB
Mapped:           119712 kB
Shmem:              5040 kB
KReclaimable:    1308872 kB
Slab:            1519400 kB
SReclaimable:    1308872 kB
SUnreclaim:       210528 kB
KernelStack:        8608 kB
PageTables:         7512 kB
NFS_Unstable:          0 kB
Bounce:                0 kB
WritebackTmp:          0 kB
CommitLimit:    65823304 kB
Committed_AS:     691128 kB
VmallocTotal:   34359738367 kB
VmallocUsed:      159032 kB
VmallocChunk:          0 kB
Percpu:            19584 kB
HardwareCorrupted:     0 kB
AnonHugePages:      4096 kB
ShmemHugePages:        0 kB
ShmemPmdMapped:        0 kB
FileHugePages:         0 kB
FilePmdMapped:         0 kB
HugePages_Total:       0
HugePages_Free:        0
HugePages_Rsvd:        0
HugePages_Surp:        0
Hugepagesize:       2048 kB
Hugetlb:               0 kB
DirectMap4k:      464876 kB
DirectMap2M:     9885696 kB
DirectMap1G:    57671680 kB
