MemTotal:       65705112 kB
MemFree:        58741980 kB
MemAvailable:   58390524 kB
Buffers:            7024 kB
Cached:           170832 kB
SwapCached:            0 kB
Active:          6240024 kB
Inactive:          43596 kB
Active(anon):    6099008 kB
Inactive(anon):    16572 kB
Active(file):     141016 kB
Inactive(file):    27024 kB
Unevictable:           0 kB
Mlocked:               0 kB
SwapTotal:      32970748 kB
SwapFree:       32970748 kB
Dirty:               172 kB
Writeback:             0 kB
AnonPages:       6105512 kB
Mapped:           101664 kB
Shmem:              9320 kB
KReclaimable:      49460 kB
Slab:             164916 kB
SReclaimable:      49460 kB
SUnreclaim:       115456 kB
KernelStack:        8384 kB
PageTables:        19000 kB
NFS_Unstable:          0 kB
Bounce:                0 kB
WritebackTmp:          0 kB
CommitLimit:    65823304 kB
Committed_AS:   56147256 kB
VmallocTotal:   34359738367 kB
VmallocUsed:      164036 kB
VmallocChunk:          0 kB
Percpu:            19456 kB
HardwareCorrupted:     0 kB
AnonHugePages:   5974016 kB
ShmemHugePages:        0 kB
ShmemPmdMapped:        0 kB
FileHugePages:         0 kB
FilePmdMapped:         0 kB
HugePages_Total:       0
HugePages_Free:        0
HugePages_Rsvd:        0
HugePages_Surp:        0
Hugepagesize:       2048 kB
Hugetlb:               0 kB
DirectMap4k:      407532 kB
DirectMap2M:     9943040 kB
DirectMap1G:    57671680 kB
