MemTotal:       263785556 kB
MemFree:         1011960 kB
MemAvailable:          0 kB
Buffers:            5176 kB
Cached:            52256 kB
SwapCached:         4096 kB
Active:         91404040 kB
Inactive:       169051828 kB
Active(anon):   91364364 kB
Inactive(anon): 169042948 kB
Active(file):      39676 kB
Inactive(file):     8880 kB
Unevictable:       19140 kB
Mlocked:           19140 kB
SwapTotal:      41943024 kB
SwapFree:       33454832 kB
Dirty:                 0 kB
Writeback:             0 kB
AnonPages:      260420536 kB
Mapped:            33424 kB
Shmem:                 8 kB
KReclaimable:      65088 kB
Slab:             251044 kB
SReclaimable:      65088 kB
SUnreclaim:       185956 kB
KernelStack:       11936 kB
PageTables:       531424 kB
NFS_Unstable:          0 kB
Bounce:                0 kB
WritebackTmp:          0 kB
CommitLimit:    173835800 kB
Committed_AS:    1377108 kB
VmallocTotal:   34359738367 kB
VmallocUsed:      514248 kB
VmallocChunk:          0 kB
Percpu:            33600 kB
HardwareCorrupted:     0 kB
AnonHugePages:  202164224 kB
ShmemHugePages:        0 kB
ShmemPmdMapped:        0 kB
FileHugePages:         0 kB
FilePmdMapped:         0 kB
HugePages_Total:       0
HugePages_Free:        0
HugePages_Rsvd:        0
HugePages_Surp:        0
Hugepagesize:       2048 kB
Hugetlb:               0 kB
DirectMap4k:      316080 kB
DirectMap2M:     5627904 kB
DirectMap1G:    264241152 kB
