MemTotal:       65705120 kB
MemFree:        59587056 kB
MemAvailable:   59250256 kB
Buffers:           23696 kB
Cached:           182920 kB
SwapCached:            0 kB
Active:           122100 kB
Inactive:        5311820 kB
Active(anon):       1560 kB
Inactive(anon):  5235076 kB
Active(file):     120540 kB
Inactive(file):    76744 kB
Unevictable:           0 kB
Mlocked:               0 kB
SwapTotal:      32970748 kB
SwapFree:       32970748 kB
Dirty:                68 kB
Writeback:             0 kB
AnonPages:       5227352 kB
Mapped:            82684 kB
Shmem:              9320 kB
KReclaimable:      49544 kB
Slab:             168184 kB
SReclaimable:      49544 kB
SUnreclaim:       118640 kB
KernelStack:        8352 kB
PageTables:        17252 kB
NFS_Unstable:          0 kB
Bounce:                0 kB
WritebackTmp:          0 kB
CommitLimit:    65823308 kB
Committed_AS:   56122928 kB
VmallocTotal:   34359738367 kB
VmallocUsed:      164020 kB
VmallocChunk:          0 kB
Percpu:            20224 kB
HardwareCorrupted:     0 kB
AnonHugePages:   5093376 kB
ShmemHugePages:        0 kB
ShmemPmdMapped:        0 kB
FileHugePages:         0 kB
FilePmdMapped:         0 kB
HugePages_Total:       0
HugePages_Free:        0
HugePages_Rsvd:        0
HugePages_Surp:        0
Hugepagesize:       2048 kB
Hugetlb:               0 kB
DirectMap4k:      368620 kB
DirectMap2M:     8933376 kB
DirectMap1G:    58720256 kB
