MemTotal:       65705112 kB
MemFree:          450364 kB
MemAvailable:      37452 kB
Buffers:            3440 kB
Cached:            43768 kB
SwapCached:       168184 kB
Active:         38167928 kB
Inactive:       26176988 kB
Active(anon):   38135564 kB
Inactive(anon): 26162236 kB
Active(file):      32364 kB
Inactive(file):    14752 kB
Unevictable:           0 kB
Mlocked:               0 kB
SwapTotal:       8388604 kB
SwapFree:        5027324 kB
Dirty:                 0 kB
Writeback:             0 kB
AnonPages:      64133280 kB
Mapped:            38392 kB
Shmem:                68 kB
KReclaimable:      47484 kB
Slab:             156000 kB
SReclaimable:      47484 kB
SUnreclaim:       108516 kB
KernelStack:        8688 kB
PageTables:       141040 kB
NFS_Unstable:          0 kB
Bounce:                0 kB
WritebackTmp:          0 kB
CommitLimit:    41241160 kB
Committed_AS:    4307988 kB
VmallocTotal:   34359738367 kB
VmallocUsed:      191152 kB
VmallocChunk:          0 kB
Percpu:            19712 kB
HardwareCorrupted:     0 kB
AnonHugePages:      8192 kB
ShmemHugePages:        0 kB
ShmemPmdMapped:        0 kB
FileHugePages:         0 kB
FilePmdMapped:         0 kB
HugePages_Total:       0
HugePages_Free:        0
HugePages_Rsvd:        0
HugePages_Surp:        0
Hugepagesize:       2048 kB
Hugetlb:               0 kB
DirectMap4k:      378860 kB
DirectMap2M:     7874560 kB
DirectMap1G:    59768832 kB
