MemTotal:       65705120 kB
MemFree:          817972 kB
MemAvailable:     396480 kB
Buffers:            3772 kB
Cached:            20448 kB
SwapCached:          516 kB
Active:         61829012 kB
Inactive:        2068972 kB
Active(anon):   61814000 kB
Inactive(anon):  2061228 kB
Active(file):      15012 kB
Inactive(file):     7744 kB
Unevictable:           0 kB
Mlocked:               0 kB
SwapTotal:       8388604 kB
SwapFree:        4789688 kB
Dirty:                 0 kB
Writeback:             0 kB
AnonPages:      63875024 kB
Mapped:            15356 kB
Shmem:               452 kB
KReclaimable:      55056 kB
Slab:             176628 kB
SReclaimable:      55056 kB
SUnreclaim:       121572 kB
KernelStack:        8620 kB
PageTables:       139008 kB
NFS_Unstable:          0 kB
Bounce:                0 kB
WritebackTmp:          0 kB
CommitLimit:    41241164 kB
Committed_AS:   67989880 kB
VmallocTotal:   34359738367 kB
VmallocUsed:      191264 kB
VmallocChunk:          0 kB
Percpu:            19584 kB
HardwareCorrupted:     0 kB
AnonHugePages:   1331200 kB
ShmemHugePages:        0 kB
ShmemPmdMapped:        0 kB
FileHugePages:         0 kB
FilePmdMapped:         0 kB
HugePages_Total:       0
HugePages_Free:        0
HugePages_Rsvd:        0
HugePages_Surp:        0
Hugepagesize:       2048 kB
Hugetlb:               0 kB
DirectMap4k:      464876 kB
DirectMap2M:    10934272 kB
DirectMap1G:    56623104 kB
