MemTotal:       65705120 kB
MemFree:          631844 kB
MemAvailable:   64149892 kB
Buffers:           39020 kB
Cached:         62907608 kB
SwapCached:            0 kB
Active:           256192 kB
Inactive:       62837216 kB
Active(anon):       1496 kB
Inactive(anon):   155284 kB
Active(file):     254696 kB
Inactive(file): 62681932 kB
Unevictable:           0 kB
Mlocked:               0 kB
SwapTotal:      32970748 kB
SwapFree:       32970748 kB
Dirty:           4418892 kB
Writeback:             0 kB
AnonPages:        145676 kB
Mapped:           104268 kB
Shmem:              9300 kB
KReclaimable:    1307996 kB
Slab:            1518032 kB
SReclaimable:    1307996 kB
SUnreclaim:       210036 kB
KernelStack:        8528 kB
PageTables:         7276 kB
NFS_Unstable:          0 kB
Bounce:                0 kB
WritebackTmp:          0 kB
CommitLimit:    65823308 kB
Committed_AS:     691104 kB
VmallocTotal:   34359738367 kB
VmallocUsed:      159032 kB
VmallocChunk:          0 kB
Percpu:            19456 kB
HardwareCorrupted:     0 kB
AnonHugePages:      6144 kB
ShmemHugePages:        0 kB
ShmemPmdMapped:        0 kB
FileHugePages:         0 kB
FilePmdMapped:         0 kB
HugePages_Total:       0
HugePages_Free:        0
HugePages_Rsvd:        0
HugePages_Surp:        0
Hugepagesize:       2048 kB
Hugetlb:               0 kB
DirectMap4k:      495596 kB
DirectMap2M:     8806400 kB
DirectMap1G:    58720256 kB
