MemTotal:       65705120 kB
MemFree:        64634580 kB
MemAvailable:   64362300 kB
Buffers:           27444 kB
Cached:           278004 kB
SwapCached:            0 kB
Active:            90588 kB
Inactive:         300216 kB
Active(anon):       1424 kB
Inactive(anon):    93772 kB
Active(file):      89164 kB
Inactive(file):   206444 kB
Unevictable:           0 kB
Mlocked:               0 kB
SwapTotal:      32970748 kB
SwapFree:       32970748 kB
Dirty:               256 kB
Writeback:             4 kB
AnonPages:         86028 kB
Mapped:            92388 kB
Shmem:              9288 kB
KReclaimable:      51012 kB
Slab:             152368 kB
SReclaimable:      51012 kB
SUnreclaim:       101356 kB
KernelStack:        8016 kB
PageTables:         7292 kB
NFS_Unstable:          0 kB
Bounce:                0 kB
WritebackTmp:          0 kB
CommitLimit:    65823308 kB
Committed_AS:     313580 kB
VmallocTotal:   34359738367 kB
VmallocUsed:      158688 kB
VmallocChunk:          0 kB
Percpu:            19456 kB
HardwareCorrupted:     0 kB
AnonHugePages:      8192 kB
ShmemHugePages:        0 kB
ShmemPmdMapped:        0 kB
FileHugePages:         0 kB
FilePmdMapped:         0 kB
HugePages_Total:       0
HugePages_Free:        0
HugePages_Rsvd:        0
HugePages_Surp:        0
Hugepagesize:       2048 kB
Hugetlb:               0 kB
DirectMap4k:      419820 kB
DirectMap2M:     8882176 kB
DirectMap1G:    58720256 kB
