MemTotal:       263785564 kB
MemFree:         1187608 kB
MemAvailable:   199049012 kB
Buffers:          409596 kB
Cached:         196065292 kB
SwapCached:            0 kB
Active:           588824 kB
Inactive:       202044584 kB
Active(anon):       2132 kB
Inactive(anon):  6188724 kB
Active(file):     586692 kB
Inactive(file): 195855860 kB
Unevictable:    55311676 kB
Mlocked:        55311676 kB
SwapTotal:      33554428 kB
SwapFree:       33553660 kB
Dirty:           1079696 kB
Writeback:             0 kB
AnonPages:      61471128 kB
Mapped:          5779340 kB
Shmem:              2316 kB
KReclaimable:    3283456 kB
Slab:            3858352 kB
SReclaimable:    3283456 kB
SUnreclaim:       574896 kB
KernelStack:       12368 kB
PageTables:       133792 kB
NFS_Unstable:          0 kB
Bounce:                0 kB
WritebackTmp:          0 kB
CommitLimit:    165447208 kB
Committed_AS:   64984920 kB
VmallocTotal:   34359738367 kB
VmallocUsed:      263972 kB
VmallocChunk:          0 kB
Percpu:            31104 kB
HardwareCorrupted:     0 kB
AnonHugePages:         0 kB
ShmemHugePages:        0 kB
ShmemPmdMapped:        0 kB
FileHugePages:         0 kB
FilePmdMapped:         0 kB
HugePages_Total:       0
HugePages_Free:        0
HugePages_Rsvd:        0
HugePages_Surp:        0
Hugepagesize:       2048 kB
Hugetlb:               0 kB
DirectMap4k:      305840 kB
DirectMap2M:     4589568 kB
DirectMap1G:    265289728 kB
