MemTotal:       65705120 kB
MemFree:         2196076 kB
MemAvailable:    1772828 kB
Buffers:            3624 kB
Cached:            19124 kB
SwapCached:           12 kB
Active:         56163332 kB
Inactive:        6286136 kB
Active(anon):   56149884 kB
Inactive(anon):  6278868 kB
Active(file):      13448 kB
Inactive(file):     7268 kB
Unevictable:           0 kB
Mlocked:               0 kB
SwapTotal:       8388604 kB
SwapFree:        3346444 kB
Dirty:                 0 kB
Writeback:             0 kB
AnonPages:      62428668 kB
Mapped:            15432 kB
Shmem:                 4 kB
KReclaimable:      53584 kB
Slab:             172384 kB
SReclaimable:      53584 kB
SUnreclaim:       118800 kB
KernelStack:        8476 kB
PageTables:       138996 kB
NFS_Unstable:          0 kB
Bounce:                0 kB
WritebackTmp:          0 kB
CommitLimit:    41241164 kB
Committed_AS:   67989584 kB
VmallocTotal:   34359738367 kB
VmallocUsed:      185908 kB
VmallocChunk:          0 kB
Percpu:            19456 kB
HardwareCorrupted:     0 kB
AnonHugePages:   2039808 kB
ShmemHugePages:        0 kB
ShmemPmdMapped:        0 kB
FileHugePages:         0 kB
FilePmdMapped:         0 kB
HugePages_Total:       0
HugePages_Free:        0
HugePages_Rsvd:        0
HugePages_Surp:        0
Hugepagesize:       2048 kB
Hugetlb:               0 kB
DirectMap4k:      520172 kB
DirectMap2M:     8781824 kB
DirectMap1G:    58720256 kB
