MemTotal:       65705112 kB
MemFree:        64638360 kB
MemAvailable:   64369352 kB
Buffers:           27592 kB
Cached:           280912 kB
SwapCached:            0 kB
Active:           192116 kB
Inactive:         199684 kB
Active(anon):      79204 kB
Inactive(anon):    13496 kB
Active(file):     112912 kB
Inactive(file):   186188 kB
Unevictable:           0 kB
Mlocked:               0 kB
SwapTotal:      32970748 kB
SwapFree:       32970748 kB
Dirty:               568 kB
Writeback:             0 kB
AnonPages:         83536 kB
Mapped:            93108 kB
Shmem:              9300 kB
KReclaimable:      50576 kB
Slab:             151212 kB
SReclaimable:      50576 kB
SUnreclaim:       100636 kB
KernelStack:        8224 kB
PageTables:         7748 kB
NFS_Unstable:          0 kB
Bounce:                0 kB
WritebackTmp:          0 kB
CommitLimit:    65823304 kB
Committed_AS:     313228 kB
VmallocTotal:   34359738367 kB
VmallocUsed:      158800 kB
VmallocChunk:          0 kB
Percpu:            19584 kB
HardwareCorrupted:     0 kB
AnonHugePages:      4096 kB
ShmemHugePages:        0 kB
ShmemPmdMapped:        0 kB
FileHugePages:         0 kB
FilePmdMapped:         0 kB
HugePages_Total:       0
HugePages_Free:        0
HugePages_Rsvd:        0
HugePages_Surp:        0
Hugepagesize:       2048 kB
Hugetlb:               0 kB
DirectMap4k:      460780 kB
DirectMap2M:     9889792 kB
DirectMap1G:    57671680 kB
