MemTotal:       65705120 kB
MemFree:        58656460 kB
MemAvailable:   58320216 kB
Buffers:           23916 kB
Cached:           183572 kB
SwapCached:            0 kB
Active:           122512 kB
Inactive:        6229412 kB
Active(anon):       1540 kB
Inactive(anon):  6152216 kB
Active(file):     120972 kB
Inactive(file):    77196 kB
Unevictable:           0 kB
Mlocked:               0 kB
SwapTotal:      32970748 kB
SwapFree:       32970748 kB
Dirty:               160 kB
Writeback:             0 kB
AnonPages:       6142092 kB
Mapped:            82740 kB
Shmem:              9320 kB
KReclaimable:      49776 kB
Slab:             168320 kB
SReclaimable:      49776 kB
SUnreclaim:       118544 kB
KernelStack:        8432 kB
PageTables:        19136 kB
NFS_Unstable:          0 kB
Bounce:                0 kB
WritebackTmp:          0 kB
CommitLimit:    65823308 kB
Committed_AS:   56139444 kB
VmallocTotal:   34359738367 kB
VmallocUsed:      164004 kB
VmallocChunk:          0 kB
Percpu:            20096 kB
HardwareCorrupted:     0 kB
AnonHugePages:   6017024 kB
ShmemHugePages:        0 kB
ShmemPmdMapped:        0 kB
FileHugePages:         0 kB
FilePmdMapped:         0 kB
HugePages_Total:       0
HugePages_Free:        0
HugePages_Rsvd:        0
HugePages_Surp:        0
Hugepagesize:       2048 kB
Hugetlb:               0 kB
DirectMap4k:      423916 kB
DirectMap2M:     9926656 kB
DirectMap1G:    57671680 kB
