MemTotal:       65705120 kB
MemFree:         4621724 kB
MemAvailable:    4198152 kB
Buffers:            3260 kB
Cached:            16940 kB
SwapCached:           36 kB
Active:         54871608 kB
Inactive:        5058420 kB
Active(anon):   54861828 kB
Inactive(anon):  5050720 kB
Active(file):       9780 kB
Inactive(file):     7700 kB
Unevictable:           0 kB
Mlocked:               0 kB
SwapTotal:       8388604 kB
SwapFree:         707428 kB
Dirty:                 0 kB
Writeback:             0 kB
AnonPages:      59917356 kB
Mapped:            12824 kB
Shmem:              2684 kB
KReclaimable:      55808 kB
Slab:             175836 kB
SReclaimable:      55808 kB
SUnreclaim:       120028 kB
KernelStack:        8688 kB
PageTables:       141204 kB
NFS_Unstable:          0 kB
Bounce:                0 kB
WritebackTmp:          0 kB
CommitLimit:    41241164 kB
Committed_AS:    3979736 kB
VmallocTotal:   34359738367 kB
VmallocUsed:      191216 kB
VmallocChunk:          0 kB
Percpu:            19584 kB
HardwareCorrupted:     0 kB
AnonHugePages:         0 kB
ShmemHugePages:        0 kB
ShmemPmdMapped:        0 kB
FileHugePages:         0 kB
FilePmdMapped:         0 kB
HugePages_Total:       0
HugePages_Free:        0
HugePages_Rsvd:        0
HugePages_Surp:        0
Hugepagesize:       2048 kB
Hugetlb:               0 kB
DirectMap4k:      444396 kB
DirectMap2M:    10954752 kB
DirectMap1G:    56623104 kB
