MemTotal:       263785556 kB
MemFree:         1147628 kB
MemAvailable:      76464 kB
Buffers:            4968 kB
Cached:            78924 kB
SwapCached:         2048 kB
Active:         60255932 kB
Inactive:       200253516 kB
Active(anon):   60224896 kB
Inactive(anon): 200211220 kB
Active(file):      31036 kB
Inactive(file):    42296 kB
Unevictable:       19140 kB
Mlocked:           19140 kB
SwapTotal:      41943024 kB
SwapFree:       33464048 kB
Dirty:                 4 kB
Writeback:             0 kB
AnonPages:      260446004 kB
Mapped:            56236 kB
Shmem:                12 kB
KReclaimable:      65800 kB
Slab:             247320 kB
SReclaimable:      65800 kB
SUnreclaim:       181520 kB
KernelStack:       12176 kB
PageTables:       531668 kB
NFS_Unstable:          0 kB
Bounce:                0 kB
WritebackTmp:          0 kB
CommitLimit:    173835800 kB
Committed_AS:    1393652 kB
VmallocTotal:   34359738367 kB
VmallocUsed:      514440 kB
VmallocChunk:          0 kB
Percpu:            33792 kB
HardwareCorrupted:     0 kB
AnonHugePages:  199264256 kB
ShmemHugePages:        0 kB
ShmemPmdMapped:        0 kB
FileHugePages:         0 kB
FilePmdMapped:         0 kB
HugePages_Total:       0
HugePages_Free:        0
HugePages_Rsvd:        0
HugePages_Surp:        0
Hugepagesize:       2048 kB
Hugetlb:               0 kB
DirectMap4k:      346800 kB
DirectMap2M:     5597184 kB
DirectMap1G:    264241152 kB
