MemTotal:       263785560 kB
MemFree:        262217712 kB
MemAvailable:   261277704 kB
Buffers:           64988 kB
Cached:           296944 kB
SwapCached:            0 kB
Active:           115268 kB
Inactive:         399276 kB
Active(anon):        600 kB
Inactive(anon):   163552 kB
Active(file):     114668 kB
Inactive(file):   235724 kB
Unevictable:       19116 kB
Mlocked:           19116 kB
SwapTotal:             0 kB
SwapFree:              0 kB
Dirty:              5484 kB
Writeback:             0 kB
AnonPages:        172676 kB
Mapped:           122640 kB
Shmem:              2068 kB
KReclaimable:      51092 kB
Slab:             186732 kB
SReclaimable:      51092 kB
SUnreclaim:       135640 kB
KernelStack:       12128 kB
PageTables:         8804 kB
NFS_Unstable:          0 kB
Bounce:                0 kB
WritebackTmp:          0 kB
CommitLimit:    131892780 kB
Committed_AS:     552352 kB
VmallocTotal:   34359738367 kB
VmallocUsed:      254604 kB
VmallocChunk:          0 kB
Percpu:            26880 kB
HardwareCorrupted:     0 kB
AnonHugePages:         0 kB
ShmemHugePages:        0 kB
ShmemPmdMapped:        0 kB
FileHugePages:         0 kB
FilePmdMapped:         0 kB
HugePages_Total:       0
HugePages_Free:        0
HugePages_Rsvd:        0
HugePages_Surp:        0
Hugepagesize:       2048 kB
Hugetlb:               0 kB
DirectMap4k:      256684 kB
DirectMap2M:     4638720 kB
DirectMap1G:    265289728 kB
