MemTotal:       65705120 kB
MemFree:          355144 kB
MemAvailable:          0 kB
Buffers:            3316 kB
Cached:            18796 kB
SwapCached:          148 kB
Active:          1848796 kB
Inactive:       62599572 kB
Active(anon):    1834520 kB
Inactive(anon): 62593456 kB
Active(file):      14276 kB
Inactive(file):     6116 kB
Unevictable:           0 kB
Mlocked:               0 kB
SwapTotal:       8388604 kB
SwapFree:        5335548 kB
Dirty:                 0 kB
Writeback:             0 kB
AnonPages:      64427844 kB
Mapped:            13592 kB
Shmem:              1700 kB
KReclaimable:      45396 kB
Slab:             153932 kB
SReclaimable:      45396 kB
SUnreclaim:       108536 kB
KernelStack:        8688 kB
PageTables:       140988 kB
NFS_Unstable:          0 kB
Bounce:                0 kB
WritebackTmp:          0 kB
CommitLimit:    41241164 kB
Committed_AS:    3978172 kB
VmallocTotal:   34359738367 kB
VmallocUsed:      191120 kB
VmallocChunk:          0 kB
Percpu:            19840 kB
HardwareCorrupted:     0 kB
AnonHugePages:         0 kB
ShmemHugePages:        0 kB
ShmemPmdMapped:        0 kB
FileHugePages:         0 kB
FilePmdMapped:         0 kB
HugePages_Total:       0
HugePages_Free:        0
HugePages_Rsvd:        0
HugePages_Surp:        0
Hugepagesize:       2048 kB
Hugetlb:               0 kB
DirectMap4k:      528364 kB
DirectMap2M:     8773632 kB
DirectMap1G:    58720256 kB
