MemTotal:       65705112 kB
MemFree:        58815292 kB
MemAvailable:   58462784 kB
Buffers:            7404 kB
Cached:           169696 kB
SwapCached:            0 kB
Active:          6161048 kB
Inactive:          44444 kB
Active(anon):    6020568 kB
Inactive(anon):    18604 kB
Active(file):     140480 kB
Inactive(file):    25840 kB
Unevictable:           0 kB
Mlocked:               0 kB
SwapTotal:      32970748 kB
SwapFree:       32970748 kB
Dirty:               112 kB
Writeback:             4 kB
AnonPages:       6029248 kB
Mapped:           101148 kB
Shmem:              9316 kB
KReclaimable:      49076 kB
Slab:             168020 kB
SReclaimable:      49076 kB
SUnreclaim:       118944 kB
KernelStack:        8460 kB
PageTables:        19128 kB
NFS_Unstable:          0 kB
Bounce:                0 kB
WritebackTmp:          0 kB
CommitLimit:    65823304 kB
Committed_AS:   56139372 kB
VmallocTotal:   34359738367 kB
VmallocUsed:      164132 kB
VmallocChunk:          0 kB
Percpu:            19456 kB
HardwareCorrupted:     0 kB
AnonHugePages:   5900288 kB
ShmemHugePages:        0 kB
ShmemPmdMapped:        0 kB
FileHugePages:         0 kB
FilePmdMapped:         0 kB
HugePages_Total:       0
HugePages_Free:        0
HugePages_Rsvd:        0
HugePages_Surp:        0
Hugepagesize:       2048 kB
Hugetlb:               0 kB
DirectMap4k:      362476 kB
DirectMap2M:     8939520 kB
DirectMap1G:    58720256 kB
