MemTotal:       65705120 kB
MemFree:          597708 kB
MemAvailable:   64149796 kB
Buffers:           39160 kB
Cached:         62940696 kB
SwapCached:            0 kB
Active:           252848 kB
Inactive:       62871056 kB
Active(anon):       1484 kB
Inactive(anon):   152060 kB
Active(file):     251364 kB
Inactive(file): 62718996 kB
Unevictable:           0 kB
Mlocked:               0 kB
SwapTotal:      32970748 kB
SwapFree:       32970748 kB
Dirty:           4418996 kB
Writeback:             0 kB
AnonPages:        144408 kB
Mapped:           100680 kB
Shmem:              9300 kB
KReclaimable:    1308304 kB
Slab:            1518760 kB
SReclaimable:    1308304 kB
SUnreclaim:       210456 kB
KernelStack:        8624 kB
PageTables:         7388 kB
NFS_Unstable:          0 kB
Bounce:                0 kB
WritebackTmp:          0 kB
CommitLimit:    65823308 kB
Committed_AS:     690064 kB
VmallocTotal:   34359738367 kB
VmallocUsed:      159000 kB
VmallocChunk:          0 kB
Percpu:            19456 kB
HardwareCorrupted:     0 kB
AnonHugePages:      6144 kB
ShmemHugePages:        0 kB
ShmemPmdMapped:        0 kB
FileHugePages:         0 kB
FilePmdMapped:         0 kB
HugePages_Total:       0
HugePages_Free:        0
HugePages_Rsvd:        0
HugePages_Surp:        0
Hugepagesize:       2048 kB
Hugetlb:               0 kB
DirectMap4k:      450540 kB
DirectMap2M:     8851456 kB
DirectMap1G:    58720256 kB
