MemTotal:       263785552 kB
MemFree:        262291560 kB
MemAvailable:   261330052 kB
Buffers:           66696 kB
Cached:           252148 kB
SwapCached:            0 kB
Active:           114824 kB
Inactive:         334528 kB
Active(anon):        568 kB
Inactive(anon):   141332 kB
Active(file):     114256 kB
Inactive(file):   193196 kB
Unevictable:       19116 kB
Mlocked:           19116 kB
SwapTotal:             0 kB
SwapFree:              0 kB
Dirty:              4940 kB
Writeback:             0 kB
AnonPages:        150440 kB
Mapped:            88532 kB
Shmem:              2048 kB
KReclaimable:      51020 kB
Slab:             186340 kB
SReclaimable:      51020 kB
SUnreclaim:       135320 kB
KernelStack:       12112 kB
PageTables:         9768 kB
NFS_Unstable:          0 kB
Bounce:                0 kB
WritebackTmp:          0 kB
CommitLimit:    131892776 kB
Committed_AS:     543108 kB
VmallocTotal:   34359738367 kB
VmallocUsed:      254856 kB
VmallocChunk:          0 kB
Percpu:            26880 kB
HardwareCorrupted:     0 kB
AnonHugePages:         0 kB
ShmemHugePages:        0 kB
ShmemPmdMapped:        0 kB
FileHugePages:         0 kB
FilePmdMapped:         0 kB
HugePages_Total:       0
HugePages_Free:        0
HugePages_Rsvd:        0
HugePages_Surp:        0
Hugepagesize:       2048 kB
Hugetlb:               0 kB
DirectMap4k:      246444 kB
DirectMap2M:     3600384 kB
DirectMap1G:    266338304 kB
