MemTotal:       263785552 kB
MemFree:        262323932 kB
MemAvailable:   261346132 kB
Buffers:           61556 kB
Cached:           223920 kB
SwapCached:            0 kB
Active:           233544 kB
Inactive:         181008 kB
Active(anon):     137832 kB
Inactive(anon):     2132 kB
Active(file):      95712 kB
Inactive(file):   178876 kB
Unevictable:       19116 kB
Mlocked:           19116 kB
SwapTotal:             0 kB
SwapFree:              0 kB
Dirty:              3732 kB
Writeback:             0 kB
AnonPages:        148584 kB
Mapped:            62040 kB
Shmem:              2064 kB
KReclaimable:      51000 kB
Slab:             187528 kB
SReclaimable:      51000 kB
SUnreclaim:       136528 kB
KernelStack:       12192 kB
PageTables:         9504 kB
NFS_Unstable:          0 kB
Bounce:                0 kB
WritebackTmp:          0 kB
CommitLimit:    131892776 kB
Committed_AS:     546040 kB
VmallocTotal:   34359738367 kB
VmallocUsed:      254680 kB
VmallocChunk:          0 kB
Percpu:            26880 kB
HardwareCorrupted:     0 kB
AnonHugePages:         0 kB
ShmemHugePages:        0 kB
ShmemPmdMapped:        0 kB
FileHugePages:         0 kB
FilePmdMapped:         0 kB
HugePages_Total:       0
HugePages_Free:        0
HugePages_Rsvd:        0
HugePages_Surp:        0
Hugepagesize:       2048 kB
Hugetlb:               0 kB
DirectMap4k:      246444 kB
DirectMap2M:     4648960 kB
DirectMap1G:    265289728 kB
