MemTotal:       263785556 kB
MemFree:         1203664 kB
MemAvailable:   199301160 kB
Buffers:          254716 kB
Cached:         196458940 kB
SwapCached:            0 kB
Active:         14593648 kB
Inactive:       188144892 kB
Active(anon):    6056416 kB
Inactive(anon):     2652 kB
Active(file):    8537232 kB
Inactive(file): 188142240 kB
Unevictable:    55310396 kB
Mlocked:        55310396 kB
SwapTotal:             0 kB
SwapFree:              0 kB
Dirty:            812512 kB
Writeback:             0 kB
AnonPages:      61335360 kB
Mapped:          5680044 kB
Shmem:              2348 kB
KReclaimable:    3274436 kB
Slab:            3802508 kB
SReclaimable:    3274436 kB
SUnreclaim:       528072 kB
KernelStack:       12496 kB
PageTables:       134076 kB
NFS_Unstable:          0 kB
Bounce:                0 kB
WritebackTmp:          0 kB
CommitLimit:    131892776 kB
Committed_AS:   64878388 kB
VmallocTotal:   34359738367 kB
VmallocUsed:      255716 kB
VmallocChunk:          0 kB
Percpu:            30720 kB
HardwareCorrupted:     0 kB
AnonHugePages:         0 kB
ShmemHugePages:        0 kB
ShmemPmdMapped:        0 kB
FileHugePages:         0 kB
FilePmdMapped:         0 kB
HugePages_Total:       0
HugePages_Free:        0
HugePages_Rsvd:        0
HugePages_Surp:        0
Hugepagesize:       2048 kB
Hugetlb:               0 kB
DirectMap4k:      268976 kB
DirectMap2M:     4626432 kB
DirectMap1G:    265289728 kB
