MemTotal:       263785560 kB
MemFree:        262377896 kB
MemAvailable:   261333088 kB
Buffers:           18584 kB
Cached:           136196 kB
SwapCached:            0 kB
Active:            72204 kB
Inactive:         229104 kB
Active(anon):        576 kB
Inactive(anon):   157336 kB
Active(file):      71628 kB
Inactive(file):    71768 kB
Unevictable:       19116 kB
Mlocked:           19116 kB
SwapTotal:      67108860 kB
SwapFree:       67108860 kB
Dirty:              3724 kB
Writeback:             0 kB
AnonPages:        166388 kB
Mapped:            61548 kB
Shmem:              2056 kB
KReclaimable:      48172 kB
Slab:             185160 kB
SReclaimable:      48172 kB
SUnreclaim:       136988 kB
KernelStack:       12000 kB
PageTables:         9420 kB
NFS_Unstable:          0 kB
Bounce:                0 kB
WritebackTmp:          0 kB
CommitLimit:    199001640 kB
Committed_AS:     573888 kB
VmallocTotal:   34359738367 kB
VmallocUsed:      271020 kB
VmallocChunk:          0 kB
Percpu:            26880 kB
HardwareCorrupted:     0 kB
AnonHugePages:         0 kB
ShmemHugePages:        0 kB
ShmemPmdMapped:        0 kB
FileHugePages:         0 kB
FilePmdMapped:         0 kB
HugePages_Total:       0
HugePages_Free:        0
HugePages_Rsvd:        0
HugePages_Surp:        0
Hugepagesize:       2048 kB
Hugetlb:               0 kB
DirectMap4k:      258732 kB
DirectMap2M:     4636672 kB
DirectMap1G:    265289728 kB
