MemTotal:       263785564 kB
MemFree:         1222692 kB
MemAvailable:   199152972 kB
Buffers:          409420 kB
Cached:         196132956 kB
SwapCached:            0 kB
Active:           580992 kB
Inactive:       202019952 kB
Active(anon):       2140 kB
Inactive(anon):  6090036 kB
Active(file):     578852 kB
Inactive(file): 195929916 kB
Unevictable:    55314696 kB
Mlocked:        55314696 kB
SwapTotal:      33554428 kB
SwapFree:       33553916 kB
Dirty:            187544 kB
Writeback:             0 kB
AnonPages:      61374948 kB
Mapped:          5691116 kB
Shmem:              2312 kB
KReclaimable:    3282184 kB
Slab:            3855080 kB
SReclaimable:    3282184 kB
SUnreclaim:       572896 kB
KernelStack:       12224 kB
PageTables:       133516 kB
NFS_Unstable:          0 kB
Bounce:                0 kB
WritebackTmp:          0 kB
CommitLimit:    165447208 kB
Committed_AS:   64898576 kB
VmallocTotal:   34359738367 kB
VmallocUsed:      263860 kB
VmallocChunk:          0 kB
Percpu:            30720 kB
HardwareCorrupted:     0 kB
AnonHugePages:         0 kB
ShmemHugePages:        0 kB
ShmemPmdMapped:        0 kB
FileHugePages:         0 kB
FilePmdMapped:         0 kB
HugePages_Total:       0
HugePages_Free:        0
HugePages_Rsvd:        0
HugePages_Surp:        0
Hugepagesize:       2048 kB
Hugetlb:               0 kB
DirectMap4k:      281264 kB
DirectMap2M:     4614144 kB
DirectMap1G:    265289728 kB
