MemTotal:       65705112 kB
MemFree:        64638128 kB
MemAvailable:   64366320 kB
Buffers:           27196 kB
Cached:           279608 kB
SwapCached:            0 kB
Active:           192660 kB
Inactive:         197436 kB
Active(anon):      80124 kB
Inactive(anon):    13480 kB
Active(file):     112536 kB
Inactive(file):   183956 kB
Unevictable:           0 kB
Mlocked:               0 kB
SwapTotal:      32970748 kB
SwapFree:       32970748 kB
Dirty:               216 kB
Writeback:             0 kB
AnonPages:         83884 kB
Mapped:            92428 kB
Shmem:              9304 kB
KReclaimable:      50192 kB
Slab:             150764 kB
SReclaimable:      50192 kB
SUnreclaim:       100572 kB
KernelStack:        8144 kB
PageTables:         7220 kB
NFS_Unstable:          0 kB
Bounce:                0 kB
WritebackTmp:          0 kB
CommitLimit:    65823304 kB
Committed_AS:     313524 kB
VmallocTotal:   34359738367 kB
VmallocUsed:      158816 kB
VmallocChunk:          0 kB
Percpu:            19456 kB
HardwareCorrupted:     0 kB
AnonHugePages:      4096 kB
ShmemHugePages:        0 kB
ShmemPmdMapped:        0 kB
FileHugePages:         0 kB
FilePmdMapped:         0 kB
HugePages_Total:       0
HugePages_Free:        0
HugePages_Rsvd:        0
HugePages_Surp:        0
Hugepagesize:       2048 kB
Hugetlb:               0 kB
DirectMap4k:      483308 kB
DirectMap2M:     8818688 kB
DirectMap1G:    58720256 kB
