MemTotal:       263785564 kB
MemFree:         1355884 kB
MemAvailable:     299392 kB
Buffers:           16176 kB
Cached:            92908 kB
SwapCached:            0 kB
Active:           109620 kB
Inactive:       260156684 kB
Active(anon):      50316 kB
Inactive(anon): 260119092 kB
Active(file):      59304 kB
Inactive(file):    37592 kB
Unevictable:       19144 kB
Mlocked:           19144 kB
SwapTotal:      41943024 kB
SwapFree:       33399024 kB
Dirty:                 0 kB
Writeback:             0 kB
AnonPages:      260177496 kB
Mapped:            50588 kB
Shmem:              2392 kB
KReclaimable:      71308 kB
Slab:             255400 kB
SReclaimable:      71308 kB
SUnreclaim:       184092 kB
KernelStack:       12080 kB
PageTables:       531044 kB
NFS_Unstable:          0 kB
Bounce:                0 kB
WritebackTmp:          0 kB
CommitLimit:    173835804 kB
Committed_AS:    1385724 kB
VmallocTotal:   34359738367 kB
VmallocUsed:      519428 kB
VmallocChunk:          0 kB
Percpu:            33984 kB
HardwareCorrupted:     0 kB
AnonHugePages:         0 kB
ShmemHugePages:        0 kB
ShmemPmdMapped:        0 kB
FileHugePages:         0 kB
FilePmdMapped:         0 kB
HugePages_Total:       0
HugePages_Free:        0
HugePages_Rsvd:        0
HugePages_Surp:        0
Hugepagesize:       2048 kB
Hugetlb:               0 kB
DirectMap4k:      305840 kB
DirectMap2M:     6686720 kB
DirectMap1G:    263192576 kB
