MemTotal:       263785564 kB
MemFree:         2119520 kB
MemAvailable:    1071432 kB
Buffers:           15744 kB
Cached:           108668 kB
SwapCached:            0 kB
Active:           161204 kB
Inactive:       259554472 kB
Active(anon):     101852 kB
Inactive(anon): 259501064 kB
Active(file):      59352 kB
Inactive(file):    53408 kB
Unevictable:       19140 kB
Mlocked:           19140 kB
SwapTotal:      41943024 kB
SwapFree:       32829680 kB
Dirty:                 8 kB
Writeback:             0 kB
AnonPages:      259612968 kB
Mapped:            56652 kB
Shmem:              1824 kB
KReclaimable:      72256 kB
Slab:             250768 kB
SReclaimable:      72256 kB
SUnreclaim:       178512 kB
KernelStack:       11984 kB
PageTables:       531564 kB
NFS_Unstable:          0 kB
Bounce:                0 kB
WritebackTmp:          0 kB
CommitLimit:    173835804 kB
Committed_AS:    1385756 kB
VmallocTotal:   34359738367 kB
VmallocUsed:      519300 kB
VmallocChunk:          0 kB
Percpu:            33984 kB
HardwareCorrupted:     0 kB
AnonHugePages:         0 kB
ShmemHugePages:        0 kB
ShmemPmdMapped:        0 kB
FileHugePages:         0 kB
FilePmdMapped:         0 kB
HugePages_Total:       0
HugePages_Free:        0
HugePages_Rsvd:        0
HugePages_Surp:        0
Hugepagesize:       2048 kB
Hugetlb:               0 kB
DirectMap4k:      354992 kB
DirectMap2M:     5588992 kB
DirectMap1G:    264241152 kB
