MemTotal:       65705112 kB
MemFree:          582184 kB
MemAvailable:   64160784 kB
Buffers:            7864 kB
Cached:         62995656 kB
SwapCached:          140 kB
Active:           325120 kB
Inactive:       62824012 kB
Active(anon):     152116 kB
Inactive(anon):      148 kB
Active(file):     173004 kB
Inactive(file): 62823864 kB
Unevictable:           0 kB
Mlocked:               0 kB
SwapTotal:      32970748 kB
SwapFree:       32966396 kB
Dirty:           4418612 kB
Writeback:             0 kB
AnonPages:        144316 kB
Mapped:           119476 kB
Shmem:              5040 kB
KReclaimable:    1308308 kB
Slab:            1517896 kB
SReclaimable:    1308308 kB
SUnreclaim:       209588 kB
KernelStack:        8560 kB
PageTables:         7116 kB
NFS_Unstable:          0 kB
Bounce:                0 kB
WritebackTmp:          0 kB
CommitLimit:    65823304 kB
Committed_AS:     691116 kB
VmallocTotal:   34359738367 kB
VmallocUsed:      159064 kB
VmallocChunk:          0 kB
Percpu:            19456 kB
HardwareCorrupted:     0 kB
AnonHugePages:      6144 kB
ShmemHugePages:        0 kB
ShmemPmdMapped:        0 kB
FileHugePages:         0 kB
FilePmdMapped:         0 kB
HugePages_Total:       0
HugePages_Free:        0
HugePages_Rsvd:        0
HugePages_Surp:        0
Hugepagesize:       2048 kB
Hugetlb:               0 kB
DirectMap4k:      481260 kB
DirectMap2M:     8820736 kB
DirectMap1G:    58720256 kB
