MemTotal:       65705120 kB
MemFree:          379344 kB
MemAvailable:          0 kB
Buffers:            3380 kB
Cached:            17556 kB
SwapCached:            0 kB
Active:          1590516 kB
Inactive:       62834184 kB
Active(anon):    1577908 kB
Inactive(anon): 62827564 kB
Active(file):      12608 kB
Inactive(file):     6620 kB
Unevictable:           0 kB
Mlocked:               0 kB
SwapTotal:       8388604 kB
SwapFree:        5320444 kB
Dirty:                 0 kB
Writeback:             0 kB
AnonPages:      64405364 kB
Mapped:            11928 kB
Shmem:              1204 kB
KReclaimable:      45432 kB
Slab:             153176 kB
SReclaimable:      45432 kB
SUnreclaim:       107744 kB
KernelStack:        8736 kB
PageTables:       140956 kB
NFS_Unstable:          0 kB
Bounce:                0 kB
WritebackTmp:          0 kB
CommitLimit:    41241164 kB
Committed_AS:    4073600 kB
VmallocTotal:   34359738367 kB
VmallocUsed:      191216 kB
VmallocChunk:          0 kB
Percpu:            19840 kB
HardwareCorrupted:     0 kB
AnonHugePages:         0 kB
ShmemHugePages:        0 kB
ShmemPmdMapped:        0 kB
FileHugePages:         0 kB
FilePmdMapped:         0 kB
HugePages_Total:       0
HugePages_Free:        0
HugePages_Rsvd:        0
HugePages_Surp:        0
Hugepagesize:       2048 kB
Hugetlb:               0 kB
DirectMap4k:      475116 kB
DirectMap2M:     7778304 kB
DirectMap1G:    59768832 kB
