MemTotal:       65705112 kB
MemFree:          402468 kB
MemAvailable:          0 kB
Buffers:            3248 kB
Cached:            13624 kB
SwapCached:          616 kB
Active:           131140 kB
Inactive:       64255492 kB
Active(anon):     118188 kB
Inactive(anon): 64252876 kB
Active(file):      12952 kB
Inactive(file):     2616 kB
Unevictable:           0 kB
Mlocked:               0 kB
SwapTotal:       8388604 kB
SwapFree:        5288956 kB
Dirty:                 0 kB
Writeback:             0 kB
AnonPages:      64371188 kB
Mapped:             9928 kB
Shmem:                 8 kB
KReclaimable:      47888 kB
Slab:             157980 kB
SReclaimable:      47888 kB
SUnreclaim:       110092 kB
KernelStack:        8736 kB
PageTables:       139116 kB
NFS_Unstable:          0 kB
Bounce:                0 kB
WritebackTmp:          0 kB
CommitLimit:    41241160 kB
Committed_AS:   67989872 kB
VmallocTotal:   34359738367 kB
VmallocUsed:      191248 kB
VmallocChunk:          0 kB
Percpu:            19712 kB
HardwareCorrupted:     0 kB
AnonHugePages:  63870976 kB
ShmemHugePages:        0 kB
ShmemPmdMapped:        0 kB
FileHugePages:         0 kB
FilePmdMapped:         0 kB
HugePages_Total:       0
HugePages_Free:        0
HugePages_Rsvd:        0
HugePages_Surp:        0
Hugepagesize:       2048 kB
Hugetlb:               0 kB
DirectMap4k:      487404 kB
DirectMap2M:     8814592 kB
DirectMap1G:    58720256 kB
