MemTotal:       263785564 kB
MemFree:         1490456 kB
MemAvailable:     473596 kB
Buffers:           22664 kB
Cached:           161092 kB
SwapCached:            0 kB
Active:         47494064 kB
Inactive:       212354172 kB
Active(anon):   47410736 kB
Inactive(anon): 212265416 kB
Active(file):      83328 kB
Inactive(file):    88756 kB
Unevictable:       19140 kB
Mlocked:           19140 kB
SwapTotal:      41943024 kB
SwapFree:       32714992 kB
Dirty:                 4 kB
Writeback:             0 kB
AnonPages:      259662056 kB
Mapped:            72604 kB
Shmem:              2404 kB
KReclaimable:      75652 kB
Slab:             262364 kB
SReclaimable:      75652 kB
SUnreclaim:       186712 kB
KernelStack:       12096 kB
PageTables:       531332 kB
NFS_Unstable:          0 kB
Bounce:                0 kB
WritebackTmp:          0 kB
CommitLimit:    173835804 kB
Committed_AS:    1394764 kB
VmallocTotal:   34359738367 kB
VmallocUsed:      514136 kB
VmallocChunk:          0 kB
Percpu:            33792 kB
HardwareCorrupted:     0 kB
AnonHugePages:  173883392 kB
ShmemHugePages:        0 kB
ShmemPmdMapped:        0 kB
FileHugePages:         0 kB
FilePmdMapped:         0 kB
HugePages_Total:       0
HugePages_Free:        0
HugePages_Rsvd:        0
HugePages_Surp:        0
Hugepagesize:       2048 kB
Hugetlb:               0 kB
DirectMap4k:      330416 kB
DirectMap2M:     5613568 kB
DirectMap1G:    264241152 kB
