MemTotal:       263785564 kB
MemFree:         1218832 kB
MemAvailable:   199076056 kB
Buffers:          408640 kB
Cached:         196075544 kB
SwapCached:            0 kB
Active:           617748 kB
Inactive:       202015904 kB
Active(anon):       1972 kB
Inactive(anon):  6179084 kB
Active(file):     615776 kB
Inactive(file): 195836820 kB
Unevictable:    55309532 kB
Mlocked:        55309532 kB
SwapTotal:      33554428 kB
SwapFree:       33553916 kB
Dirty:           1028748 kB
Writeback:             0 kB
AnonPages:      61458616 kB
Mapped:          5770404 kB
Shmem:              2312 kB
KReclaimable:    3285780 kB
Slab:            3859636 kB
SReclaimable:    3285780 kB
SUnreclaim:       573856 kB
KernelStack:       12320 kB
PageTables:       134196 kB
NFS_Unstable:          0 kB
Bounce:                0 kB
WritebackTmp:          0 kB
CommitLimit:    165447208 kB
Committed_AS:   64961632 kB
VmallocTotal:   34359738367 kB
VmallocUsed:      263940 kB
VmallocChunk:          0 kB
Percpu:            30912 kB
HardwareCorrupted:     0 kB
AnonHugePages:         0 kB
ShmemHugePages:        0 kB
ShmemPmdMapped:        0 kB
FileHugePages:         0 kB
FilePmdMapped:         0 kB
HugePages_Total:       0
HugePages_Free:        0
HugePages_Rsvd:        0
HugePages_Surp:        0
Hugepagesize:       2048 kB
Hugetlb:               0 kB
DirectMap4k:      283312 kB
DirectMap2M:     4612096 kB
DirectMap1G:    265289728 kB
