MemTotal:       263785552 kB
MemFree:         1216568 kB
MemAvailable:   257016112 kB
Buffers:           12804 kB
Cached:         256409192 kB
SwapCached:          160 kB
Active:          3594096 kB
Inactive:       252868012 kB
Active(anon):    3436764 kB
Inactive(anon):      636 kB
Active(file):     157332 kB
Inactive(file): 252867376 kB
Unevictable:       19116 kB
Mlocked:           19116 kB
SwapTotal:      67108860 kB
SwapFree:       67107068 kB
Dirty:            353340 kB
Writeback:             0 kB
AnonPages:         59740 kB
Mapped:          3457476 kB
Shmem:           3387980 kB
KReclaimable:    4623056 kB
Slab:            5191640 kB
SReclaimable:    4623056 kB
SUnreclaim:       568584 kB
KernelStack:        9104 kB
PageTables:        10532 kB
NFS_Unstable:          0 kB
Bounce:                0 kB
WritebackTmp:          0 kB
CommitLimit:    199001636 kB
Committed_AS:   162313036 kB
VmallocTotal:   34359738367 kB
VmallocUsed:      268272 kB
VmallocChunk:          0 kB
Percpu:            27648 kB
HardwareCorrupted:     0 kB
AnonHugePages:         0 kB
ShmemHugePages:        0 kB
ShmemPmdMapped:        0 kB
FileHugePages:         0 kB
FilePmdMapped:         0 kB
HugePages_Total:       0
HugePages_Free:        0
HugePages_Rsvd:        0
HugePages_Surp:        0
Hugepagesize:       2048 kB
Hugetlb:               0 kB
DirectMap4k:      260780 kB
DirectMap2M:     4634624 kB
DirectMap1G:    265289728 kB
