MemTotal:       263785564 kB
MemFree:         3132488 kB
MemAvailable:    2099348 kB
Buffers:           23464 kB
Cached:           126112 kB
SwapCached:            0 kB
Active:         43432884 kB
Inactive:       214683820 kB
Active(anon):   43360896 kB
Inactive(anon): 214617944 kB
Active(file):      71988 kB
Inactive(file):    65876 kB
Unevictable:       19140 kB
Mlocked:           19140 kB
SwapTotal:      41943024 kB
SwapFree:       31016176 kB
Dirty:                 0 kB
Writeback:             0 kB
AnonPages:      257986928 kB
Mapped:            73320 kB
Shmem:              2416 kB
KReclaimable:      77628 kB
Slab:             259872 kB
SReclaimable:      77628 kB
SUnreclaim:       182244 kB
KernelStack:       12016 kB
PageTables:       531288 kB
NFS_Unstable:          0 kB
Bounce:                0 kB
WritebackTmp:          0 kB
CommitLimit:    173835804 kB
Committed_AS:    1386200 kB
VmallocTotal:   34359738367 kB
VmallocUsed:      514200 kB
VmallocChunk:          0 kB
Percpu:            34368 kB
HardwareCorrupted:     0 kB
AnonHugePages:  190791680 kB
ShmemHugePages:        0 kB
ShmemPmdMapped:        0 kB
FileHugePages:         0 kB
FilePmdMapped:         0 kB
HugePages_Total:       0
HugePages_Free:        0
HugePages_Rsvd:        0
HugePages_Surp:        0
Hugepagesize:       2048 kB
Hugetlb:               0 kB
DirectMap4k:      328368 kB
DirectMap2M:     5615616 kB
DirectMap1G:    264241152 kB
