MemTotal:       65705112 kB
MemFree:        64623032 kB
MemAvailable:   64359828 kB
Buffers:           27176 kB
Cached:           287744 kB
SwapCached:            0 kB
Active:           203024 kB
Inactive:         197756 kB
Active(anon):      82300 kB
Inactive(anon):    13488 kB
Active(file):     120724 kB
Inactive(file):   184268 kB
Unevictable:           0 kB
Mlocked:               0 kB
SwapTotal:      32970748 kB
SwapFree:       32970748 kB
Dirty:               596 kB
Writeback:             0 kB
AnonPages:         86616 kB
Mapped:            97932 kB
Shmem:              9304 kB
KReclaimable:      50400 kB
Slab:             151888 kB
SReclaimable:      50400 kB
SUnreclaim:       101488 kB
KernelStack:        8144 kB
PageTables:         7456 kB
NFS_Unstable:          0 kB
Bounce:                0 kB
WritebackTmp:          0 kB
CommitLimit:    65823304 kB
Committed_AS:     539572 kB
VmallocTotal:   34359738367 kB
VmallocUsed:      158800 kB
VmallocChunk:          0 kB
Percpu:            19456 kB
HardwareCorrupted:     0 kB
AnonHugePages:      4096 kB
ShmemHugePages:        0 kB
ShmemPmdMapped:        0 kB
FileHugePages:         0 kB
FilePmdMapped:         0 kB
HugePages_Total:       0
HugePages_Free:        0
HugePages_Rsvd:        0
HugePages_Surp:        0
Hugepagesize:       2048 kB
Hugetlb:               0 kB
DirectMap4k:      528364 kB
DirectMap2M:    11919360 kB
DirectMap1G:    55574528 kB
