MemTotal:       263785552 kB
MemFree:         1125668 kB
MemAvailable:   257812040 kB
Buffers:           14324 kB
Cached:         256539888 kB
SwapCached:            0 kB
Active:          2828736 kB
Inactive:       253765072 kB
Active(anon):    2692044 kB
Inactive(anon):      268 kB
Active(file):     136692 kB
Inactive(file): 253764804 kB
Unevictable:       19116 kB
Mlocked:           19116 kB
SwapTotal:             0 kB
SwapFree:              0 kB
Dirty:            359404 kB
Writeback:             0 kB
AnonPages:         58888 kB
Mapped:          2694756 kB
Shmem:           2643436 kB
KReclaimable:    4633096 kB
Slab:            5199372 kB
SReclaimable:    4633096 kB
SUnreclaim:       566276 kB
KernelStack:        9056 kB
PageTables:         8584 kB
NFS_Unstable:          0 kB
Bounce:                0 kB
WritebackTmp:          0 kB
CommitLimit:    131892776 kB
Committed_AS:   130032872 kB
VmallocTotal:   34359738367 kB
VmallocUsed:      251776 kB
VmallocChunk:          0 kB
Percpu:            27840 kB
HardwareCorrupted:     0 kB
AnonHugePages:         0 kB
ShmemHugePages:        0 kB
ShmemPmdMapped:        0 kB
FileHugePages:         0 kB
FilePmdMapped:         0 kB
HugePages_Total:       0
HugePages_Free:        0
HugePages_Rsvd:        0
HugePages_Surp:        0
Hugepagesize:       2048 kB
Hugetlb:               0 kB
DirectMap4k:      273068 kB
DirectMap2M:     4622336 kB
DirectMap1G:    265289728 kB
