MemTotal:       263785564 kB
MemFree:         1250260 kB
MemAvailable:   199091632 kB
Buffers:          408652 kB
Cached:         196031884 kB
SwapCached:            4 kB
Active:           603308 kB
Inactive:       201917640 kB
Active(anon):       1748 kB
Inactive(anon):  6112484 kB
Active(file):     601560 kB
Inactive(file): 195805156 kB
Unevictable:    55311464 kB
Mlocked:        55311464 kB
SwapTotal:      33554428 kB
SwapFree:       33553660 kB
Dirty:            974428 kB
Writeback:             0 kB
AnonPages:      61393440 kB
Mapped:          5714332 kB
Shmem:              2312 kB
KReclaimable:    3287136 kB
Slab:            3863284 kB
SReclaimable:    3287136 kB
SUnreclaim:       576148 kB
KernelStack:       12288 kB
PageTables:       133848 kB
NFS_Unstable:          0 kB
Bounce:                0 kB
WritebackTmp:          0 kB
CommitLimit:    165447208 kB
Committed_AS:   64897712 kB
VmallocTotal:   34359738367 kB
VmallocUsed:      263956 kB
VmallocChunk:          0 kB
Percpu:            30528 kB
HardwareCorrupted:     0 kB
AnonHugePages:         0 kB
ShmemHugePages:        0 kB
ShmemPmdMapped:        0 kB
FileHugePages:         0 kB
FilePmdMapped:         0 kB
HugePages_Total:       0
HugePages_Free:        0
HugePages_Rsvd:        0
HugePages_Surp:        0
Hugepagesize:       2048 kB
Hugetlb:               0 kB
DirectMap4k:      275120 kB
DirectMap2M:     4620288 kB
DirectMap1G:    265289728 kB
