MemTotal:       263785552 kB
MemFree:         1177996 kB
MemAvailable:   257836624 kB
Buffers:           12680 kB
Cached:         256515204 kB
SwapCached:            0 kB
Active:          2871284 kB
Inactive:       253696920 kB
Active(anon):    2692860 kB
Inactive(anon):      232 kB
Active(file):     178424 kB
Inactive(file): 253696688 kB
Unevictable:       19116 kB
Mlocked:           19116 kB
SwapTotal:             0 kB
SwapFree:              0 kB
Dirty:            364556 kB
Writeback:             0 kB
AnonPages:         60124 kB
Mapped:          2731340 kB
Shmem:           2643436 kB
KReclaimable:    4631900 kB
Slab:            5199220 kB
SReclaimable:    4631900 kB
SUnreclaim:       567320 kB
KernelStack:        9088 kB
PageTables:         8792 kB
NFS_Unstable:          0 kB
Bounce:                0 kB
WritebackTmp:          0 kB
CommitLimit:    131892776 kB
Committed_AS:   130032956 kB
VmallocTotal:   34359738367 kB
VmallocUsed:      251840 kB
VmallocChunk:          0 kB
Percpu:            27264 kB
HardwareCorrupted:     0 kB
AnonHugePages:         0 kB
ShmemHugePages:        0 kB
ShmemPmdMapped:        0 kB
FileHugePages:         0 kB
FilePmdMapped:         0 kB
HugePages_Total:       0
HugePages_Free:        0
HugePages_Rsvd:        0
HugePages_Surp:        0
Hugepagesize:       2048 kB
Hugetlb:               0 kB
DirectMap4k:      268972 kB
DirectMap2M:     5675008 kB
DirectMap1G:    264241152 kB
