MemTotal:       65705120 kB
MemFree:        59954716 kB
MemAvailable:   59614912 kB
Buffers:           21876 kB
Cached:           180608 kB
SwapCached:            0 kB
Active:           117124 kB
Inactive:        4954888 kB
Active(anon):       1500 kB
Inactive(anon):  4877436 kB
Active(file):     115624 kB
Inactive(file):    77452 kB
Unevictable:           0 kB
Mlocked:               0 kB
SwapTotal:      32970748 kB
SwapFree:       32970748 kB
Dirty:                60 kB
Writeback:             0 kB
AnonPages:       4869740 kB
Mapped:            82572 kB
Shmem:              9320 kB
KReclaimable:      47744 kB
Slab:             165928 kB
SReclaimable:      47744 kB
SUnreclaim:       118184 kB
KernelStack:        8416 kB
PageTables:        16156 kB
NFS_Unstable:          0 kB
Bounce:                0 kB
WritebackTmp:          0 kB
CommitLimit:    65823308 kB
Committed_AS:   56139332 kB
VmallocTotal:   34359738367 kB
VmallocUsed:      164036 kB
VmallocChunk:          0 kB
Percpu:            19968 kB
HardwareCorrupted:     0 kB
AnonHugePages:   4734976 kB
ShmemHugePages:        0 kB
ShmemPmdMapped:        0 kB
FileHugePages:         0 kB
FilePmdMapped:         0 kB
HugePages_Total:       0
HugePages_Free:        0
HugePages_Rsvd:        0
HugePages_Surp:        0
Hugepagesize:       2048 kB
Hugetlb:               0 kB
DirectMap4k:      448492 kB
DirectMap2M:    10950656 kB
DirectMap1G:    56623104 kB
