MemTotal:       263785564 kB
MemFree:         3287916 kB
MemAvailable:    2238484 kB
Buffers:           16640 kB
Cached:           101460 kB
SwapCached:            0 kB
Active:           129268 kB
Inactive:       258375192 kB
Active(anon):      66508 kB
Inactive(anon): 258330896 kB
Active(file):      62760 kB
Inactive(file):    44296 kB
Unevictable:       19140 kB
Mlocked:           19140 kB
SwapTotal:      41943024 kB
SwapFree:       31624432 kB
Dirty:                 4 kB
Writeback:             0 kB
AnonPages:      258407332 kB
Mapped:            47964 kB
Shmem:              2244 kB
KReclaimable:      75580 kB
Slab:             261696 kB
SReclaimable:      75580 kB
SUnreclaim:       186116 kB
KernelStack:       11888 kB
PageTables:       531288 kB
NFS_Unstable:          0 kB
Bounce:                0 kB
WritebackTmp:          0 kB
CommitLimit:    173835804 kB
Committed_AS:    1394188 kB
VmallocTotal:   34359738367 kB
VmallocUsed:      519156 kB
VmallocChunk:          0 kB
Percpu:            34176 kB
HardwareCorrupted:     0 kB
AnonHugePages:         0 kB
ShmemHugePages:        0 kB
ShmemPmdMapped:        0 kB
FileHugePages:         0 kB
FilePmdMapped:         0 kB
HugePages_Total:       0
HugePages_Free:        0
HugePages_Rsvd:        0
HugePages_Surp:        0
Hugepagesize:       2048 kB
Hugetlb:               0 kB
DirectMap4k:      293552 kB
DirectMap2M:     5650432 kB
DirectMap1G:    264241152 kB
