MemTotal:       65705112 kB
MemFree:        64637440 kB
MemAvailable:   64364512 kB
Buffers:           27188 kB
Cached:           278856 kB
SwapCached:            0 kB
Active:           192484 kB
Inactive:         196988 kB
Active(anon):      80696 kB
Inactive(anon):    13484 kB
Active(file):     111788 kB
Inactive(file):   183504 kB
Unevictable:           0 kB
Mlocked:               0 kB
SwapTotal:      32970748 kB
SwapFree:       32970748 kB
Dirty:               204 kB
Writeback:             0 kB
AnonPages:         85060 kB
Mapped:            92740 kB
Shmem:              9300 kB
KReclaimable:      50348 kB
Slab:             151336 kB
SReclaimable:      50348 kB
SUnreclaim:       100988 kB
KernelStack:        7984 kB
PageTables:         7388 kB
NFS_Unstable:          0 kB
Bounce:                0 kB
WritebackTmp:          0 kB
CommitLimit:    65823304 kB
Committed_AS:     313160 kB
VmallocTotal:   34359738367 kB
VmallocUsed:      158752 kB
VmallocChunk:          0 kB
Percpu:            19456 kB
HardwareCorrupted:     0 kB
AnonHugePages:      6144 kB
ShmemHugePages:        0 kB
ShmemPmdMapped:        0 kB
FileHugePages:         0 kB
FilePmdMapped:         0 kB
HugePages_Total:       0
HugePages_Free:        0
HugePages_Rsvd:        0
HugePages_Surp:        0
Hugepagesize:       2048 kB
Hugetlb:               0 kB
DirectMap4k:      509932 kB
DirectMap2M:     9840640 kB
DirectMap1G:    57671680 kB
