MemTotal:       263785560 kB
MemFree:         1178552 kB
MemAvailable:   257814420 kB
Buffers:           60392 kB
Cached:         256444132 kB
SwapCached:            0 kB
Active:           159720 kB
Inactive:       256384540 kB
Active(anon):       1744 kB
Inactive(anon):  2690744 kB
Active(file):     157976 kB
Inactive(file): 253693796 kB
Unevictable:       19116 kB
Mlocked:           19116 kB
SwapTotal:             0 kB
SwapFree:              0 kB
Dirty:            354532 kB
Writeback:             0 kB
AnonPages:         59656 kB
Mapped:          2703508 kB
Shmem:           2643436 kB
KReclaimable:    4632316 kB
Slab:            5198928 kB
SReclaimable:    4632316 kB
SUnreclaim:       566612 kB
KernelStack:        9120 kB
PageTables:         8752 kB
NFS_Unstable:          0 kB
Bounce:                0 kB
WritebackTmp:          0 kB
CommitLimit:    131892780 kB
Committed_AS:   130036708 kB
VmallocTotal:   34359738367 kB
VmallocUsed:      251824 kB
VmallocChunk:          0 kB
Percpu:            27648 kB
HardwareCorrupted:     0 kB
AnonHugePages:         0 kB
ShmemHugePages:        0 kB
ShmemPmdMapped:        0 kB
FileHugePages:         0 kB
FilePmdMapped:         0 kB
HugePages_Total:       0
HugePages_Free:        0
HugePages_Rsvd:        0
HugePages_Surp:        0
Hugepagesize:       2048 kB
Hugetlb:               0 kB
DirectMap4k:      230060 kB
DirectMap2M:     4665344 kB
DirectMap1G:    265289728 kB
