MemTotal:       263785552 kB
MemFree:         1143308 kB
MemAvailable:   257098496 kB
Buffers:           14072 kB
Cached:         256560764 kB
SwapCached:          384 kB
Active:          3599688 kB
Inactive:       253015160 kB
Active(anon):    3436696 kB
Inactive(anon):      108 kB
Active(file):     162992 kB
Inactive(file): 253015052 kB
Unevictable:       19116 kB
Mlocked:           19116 kB
SwapTotal:      67108860 kB
SwapFree:       67106044 kB
Dirty:            362672 kB
Writeback:             0 kB
AnonPages:         59444 kB
Mapped:          3459896 kB
Shmem:           3387516 kB
KReclaimable:    4625364 kB
Slab:            5193304 kB
SReclaimable:    4625364 kB
SUnreclaim:       567940 kB
KernelStack:        9120 kB
PageTables:        10536 kB
NFS_Unstable:          0 kB
Bounce:                0 kB
WritebackTmp:          0 kB
CommitLimit:    199001636 kB
Committed_AS:   162312840 kB
VmallocTotal:   34359738367 kB
VmallocUsed:      268272 kB
VmallocChunk:          0 kB
Percpu:            27648 kB
HardwareCorrupted:     0 kB
AnonHugePages:         0 kB
ShmemHugePages:        0 kB
ShmemPmdMapped:        0 kB
FileHugePages:         0 kB
FilePmdMapped:         0 kB
HugePages_Total:       0
HugePages_Free:        0
HugePages_Rsvd:        0
HugePages_Surp:        0
Hugepagesize:       2048 kB
Hugetlb:               0 kB
DirectMap4k:      256684 kB
DirectMap2M:     4638720 kB
DirectMap1G:    265289728 kB
