MemTotal:       65705112 kB
MemFree:        60527584 kB
MemAvailable:   60176176 kB
Buffers:            7164 kB
Cached:           170212 kB
SwapCached:            0 kB
Active:          4457396 kB
Inactive:          42644 kB
Active(anon):    4315424 kB
Inactive(anon):    16564 kB
Active(file):     141972 kB
Inactive(file):    26080 kB
Unevictable:           0 kB
Mlocked:               0 kB
SwapTotal:      32970748 kB
SwapFree:       32970748 kB
Dirty:               124 kB
Writeback:             0 kB
AnonPages:       4321912 kB
Mapped:           101780 kB
Shmem:              9320 kB
KReclaimable:      49544 kB
Slab:             166340 kB
SReclaimable:      49544 kB
SUnreclaim:       116796 kB
KernelStack:        8416 kB
PageTables:        15156 kB
NFS_Unstable:          0 kB
Bounce:                0 kB
WritebackTmp:          0 kB
CommitLimit:    65823304 kB
Committed_AS:   66756448 kB
VmallocTotal:   34359738367 kB
VmallocUsed:      164164 kB
VmallocChunk:          0 kB
Percpu:            19584 kB
HardwareCorrupted:     0 kB
AnonHugePages:   4190208 kB
ShmemHugePages:        0 kB
ShmemPmdMapped:        0 kB
FileHugePages:         0 kB
FilePmdMapped:         0 kB
HugePages_Total:       0
HugePages_Free:        0
HugePages_Rsvd:        0
HugePages_Surp:        0
Hugepagesize:       2048 kB
Hugetlb:               0 kB
DirectMap4k:      385004 kB
DirectMap2M:    12062720 kB
DirectMap1G:    55574528 kB
