MemTotal:       263785552 kB
MemFree:        262295196 kB
MemAvailable:   261289832 kB
Buffers:           17916 kB
Cached:           216180 kB
SwapCached:            0 kB
Active:           349484 kB
Inactive:          43816 kB
Active(anon):     168464 kB
Inactive(anon):     2096 kB
Active(file):     181020 kB
Inactive(file):    41720 kB
Unevictable:       19116 kB
Mlocked:           19116 kB
SwapTotal:      67108860 kB
SwapFree:       67108860 kB
Dirty:              4636 kB
Writeback:             0 kB
AnonPages:        178768 kB
Mapped:           130100 kB
Shmem:              2036 kB
KReclaimable:      48032 kB
Slab:             185356 kB
SReclaimable:      48032 kB
SUnreclaim:       137324 kB
KernelStack:       12192 kB
PageTables:         9588 kB
NFS_Unstable:          0 kB
Bounce:                0 kB
WritebackTmp:          0 kB
CommitLimit:    199001636 kB
Committed_AS:     580904 kB
VmallocTotal:   34359738367 kB
VmallocUsed:      271112 kB
VmallocChunk:          0 kB
Percpu:            26496 kB
HardwareCorrupted:     0 kB
AnonHugePages:         0 kB
ShmemHugePages:        0 kB
ShmemPmdMapped:        0 kB
FileHugePages:         0 kB
FilePmdMapped:         0 kB
HugePages_Total:       0
HugePages_Free:        0
HugePages_Rsvd:        0
HugePages_Surp:        0
Hugepagesize:       2048 kB
Hugetlb:               0 kB
DirectMap4k:      244396 kB
DirectMap2M:     4651008 kB
DirectMap1G:    265289728 kB
