MemTotal:       263785556 kB
MemFree:         1126252 kB
MemAvailable:      43516 kB
Buffers:            5256 kB
Cached:            54504 kB
SwapCached:         2048 kB
Active:         96545628 kB
Inactive:       163925148 kB
Active(anon):   96510952 kB
Inactive(anon): 163909408 kB
Active(file):      34676 kB
Inactive(file):    15740 kB
Unevictable:       19140 kB
Mlocked:           19140 kB
SwapTotal:      41943024 kB
SwapFree:       33446128 kB
Dirty:                 0 kB
Writeback:             0 kB
AnonPages:      260431032 kB
Mapped:            34064 kB
Shmem:                 8 kB
KReclaimable:      65888 kB
Slab:             244152 kB
SReclaimable:      65888 kB
SUnreclaim:       178264 kB
KernelStack:       12160 kB
PageTables:       531456 kB
NFS_Unstable:          0 kB
Bounce:                0 kB
WritebackTmp:          0 kB
CommitLimit:    173835800 kB
Committed_AS:    1440824 kB
VmallocTotal:   34359738367 kB
VmallocUsed:      514472 kB
VmallocChunk:          0 kB
Percpu:            33600 kB
HardwareCorrupted:     0 kB
AnonHugePages:  184139776 kB
ShmemHugePages:        0 kB
ShmemPmdMapped:        0 kB
FileHugePages:         0 kB
FilePmdMapped:         0 kB
HugePages_Total:       0
HugePages_Free:        0
HugePages_Rsvd:        0
HugePages_Surp:        0
Hugepagesize:       2048 kB
Hugetlb:               0 kB
DirectMap4k:      330416 kB
DirectMap2M:     5613568 kB
DirectMap1G:    264241152 kB
