MemTotal:       65705120 kB
MemFree:        60819152 kB
MemAvailable:   60482644 kB
Buffers:           23244 kB
Cached:           184112 kB
SwapCached:            0 kB
Active:           121684 kB
Inactive:        4091084 kB
Active(anon):       1512 kB
Inactive(anon):  4013220 kB
Active(file):     120172 kB
Inactive(file):    77864 kB
Unevictable:           0 kB
Mlocked:               0 kB
SwapTotal:      32970748 kB
SwapFree:       32970748 kB
Dirty:                68 kB
Writeback:             0 kB
AnonPages:       4005024 kB
Mapped:            82760 kB
Shmem:              9320 kB
KReclaimable:      49372 kB
Slab:             163740 kB
SReclaimable:      49372 kB
SUnreclaim:       114368 kB
KernelStack:        8400 kB
PageTables:        14984 kB
NFS_Unstable:          0 kB
Bounce:                0 kB
WritebackTmp:          0 kB
CommitLimit:    65823308 kB
Committed_AS:   66731492 kB
VmallocTotal:   34359738367 kB
VmallocUsed:      163956 kB
VmallocChunk:          0 kB
Percpu:            20224 kB
HardwareCorrupted:     0 kB
AnonHugePages:   3872768 kB
ShmemHugePages:        0 kB
ShmemPmdMapped:        0 kB
FileHugePages:         0 kB
FilePmdMapped:         0 kB
HugePages_Total:       0
HugePages_Free:        0
HugePages_Rsvd:        0
HugePages_Surp:        0
Hugepagesize:       2048 kB
Hugetlb:               0 kB
DirectMap4k:      374764 kB
DirectMap2M:     9975808 kB
DirectMap1G:    57671680 kB
