MemTotal:       263785552 kB
MemFree:         1191832 kB
MemAvailable:   257817072 kB
Buffers:           14412 kB
Cached:         256480260 kB
SwapCached:            0 kB
Active:          2832580 kB
Inactive:       253702364 kB
Active(anon):    2692816 kB
Inactive(anon):      220 kB
Active(file):     139764 kB
Inactive(file): 253702144 kB
Unevictable:       19116 kB
Mlocked:           19116 kB
SwapTotal:             0 kB
SwapFree:              0 kB
Dirty:            357768 kB
Writeback:             0 kB
AnonPages:         60104 kB
Mapped:          2697108 kB
Shmem:           2643436 kB
KReclaimable:    4631716 kB
Slab:            5198540 kB
SReclaimable:    4631716 kB
SUnreclaim:       566824 kB
KernelStack:        9088 kB
PageTables:         8596 kB
NFS_Unstable:          0 kB
Bounce:                0 kB
WritebackTmp:          0 kB
CommitLimit:    131892776 kB
Committed_AS:   130032824 kB
VmallocTotal:   34359738367 kB
VmallocUsed:      251776 kB
VmallocChunk:          0 kB
Percpu:            27648 kB
HardwareCorrupted:     0 kB
AnonHugePages:         0 kB
ShmemHugePages:        0 kB
ShmemPmdMapped:        0 kB
FileHugePages:         0 kB
FilePmdMapped:         0 kB
HugePages_Total:       0
HugePages_Free:        0
HugePages_Rsvd:        0
HugePages_Surp:        0
Hugepagesize:       2048 kB
Hugetlb:               0 kB
DirectMap4k:      268972 kB
DirectMap2M:     4626432 kB
DirectMap1G:    265289728 kB
