MemTotal:       65705112 kB
MemFree:          623192 kB
MemAvailable:   64163120 kB
Buffers:           13976 kB
Cached:         62950092 kB
SwapCached:          400 kB
Active:           328120 kB
Inactive:       62778796 kB
Active(anon):     148708 kB
Inactive(anon):      160 kB
Active(file):     179412 kB
Inactive(file): 62778636 kB
Unevictable:           0 kB
Mlocked:               0 kB
SwapTotal:      32970748 kB
SwapFree:       32965884 kB
Dirty:           4418848 kB
Writeback:             0 kB
AnonPages:        143660 kB
Mapped:           117884 kB
Shmem:              4976 kB
KReclaimable:    1308456 kB
Slab:            1517716 kB
SReclaimable:    1308456 kB
SUnreclaim:       209260 kB
KernelStack:        8576 kB
PageTables:         7208 kB
NFS_Unstable:          0 kB
Bounce:                0 kB
WritebackTmp:          0 kB
CommitLimit:    65823304 kB
Committed_AS:     691252 kB
VmallocTotal:   34359738367 kB
VmallocUsed:      159016 kB
VmallocChunk:          0 kB
Percpu:            19200 kB
HardwareCorrupted:     0 kB
AnonHugePages:      8192 kB
ShmemHugePages:        0 kB
ShmemPmdMapped:        0 kB
FileHugePages:         0 kB
FilePmdMapped:         0 kB
HugePages_Total:       0
HugePages_Free:        0
HugePages_Rsvd:        0
HugePages_Surp:        0
Hugepagesize:       2048 kB
Hugetlb:               0 kB
DirectMap4k:      440300 kB
DirectMap2M:     8861696 kB
DirectMap1G:    58720256 kB
