MemTotal:       263785564 kB
MemFree:         1248064 kB
MemAvailable:   199165664 kB
Buffers:          409264 kB
Cached:         196143784 kB
SwapCached:            0 kB
Active:           589556 kB
Inactive:       202026792 kB
Active(anon):       1992 kB
Inactive(anon):  6094708 kB
Active(file):     587564 kB
Inactive(file): 195932084 kB
Unevictable:    55308428 kB
Mlocked:        55308428 kB
SwapTotal:      33554428 kB
SwapFree:       33553916 kB
Dirty:            941896 kB
Writeback:             0 kB
AnonPages:      61372812 kB
Mapped:          5695580 kB
Shmem:              2312 kB
KReclaimable:    3287296 kB
Slab:            3860368 kB
SReclaimable:    3287296 kB
SUnreclaim:       573072 kB
KernelStack:       12384 kB
PageTables:       133972 kB
NFS_Unstable:          0 kB
Bounce:                0 kB
WritebackTmp:          0 kB
CommitLimit:    165447208 kB
Committed_AS:   64880924 kB
VmallocTotal:   34359738367 kB
VmallocUsed:      263844 kB
VmallocChunk:          0 kB
Percpu:            30912 kB
HardwareCorrupted:     0 kB
AnonHugePages:         0 kB
ShmemHugePages:        0 kB
ShmemPmdMapped:        0 kB
FileHugePages:         0 kB
FilePmdMapped:         0 kB
HugePages_Total:       0
HugePages_Free:        0
HugePages_Rsvd:        0
HugePages_Surp:        0
Hugepagesize:       2048 kB
Hugetlb:               0 kB
DirectMap4k:      266928 kB
DirectMap2M:     4628480 kB
DirectMap1G:    265289728 kB
