MemTotal:       65705120 kB
MemFree:        64636968 kB
MemAvailable:   64362116 kB
Buffers:           27240 kB
Cached:           275604 kB
SwapCached:            0 kB
Active:            90580 kB
Inactive:         298444 kB
Active(anon):       1524 kB
Inactive(anon):    94064 kB
Active(file):      89056 kB
Inactive(file):   204380 kB
Unevictable:           0 kB
Mlocked:               0 kB
SwapTotal:      32970748 kB
SwapFree:       32970748 kB
Dirty:               212 kB
Writeback:             0 kB
AnonPages:         86452 kB
Mapped:            92444 kB
Shmem:              9304 kB
KReclaimable:      50216 kB
Slab:             150732 kB
SReclaimable:      50216 kB
SUnreclaim:       100516 kB
KernelStack:        8192 kB
PageTables:         7316 kB
NFS_Unstable:          0 kB
Bounce:                0 kB
WritebackTmp:          0 kB
CommitLimit:    65823308 kB
Committed_AS:     313520 kB
VmallocTotal:   34359738367 kB
VmallocUsed:      158688 kB
VmallocChunk:          0 kB
Percpu:            19456 kB
HardwareCorrupted:     0 kB
AnonHugePages:      8192 kB
ShmemHugePages:        0 kB
ShmemPmdMapped:        0 kB
FileHugePages:         0 kB
FilePmdMapped:         0 kB
HugePages_Total:       0
HugePages_Free:        0
HugePages_Rsvd:        0
HugePages_Surp:        0
Hugepagesize:       2048 kB
Hugetlb:               0 kB
DirectMap4k:      550892 kB
DirectMap2M:     8751104 kB
DirectMap1G:    58720256 kB
