MemTotal:       65705120 kB
MemFree:          798112 kB
MemAvailable:     376156 kB
Buffers:            3492 kB
Cached:            21184 kB
SwapCached:           36 kB
Active:         57018912 kB
Inactive:        6721748 kB
Active(anon):   57005116 kB
Inactive(anon):  6711944 kB
Active(file):      13796 kB
Inactive(file):     9804 kB
Unevictable:           0 kB
Mlocked:               0 kB
SwapTotal:       8388604 kB
SwapFree:        4640240 kB
Dirty:                 0 kB
Writeback:             0 kB
AnonPages:      63717716 kB
Mapped:            15920 kB
Shmem:                 4 kB
KReclaimable:      53288 kB
Slab:             172680 kB
SReclaimable:      53288 kB
SUnreclaim:       119392 kB
KernelStack:        8476 kB
PageTables:       139028 kB
NFS_Unstable:          0 kB
Bounce:                0 kB
WritebackTmp:          0 kB
CommitLimit:    41241164 kB
Committed_AS:   67989516 kB
VmallocTotal:   34359738367 kB
VmallocUsed:      185972 kB
VmallocChunk:          0 kB
Percpu:            19584 kB
HardwareCorrupted:     0 kB
AnonHugePages:   2217984 kB
ShmemHugePages:        0 kB
ShmemPmdMapped:        0 kB
FileHugePages:         0 kB
FilePmdMapped:         0 kB
HugePages_Total:       0
HugePages_Free:        0
HugePages_Rsvd:        0
HugePages_Surp:        0
Hugepagesize:       2048 kB
Hugetlb:               0 kB
DirectMap4k:      450540 kB
DirectMap2M:     9900032 kB
DirectMap1G:    57671680 kB
