MemTotal:       65705112 kB
MemFree:        58540416 kB
MemAvailable:   58189028 kB
Buffers:            7396 kB
Cached:           171120 kB
SwapCached:            0 kB
Active:          6434076 kB
Inactive:          50056 kB
Active(anon):    6292308 kB
Inactive(anon):    22732 kB
Active(file):     141768 kB
Inactive(file):    27324 kB
Unevictable:           0 kB
Mlocked:               0 kB
SwapTotal:      32970748 kB
SwapFree:       32970748 kB
Dirty:               428 kB
Writeback:             0 kB
AnonPages:       6305380 kB
Mapped:           101656 kB
Shmem:              9316 kB
KReclaimable:      48544 kB
Slab:             169424 kB
SReclaimable:      48544 kB
SUnreclaim:       120880 kB
KernelStack:        8432 kB
PageTables:        19440 kB
NFS_Unstable:          0 kB
Bounce:                0 kB
WritebackTmp:          0 kB
CommitLimit:    65823304 kB
Committed_AS:   66747768 kB
VmallocTotal:   34359738367 kB
VmallocUsed:      164068 kB
VmallocChunk:          0 kB
Percpu:            19456 kB
HardwareCorrupted:     0 kB
AnonHugePages:   6176768 kB
ShmemHugePages:        0 kB
ShmemPmdMapped:        0 kB
FileHugePages:         0 kB
FilePmdMapped:         0 kB
HugePages_Total:       0
HugePages_Free:        0
HugePages_Rsvd:        0
HugePages_Surp:        0
Hugepagesize:       2048 kB
Hugetlb:               0 kB
DirectMap4k:      397292 kB
DirectMap2M:    12050432 kB
DirectMap1G:    55574528 kB
