MemTotal:       65705120 kB
MemFree:        58676744 kB
MemAvailable:   58339916 kB
Buffers:           23664 kB
Cached:           183380 kB
SwapCached:            0 kB
Active:           122000 kB
Inactive:        6218104 kB
Active(anon):       1564 kB
Inactive(anon):  6140844 kB
Active(file):     120436 kB
Inactive(file):    77260 kB
Unevictable:           0 kB
Mlocked:               0 kB
SwapTotal:      32970748 kB
SwapFree:       32970748 kB
Dirty:               220 kB
Writeback:             0 kB
AnonPages:       6132256 kB
Mapped:            82456 kB
Shmem:              9320 kB
KReclaimable:      49080 kB
Slab:             164256 kB
SReclaimable:      49080 kB
SUnreclaim:       115176 kB
KernelStack:        8320 kB
PageTables:        18392 kB
NFS_Unstable:          0 kB
Bounce:                0 kB
WritebackTmp:          0 kB
CommitLimit:    65823308 kB
Committed_AS:   56131248 kB
VmallocTotal:   34359738367 kB
VmallocUsed:      163940 kB
VmallocChunk:          0 kB
Percpu:            20096 kB
HardwareCorrupted:     0 kB
AnonHugePages:   5996544 kB
ShmemHugePages:        0 kB
ShmemPmdMapped:        0 kB
FileHugePages:         0 kB
FilePmdMapped:         0 kB
HugePages_Total:       0
HugePages_Free:        0
HugePages_Rsvd:        0
HugePages_Surp:        0
Hugepagesize:       2048 kB
Hugetlb:               0 kB
DirectMap4k:      387052 kB
DirectMap2M:     9963520 kB
DirectMap1G:    57671680 kB
