MemTotal:       65705120 kB
MemFree:          554692 kB
MemAvailable:   64147564 kB
Buffers:           38844 kB
Cached:         62983820 kB
SwapCached:            0 kB
Active:           253008 kB
Inactive:       62915936 kB
Active(anon):       1432 kB
Inactive(anon):   155692 kB
Active(file):     251576 kB
Inactive(file): 62760244 kB
Unevictable:           0 kB
Mlocked:               0 kB
SwapTotal:      32970748 kB
SwapFree:       32970748 kB
Dirty:           4419308 kB
Writeback:             0 kB
AnonPages:        147992 kB
Mapped:           106036 kB
Shmem:              9300 kB
KReclaimable:    1307628 kB
Slab:            1516984 kB
SReclaimable:    1307628 kB
SUnreclaim:       209356 kB
KernelStack:        8560 kB
PageTables:         7208 kB
NFS_Unstable:          0 kB
Bounce:                0 kB
WritebackTmp:          0 kB
CommitLimit:    65823308 kB
Committed_AS:     699648 kB
VmallocTotal:   34359738367 kB
VmallocUsed:      159048 kB
VmallocChunk:          0 kB
Percpu:            19712 kB
HardwareCorrupted:     0 kB
AnonHugePages:      6144 kB
ShmemHugePages:        0 kB
ShmemPmdMapped:        0 kB
FileHugePages:         0 kB
FilePmdMapped:         0 kB
HugePages_Total:       0
HugePages_Free:        0
HugePages_Rsvd:        0
HugePages_Surp:        0
Hugepagesize:       2048 kB
Hugetlb:               0 kB
DirectMap4k:      438252 kB
DirectMap2M:     9912320 kB
DirectMap1G:    57671680 kB
