MemTotal:       263785552 kB
MemFree:         1177600 kB
MemAvailable:   257798272 kB
Buffers:           11180 kB
Cached:         256479056 kB
SwapCached:            0 kB
Active:          2831948 kB
Inactive:       253698448 kB
Active(anon):    2692612 kB
Inactive(anon):      260 kB
Active(file):     139336 kB
Inactive(file): 253698188 kB
Unevictable:       19116 kB
Mlocked:           19116 kB
SwapTotal:             0 kB
SwapFree:              0 kB
Dirty:            353100 kB
Writeback:             0 kB
AnonPages:         60012 kB
Mapped:          2708984 kB
Shmem:           2643436 kB
KReclaimable:    4631532 kB
Slab:            5198336 kB
SReclaimable:    4631532 kB
SUnreclaim:       566804 kB
KernelStack:        9200 kB
PageTables:         8780 kB
NFS_Unstable:          0 kB
Bounce:                0 kB
WritebackTmp:          0 kB
CommitLimit:    131892776 kB
Committed_AS:   130037064 kB
VmallocTotal:   34359738367 kB
VmallocUsed:      251824 kB
VmallocChunk:          0 kB
Percpu:            27264 kB
HardwareCorrupted:     0 kB
AnonHugePages:         0 kB
ShmemHugePages:        0 kB
ShmemPmdMapped:        0 kB
FileHugePages:         0 kB
FilePmdMapped:         0 kB
HugePages_Total:       0
HugePages_Free:        0
HugePages_Rsvd:        0
HugePages_Surp:        0
Hugepagesize:       2048 kB
Hugetlb:               0 kB
DirectMap4k:      268972 kB
DirectMap2M:     4626432 kB
DirectMap1G:    265289728 kB
