MemTotal:       263785560 kB
MemFree:        262322416 kB
MemAvailable:   261351572 kB
Buffers:           64812 kB
Cached:           234252 kB
SwapCached:            0 kB
Active:           114868 kB
Inactive:         311156 kB
Active(anon):        568 kB
Inactive(anon):   136812 kB
Active(file):     114300 kB
Inactive(file):   174344 kB
Unevictable:       19116 kB
Mlocked:           19116 kB
SwapTotal:             0 kB
SwapFree:              0 kB
Dirty:              4072 kB
Writeback:             0 kB
AnonPages:        145852 kB
Mapped:            73692 kB
Shmem:              2060 kB
KReclaimable:      50856 kB
Slab:             185024 kB
SReclaimable:      50856 kB
SUnreclaim:       134168 kB
KernelStack:       11952 kB
PageTables:         8036 kB
NFS_Unstable:          0 kB
Bounce:                0 kB
WritebackTmp:          0 kB
CommitLimit:    131892780 kB
Committed_AS:     529404 kB
VmallocTotal:   34359738367 kB
VmallocUsed:      254616 kB
VmallocChunk:          0 kB
Percpu:            26880 kB
HardwareCorrupted:     0 kB
AnonHugePages:         0 kB
ShmemHugePages:        0 kB
ShmemPmdMapped:        0 kB
FileHugePages:         0 kB
FilePmdMapped:         0 kB
HugePages_Total:       0
HugePages_Free:        0
HugePages_Rsvd:        0
HugePages_Surp:        0
Hugepagesize:       2048 kB
Hugetlb:               0 kB
DirectMap4k:      250540 kB
DirectMap2M:     5693440 kB
DirectMap1G:    264241152 kB
