MemTotal:       263785552 kB
MemFree:        262306324 kB
MemAvailable:   261330052 kB
Buffers:           64576 kB
Cached:           225276 kB
SwapCached:            0 kB
Active:           241440 kB
Inactive:         183524 kB
Active(anon):     144416 kB
Inactive(anon):     2128 kB
Active(file):      97024 kB
Inactive(file):   181396 kB
Unevictable:       19116 kB
Mlocked:           19116 kB
SwapTotal:             0 kB
SwapFree:              0 kB
Dirty:              2812 kB
Writeback:             0 kB
AnonPages:        155056 kB
Mapped:            63188 kB
Shmem:              2056 kB
KReclaimable:      50224 kB
Slab:             184184 kB
SReclaimable:      50224 kB
SUnreclaim:       133960 kB
KernelStack:       12032 kB
PageTables:         8268 kB
NFS_Unstable:          0 kB
Bounce:                0 kB
WritebackTmp:          0 kB
CommitLimit:    131892776 kB
Committed_AS:     553876 kB
VmallocTotal:   34359738367 kB
VmallocUsed:      254536 kB
VmallocChunk:          0 kB
Percpu:            26496 kB
HardwareCorrupted:     0 kB
AnonHugePages:         0 kB
ShmemHugePages:        0 kB
ShmemPmdMapped:        0 kB
FileHugePages:         0 kB
FilePmdMapped:         0 kB
HugePages_Total:       0
HugePages_Free:        0
HugePages_Rsvd:        0
HugePages_Surp:        0
Hugepagesize:       2048 kB
Hugetlb:               0 kB
DirectMap4k:      268972 kB
DirectMap2M:     4626432 kB
DirectMap1G:    265289728 kB
