MemTotal:       263785556 kB
MemFree:         1198452 kB
MemAvailable:     117988 kB
Buffers:            5364 kB
Cached:            62112 kB
SwapCached:            0 kB
Active:         14805752 kB
Inactive:       245857404 kB
Active(anon):   14766120 kB
Inactive(anon): 245839484 kB
Active(file):      39632 kB
Inactive(file):    17920 kB
Unevictable:       19116 kB
Mlocked:           19116 kB
SwapTotal:      41943024 kB
SwapFree:       33832280 kB
Dirty:                24 kB
Writeback:             0 kB
AnonPages:      260615992 kB
Mapped:            39644 kB
Shmem:                12 kB
KReclaimable:      63024 kB
Slab:             240024 kB
SReclaimable:      63024 kB
SUnreclaim:       177000 kB
KernelStack:       12368 kB
PageTables:       531700 kB
NFS_Unstable:          0 kB
Bounce:                0 kB
WritebackTmp:          0 kB
CommitLimit:    173835800 kB
Committed_AS:    1398244 kB
VmallocTotal:   34359738367 kB
VmallocUsed:      519124 kB
VmallocChunk:          0 kB
Percpu:            33024 kB
HardwareCorrupted:     0 kB
AnonHugePages:         0 kB
ShmemHugePages:        0 kB
ShmemPmdMapped:        0 kB
FileHugePages:         0 kB
FilePmdMapped:         0 kB
HugePages_Total:       0
HugePages_Free:        0
HugePages_Rsvd:        0
HugePages_Surp:        0
Hugepagesize:       2048 kB
Hugetlb:               0 kB
DirectMap4k:      311984 kB
DirectMap2M:     5632000 kB
DirectMap1G:    264241152 kB
