MemTotal:       263785556 kB
MemFree:         1222956 kB
MemAvailable:   199261396 kB
Buffers:          254420 kB
Cached:         196402656 kB
SwapCached:          752 kB
Active:         15251128 kB
Inactive:       187431568 kB
Active(anon):    6058396 kB
Inactive(anon):      104 kB
Active(file):    9192732 kB
Inactive(file): 187431464 kB
Unevictable:    55308796 kB
Mlocked:        55308796 kB
SwapTotal:      33554428 kB
SwapFree:       33551356 kB
Dirty:            659348 kB
Writeback:             0 kB
AnonPages:      61333792 kB
Mapped:          5656604 kB
Shmem:                80 kB
KReclaimable:    3274916 kB
Slab:            3804020 kB
SReclaimable:    3274916 kB
SUnreclaim:       529104 kB
KernelStack:       12288 kB
PageTables:       134152 kB
NFS_Unstable:          0 kB
Bounce:                0 kB
WritebackTmp:          0 kB
CommitLimit:    165447204 kB
Committed_AS:   64952260 kB
VmallocTotal:   34359738367 kB
VmallocUsed:      263828 kB
VmallocChunk:          0 kB
Percpu:            30912 kB
HardwareCorrupted:     0 kB
AnonHugePages:         0 kB
ShmemHugePages:        0 kB
ShmemPmdMapped:        0 kB
FileHugePages:         0 kB
FilePmdMapped:         0 kB
HugePages_Total:       0
HugePages_Free:        0
HugePages_Rsvd:        0
HugePages_Surp:        0
Hugepagesize:       2048 kB
Hugetlb:               0 kB
DirectMap4k:      291504 kB
DirectMap2M:     4603904 kB
DirectMap1G:    265289728 kB
