MemTotal:       263785552 kB
MemFree:        262279788 kB
MemAvailable:   261303780 kB
Buffers:           63320 kB
Cached:           230520 kB
SwapCached:            0 kB
Active:           257980 kB
Inactive:         180000 kB
Active(anon):     155284 kB
Inactive(anon):     2008 kB
Active(file):     102696 kB
Inactive(file):   177992 kB
Unevictable:       18672 kB
Mlocked:           18672 kB
SwapTotal:             0 kB
SwapFree:              0 kB
Dirty:              3692 kB
Writeback:             4 kB
AnonPages:        165828 kB
Mapped:            69156 kB
Shmem:              1976 kB
KReclaimable:      48796 kB
Slab:             180852 kB
SReclaimable:      48796 kB
SUnreclaim:       132056 kB
KernelStack:       11792 kB
PageTables:         9476 kB
NFS_Unstable:          0 kB
Bounce:                0 kB
WritebackTmp:          0 kB
CommitLimit:    131892776 kB
Committed_AS:     582452 kB
VmallocTotal:   34359738367 kB
VmallocUsed:      254572 kB
VmallocChunk:          0 kB
Percpu:            26688 kB
HardwareCorrupted:     0 kB
AnonHugePages:         0 kB
ShmemHugePages:        0 kB
ShmemPmdMapped:        0 kB
FileHugePages:         0 kB
FilePmdMapped:         0 kB
HugePages_Total:       0
HugePages_Free:        0
HugePages_Rsvd:        0
HugePages_Surp:        0
Hugepagesize:       2048 kB
Hugetlb:               0 kB
DirectMap4k:      275116 kB
DirectMap2M:     4620288 kB
DirectMap1G:    265289728 kB
