MemTotal:       65705120 kB
MemFree:          605064 kB
MemAvailable:   64156472 kB
Buffers:           39476 kB
Cached:         62940296 kB
SwapCached:            0 kB
Active:           252888 kB
Inactive:       62871336 kB
Active(anon):       1436 kB
Inactive(anon):   152876 kB
Active(file):     251452 kB
Inactive(file): 62718460 kB
Unevictable:           0 kB
Mlocked:               0 kB
SwapTotal:      32970748 kB
SwapFree:       32970748 kB
Dirty:           4419064 kB
Writeback:             0 kB
AnonPages:        145124 kB
Mapped:           103740 kB
Shmem:              9300 kB
KReclaimable:    1308072 kB
Slab:            1517108 kB
SReclaimable:    1308072 kB
SUnreclaim:       209036 kB
KernelStack:        8496 kB
PageTables:         7408 kB
NFS_Unstable:          0 kB
Bounce:                0 kB
WritebackTmp:          0 kB
CommitLimit:    65823308 kB
Committed_AS:     689932 kB
VmallocTotal:   34359738367 kB
VmallocUsed:      159000 kB
VmallocChunk:          0 kB
Percpu:            19712 kB
HardwareCorrupted:     0 kB
AnonHugePages:      6144 kB
ShmemHugePages:        0 kB
ShmemPmdMapped:        0 kB
FileHugePages:         0 kB
FilePmdMapped:         0 kB
HugePages_Total:       0
HugePages_Free:        0
HugePages_Rsvd:        0
HugePages_Surp:        0
Hugepagesize:       2048 kB
Hugetlb:               0 kB
DirectMap4k:      421868 kB
DirectMap2M:     7831552 kB
DirectMap1G:    59768832 kB
