MemTotal:       65705120 kB
MemFree:          424448 kB
MemAvailable:          0 kB
Buffers:            3292 kB
Cached:            17524 kB
SwapCached:           28 kB
Active:          1842084 kB
Inactive:       62534368 kB
Active(anon):    1829736 kB
Inactive(anon): 62529764 kB
Active(file):      12348 kB
Inactive(file):     4604 kB
Unevictable:           0 kB
Mlocked:               0 kB
SwapTotal:       8388604 kB
SwapFree:        5262844 kB
Dirty:                 0 kB
Writeback:             0 kB
AnonPages:      64360300 kB
Mapped:            11076 kB
Shmem:              2396 kB
KReclaimable:      46376 kB
Slab:             155396 kB
SReclaimable:      46376 kB
SUnreclaim:       109020 kB
KernelStack:        8604 kB
PageTables:       141016 kB
NFS_Unstable:          0 kB
Bounce:                0 kB
WritebackTmp:          0 kB
CommitLimit:    41241164 kB
Committed_AS:    3948116 kB
VmallocTotal:   34359738367 kB
VmallocUsed:      191136 kB
VmallocChunk:          0 kB
Percpu:            19712 kB
HardwareCorrupted:     0 kB
AnonHugePages:      4096 kB
ShmemHugePages:        0 kB
ShmemPmdMapped:        0 kB
FileHugePages:         0 kB
FilePmdMapped:         0 kB
HugePages_Total:       0
HugePages_Free:        0
HugePages_Rsvd:        0
HugePages_Surp:        0
Hugepagesize:       2048 kB
Hugetlb:               0 kB
DirectMap4k:      536556 kB
DirectMap2M:    11911168 kB
DirectMap1G:    55574528 kB
