MemTotal:       65705112 kB
MemFree:          589960 kB
MemAvailable:   64152112 kB
Buffers:           13156 kB
Cached:         62973804 kB
SwapCached:          204 kB
Active:           333592 kB
Inactive:       62797376 kB
Active(anon):     150508 kB
Inactive(anon):      148 kB
Active(file):     183084 kB
Inactive(file): 62797228 kB
Unevictable:           0 kB
Mlocked:               0 kB
SwapTotal:      32970748 kB
SwapFree:       32966396 kB
Dirty:           4419040 kB
Writeback:             0 kB
AnonPages:        145664 kB
Mapped:           118660 kB
Shmem:              5048 kB
KReclaimable:    1308416 kB
Slab:            1519732 kB
SReclaimable:    1308416 kB
SUnreclaim:       211316 kB
KernelStack:        8624 kB
PageTables:         7280 kB
NFS_Unstable:          0 kB
Bounce:                0 kB
WritebackTmp:          0 kB
CommitLimit:    65823304 kB
Committed_AS:     691296 kB
VmallocTotal:   34359738367 kB
VmallocUsed:      159080 kB
VmallocChunk:          0 kB
Percpu:            19328 kB
HardwareCorrupted:     0 kB
AnonHugePages:      6144 kB
ShmemHugePages:        0 kB
ShmemPmdMapped:        0 kB
FileHugePages:         0 kB
FilePmdMapped:         0 kB
HugePages_Total:       0
HugePages_Free:        0
HugePages_Rsvd:        0
HugePages_Surp:        0
Hugepagesize:       2048 kB
Hugetlb:               0 kB
DirectMap4k:      456684 kB
DirectMap2M:    10942464 kB
DirectMap1G:    56623104 kB
