MemTotal:       65705112 kB
MemFree:        64635740 kB
MemAvailable:   64367080 kB
Buffers:           27592 kB
Cached:           281560 kB
SwapCached:            0 kB
Active:           196308 kB
Inactive:         200024 kB
Active(anon):      83380 kB
Inactive(anon):    13500 kB
Active(file):     112928 kB
Inactive(file):   186524 kB
Unevictable:         260 kB
Mlocked:               0 kB
SwapTotal:      32970748 kB
SwapFree:       32970748 kB
Dirty:               388 kB
Writeback:             0 kB
AnonPages:         88104 kB
Mapped:            92088 kB
Shmem:              9308 kB
KReclaimable:      50568 kB
Slab:             151736 kB
SReclaimable:      50568 kB
SUnreclaim:       101168 kB
KernelStack:        8320 kB
PageTables:         8204 kB
NFS_Unstable:          0 kB
Bounce:                0 kB
WritebackTmp:          0 kB
CommitLimit:    65823304 kB
Committed_AS:     313504 kB
VmallocTotal:   34359738367 kB
VmallocUsed:      158816 kB
VmallocChunk:          0 kB
Percpu:            19328 kB
HardwareCorrupted:     0 kB
AnonHugePages:      8192 kB
ShmemHugePages:        0 kB
ShmemPmdMapped:        0 kB
FileHugePages:         0 kB
FilePmdMapped:         0 kB
HugePages_Total:       0
HugePages_Free:        0
HugePages_Rsvd:        0
HugePages_Surp:        0
Hugepagesize:       2048 kB
Hugetlb:               0 kB
DirectMap4k:      454636 kB
DirectMap2M:    11993088 kB
DirectMap1G:    55574528 kB
