MemTotal:       65705120 kB
MemFree:          585492 kB
MemAvailable:   64155068 kB
Buffers:           36768 kB
Cached:         62961288 kB
SwapCached:            0 kB
Active:           247704 kB
Inactive:       62894980 kB
Active(anon):       1508 kB
Inactive(anon):   153020 kB
Active(file):     246196 kB
Inactive(file): 62741960 kB
Unevictable:           0 kB
Mlocked:               0 kB
SwapTotal:      32970748 kB
SwapFree:       32970748 kB
Dirty:           4418484 kB
Writeback:             0 kB
AnonPages:        145404 kB
Mapped:           103068 kB
Shmem:              9300 kB
KReclaimable:    1307996 kB
Slab:            1518348 kB
SReclaimable:    1307996 kB
SUnreclaim:       210352 kB
KernelStack:        8576 kB
PageTables:         7140 kB
NFS_Unstable:          0 kB
Bounce:                0 kB
WritebackTmp:          0 kB
CommitLimit:    65823308 kB
Committed_AS:     706572 kB
VmallocTotal:   34359738367 kB
VmallocUsed:      159096 kB
VmallocChunk:          0 kB
Percpu:            19328 kB
HardwareCorrupted:     0 kB
AnonHugePages:     14336 kB
ShmemHugePages:        0 kB
ShmemPmdMapped:        0 kB
FileHugePages:         0 kB
FilePmdMapped:         0 kB
HugePages_Total:       0
HugePages_Free:        0
HugePages_Rsvd:        0
HugePages_Surp:        0
Hugepagesize:       2048 kB
Hugetlb:               0 kB
DirectMap4k:      430060 kB
DirectMap2M:    10969088 kB
DirectMap1G:    56623104 kB
