MemTotal:       263785552 kB
MemFree:         1220024 kB
MemAvailable:   257825620 kB
Buffers:           13992 kB
Cached:         256461160 kB
SwapCached:            0 kB
Active:          2823984 kB
Inactive:       253691340 kB
Active(anon):    2692756 kB
Inactive(anon):      216 kB
Active(file):     131228 kB
Inactive(file): 253691124 kB
Unevictable:       19116 kB
Mlocked:           19116 kB
SwapTotal:             0 kB
SwapFree:              0 kB
Dirty:            358352 kB
Writeback:             0 kB
AnonPages:         60024 kB
Mapped:          2693028 kB
Shmem:           2643436 kB
KReclaimable:    4631464 kB
Slab:            5196556 kB
SReclaimable:    4631464 kB
SUnreclaim:       565092 kB
KernelStack:        9104 kB
PageTables:         8592 kB
NFS_Unstable:          0 kB
Bounce:                0 kB
WritebackTmp:          0 kB
CommitLimit:    131892776 kB
Committed_AS:   130032512 kB
VmallocTotal:   34359738367 kB
VmallocUsed:      251824 kB
VmallocChunk:          0 kB
Percpu:            27648 kB
HardwareCorrupted:     0 kB
AnonHugePages:         0 kB
ShmemHugePages:        0 kB
ShmemPmdMapped:        0 kB
FileHugePages:         0 kB
FilePmdMapped:         0 kB
HugePages_Total:       0
HugePages_Free:        0
HugePages_Rsvd:        0
HugePages_Surp:        0
Hugepagesize:       2048 kB
Hugetlb:               0 kB
DirectMap4k:      262828 kB
DirectMap2M:     4632576 kB
DirectMap1G:    265289728 kB
