MemTotal:       263785564 kB
MemFree:         1219576 kB
MemAvailable:   199079124 kB
Buffers:          410100 kB
Cached:         196061668 kB
SwapCached:            0 kB
Active:           568960 kB
Inactive:       202053516 kB
Active(anon):       1704 kB
Inactive(anon):  6181680 kB
Active(file):     567256 kB
Inactive(file): 195871836 kB
Unevictable:    55308592 kB
Mlocked:        55308592 kB
SwapTotal:      33554428 kB
SwapFree:       33553916 kB
Dirty:           1038408 kB
Writeback:             0 kB
AnonPages:      61459880 kB
Mapped:          5758968 kB
Shmem:              2312 kB
KReclaimable:    3289320 kB
Slab:            3863808 kB
SReclaimable:    3289320 kB
SUnreclaim:       574488 kB
KernelStack:       12304 kB
PageTables:       133720 kB
NFS_Unstable:          0 kB
Bounce:                0 kB
WritebackTmp:          0 kB
CommitLimit:    165447208 kB
Committed_AS:   64847120 kB
VmallocTotal:   34359738367 kB
VmallocUsed:      263812 kB
VmallocChunk:          0 kB
Percpu:            30528 kB
HardwareCorrupted:     0 kB
AnonHugePages:         0 kB
ShmemHugePages:        0 kB
ShmemPmdMapped:        0 kB
FileHugePages:         0 kB
FilePmdMapped:         0 kB
HugePages_Total:       0
HugePages_Free:        0
HugePages_Rsvd:        0
HugePages_Surp:        0
Hugepagesize:       2048 kB
Hugetlb:               0 kB
DirectMap4k:      277168 kB
DirectMap2M:     4618240 kB
DirectMap1G:    265289728 kB
