MemTotal:       263785556 kB
MemFree:          999724 kB
MemAvailable:          0 kB
Buffers:            5152 kB
Cached:            54436 kB
SwapCached:            0 kB
Active:         156226784 kB
Inactive:       104091464 kB
Active(anon):   156186820 kB
Inactive(anon): 104082228 kB
Active(file):      39964 kB
Inactive(file):     9236 kB
Unevictable:       19140 kB
Mlocked:           19140 kB
SwapTotal:      41943024 kB
SwapFree:       33298928 kB
Dirty:                 4 kB
Writeback:             0 kB
AnonPages:      260280632 kB
Mapped:            33912 kB
Shmem:                12 kB
KReclaimable:      65312 kB
Slab:             244308 kB
SReclaimable:      65312 kB
SUnreclaim:       178996 kB
KernelStack:       12128 kB
PageTables:       531592 kB
NFS_Unstable:          0 kB
Bounce:                0 kB
WritebackTmp:          0 kB
CommitLimit:    173835800 kB
Committed_AS:    1385616 kB
VmallocTotal:   34359738367 kB
VmallocUsed:      514296 kB
VmallocChunk:          0 kB
Percpu:            33792 kB
HardwareCorrupted:     0 kB
AnonHugePages:  194586624 kB
ShmemHugePages:        0 kB
ShmemPmdMapped:        0 kB
FileHugePages:         0 kB
FilePmdMapped:         0 kB
HugePages_Total:       0
HugePages_Free:        0
HugePages_Rsvd:        0
HugePages_Surp:        0
Hugepagesize:       2048 kB
Hugetlb:               0 kB
DirectMap4k:      299696 kB
DirectMap2M:     5644288 kB
DirectMap1G:    264241152 kB
