MemTotal:       65705112 kB
MemFree:          584088 kB
MemAvailable:   64157180 kB
Buffers:           10956 kB
Cached:         62986724 kB
SwapCached:          136 kB
Active:           329296 kB
Inactive:       62814160 kB
Active(anon):     152200 kB
Inactive(anon):      148 kB
Active(file):     177096 kB
Inactive(file): 62814012 kB
Unevictable:           0 kB
Mlocked:               0 kB
SwapTotal:      32970748 kB
SwapFree:       32966396 kB
Dirty:           4418828 kB
Writeback:             0 kB
AnonPages:        143204 kB
Mapped:           118776 kB
Shmem:              5036 kB
KReclaimable:    1308560 kB
Slab:            1519268 kB
SReclaimable:    1308560 kB
SUnreclaim:       210708 kB
KernelStack:        8512 kB
PageTables:         7168 kB
NFS_Unstable:          0 kB
Bounce:                0 kB
WritebackTmp:          0 kB
CommitLimit:    65823304 kB
Committed_AS:     690920 kB
VmallocTotal:   34359738367 kB
VmallocUsed:      158952 kB
VmallocChunk:          0 kB
Percpu:            19456 kB
HardwareCorrupted:     0 kB
AnonHugePages:      4096 kB
ShmemHugePages:        0 kB
ShmemPmdMapped:        0 kB
FileHugePages:         0 kB
FilePmdMapped:         0 kB
HugePages_Total:       0
HugePages_Free:        0
HugePages_Rsvd:        0
HugePages_Surp:        0
Hugepagesize:       2048 kB
Hugetlb:               0 kB
DirectMap4k:      450540 kB
DirectMap2M:     9900032 kB
DirectMap1G:    57671680 kB
