MemTotal:       263785552 kB
MemFree:        262197504 kB
MemAvailable:   261262432 kB
Buffers:           65796 kB
Cached:           305004 kB
SwapCached:            0 kB
Active:           318188 kB
Inactive:         183112 kB
Active(anon):     139820 kB
Inactive(anon):     2132 kB
Active(file):     178368 kB
Inactive(file):   180980 kB
Unevictable:       19116 kB
Mlocked:           19116 kB
SwapTotal:      67108860 kB
SwapFree:       67108860 kB
Dirty:              5720 kB
Writeback:             0 kB
AnonPages:        150836 kB
Mapped:           129460 kB
Shmem:              2064 kB
KReclaimable:      51692 kB
Slab:             190284 kB
SReclaimable:      51692 kB
SUnreclaim:       138592 kB
KernelStack:       12016 kB
PageTables:         9440 kB
NFS_Unstable:          0 kB
Bounce:                0 kB
WritebackTmp:          0 kB
CommitLimit:    199001636 kB
Committed_AS:     524288 kB
VmallocTotal:   34359738367 kB
VmallocUsed:      271112 kB
VmallocChunk:          0 kB
Percpu:            26496 kB
HardwareCorrupted:     0 kB
AnonHugePages:         0 kB
ShmemHugePages:        0 kB
ShmemPmdMapped:        0 kB
FileHugePages:         0 kB
FilePmdMapped:         0 kB
HugePages_Total:       0
HugePages_Free:        0
HugePages_Rsvd:        0
HugePages_Surp:        0
Hugepagesize:       2048 kB
Hugetlb:               0 kB
DirectMap4k:      232108 kB
DirectMap2M:     4663296 kB
DirectMap1G:    265289728 kB
