MemTotal:       65705120 kB
MemFree:        58520216 kB
MemAvailable:   58180628 kB
Buffers:           23388 kB
Cached:           179448 kB
SwapCached:            0 kB
Active:           117576 kB
Inactive:        6402360 kB
Active(anon):       1488 kB
Inactive(anon):  6324944 kB
Active(file):     116088 kB
Inactive(file):    77416 kB
Unevictable:           0 kB
Mlocked:               0 kB
SwapTotal:      32970748 kB
SwapFree:       32970748 kB
Dirty:                76 kB
Writeback:             0 kB
AnonPages:       6316308 kB
Mapped:            82916 kB
Shmem:              9320 kB
KReclaimable:      47752 kB
Slab:             161884 kB
SReclaimable:      47752 kB
SUnreclaim:       114132 kB
KernelStack:        8320 kB
PageTables:        19456 kB
NFS_Unstable:          0 kB
Bounce:                0 kB
WritebackTmp:          0 kB
CommitLimit:    65823308 kB
Committed_AS:   66756080 kB
VmallocTotal:   34359738367 kB
VmallocUsed:      163956 kB
VmallocChunk:          0 kB
Percpu:            19968 kB
HardwareCorrupted:     0 kB
AnonHugePages:   6182912 kB
ShmemHugePages:        0 kB
ShmemPmdMapped:        0 kB
FileHugePages:         0 kB
FilePmdMapped:         0 kB
HugePages_Total:       0
HugePages_Free:        0
HugePages_Rsvd:        0
HugePages_Surp:        0
Hugepagesize:       2048 kB
Hugetlb:               0 kB
DirectMap4k:      389100 kB
DirectMap2M:    12058624 kB
DirectMap1G:    55574528 kB
