MemTotal:       263785564 kB
MemFree:         1194496 kB
MemAvailable:   199252204 kB
Buffers:          408548 kB
Cached:         196254032 kB
SwapCached:            0 kB
Active:           573640 kB
Inactive:       202106024 kB
Active(anon):       2104 kB
Inactive(anon):  6048964 kB
Active(file):     571536 kB
Inactive(file): 196057060 kB
Unevictable:    55307004 kB
Mlocked:        55307004 kB
SwapTotal:      33554428 kB
SwapFree:       33553148 kB
Dirty:           1991684 kB
Writeback:             0 kB
AnonPages:      61325192 kB
Mapped:          5626044 kB
Shmem:              2312 kB
KReclaimable:    3281428 kB
Slab:            3856996 kB
SReclaimable:    3281428 kB
SUnreclaim:       575568 kB
KernelStack:       12416 kB
PageTables:       133748 kB
NFS_Unstable:          0 kB
Bounce:                0 kB
WritebackTmp:          0 kB
CommitLimit:    165447208 kB
Committed_AS:   64809444 kB
VmallocTotal:   34359738367 kB
VmallocUsed:      263972 kB
VmallocChunk:          0 kB
Percpu:            30912 kB
HardwareCorrupted:     0 kB
AnonHugePages:         0 kB
ShmemHugePages:        0 kB
ShmemPmdMapped:        0 kB
FileHugePages:         0 kB
FilePmdMapped:         0 kB
HugePages_Total:       0
HugePages_Free:        0
HugePages_Rsvd:        0
HugePages_Surp:        0
Hugepagesize:       2048 kB
Hugetlb:               0 kB
DirectMap4k:      264880 kB
DirectMap2M:     4630528 kB
DirectMap1G:    265289728 kB
