MemTotal:       65705112 kB
MemFree:        60744528 kB
MemAvailable:   60394604 kB
Buffers:           10544 kB
Cached:           169688 kB
SwapCached:            0 kB
Active:          4237348 kB
Inactive:          43924 kB
Active(anon):    4095860 kB
Inactive(anon):    14520 kB
Active(file):     141488 kB
Inactive(file):    29404 kB
Unevictable:           0 kB
Mlocked:               0 kB
SwapTotal:      32970748 kB
SwapFree:       32970748 kB
Dirty:                80 kB
Writeback:             0 kB
AnonPages:       4101100 kB
Mapped:           101532 kB
Shmem:              9320 kB
KReclaimable:      49672 kB
Slab:             165348 kB
SReclaimable:      49672 kB
SUnreclaim:       115676 kB
KernelStack:        8400 kB
PageTables:        16368 kB
NFS_Unstable:          0 kB
Bounce:                0 kB
WritebackTmp:          0 kB
CommitLimit:    65823304 kB
Committed_AS:   56147572 kB
VmallocTotal:   34359738367 kB
VmallocUsed:      163972 kB
VmallocChunk:          0 kB
Percpu:            19328 kB
HardwareCorrupted:     0 kB
AnonHugePages:   3928064 kB
ShmemHugePages:        0 kB
ShmemPmdMapped:        0 kB
FileHugePages:         0 kB
FilePmdMapped:         0 kB
HugePages_Total:       0
HugePages_Free:        0
HugePages_Rsvd:        0
HugePages_Surp:        0
Hugepagesize:       2048 kB
Hugetlb:               0 kB
DirectMap4k:      415724 kB
DirectMap2M:     8886272 kB
DirectMap1G:    58720256 kB
