MemTotal:       65705112 kB
MemFree:        64634848 kB
MemAvailable:   64361012 kB
Buffers:           23860 kB
Cached:           280016 kB
SwapCached:            0 kB
Active:           194740 kB
Inactive:         194936 kB
Active(anon):      81724 kB
Inactive(anon):    13500 kB
Active(file):     113016 kB
Inactive(file):   181436 kB
Unevictable:           0 kB
Mlocked:               0 kB
SwapTotal:      32970748 kB
SwapFree:       32970748 kB
Dirty:               556 kB
Writeback:             0 kB
AnonPages:         86036 kB
Mapped:            92976 kB
Shmem:              9304 kB
KReclaimable:      50212 kB
Slab:             151840 kB
SReclaimable:      50212 kB
SUnreclaim:       101628 kB
KernelStack:        8176 kB
PageTables:         7396 kB
NFS_Unstable:          0 kB
Bounce:                0 kB
WritebackTmp:          0 kB
CommitLimit:    65823304 kB
Committed_AS:     313096 kB
VmallocTotal:   34359738367 kB
VmallocUsed:      158704 kB
VmallocChunk:          0 kB
Percpu:            19200 kB
HardwareCorrupted:     0 kB
AnonHugePages:      8192 kB
ShmemHugePages:        0 kB
ShmemPmdMapped:        0 kB
FileHugePages:         0 kB
FilePmdMapped:         0 kB
HugePages_Total:       0
HugePages_Free:        0
HugePages_Rsvd:        0
HugePages_Surp:        0
Hugepagesize:       2048 kB
Hugetlb:               0 kB
DirectMap4k:      477164 kB
DirectMap2M:     8824832 kB
DirectMap1G:    58720256 kB
