MemTotal:       65705120 kB
MemFree:        60744240 kB
MemAvailable:   60407568 kB
Buffers:           23576 kB
Cached:           183224 kB
SwapCached:            0 kB
Active:           121828 kB
Inactive:        4141940 kB
Active(anon):       1452 kB
Inactive(anon):  4064912 kB
Active(file):     120376 kB
Inactive(file):    77028 kB
Unevictable:           0 kB
Mlocked:               0 kB
SwapTotal:      32970748 kB
SwapFree:       32970748 kB
Dirty:               124 kB
Writeback:             0 kB
AnonPages:       4056728 kB
Mapped:            82860 kB
Shmem:              9320 kB
KReclaimable:      49676 kB
Slab:             171796 kB
SReclaimable:      49676 kB
SUnreclaim:       122120 kB
KernelStack:        8320 kB
PageTables:        14748 kB
NFS_Unstable:          0 kB
Bounce:                0 kB
WritebackTmp:          0 kB
CommitLimit:    65823308 kB
Committed_AS:   56122804 kB
VmallocTotal:   34359738367 kB
VmallocUsed:      163940 kB
VmallocChunk:          0 kB
Percpu:            20096 kB
HardwareCorrupted:     0 kB
AnonHugePages:   3921920 kB
ShmemHugePages:        0 kB
ShmemPmdMapped:        0 kB
FileHugePages:         0 kB
FilePmdMapped:         0 kB
HugePages_Total:       0
HugePages_Free:        0
HugePages_Rsvd:        0
HugePages_Surp:        0
Hugepagesize:       2048 kB
Hugetlb:               0 kB
DirectMap4k:      505836 kB
DirectMap2M:     9844736 kB
DirectMap1G:    57671680 kB
