MemTotal:       263785560 kB
MemFree:         1282100 kB
MemAvailable:   256991760 kB
Buffers:           60288 kB
Cached:         256274260 kB
SwapCached:           16 kB
Active:           156696 kB
Inactive:       256218240 kB
Active(anon):       1760 kB
Inactive(anon):  3437400 kB
Active(file):     154936 kB
Inactive(file): 252780840 kB
Unevictable:       19116 kB
Mlocked:           19116 kB
SwapTotal:      67108860 kB
SwapFree:       67108604 kB
Dirty:            364932 kB
Writeback:             0 kB
AnonPages:         60172 kB
Mapped:          3456876 kB
Shmem:           3389404 kB
KReclaimable:    4622104 kB
Slab:            5186100 kB
SReclaimable:    4622104 kB
SUnreclaim:       563996 kB
KernelStack:        9136 kB
PageTables:        10592 kB
NFS_Unstable:          0 kB
Bounce:                0 kB
WritebackTmp:          0 kB
CommitLimit:    199001640 kB
Committed_AS:   162317264 kB
VmallocTotal:   34359738367 kB
VmallocUsed:      268304 kB
VmallocChunk:          0 kB
Percpu:            27456 kB
HardwareCorrupted:     0 kB
AnonHugePages:         0 kB
ShmemHugePages:        0 kB
ShmemPmdMapped:        0 kB
FileHugePages:         0 kB
FilePmdMapped:         0 kB
HugePages_Total:       0
HugePages_Free:        0
HugePages_Rsvd:        0
HugePages_Surp:        0
Hugepagesize:       2048 kB
Hugetlb:               0 kB
DirectMap4k:      246444 kB
DirectMap2M:     4648960 kB
DirectMap1G:    265289728 kB
