MemTotal:       65705120 kB
MemFree:        64633520 kB
MemAvailable:   64362300 kB
Buffers:           27824 kB
Cached:           279932 kB
SwapCached:            0 kB
Active:            90356 kB
Inactive:         303636 kB
Active(anon):       1372 kB
Inactive(anon):    95188 kB
Active(file):      88984 kB
Inactive(file):   208448 kB
Unevictable:           0 kB
Mlocked:               0 kB
SwapTotal:      32970748 kB
SwapFree:       32970748 kB
Dirty:               240 kB
Writeback:             8 kB
AnonPages:         87392 kB
Mapped:            91624 kB
Shmem:              9300 kB
KReclaimable:      49484 kB
Slab:             150120 kB
SReclaimable:      49484 kB
SUnreclaim:       100636 kB
KernelStack:        7968 kB
PageTables:         7572 kB
NFS_Unstable:          0 kB
Bounce:                0 kB
WritebackTmp:          0 kB
CommitLimit:    65823308 kB
Committed_AS:     313452 kB
VmallocTotal:   34359738367 kB
VmallocUsed:      158656 kB
VmallocChunk:          0 kB
Percpu:            19328 kB
HardwareCorrupted:     0 kB
AnonHugePages:      8192 kB
ShmemHugePages:        0 kB
ShmemPmdMapped:        0 kB
FileHugePages:         0 kB
FilePmdMapped:         0 kB
HugePages_Total:       0
HugePages_Free:        0
HugePages_Rsvd:        0
HugePages_Surp:        0
Hugepagesize:       2048 kB
Hugetlb:               0 kB
DirectMap4k:      477164 kB
DirectMap2M:     9873408 kB
DirectMap1G:    57671680 kB
