MemTotal:       65705120 kB
MemFree:        60681320 kB
MemAvailable:   60342912 kB
Buffers:           22324 kB
Cached:           180360 kB
SwapCached:            0 kB
Active:           117028 kB
Inactive:        4206040 kB
Active(anon):       1496 kB
Inactive(anon):  4128228 kB
Active(file):     115532 kB
Inactive(file):    77812 kB
Unevictable:           0 kB
Mlocked:               0 kB
SwapTotal:      32970748 kB
SwapFree:       32970748 kB
Dirty:               164 kB
Writeback:             0 kB
AnonPages:       4119896 kB
Mapped:            82932 kB
Shmem:              9320 kB
KReclaimable:      50268 kB
Slab:             172208 kB
SReclaimable:      50268 kB
SUnreclaim:       121940 kB
KernelStack:        8416 kB
PageTables:        16776 kB
NFS_Unstable:          0 kB
Bounce:                0 kB
WritebackTmp:          0 kB
CommitLimit:    65823308 kB
Committed_AS:   56122772 kB
VmallocTotal:   34359738367 kB
VmallocUsed:      164036 kB
VmallocChunk:          0 kB
Percpu:            19968 kB
HardwareCorrupted:     0 kB
AnonHugePages:   3944448 kB
ShmemHugePages:        0 kB
ShmemPmdMapped:        0 kB
FileHugePages:         0 kB
FilePmdMapped:         0 kB
HugePages_Total:       0
HugePages_Free:        0
HugePages_Rsvd:        0
HugePages_Surp:        0
Hugepagesize:       2048 kB
Hugetlb:               0 kB
DirectMap4k:      341996 kB
DirectMap2M:    10008576 kB
DirectMap1G:    57671680 kB
