MemTotal:       65705112 kB
MemFree:        60777632 kB
MemAvailable:   60426200 kB
Buffers:            6772 kB
Cached:           171292 kB
SwapCached:            0 kB
Active:          4205412 kB
Inactive:          45616 kB
Active(anon):    4064164 kB
Inactive(anon):    18628 kB
Active(file):     141248 kB
Inactive(file):    26988 kB
Unevictable:           0 kB
Mlocked:               0 kB
SwapTotal:      32970748 kB
SwapFree:       32970748 kB
Dirty:               156 kB
Writeback:             0 kB
AnonPages:       4070824 kB
Mapped:           102212 kB
Shmem:              9320 kB
KReclaimable:      49308 kB
Slab:             169840 kB
SReclaimable:      49308 kB
SUnreclaim:       120532 kB
KernelStack:        8400 kB
PageTables:        15180 kB
NFS_Unstable:          0 kB
Bounce:                0 kB
WritebackTmp:          0 kB
CommitLimit:    65823304 kB
Committed_AS:   56147592 kB
VmallocTotal:   34359738367 kB
VmallocUsed:      163940 kB
VmallocChunk:          0 kB
Percpu:            19712 kB
HardwareCorrupted:     0 kB
AnonHugePages:   3938304 kB
ShmemHugePages:        0 kB
ShmemPmdMapped:        0 kB
FileHugePages:         0 kB
FilePmdMapped:         0 kB
HugePages_Total:       0
HugePages_Free:        0
HugePages_Rsvd:        0
HugePages_Surp:        0
Hugepagesize:       2048 kB
Hugetlb:               0 kB
DirectMap4k:      399340 kB
DirectMap2M:     8902656 kB
DirectMap1G:    58720256 kB
