MemTotal:       263785552 kB
MemFree:        262400068 kB
MemAvailable:   261355420 kB
Buffers:           17732 kB
Cached:           137160 kB
SwapCached:            0 kB
Active:           240924 kB
Inactive:          46244 kB
Active(anon):     141584 kB
Inactive(anon):     2136 kB
Active(file):      99340 kB
Inactive(file):    44108 kB
Unevictable:       19116 kB
Mlocked:           19116 kB
SwapTotal:      67108860 kB
SwapFree:       67108860 kB
Dirty:              3496 kB
Writeback:             0 kB
AnonPages:        151812 kB
Mapped:            65736 kB
Shmem:              2060 kB
KReclaimable:      48444 kB
Slab:             186176 kB
SReclaimable:      48444 kB
SUnreclaim:       137732 kB
KernelStack:       12160 kB
PageTables:         9116 kB
NFS_Unstable:          0 kB
Bounce:                0 kB
WritebackTmp:          0 kB
CommitLimit:    199001636 kB
Committed_AS:     567724 kB
VmallocTotal:   34359738367 kB
VmallocUsed:      270988 kB
VmallocChunk:          0 kB
Percpu:            26496 kB
HardwareCorrupted:     0 kB
AnonHugePages:         0 kB
ShmemHugePages:        0 kB
ShmemPmdMapped:        0 kB
FileHugePages:         0 kB
FilePmdMapped:         0 kB
HugePages_Total:       0
HugePages_Free:        0
HugePages_Rsvd:        0
HugePages_Surp:        0
Hugepagesize:       2048 kB
Hugetlb:               0 kB
DirectMap4k:      264876 kB
DirectMap2M:     4630528 kB
DirectMap1G:    265289728 kB
