MemTotal:       65705120 kB
MemFree:        60521804 kB
MemAvailable:   60182960 kB
Buffers:           21928 kB
Cached:           180984 kB
SwapCached:            0 kB
Active:           117680 kB
Inactive:        4384208 kB
Active(anon):       1564 kB
Inactive(anon):  4307248 kB
Active(file):     116116 kB
Inactive(file):    76960 kB
Unevictable:           0 kB
Mlocked:               0 kB
SwapTotal:      32970748 kB
SwapFree:       32970748 kB
Dirty:               296 kB
Writeback:             0 kB
AnonPages:       4299148 kB
Mapped:            83068 kB
Shmem:              9320 kB
KReclaimable:      49660 kB
Slab:             165432 kB
SReclaimable:      49660 kB
SUnreclaim:       115772 kB
KernelStack:        8304 kB
PageTables:        15504 kB
NFS_Unstable:          0 kB
Bounce:                0 kB
WritebackTmp:          0 kB
CommitLimit:    65823308 kB
Committed_AS:   66722760 kB
VmallocTotal:   34359738367 kB
VmallocUsed:      163940 kB
VmallocChunk:          0 kB
Percpu:            20096 kB
HardwareCorrupted:     0 kB
AnonHugePages:   4165632 kB
ShmemHugePages:        0 kB
ShmemPmdMapped:        0 kB
FileHugePages:         0 kB
FilePmdMapped:         0 kB
HugePages_Total:       0
HugePages_Free:        0
HugePages_Rsvd:        0
HugePages_Surp:        0
Hugepagesize:       2048 kB
Hugetlb:               0 kB
DirectMap4k:      409580 kB
DirectMap2M:     8892416 kB
DirectMap1G:    58720256 kB
