MemTotal:       65705112 kB
MemFree:        60581964 kB
MemAvailable:   60230060 kB
Buffers:            7304 kB
Cached:           170640 kB
SwapCached:            0 kB
Active:          4398276 kB
Inactive:          47904 kB
Active(anon):    4257388 kB
Inactive(anon):    20668 kB
Active(file):     140888 kB
Inactive(file):    27236 kB
Unevictable:           0 kB
Mlocked:               0 kB
SwapTotal:      32970748 kB
SwapFree:       32970748 kB
Dirty:               208 kB
Writeback:             0 kB
AnonPages:       4267664 kB
Mapped:           101340 kB
Shmem:              9320 kB
KReclaimable:      48480 kB
Slab:             169924 kB
SReclaimable:      48480 kB
SUnreclaim:       121444 kB
KernelStack:        8272 kB
PageTables:        16976 kB
NFS_Unstable:          0 kB
Bounce:                0 kB
WritebackTmp:          0 kB
CommitLimit:    65823304 kB
Committed_AS:   66739596 kB
VmallocTotal:   34359738367 kB
VmallocUsed:      164020 kB
VmallocChunk:          0 kB
Percpu:            19456 kB
HardwareCorrupted:     0 kB
AnonHugePages:   4098048 kB
ShmemHugePages:        0 kB
ShmemPmdMapped:        0 kB
FileHugePages:         0 kB
FilePmdMapped:         0 kB
HugePages_Total:       0
HugePages_Free:        0
HugePages_Rsvd:        0
HugePages_Surp:        0
Hugepagesize:       2048 kB
Hugetlb:               0 kB
DirectMap4k:      362476 kB
DirectMap2M:    13133824 kB
DirectMap1G:    54525952 kB
