MemTotal:       263785560 kB
MemFree:         1210932 kB
MemAvailable:   257041904 kB
Buffers:           60384 kB
Cached:         256392760 kB
SwapCached:            0 kB
Active:           158888 kB
Inactive:       256334264 kB
Active(anon):       1692 kB
Inactive(anon):  3437128 kB
Active(file):     157196 kB
Inactive(file): 252897136 kB
Unevictable:       19116 kB
Mlocked:           19116 kB
SwapTotal:      67108860 kB
SwapFree:       67108860 kB
Dirty:            350900 kB
Writeback:             0 kB
AnonPages:         59888 kB
Mapped:          3452600 kB
Shmem:           3389420 kB
KReclaimable:    4624860 kB
Slab:            5191500 kB
SReclaimable:    4624860 kB
SUnreclaim:       566640 kB
KernelStack:        9104 kB
PageTables:        10540 kB
NFS_Unstable:          0 kB
Bounce:                0 kB
WritebackTmp:          0 kB
CommitLimit:    199001640 kB
Committed_AS:   162312756 kB
VmallocTotal:   34359738367 kB
VmallocUsed:      268304 kB
VmallocChunk:          0 kB
Percpu:            27264 kB
HardwareCorrupted:     0 kB
AnonHugePages:         0 kB
ShmemHugePages:        0 kB
ShmemPmdMapped:        0 kB
FileHugePages:         0 kB
FilePmdMapped:         0 kB
HugePages_Total:       0
HugePages_Free:        0
HugePages_Rsvd:        0
HugePages_Surp:        0
Hugepagesize:       2048 kB
Hugetlb:               0 kB
DirectMap4k:      262828 kB
DirectMap2M:     4632576 kB
DirectMap1G:    265289728 kB
