MemTotal:       65705120 kB
MemFree:        60699504 kB
MemAvailable:   60363768 kB
Buffers:           23912 kB
Cached:           184548 kB
SwapCached:            0 kB
Active:           123432 kB
Inactive:        4198656 kB
Active(anon):       1560 kB
Inactive(anon):  4121416 kB
Active(file):     121872 kB
Inactive(file):    77240 kB
Unevictable:           0 kB
Mlocked:               0 kB
SwapTotal:      32970748 kB
SwapFree:       32970748 kB
Dirty:                80 kB
Writeback:             0 kB
AnonPages:       4113180 kB
Mapped:            82532 kB
Shmem:              9320 kB
KReclaimable:      49848 kB
Slab:             171444 kB
SReclaimable:      49848 kB
SUnreclaim:       121596 kB
KernelStack:        8352 kB
PageTables:        16680 kB
NFS_Unstable:          0 kB
Bounce:                0 kB
WritebackTmp:          0 kB
CommitLimit:    65823308 kB
Committed_AS:   56123128 kB
VmallocTotal:   34359738367 kB
VmallocUsed:      163956 kB
VmallocChunk:          0 kB
Percpu:            20096 kB
HardwareCorrupted:     0 kB
AnonHugePages:   3944448 kB
ShmemHugePages:        0 kB
ShmemPmdMapped:        0 kB
FileHugePages:         0 kB
FilePmdMapped:         0 kB
HugePages_Total:       0
HugePages_Free:        0
HugePages_Rsvd:        0
HugePages_Surp:        0
Hugepagesize:       2048 kB
Hugetlb:               0 kB
DirectMap4k:      425964 kB
DirectMap2M:     7827456 kB
DirectMap1G:    59768832 kB
