MemTotal:       65705112 kB
MemFree:        64630984 kB
MemAvailable:   64360204 kB
Buffers:           27600 kB
Cached:           280500 kB
SwapCached:            0 kB
Active:           196244 kB
Inactive:         198548 kB
Active(anon):      83832 kB
Inactive(anon):    13492 kB
Active(file):     112412 kB
Inactive(file):   185056 kB
Unevictable:         260 kB
Mlocked:               0 kB
SwapTotal:      32970748 kB
SwapFree:       32970748 kB
Dirty:               408 kB
Writeback:             0 kB
AnonPages:         87580 kB
Mapped:            92300 kB
Shmem:              9300 kB
KReclaimable:      50296 kB
Slab:             151712 kB
SReclaimable:      50296 kB
SUnreclaim:       101416 kB
KernelStack:        7952 kB
PageTables:         7360 kB
NFS_Unstable:          0 kB
Bounce:                0 kB
WritebackTmp:          0 kB
CommitLimit:    65823304 kB
Committed_AS:     313200 kB
VmallocTotal:   34359738367 kB
VmallocUsed:      158640 kB
VmallocChunk:          0 kB
Percpu:            19456 kB
HardwareCorrupted:     0 kB
AnonHugePages:     10240 kB
ShmemHugePages:        0 kB
ShmemPmdMapped:        0 kB
FileHugePages:         0 kB
FilePmdMapped:         0 kB
HugePages_Total:       0
HugePages_Free:        0
HugePages_Rsvd:        0
HugePages_Surp:        0
Hugepagesize:       2048 kB
Hugetlb:               0 kB
DirectMap4k:      487404 kB
DirectMap2M:    11960320 kB
DirectMap1G:    55574528 kB
