MemTotal:       65705104 kB
MemFree:        60532644 kB
MemAvailable:   60182200 kB
Buffers:            9436 kB
Cached:           169796 kB
SwapCached:            0 kB
Active:          4446688 kB
Inactive:          47064 kB
Active(anon):    4305240 kB
Inactive(anon):    18632 kB
Active(file):     141448 kB
Inactive(file):    28432 kB
Unevictable:           0 kB
Mlocked:               0 kB
SwapTotal:      32970748 kB
SwapFree:       32970748 kB
Dirty:               352 kB
Writeback:             0 kB
AnonPages:       4313788 kB
Mapped:           101760 kB
Shmem:              9320 kB
KReclaimable:      50016 kB
Slab:             169528 kB
SReclaimable:      50016 kB
SUnreclaim:       119512 kB
KernelStack:        8432 kB
PageTables:        15760 kB
NFS_Unstable:          0 kB
Bounce:                0 kB
WritebackTmp:          0 kB
CommitLimit:    65823300 kB
Committed_AS:   66748160 kB
VmallocTotal:   34359738367 kB
VmallocUsed:      164132 kB
VmallocChunk:          0 kB
Percpu:            19328 kB
HardwareCorrupted:     0 kB
AnonHugePages:   4179968 kB
ShmemHugePages:        0 kB
ShmemPmdMapped:        0 kB
FileHugePages:         0 kB
FilePmdMapped:         0 kB
HugePages_Total:       0
HugePages_Free:        0
HugePages_Rsvd:        0
HugePages_Surp:        0
Hugepagesize:       2048 kB
Hugetlb:               0 kB
DirectMap4k:      425964 kB
DirectMap2M:    10973184 kB
DirectMap1G:    56623104 kB
