MemTotal:       65705120 kB
MemFree:        64629060 kB
MemAvailable:   64359264 kB
Buffers:           27212 kB
Cached:           281540 kB
SwapCached:            0 kB
Active:            94760 kB
Inactive:         303344 kB
Active(anon):       1388 kB
Inactive(anon):    98004 kB
Active(file):      93372 kB
Inactive(file):   205340 kB
Unevictable:         188 kB
Mlocked:               0 kB
SwapTotal:      32970748 kB
SwapFree:       32970748 kB
Dirty:             27372 kB
Writeback:             0 kB
AnonPages:         90272 kB
Mapped:            96672 kB
Shmem:              9308 kB
KReclaimable:      49772 kB
Slab:             150752 kB
SReclaimable:      49772 kB
SUnreclaim:       100980 kB
KernelStack:        8076 kB
PageTables:         7924 kB
NFS_Unstable:          0 kB
Bounce:                0 kB
WritebackTmp:          0 kB
CommitLimit:    65823308 kB
Committed_AS:     539784 kB
VmallocTotal:   34359738367 kB
VmallocUsed:      158720 kB
VmallocChunk:          0 kB
Percpu:            19200 kB
HardwareCorrupted:     0 kB
AnonHugePages:      8192 kB
ShmemHugePages:        0 kB
ShmemPmdMapped:        0 kB
FileHugePages:         0 kB
FilePmdMapped:         0 kB
HugePages_Total:       0
HugePages_Free:        0
HugePages_Rsvd:        0
HugePages_Surp:        0
Hugepagesize:       2048 kB
Hugetlb:               0 kB
DirectMap4k:      514028 kB
DirectMap2M:     8787968 kB
DirectMap1G:    58720256 kB
