MemTotal:       65705120 kB
MemFree:        60504412 kB
MemAvailable:   60167892 kB
Buffers:           23716 kB
Cached:           183044 kB
SwapCached:            0 kB
Active:           122036 kB
Inactive:        4398020 kB
Active(anon):       1464 kB
Inactive(anon):  4321160 kB
Active(file):     120572 kB
Inactive(file):    76860 kB
Unevictable:           0 kB
Mlocked:               0 kB
SwapTotal:      32970748 kB
SwapFree:       32970748 kB
Dirty:               156 kB
Writeback:             0 kB
AnonPages:       4312584 kB
Mapped:            82704 kB
Shmem:              9320 kB
KReclaimable:      49956 kB
Slab:             166948 kB
SReclaimable:      49956 kB
SUnreclaim:       116992 kB
KernelStack:        8368 kB
PageTables:        15336 kB
NFS_Unstable:          0 kB
Bounce:                0 kB
WritebackTmp:          0 kB
CommitLimit:    65823308 kB
Committed_AS:   66731320 kB
VmallocTotal:   34359738367 kB
VmallocUsed:      163972 kB
VmallocChunk:          0 kB
Percpu:            20096 kB
HardwareCorrupted:     0 kB
AnonHugePages:   4186112 kB
ShmemHugePages:        0 kB
ShmemPmdMapped:        0 kB
FileHugePages:         0 kB
FilePmdMapped:         0 kB
HugePages_Total:       0
HugePages_Free:        0
HugePages_Rsvd:        0
HugePages_Surp:        0
Hugepagesize:       2048 kB
Hugetlb:               0 kB
DirectMap4k:      368620 kB
DirectMap2M:    11030528 kB
DirectMap1G:    56623104 kB
