MemTotal:       65705120 kB
MemFree:        64632536 kB
MemAvailable:   64368820 kB
Buffers:           27436 kB
Cached:           286932 kB
SwapCached:            0 kB
Active:            90760 kB
Inactive:         311476 kB
Active(anon):       1516 kB
Inactive(anon):    96220 kB
Active(file):      89244 kB
Inactive(file):   215256 kB
Unevictable:           0 kB
Mlocked:               0 kB
SwapTotal:      32970748 kB
SwapFree:       32970748 kB
Dirty:               424 kB
Writeback:             0 kB
AnonPages:         87820 kB
Mapped:            97624 kB
Shmem:              9304 kB
KReclaimable:      50360 kB
Slab:             149816 kB
SReclaimable:      50360 kB
SUnreclaim:        99456 kB
KernelStack:        8096 kB
PageTables:         7368 kB
NFS_Unstable:          0 kB
Bounce:                0 kB
WritebackTmp:          0 kB
CommitLimit:    65823308 kB
Committed_AS:     539956 kB
VmallocTotal:   34359738367 kB
VmallocUsed:      158800 kB
VmallocChunk:          0 kB
Percpu:            19200 kB
HardwareCorrupted:     0 kB
AnonHugePages:      6144 kB
ShmemHugePages:        0 kB
ShmemPmdMapped:        0 kB
FileHugePages:         0 kB
FilePmdMapped:         0 kB
HugePages_Total:       0
HugePages_Free:        0
HugePages_Rsvd:        0
HugePages_Surp:        0
Hugepagesize:       2048 kB
Hugetlb:               0 kB
DirectMap4k:      452588 kB
DirectMap2M:    11995136 kB
DirectMap1G:    55574528 kB
