MemTotal:       263785556 kB
MemFree:         1123380 kB
MemAvailable:   199311600 kB
Buffers:          252780 kB
Cached:         196560388 kB
SwapCached:          516 kB
Active:         15154092 kB
Inactive:       187629900 kB
Active(anon):    6002336 kB
Inactive(anon):      124 kB
Active(file):    9151756 kB
Inactive(file): 187629776 kB
Unevictable:    55309912 kB
Mlocked:        55309912 kB
SwapTotal:      33554428 kB
SwapFree:       33551868 kB
Dirty:            812512 kB
Writeback:             0 kB
AnonPages:      61280296 kB
Mapped:          5595316 kB
Shmem:               140 kB
KReclaimable:    3275388 kB
Slab:            3808968 kB
SReclaimable:    3275388 kB
SUnreclaim:       533580 kB
KernelStack:       12416 kB
PageTables:       133252 kB
NFS_Unstable:          0 kB
Bounce:                0 kB
WritebackTmp:          0 kB
CommitLimit:    165447204 kB
Committed_AS:   64722652 kB
VmallocTotal:   34359738367 kB
VmallocUsed:      264012 kB
VmallocChunk:          0 kB
Percpu:            30528 kB
HardwareCorrupted:     0 kB
AnonHugePages:         0 kB
ShmemHugePages:        0 kB
ShmemPmdMapped:        0 kB
FileHugePages:         0 kB
FilePmdMapped:         0 kB
HugePages_Total:       0
HugePages_Free:        0
HugePages_Rsvd:        0
HugePages_Surp:        0
Hugepagesize:       2048 kB
Hugetlb:               0 kB
DirectMap4k:      295600 kB
DirectMap2M:     4599808 kB
DirectMap1G:    265289728 kB
