MemTotal:       65705112 kB
MemFree:        64639824 kB
MemAvailable:   64353868 kB
Buffers:           27000 kB
Cached:           273704 kB
SwapCached:            0 kB
Active:           190632 kB
Inactive:         192052 kB
Active(anon):      84048 kB
Inactive(anon):    12744 kB
Active(file):     106584 kB
Inactive(file):   179308 kB
Unevictable:         308 kB
Mlocked:               0 kB
SwapTotal:      32970748 kB
SwapFree:       32970748 kB
Dirty:               168 kB
Writeback:           484 kB
AnonPages:         88272 kB
Mapped:            94640 kB
Shmem:              8644 kB
KReclaimable:      43096 kB
Slab:             142108 kB
SReclaimable:      43096 kB
SUnreclaim:        99012 kB
KernelStack:        8468 kB
PageTables:         9136 kB
NFS_Unstable:          0 kB
Bounce:                0 kB
WritebackTmp:          0 kB
CommitLimit:    65823304 kB
Committed_AS:     313168 kB
VmallocTotal:   34359738367 kB
VmallocUsed:      158768 kB
VmallocChunk:          0 kB
Percpu:            19456 kB
HardwareCorrupted:     0 kB
AnonHugePages:     10240 kB
ShmemHugePages:        0 kB
ShmemPmdMapped:        0 kB
FileHugePages:         0 kB
FilePmdMapped:         0 kB
HugePages_Total:       0
HugePages_Free:        0
HugePages_Rsvd:        0
HugePages_Surp:        0
Hugepagesize:       2048 kB
Hugetlb:               0 kB
DirectMap4k:      505836 kB
DirectMap2M:     8796160 kB
DirectMap1G:    58720256 kB
