MemTotal:       65705112 kB
MemFree:        64635444 kB
MemAvailable:   64364560 kB
Buffers:           27184 kB
Cached:           279600 kB
SwapCached:            0 kB
Active:           194364 kB
Inactive:         197748 kB
Active(anon):      81252 kB
Inactive(anon):    13504 kB
Active(file):     113112 kB
Inactive(file):   184244 kB
Unevictable:           0 kB
Mlocked:               0 kB
SwapTotal:      32970748 kB
SwapFree:       32970748 kB
Dirty:               384 kB
Writeback:             0 kB
AnonPages:         85576 kB
Mapped:            92936 kB
Shmem:              9304 kB
KReclaimable:      50312 kB
Slab:             151600 kB
SReclaimable:      50312 kB
SUnreclaim:       101288 kB
KernelStack:        8128 kB
PageTables:         7692 kB
NFS_Unstable:          0 kB
Bounce:                0 kB
WritebackTmp:          0 kB
CommitLimit:    65823304 kB
Committed_AS:     313232 kB
VmallocTotal:   34359738367 kB
VmallocUsed:      158736 kB
VmallocChunk:          0 kB
Percpu:            19456 kB
HardwareCorrupted:     0 kB
AnonHugePages:      8192 kB
ShmemHugePages:        0 kB
ShmemPmdMapped:        0 kB
FileHugePages:         0 kB
FilePmdMapped:         0 kB
HugePages_Total:       0
HugePages_Free:        0
HugePages_Rsvd:        0
HugePages_Surp:        0
Hugepagesize:       2048 kB
Hugetlb:               0 kB
DirectMap4k:      448492 kB
DirectMap2M:    10950656 kB
DirectMap1G:    56623104 kB
