MemTotal:       263785560 kB
MemFree:         1315408 kB
MemAvailable:   256998172 kB
Buffers:           60356 kB
Cached:         256247396 kB
SwapCached:            0 kB
Active:           159208 kB
Inactive:       256188784 kB
Active(anon):       1664 kB
Inactive(anon):  3437284 kB
Active(file):     157544 kB
Inactive(file): 252751500 kB
Unevictable:       19116 kB
Mlocked:           19116 kB
SwapTotal:      67108860 kB
SwapFree:       67108860 kB
Dirty:            351796 kB
Writeback:             0 kB
AnonPages:         60068 kB
Mapped:          3456088 kB
Shmem:           3389420 kB
KReclaimable:    4622104 kB
Slab:            5188256 kB
SReclaimable:    4622104 kB
SUnreclaim:       566152 kB
KernelStack:        9088 kB
PageTables:        10640 kB
NFS_Unstable:          0 kB
Bounce:                0 kB
WritebackTmp:          0 kB
CommitLimit:    199001640 kB
Committed_AS:   162312988 kB
VmallocTotal:   34359738367 kB
VmallocUsed:      268320 kB
VmallocChunk:          0 kB
Percpu:            27648 kB
HardwareCorrupted:     0 kB
AnonHugePages:         0 kB
ShmemHugePages:        0 kB
ShmemPmdMapped:        0 kB
FileHugePages:         0 kB
FilePmdMapped:         0 kB
HugePages_Total:       0
HugePages_Free:        0
HugePages_Rsvd:        0
HugePages_Surp:        0
Hugepagesize:       2048 kB
Hugetlb:               0 kB
DirectMap4k:      254636 kB
DirectMap2M:     6737920 kB
DirectMap1G:    263192576 kB
