MemTotal:       263785560 kB
MemFree:        262232972 kB
MemAvailable:   261264868 kB
Buffers:           65904 kB
Cached:           238980 kB
SwapCached:            0 kB
Active:           115996 kB
Inactive:         308372 kB
Active(anon):        568 kB
Inactive(anon):   129776 kB
Active(file):     115428 kB
Inactive(file):   178596 kB
Unevictable:       19116 kB
Mlocked:           19116 kB
SwapTotal:      67108860 kB
SwapFree:       67108860 kB
Dirty:              4464 kB
Writeback:             0 kB
AnonPages:        139296 kB
Mapped:            74248 kB
Shmem:              2064 kB
KReclaimable:      51268 kB
Slab:             188692 kB
SReclaimable:      51268 kB
SUnreclaim:       137424 kB
KernelStack:       11904 kB
PageTables:         7748 kB
NFS_Unstable:          0 kB
Bounce:                0 kB
WritebackTmp:          0 kB
CommitLimit:    199001640 kB
Committed_AS:     516632 kB
VmallocTotal:   34359738367 kB
VmallocUsed:      271000 kB
VmallocChunk:          0 kB
Percpu:            26880 kB
HardwareCorrupted:     0 kB
AnonHugePages:         0 kB
ShmemHugePages:        0 kB
ShmemPmdMapped:        0 kB
FileHugePages:         0 kB
FilePmdMapped:         0 kB
HugePages_Total:       0
HugePages_Free:        0
HugePages_Rsvd:        0
HugePages_Surp:        0
Hugepagesize:       2048 kB
Hugetlb:               0 kB
DirectMap4k:      287404 kB
DirectMap2M:     4608000 kB
DirectMap1G:    265289728 kB
