MemTotal:       263785556 kB
MemFree:         1033516 kB
MemAvailable:          0 kB
Buffers:            5316 kB
Cached:            56488 kB
SwapCached:            0 kB
Active:         96259856 kB
Inactive:       164512176 kB
Active(anon):   96220368 kB
Inactive(anon): 164499176 kB
Active(file):      39488 kB
Inactive(file):    13000 kB
Unevictable:       19116 kB
Mlocked:           19116 kB
SwapTotal:      41943024 kB
SwapFree:       33941488 kB
Dirty:                28 kB
Writeback:             0 kB
AnonPages:      260731160 kB
Mapped:            35740 kB
Shmem:                 8 kB
KReclaimable:      64228 kB
Slab:             241788 kB
SReclaimable:      64228 kB
SUnreclaim:       177560 kB
KernelStack:       12336 kB
PageTables:       531700 kB
NFS_Unstable:          0 kB
Bounce:                0 kB
WritebackTmp:          0 kB
CommitLimit:    173835800 kB
Committed_AS:    1386576 kB
VmallocTotal:   34359738367 kB
VmallocUsed:      519156 kB
VmallocChunk:          0 kB
Percpu:            33408 kB
HardwareCorrupted:     0 kB
AnonHugePages:         0 kB
ShmemHugePages:        0 kB
ShmemPmdMapped:        0 kB
FileHugePages:         0 kB
FilePmdMapped:         0 kB
HugePages_Total:       0
HugePages_Free:        0
HugePages_Rsvd:        0
HugePages_Surp:        0
Hugepagesize:       2048 kB
Hugetlb:               0 kB
DirectMap4k:      301744 kB
DirectMap2M:     5642240 kB
DirectMap1G:    264241152 kB
