MemTotal:       263785560 kB
MemFree:         1092504 kB
MemAvailable:   257025276 kB
Buffers:           60776 kB
Cached:         256493512 kB
SwapCached:            0 kB
Active:           154336 kB
Inactive:       256440184 kB
Active(anon):       1676 kB
Inactive(anon):  3436764 kB
Active(file):     152660 kB
Inactive(file): 253003420 kB
Unevictable:       19116 kB
Mlocked:           19116 kB
SwapTotal:      67108860 kB
SwapFree:       67108860 kB
Dirty:            360832 kB
Writeback:             0 kB
AnonPages:         59448 kB
Mapped:          3439492 kB
Shmem:           3389420 kB
KReclaimable:    4624912 kB
Slab:            5190728 kB
SReclaimable:    4624912 kB
SUnreclaim:       565816 kB
KernelStack:        9104 kB
PageTables:        10508 kB
NFS_Unstable:          0 kB
Bounce:                0 kB
WritebackTmp:          0 kB
CommitLimit:    199001640 kB
Committed_AS:   162316792 kB
VmallocTotal:   34359738367 kB
VmallocUsed:      268272 kB
VmallocChunk:          0 kB
Percpu:            27648 kB
HardwareCorrupted:     0 kB
AnonHugePages:         0 kB
ShmemHugePages:        0 kB
ShmemPmdMapped:        0 kB
FileHugePages:         0 kB
FilePmdMapped:         0 kB
HugePages_Total:       0
HugePages_Free:        0
HugePages_Rsvd:        0
HugePages_Surp:        0
Hugepagesize:       2048 kB
Hugetlb:               0 kB
DirectMap4k:      254636 kB
DirectMap2M:     4640768 kB
DirectMap1G:    265289728 kB
