MemTotal:       65705112 kB
MemFree:        60809064 kB
MemAvailable:   60458700 kB
Buffers:           10472 kB
Cached:           168616 kB
SwapCached:            0 kB
Active:          4180140 kB
Inactive:          46496 kB
Active(anon):    4038272 kB
Inactive(anon):    18620 kB
Active(file):     141868 kB
Inactive(file):    27876 kB
Unevictable:           0 kB
Mlocked:               0 kB
SwapTotal:      32970748 kB
SwapFree:       32970748 kB
Dirty:               160 kB
Writeback:             0 kB
AnonPages:       4046380 kB
Mapped:           102088 kB
Shmem:              9320 kB
KReclaimable:      49944 kB
Slab:             165420 kB
SReclaimable:      49944 kB
SUnreclaim:       115476 kB
KernelStack:        8352 kB
PageTables:        15024 kB
NFS_Unstable:          0 kB
Bounce:                0 kB
WritebackTmp:          0 kB
CommitLimit:    65823304 kB
Committed_AS:   56131048 kB
VmallocTotal:   34359738367 kB
VmallocUsed:      164004 kB
VmallocChunk:          0 kB
Percpu:            19712 kB
HardwareCorrupted:     0 kB
AnonHugePages:   3913728 kB
ShmemHugePages:        0 kB
ShmemPmdMapped:        0 kB
FileHugePages:         0 kB
FilePmdMapped:         0 kB
HugePages_Total:       0
HugePages_Free:        0
HugePages_Rsvd:        0
HugePages_Surp:        0
Hugepagesize:       2048 kB
Hugetlb:               0 kB
DirectMap4k:      327660 kB
DirectMap2M:     8974336 kB
DirectMap1G:    58720256 kB
