MemTotal:       263785556 kB
MemFree:         1161740 kB
MemAvailable:   199169468 kB
Buffers:          256636 kB
Cached:         196370888 kB
SwapCached:            0 kB
Active:         15405116 kB
Inactive:       187325392 kB
Active(anon):    6136656 kB
Inactive(anon):     2424 kB
Active(file):    9268460 kB
Inactive(file): 187322968 kB
Unevictable:    55311440 kB
Mlocked:        55311440 kB
SwapTotal:             0 kB
SwapFree:              0 kB
Dirty:            862352 kB
Writeback:             0 kB
AnonPages:      61414500 kB
Mapped:          5770960 kB
Shmem:              2296 kB
KReclaimable:    3272876 kB
Slab:            3800212 kB
SReclaimable:    3272876 kB
SUnreclaim:       527336 kB
KernelStack:       12288 kB
PageTables:       134388 kB
NFS_Unstable:          0 kB
Bounce:                0 kB
WritebackTmp:          0 kB
CommitLimit:    131892776 kB
Committed_AS:   65033444 kB
VmallocTotal:   34359738367 kB
VmallocUsed:      255684 kB
VmallocChunk:          0 kB
Percpu:            30528 kB
HardwareCorrupted:     0 kB
AnonHugePages:         0 kB
ShmemHugePages:        0 kB
ShmemPmdMapped:        0 kB
FileHugePages:         0 kB
FilePmdMapped:         0 kB
HugePages_Total:       0
HugePages_Free:        0
HugePages_Rsvd:        0
HugePages_Surp:        0
Hugepagesize:       2048 kB
Hugetlb:               0 kB
DirectMap4k:      266928 kB
DirectMap2M:     4628480 kB
DirectMap1G:    265289728 kB
