MemTotal:       65705120 kB
MemFree:        58459564 kB
MemAvailable:   58121812 kB
Buffers:           23736 kB
Cached:           181880 kB
SwapCached:            0 kB
Active:           120952 kB
Inactive:        6435544 kB
Active(anon):       1480 kB
Inactive(anon):  6358720 kB
Active(file):     119472 kB
Inactive(file):    76824 kB
Unevictable:           0 kB
Mlocked:               0 kB
SwapTotal:      32970748 kB
SwapFree:       32970748 kB
Dirty:                64 kB
Writeback:             0 kB
AnonPages:       6349808 kB
Mapped:            82220 kB
Shmem:              9320 kB
KReclaimable:      48628 kB
Slab:             165164 kB
SReclaimable:      48628 kB
SUnreclaim:       116536 kB
KernelStack:        8128 kB
PageTables:        18660 kB
NFS_Unstable:          0 kB
Bounce:                0 kB
WritebackTmp:          0 kB
CommitLimit:    65823308 kB
Committed_AS:   66739800 kB
VmallocTotal:   34359738367 kB
VmallocUsed:      163892 kB
VmallocChunk:          0 kB
Percpu:            19840 kB
HardwareCorrupted:     0 kB
AnonHugePages:   6215680 kB
ShmemHugePages:        0 kB
ShmemPmdMapped:        0 kB
FileHugePages:         0 kB
FilePmdMapped:         0 kB
HugePages_Total:       0
HugePages_Free:        0
HugePages_Rsvd:        0
HugePages_Surp:        0
Hugepagesize:       2048 kB
Hugetlb:               0 kB
DirectMap4k:      423916 kB
DirectMap2M:    10975232 kB
DirectMap1G:    56623104 kB
