MemTotal:       263785556 kB
MemFree:         1255892 kB
MemAvailable:   199329984 kB
Buffers:          254456 kB
Cached:         196427340 kB
SwapCached:            0 kB
Active:         14783948 kB
Inactive:       187857096 kB
Active(anon):    5992692 kB
Inactive(anon):     2576 kB
Active(file):    8791256 kB
Inactive(file): 187854520 kB
Unevictable:    55312144 kB
Mlocked:        55312144 kB
SwapTotal:             0 kB
SwapFree:              0 kB
Dirty:            694492 kB
Writeback:             0 kB
AnonPages:      61271564 kB
Mapped:          5616360 kB
Shmem:              2348 kB
KReclaimable:    3276536 kB
Slab:            3803640 kB
SReclaimable:    3276536 kB
SUnreclaim:       527104 kB
KernelStack:       12384 kB
PageTables:       133492 kB
NFS_Unstable:          0 kB
Bounce:                0 kB
WritebackTmp:          0 kB
CommitLimit:    131892776 kB
Committed_AS:   64798068 kB
VmallocTotal:   34359738367 kB
VmallocUsed:      255684 kB
VmallocChunk:          0 kB
Percpu:            30528 kB
HardwareCorrupted:     0 kB
AnonHugePages:         0 kB
ShmemHugePages:        0 kB
ShmemPmdMapped:        0 kB
FileHugePages:         0 kB
FilePmdMapped:         0 kB
HugePages_Total:       0
HugePages_Free:        0
HugePages_Rsvd:        0
HugePages_Surp:        0
Hugepagesize:       2048 kB
Hugetlb:               0 kB
DirectMap4k:      271024 kB
DirectMap2M:     4624384 kB
DirectMap1G:    265289728 kB
