MemTotal:       65705120 kB
MemFree:          594748 kB
MemAvailable:   64151492 kB
Buffers:           38708 kB
Cached:         62946220 kB
SwapCached:            0 kB
Active:           244548 kB
Inactive:       62885680 kB
Active(anon):       1500 kB
Inactive(anon):   153140 kB
Active(file):     243048 kB
Inactive(file): 62732540 kB
Unevictable:           0 kB
Mlocked:               0 kB
SwapTotal:      32970748 kB
SwapFree:       32970748 kB
Dirty:           4418472 kB
Writeback:             0 kB
AnonPages:        145400 kB
Mapped:           104272 kB
Shmem:              9300 kB
KReclaimable:    1307732 kB
Slab:            1518140 kB
SReclaimable:    1307732 kB
SUnreclaim:       210408 kB
KernelStack:        8560 kB
PageTables:         7112 kB
NFS_Unstable:          0 kB
Bounce:                0 kB
WritebackTmp:          0 kB
CommitLimit:    65823308 kB
Committed_AS:     690180 kB
VmallocTotal:   34359738367 kB
VmallocUsed:      158984 kB
VmallocChunk:          0 kB
Percpu:            19712 kB
HardwareCorrupted:     0 kB
AnonHugePages:      8192 kB
ShmemHugePages:        0 kB
ShmemPmdMapped:        0 kB
FileHugePages:         0 kB
FilePmdMapped:         0 kB
HugePages_Total:       0
HugePages_Free:        0
HugePages_Rsvd:        0
HugePages_Surp:        0
Hugepagesize:       2048 kB
Hugetlb:               0 kB
DirectMap4k:      382956 kB
DirectMap2M:     9967616 kB
DirectMap1G:    57671680 kB
