MemTotal:       263785560 kB
MemFree:         1001668 kB
MemAvailable:   257059972 kB
Buffers:           60880 kB
Cached:         256616880 kB
SwapCached:            0 kB
Active:           162856 kB
Inactive:       256557792 kB
Active(anon):       1680 kB
Inactive(anon):  3439464 kB
Active(file):     161176 kB
Inactive(file): 253118328 kB
Unevictable:       19116 kB
Mlocked:           19116 kB
SwapTotal:      67108860 kB
SwapFree:       67108860 kB
Dirty:            350800 kB
Writeback:             0 kB
AnonPages:         62280 kB
Mapped:          3454768 kB
Shmem:           3389420 kB
KReclaimable:    4627020 kB
Slab:            5194184 kB
SReclaimable:    4627020 kB
SUnreclaim:       567164 kB
KernelStack:        9056 kB
PageTables:        10692 kB
NFS_Unstable:          0 kB
Bounce:                0 kB
WritebackTmp:          0 kB
CommitLimit:    199001640 kB
Committed_AS:   162315612 kB
VmallocTotal:   34359738367 kB
VmallocUsed:      268232 kB
VmallocChunk:          0 kB
Percpu:            27648 kB
HardwareCorrupted:     0 kB
AnonHugePages:         0 kB
ShmemHugePages:        0 kB
ShmemPmdMapped:        0 kB
FileHugePages:         0 kB
FilePmdMapped:         0 kB
HugePages_Total:       0
HugePages_Free:        0
HugePages_Rsvd:        0
HugePages_Surp:        0
Hugepagesize:       2048 kB
Hugetlb:               0 kB
DirectMap4k:      250540 kB
DirectMap2M:     5693440 kB
DirectMap1G:    264241152 kB
