MemTotal:       65705104 kB
MemFree:          606260 kB
MemAvailable:   64145424 kB
Buffers:           12052 kB
Cached:         62957468 kB
SwapCached:          148 kB
Active:           338192 kB
Inactive:       62781708 kB
Active(anon):     157260 kB
Inactive(anon):      152 kB
Active(file):     180932 kB
Inactive(file): 62781556 kB
Unevictable:           0 kB
Mlocked:               0 kB
SwapTotal:      32970748 kB
SwapFree:       32966396 kB
Dirty:           4419092 kB
Writeback:             0 kB
AnonPages:        150436 kB
Mapped:           120676 kB
Shmem:              4984 kB
KReclaimable:    1307540 kB
Slab:            1516892 kB
SReclaimable:    1307540 kB
SUnreclaim:       209352 kB
KernelStack:        8464 kB
PageTables:         7204 kB
NFS_Unstable:          0 kB
Bounce:                0 kB
WritebackTmp:          0 kB
CommitLimit:    65823300 kB
Committed_AS:     699876 kB
VmallocTotal:   34359738367 kB
VmallocUsed:      158936 kB
VmallocChunk:          0 kB
Percpu:            19328 kB
HardwareCorrupted:     0 kB
AnonHugePages:      8192 kB
ShmemHugePages:        0 kB
ShmemPmdMapped:        0 kB
FileHugePages:         0 kB
FilePmdMapped:         0 kB
HugePages_Total:       0
HugePages_Free:        0
HugePages_Rsvd:        0
HugePages_Surp:        0
Hugepagesize:       2048 kB
Hugetlb:               0 kB
DirectMap4k:      442348 kB
DirectMap2M:    10956800 kB
DirectMap1G:    56623104 kB
