MemTotal:       65705120 kB
MemFree:          636572 kB
MemAvailable:   64149628 kB
Buffers:           39460 kB
Cached:         62903340 kB
SwapCached:            0 kB
Active:           256640 kB
Inactive:       62830564 kB
Active(anon):       1448 kB
Inactive(anon):   153252 kB
Active(file):     255192 kB
Inactive(file): 62677312 kB
Unevictable:           0 kB
Mlocked:               0 kB
SwapTotal:      32970748 kB
SwapFree:       32970748 kB
Dirty:           4418896 kB
Writeback:             0 kB
AnonPages:        143604 kB
Mapped:           104136 kB
Shmem:              9296 kB
KReclaimable:    1307128 kB
Slab:            1517212 kB
SReclaimable:    1307128 kB
SUnreclaim:       210084 kB
KernelStack:        8656 kB
PageTables:         7316 kB
NFS_Unstable:          0 kB
Bounce:                0 kB
WritebackTmp:          0 kB
CommitLimit:    65823308 kB
Committed_AS:     691012 kB
VmallocTotal:   34359738367 kB
VmallocUsed:      159064 kB
VmallocChunk:          0 kB
Percpu:            19584 kB
HardwareCorrupted:     0 kB
AnonHugePages:      6144 kB
ShmemHugePages:        0 kB
ShmemPmdMapped:        0 kB
FileHugePages:         0 kB
FilePmdMapped:         0 kB
HugePages_Total:       0
HugePages_Free:        0
HugePages_Rsvd:        0
HugePages_Surp:        0
Hugepagesize:       2048 kB
Hugetlb:               0 kB
DirectMap4k:      475116 kB
DirectMap2M:    11972608 kB
DirectMap1G:    55574528 kB
