MemTotal:       263785556 kB
MemFree:         1129768 kB
MemAvailable:      44632 kB
Buffers:            5056 kB
Cached:            51124 kB
SwapCached:         2048 kB
Active:         106128052 kB
Inactive:       154204924 kB
Active(anon):   106090188 kB
Inactive(anon): 154196700 kB
Active(file):      37864 kB
Inactive(file):     8224 kB
Unevictable:       19140 kB
Mlocked:           19140 kB
SwapTotal:      41943024 kB
SwapFree:       33308632 kB
Dirty:                 8 kB
Writeback:             0 kB
AnonPages:      260299176 kB
Mapped:            36400 kB
Shmem:                12 kB
KReclaimable:      65416 kB
Slab:             244932 kB
SReclaimable:      65416 kB
SUnreclaim:       179516 kB
KernelStack:       12256 kB
PageTables:       531560 kB
NFS_Unstable:          0 kB
Bounce:                0 kB
WritebackTmp:          0 kB
CommitLimit:    173835800 kB
Committed_AS:    1419120 kB
VmallocTotal:   34359738367 kB
VmallocUsed:      514408 kB
VmallocChunk:          0 kB
Percpu:            33984 kB
HardwareCorrupted:     0 kB
AnonHugePages:  215863296 kB
ShmemHugePages:        0 kB
ShmemPmdMapped:        0 kB
FileHugePages:         0 kB
FilePmdMapped:         0 kB
HugePages_Total:       0
HugePages_Free:        0
HugePages_Rsvd:        0
HugePages_Surp:        0
Hugepagesize:       2048 kB
Hugetlb:               0 kB
DirectMap4k:      311984 kB
DirectMap2M:     5632000 kB
DirectMap1G:    264241152 kB
