MemTotal:       65705120 kB
MemFree:          587904 kB
MemAvailable:   64151752 kB
Buffers:           39520 kB
Cached:         62951556 kB
SwapCached:            0 kB
Active:           255652 kB
Inactive:       62880804 kB
Active(anon):       1500 kB
Inactive(anon):   153244 kB
Active(file):     254152 kB
Inactive(file): 62727560 kB
Unevictable:           0 kB
Mlocked:               0 kB
SwapTotal:      32970748 kB
SwapFree:       32970748 kB
Dirty:           4419016 kB
Writeback:             0 kB
AnonPages:        141636 kB
Mapped:           104400 kB
Shmem:              9300 kB
KReclaimable:    1308712 kB
Slab:            1518872 kB
SReclaimable:    1308712 kB
SUnreclaim:       210160 kB
KernelStack:        8592 kB
PageTables:         7248 kB
NFS_Unstable:          0 kB
Bounce:                0 kB
WritebackTmp:          0 kB
CommitLimit:    65823308 kB
Committed_AS:     691060 kB
VmallocTotal:   34359738367 kB
VmallocUsed:      159032 kB
VmallocChunk:          0 kB
Percpu:            19712 kB
HardwareCorrupted:     0 kB
AnonHugePages:      4096 kB
ShmemHugePages:        0 kB
ShmemPmdMapped:        0 kB
FileHugePages:         0 kB
FilePmdMapped:         0 kB
HugePages_Total:       0
HugePages_Free:        0
HugePages_Rsvd:        0
HugePages_Surp:        0
Hugepagesize:       2048 kB
Hugetlb:               0 kB
DirectMap4k:      393196 kB
DirectMap2M:     8908800 kB
DirectMap1G:    58720256 kB
