MemTotal:       65705120 kB
MemFree:        60783784 kB
MemAvailable:   60444088 kB
Buffers:           21892 kB
Cached:           180032 kB
SwapCached:            0 kB
Active:           117160 kB
Inactive:        4133284 kB
Active(anon):       1540 kB
Inactive(anon):  4056324 kB
Active(file):     115620 kB
Inactive(file):    76960 kB
Unevictable:           0 kB
Mlocked:               0 kB
SwapTotal:      32970748 kB
SwapFree:       32970748 kB
Dirty:               168 kB
Writeback:             0 kB
AnonPages:       4047944 kB
Mapped:            82348 kB
Shmem:              9320 kB
KReclaimable:      48456 kB
Slab:             164388 kB
SReclaimable:      48456 kB
SUnreclaim:       115932 kB
KernelStack:        8448 kB
PageTables:        14976 kB
NFS_Unstable:          0 kB
Bounce:                0 kB
WritebackTmp:          0 kB
CommitLimit:    65823308 kB
Committed_AS:   56147316 kB
VmallocTotal:   34359738367 kB
VmallocUsed:      164084 kB
VmallocChunk:          0 kB
Percpu:            20096 kB
HardwareCorrupted:     0 kB
AnonHugePages:   3917824 kB
ShmemHugePages:        0 kB
ShmemPmdMapped:        0 kB
FileHugePages:         0 kB
FilePmdMapped:         0 kB
HugePages_Total:       0
HugePages_Free:        0
HugePages_Rsvd:        0
HugePages_Surp:        0
Hugepagesize:       2048 kB
Hugetlb:               0 kB
DirectMap4k:      409580 kB
DirectMap2M:     9940992 kB
DirectMap1G:    57671680 kB
