MemTotal:       65705112 kB
MemFree:          590556 kB
MemAvailable:   64160912 kB
Buffers:           12952 kB
Cached:         62982280 kB
SwapCached:          152 kB
Active:           327980 kB
Inactive:       62810656 kB
Active(anon):     149820 kB
Inactive(anon):      152 kB
Active(file):     178160 kB
Inactive(file): 62810504 kB
Unevictable:           0 kB
Mlocked:               0 kB
SwapTotal:      32970748 kB
SwapFree:       32966396 kB
Dirty:           4418896 kB
Writeback:             0 kB
AnonPages:        141948 kB
Mapped:           117572 kB
Shmem:              5044 kB
KReclaimable:    1308460 kB
Slab:            1519404 kB
SReclaimable:    1308460 kB
SUnreclaim:       210944 kB
KernelStack:        8560 kB
PageTables:         7228 kB
NFS_Unstable:          0 kB
Bounce:                0 kB
WritebackTmp:          0 kB
CommitLimit:    65823304 kB
Committed_AS:     691068 kB
VmallocTotal:   34359738367 kB
VmallocUsed:      158952 kB
VmallocChunk:          0 kB
Percpu:            19456 kB
HardwareCorrupted:     0 kB
AnonHugePages:      2048 kB
ShmemHugePages:        0 kB
ShmemPmdMapped:        0 kB
FileHugePages:         0 kB
FilePmdMapped:         0 kB
HugePages_Total:       0
HugePages_Free:        0
HugePages_Rsvd:        0
HugePages_Surp:        0
Hugepagesize:       2048 kB
Hugetlb:               0 kB
DirectMap4k:      493548 kB
DirectMap2M:    10905600 kB
DirectMap1G:    56623104 kB
