MemTotal:       263785560 kB
MemFree:        262337088 kB
MemAvailable:   261360800 kB
Buffers:           64712 kB
Cached:           225772 kB
SwapCached:            0 kB
Active:           112916 kB
Inactive:         296544 kB
Active(anon):        576 kB
Inactive(anon):   130328 kB
Active(file):     112340 kB
Inactive(file):   166216 kB
Unevictable:       19116 kB
Mlocked:           19116 kB
SwapTotal:             0 kB
SwapFree:              0 kB
Dirty:              3320 kB
Writeback:             0 kB
AnonPages:        138868 kB
Mapped:            65220 kB
Shmem:              2044 kB
KReclaimable:      50364 kB
Slab:             183820 kB
SReclaimable:      50364 kB
SUnreclaim:       133456 kB
KernelStack:       12032 kB
PageTables:         9376 kB
NFS_Unstable:          0 kB
Bounce:                0 kB
WritebackTmp:          0 kB
CommitLimit:    131892780 kB
Committed_AS:     482896 kB
VmallocTotal:   34359738367 kB
VmallocUsed:      254520 kB
VmallocChunk:          0 kB
Percpu:            27072 kB
HardwareCorrupted:     0 kB
AnonHugePages:         0 kB
ShmemHugePages:        0 kB
ShmemPmdMapped:        0 kB
FileHugePages:         0 kB
FilePmdMapped:         0 kB
HugePages_Total:       0
HugePages_Free:        0
HugePages_Rsvd:        0
HugePages_Surp:        0
Hugepagesize:       2048 kB
Hugetlb:               0 kB
DirectMap4k:      264876 kB
DirectMap2M:     4630528 kB
DirectMap1G:    265289728 kB
