MemTotal:       263785556 kB
MemFree:         1110444 kB
MemAvailable:      29804 kB
Buffers:            5412 kB
Cached:            60732 kB
SwapCached:            0 kB
Active:         23095908 kB
Inactive:       237564068 kB
Active(anon):   23054580 kB
Inactive(anon): 237549116 kB
Active(file):      41328 kB
Inactive(file):    14952 kB
Unevictable:       19116 kB
Mlocked:           19116 kB
SwapTotal:      41943024 kB
SwapFree:       33824468 kB
Dirty:                 4 kB
Writeback:             0 kB
AnonPages:      260615000 kB
Mapped:            40500 kB
Shmem:                12 kB
KReclaimable:      63944 kB
Slab:             240128 kB
SReclaimable:      63944 kB
SUnreclaim:       176184 kB
KernelStack:       12144 kB
PageTables:       530968 kB
NFS_Unstable:          0 kB
Bounce:                0 kB
WritebackTmp:          0 kB
CommitLimit:    173835800 kB
Committed_AS:    1411292 kB
VmallocTotal:   34359738367 kB
VmallocUsed:      519140 kB
VmallocChunk:          0 kB
Percpu:            33792 kB
HardwareCorrupted:     0 kB
AnonHugePages:         0 kB
ShmemHugePages:        0 kB
ShmemPmdMapped:        0 kB
FileHugePages:         0 kB
FilePmdMapped:         0 kB
HugePages_Total:       0
HugePages_Free:        0
HugePages_Rsvd:        0
HugePages_Surp:        0
Hugepagesize:       2048 kB
Hugetlb:               0 kB
DirectMap4k:      295600 kB
DirectMap2M:     5648384 kB
DirectMap1G:    264241152 kB
