MemTotal:       65705112 kB
MemFree:          604688 kB
MemAvailable:   64153712 kB
Buffers:           11020 kB
Cached:         62962320 kB
SwapCached:          212 kB
Active:           327256 kB
Inactive:       62789612 kB
Active(anon):     149572 kB
Inactive(anon):      168 kB
Active(file):     177684 kB
Inactive(file): 62789444 kB
Unevictable:           0 kB
Mlocked:               0 kB
SwapTotal:      32970748 kB
SwapFree:       32966396 kB
Dirty:           4419164 kB
Writeback:             0 kB
AnonPages:        144540 kB
Mapped:           118512 kB
Shmem:              5052 kB
KReclaimable:    1308472 kB
Slab:            1520064 kB
SReclaimable:    1308472 kB
SUnreclaim:       211592 kB
KernelStack:        8432 kB
PageTables:         7304 kB
NFS_Unstable:          0 kB
Bounce:                0 kB
WritebackTmp:          0 kB
CommitLimit:    65823304 kB
Committed_AS:     691792 kB
VmallocTotal:   34359738367 kB
VmallocUsed:      158888 kB
VmallocChunk:          0 kB
Percpu:            19456 kB
HardwareCorrupted:     0 kB
AnonHugePages:      6144 kB
ShmemHugePages:        0 kB
ShmemPmdMapped:        0 kB
FileHugePages:         0 kB
FilePmdMapped:         0 kB
HugePages_Total:       0
HugePages_Free:        0
HugePages_Rsvd:        0
HugePages_Surp:        0
Hugepagesize:       2048 kB
Hugetlb:               0 kB
DirectMap4k:      514028 kB
DirectMap2M:    11933696 kB
DirectMap1G:    55574528 kB
