MemTotal:       263785556 kB
MemFree:         1074332 kB
MemAvailable:          0 kB
Buffers:            5332 kB
Cached:            61688 kB
SwapCached:            0 kB
Active:         50722208 kB
Inactive:       209892188 kB
Active(anon):   50680808 kB
Inactive(anon): 209875844 kB
Active(file):      41400 kB
Inactive(file):    16344 kB
Unevictable:       19140 kB
Mlocked:           19140 kB
SwapTotal:      41943024 kB
SwapFree:       33596144 kB
Dirty:                 0 kB
Writeback:             0 kB
AnonPages:      260567600 kB
Mapped:            40796 kB
Shmem:                 8 kB
KReclaimable:      66032 kB
Slab:             247444 kB
SReclaimable:      66032 kB
SUnreclaim:       181412 kB
KernelStack:       12064 kB
PageTables:       531708 kB
NFS_Unstable:          0 kB
Bounce:                0 kB
WritebackTmp:          0 kB
CommitLimit:    173835800 kB
Committed_AS:    1385992 kB
VmallocTotal:   34359738367 kB
VmallocUsed:      519268 kB
VmallocChunk:          0 kB
Percpu:            33984 kB
HardwareCorrupted:     0 kB
AnonHugePages:  174516224 kB
ShmemHugePages:        0 kB
ShmemPmdMapped:        0 kB
FileHugePages:         0 kB
FilePmdMapped:         0 kB
HugePages_Total:       0
HugePages_Free:        0
HugePages_Rsvd:        0
HugePages_Surp:        0
Hugepagesize:       2048 kB
Hugetlb:               0 kB
DirectMap4k:      336560 kB
DirectMap2M:     4558848 kB
DirectMap1G:    265289728 kB
