MemTotal:       263785564 kB
MemFree:         1266184 kB
MemAvailable:   199227708 kB
Buffers:          408708 kB
Cached:         196152148 kB
SwapCached:            4 kB
Active:           585804 kB
Inactive:       202009292 kB
Active(anon):       1716 kB
Inactive(anon):  6066148 kB
Active(file):     584088 kB
Inactive(file): 195943144 kB
Unevictable:    55306576 kB
Mlocked:        55306576 kB
SwapTotal:      33554428 kB
SwapFree:       33553916 kB
Dirty:            477200 kB
Writeback:             0 kB
AnonPages:      61341392 kB
Mapped:          5648040 kB
Shmem:              2312 kB
KReclaimable:    3282676 kB
Slab:            3857488 kB
SReclaimable:    3282676 kB
SUnreclaim:       574812 kB
KernelStack:       12192 kB
PageTables:       133400 kB
NFS_Unstable:          0 kB
Bounce:                0 kB
WritebackTmp:          0 kB
CommitLimit:    165447208 kB
Committed_AS:   64843404 kB
VmallocTotal:   34359738367 kB
VmallocUsed:      263828 kB
VmallocChunk:          0 kB
Percpu:            30912 kB
HardwareCorrupted:     0 kB
AnonHugePages:         0 kB
ShmemHugePages:        0 kB
ShmemPmdMapped:        0 kB
FileHugePages:         0 kB
FilePmdMapped:         0 kB
HugePages_Total:       0
HugePages_Free:        0
HugePages_Rsvd:        0
HugePages_Surp:        0
Hugepagesize:       2048 kB
Hugetlb:               0 kB
DirectMap4k:      293552 kB
DirectMap2M:     3553280 kB
DirectMap1G:    266338304 kB
