MemTotal:       65705112 kB
MemFree:          443572 kB
MemAvailable:      34288 kB
Buffers:            3512 kB
Cached:            52396 kB
SwapCached:       147356 kB
Active:         36342336 kB
Inactive:       28015840 kB
Active(anon):   36305488 kB
Inactive(anon): 27996968 kB
Active(file):      36848 kB
Inactive(file):    18872 kB
Unevictable:           0 kB
Mlocked:               0 kB
SwapTotal:       8388604 kB
SwapFree:        5076476 kB
Dirty:                 0 kB
Writeback:             0 kB
AnonPages:      64163236 kB
Mapped:            45116 kB
Shmem:               124 kB
KReclaimable:      46144 kB
Slab:             154584 kB
SReclaimable:      46144 kB
SUnreclaim:       108440 kB
KernelStack:        8524 kB
PageTables:       140996 kB
NFS_Unstable:          0 kB
Bounce:                0 kB
WritebackTmp:          0 kB
CommitLimit:    41241160 kB
Committed_AS:    3756008 kB
VmallocTotal:   34359738367 kB
VmallocUsed:      191168 kB
VmallocChunk:          0 kB
Percpu:            19584 kB
HardwareCorrupted:     0 kB
AnonHugePages:      4096 kB
ShmemHugePages:        0 kB
ShmemPmdMapped:        0 kB
FileHugePages:         0 kB
FilePmdMapped:         0 kB
HugePages_Total:       0
HugePages_Free:        0
HugePages_Rsvd:        0
HugePages_Surp:        0
Hugepagesize:       2048 kB
Hugetlb:               0 kB
DirectMap4k:      448492 kB
DirectMap2M:    11999232 kB
DirectMap1G:    55574528 kB
