MemTotal:       263785560 kB
MemFree:        262269172 kB
MemAvailable:   261326568 kB
Buffers:           65332 kB
Cached:           291616 kB
SwapCached:            0 kB
Active:           113292 kB
Inactive:         383064 kB
Active(anon):        584 kB
Inactive(anon):   149676 kB
Active(file):     112708 kB
Inactive(file):   233388 kB
Unevictable:       19116 kB
Mlocked:           19116 kB
SwapTotal:             0 kB
SwapFree:              0 kB
Dirty:              5224 kB
Writeback:             0 kB
AnonPages:        158764 kB
Mapped:           121320 kB
Shmem:              2048 kB
KReclaimable:      50200 kB
Slab:             181372 kB
SReclaimable:      50200 kB
SUnreclaim:       131172 kB
KernelStack:       12112 kB
PageTables:         9492 kB
NFS_Unstable:          0 kB
Bounce:                0 kB
WritebackTmp:          0 kB
CommitLimit:    131892780 kB
Committed_AS:     559220 kB
VmallocTotal:   34359738367 kB
VmallocUsed:      254476 kB
VmallocChunk:          0 kB
Percpu:            26496 kB
HardwareCorrupted:     0 kB
AnonHugePages:         0 kB
ShmemHugePages:        0 kB
ShmemPmdMapped:        0 kB
FileHugePages:         0 kB
FilePmdMapped:         0 kB
HugePages_Total:       0
HugePages_Free:        0
HugePages_Rsvd:        0
HugePages_Surp:        0
Hugepagesize:       2048 kB
Hugetlb:               0 kB
DirectMap4k:      238252 kB
DirectMap2M:     5705728 kB
DirectMap1G:    264241152 kB
