MemTotal:       263785552 kB
MemFree:         1163532 kB
MemAvailable:   257024740 kB
Buffers:           11236 kB
Cached:         256471456 kB
SwapCached:          376 kB
Active:          3573124 kB
Inactive:       252950148 kB
Active(anon):    3437252 kB
Inactive(anon):      172 kB
Active(file):     135872 kB
Inactive(file): 252949976 kB
Unevictable:       19116 kB
Mlocked:           19116 kB
SwapTotal:      67108860 kB
SwapFree:       67106556 kB
Dirty:            355632 kB
Writeback:             0 kB
AnonPages:         59616 kB
Mapped:          3447056 kB
Shmem:           3387508 kB
KReclaimable:    4623580 kB
Slab:            5192260 kB
SReclaimable:    4623580 kB
SUnreclaim:       568680 kB
KernelStack:        9120 kB
PageTables:        10460 kB
NFS_Unstable:          0 kB
Bounce:                0 kB
WritebackTmp:          0 kB
CommitLimit:    199001636 kB
Committed_AS:   162313132 kB
VmallocTotal:   34359738367 kB
VmallocUsed:      268320 kB
VmallocChunk:          0 kB
Percpu:            27456 kB
HardwareCorrupted:     0 kB
AnonHugePages:         0 kB
ShmemHugePages:        0 kB
ShmemPmdMapped:        0 kB
FileHugePages:         0 kB
FilePmdMapped:         0 kB
HugePages_Total:       0
HugePages_Free:        0
HugePages_Rsvd:        0
HugePages_Surp:        0
Hugepagesize:       2048 kB
Hugetlb:               0 kB
DirectMap4k:      248492 kB
DirectMap2M:     4646912 kB
DirectMap1G:    265289728 kB
