MemTotal:       65705112 kB
MemFree:        60220308 kB
MemAvailable:   59869088 kB
Buffers:            7300 kB
Cached:           170744 kB
SwapCached:            0 kB
Active:          4754876 kB
Inactive:          53940 kB
Active(anon):    4613828 kB
Inactive(anon):    26804 kB
Active(file):     141048 kB
Inactive(file):    27136 kB
Unevictable:           0 kB
Mlocked:               0 kB
SwapTotal:      32970748 kB
SwapFree:       32970748 kB
Dirty:                72 kB
Writeback:             0 kB
AnonPages:       4629704 kB
Mapped:           101748 kB
Shmem:              9320 kB
KReclaimable:      49792 kB
Slab:             171872 kB
SReclaimable:      49792 kB
SUnreclaim:       122080 kB
KernelStack:        8384 kB
PageTables:        16216 kB
NFS_Unstable:          0 kB
Bounce:                0 kB
WritebackTmp:          0 kB
CommitLimit:    65823304 kB
Committed_AS:   66723444 kB
VmallocTotal:   34359738367 kB
VmallocUsed:      164036 kB
VmallocChunk:          0 kB
Percpu:            19584 kB
HardwareCorrupted:     0 kB
AnonHugePages:   4505600 kB
ShmemHugePages:        0 kB
ShmemPmdMapped:        0 kB
FileHugePages:         0 kB
FilePmdMapped:         0 kB
HugePages_Total:       0
HugePages_Free:        0
HugePages_Rsvd:        0
HugePages_Surp:        0
Hugepagesize:       2048 kB
Hugetlb:               0 kB
DirectMap4k:      428012 kB
DirectMap2M:     6776832 kB
DirectMap1G:    60817408 kB
