MemTotal:       263785556 kB
MemFree:         1114032 kB
MemAvailable:      30136 kB
Buffers:            5496 kB
Cached:            53432 kB
SwapCached:            0 kB
Active:         15656860 kB
Inactive:       244988448 kB
Active(anon):   15620984 kB
Inactive(anon): 244974676 kB
Active(file):      35876 kB
Inactive(file):    13772 kB
Unevictable:       19116 kB
Mlocked:           19116 kB
SwapTotal:      41943024 kB
SwapFree:       33820656 kB
Dirty:                 0 kB
Writeback:             0 kB
AnonPages:      260606892 kB
Mapped:            36256 kB
Shmem:                 8 kB
KReclaimable:      64064 kB
Slab:             241720 kB
SReclaimable:      64064 kB
SUnreclaim:       177656 kB
KernelStack:       12080 kB
PageTables:       531228 kB
NFS_Unstable:          0 kB
Bounce:                0 kB
WritebackTmp:          0 kB
CommitLimit:    173835800 kB
Committed_AS:    1386056 kB
VmallocTotal:   34359738367 kB
VmallocUsed:      519364 kB
VmallocChunk:          0 kB
Percpu:            33792 kB
HardwareCorrupted:     0 kB
AnonHugePages:         0 kB
ShmemHugePages:        0 kB
ShmemPmdMapped:        0 kB
FileHugePages:         0 kB
FilePmdMapped:         0 kB
HugePages_Total:       0
HugePages_Free:        0
HugePages_Rsvd:        0
HugePages_Surp:        0
Hugepagesize:       2048 kB
Hugetlb:               0 kB
DirectMap4k:      307888 kB
DirectMap2M:     5636096 kB
DirectMap1G:    264241152 kB
