MemTotal:       65705112 kB
MemFree:        60690992 kB
MemAvailable:   60339876 kB
Buffers:            7356 kB
Cached:           171052 kB
SwapCached:            0 kB
Active:          4260492 kB
Inactive:          43972 kB
Active(anon):    4118804 kB
Inactive(anon):    16580 kB
Active(file):     141688 kB
Inactive(file):    27392 kB
Unevictable:           0 kB
Mlocked:               0 kB
SwapTotal:      32970748 kB
SwapFree:       32970748 kB
Dirty:               144 kB
Writeback:             0 kB
AnonPages:       4125416 kB
Mapped:           101856 kB
Shmem:              9320 kB
KReclaimable:      49104 kB
Slab:             169824 kB
SReclaimable:      49104 kB
SUnreclaim:       120720 kB
KernelStack:        8448 kB
PageTables:        15240 kB
NFS_Unstable:          0 kB
Bounce:                0 kB
WritebackTmp:          0 kB
CommitLimit:    65823304 kB
Committed_AS:   56148048 kB
VmallocTotal:   34359738367 kB
VmallocUsed:      164116 kB
VmallocChunk:          0 kB
Percpu:            19456 kB
HardwareCorrupted:     0 kB
AnonHugePages:   3995648 kB
ShmemHugePages:        0 kB
ShmemPmdMapped:        0 kB
FileHugePages:         0 kB
FilePmdMapped:         0 kB
HugePages_Total:       0
HugePages_Free:        0
HugePages_Rsvd:        0
HugePages_Surp:        0
Hugepagesize:       2048 kB
Hugetlb:               0 kB
DirectMap4k:      432108 kB
DirectMap2M:     8869888 kB
DirectMap1G:    58720256 kB
