MemTotal:       65705112 kB
MemFree:        64627940 kB
MemAvailable:   64361040 kB
Buffers:           27256 kB
Cached:           285372 kB
SwapCached:            0 kB
Active:           202036 kB
Inactive:         200572 kB
Active(anon):      83440 kB
Inactive(anon):    17552 kB
Active(file):     118596 kB
Inactive(file):   183020 kB
Unevictable:         260 kB
Mlocked:               0 kB
SwapTotal:      32970748 kB
SwapFree:       32970748 kB
Dirty:               112 kB
Writeback:             0 kB
AnonPages:         91776 kB
Mapped:            96640 kB
Shmem:              9288 kB
KReclaimable:      49760 kB
Slab:             148368 kB
SReclaimable:      49760 kB
SUnreclaim:        98608 kB
KernelStack:        8108 kB
PageTables:         7308 kB
NFS_Unstable:          0 kB
Bounce:                0 kB
WritebackTmp:          0 kB
CommitLimit:    65823304 kB
Committed_AS:     570792 kB
VmallocTotal:   34359738367 kB
VmallocUsed:      158536 kB
VmallocChunk:          0 kB
Percpu:            19456 kB
HardwareCorrupted:     0 kB
AnonHugePages:     14336 kB
ShmemHugePages:        0 kB
ShmemPmdMapped:        0 kB
FileHugePages:         0 kB
FilePmdMapped:         0 kB
HugePages_Total:       0
HugePages_Free:        0
HugePages_Rsvd:        0
HugePages_Surp:        0
Hugepagesize:       2048 kB
Hugetlb:               0 kB
DirectMap4k:      460780 kB
DirectMap2M:     8841216 kB
DirectMap1G:    58720256 kB
