MemTotal:       263785556 kB
MemFree:         1218388 kB
MemAvailable:   199323520 kB
Buffers:          251780 kB
Cached:         196475336 kB
SwapCached:          388 kB
Active:         15068936 kB
Inactive:       187628880 kB
Active(anon):    6004344 kB
Inactive(anon):      184 kB
Active(file):    9064592 kB
Inactive(file): 187628696 kB
Unevictable:    55309988 kB
Mlocked:        55309988 kB
SwapTotal:      33554428 kB
SwapFree:       33551356 kB
Dirty:            632096 kB
Writeback:             0 kB
AnonPages:      61280884 kB
Mapped:          5611248 kB
Shmem:               212 kB
KReclaimable:    3276612 kB
Slab:            3808088 kB
SReclaimable:    3276612 kB
SUnreclaim:       531476 kB
KernelStack:       12272 kB
PageTables:       133136 kB
NFS_Unstable:          0 kB
Bounce:                0 kB
WritebackTmp:          0 kB
CommitLimit:    165447204 kB
Committed_AS:   64788388 kB
VmallocTotal:   34359738367 kB
VmallocUsed:      263812 kB
VmallocChunk:          0 kB
Percpu:            30528 kB
HardwareCorrupted:     0 kB
AnonHugePages:         0 kB
ShmemHugePages:        0 kB
ShmemPmdMapped:        0 kB
FileHugePages:         0 kB
FilePmdMapped:         0 kB
HugePages_Total:       0
HugePages_Free:        0
HugePages_Rsvd:        0
HugePages_Surp:        0
Hugepagesize:       2048 kB
Hugetlb:               0 kB
DirectMap4k:      279216 kB
DirectMap2M:     4616192 kB
DirectMap1G:    265289728 kB
