MemTotal:       65705120 kB
MemFree:          656744 kB
MemAvailable:   64150904 kB
Buffers:           40092 kB
Cached:         62882716 kB
SwapCached:            0 kB
Active:           243504 kB
Inactive:       62824932 kB
Active(anon):       1500 kB
Inactive(anon):   153528 kB
Active(file):     242004 kB
Inactive(file): 62671404 kB
Unevictable:           0 kB
Mlocked:               0 kB
SwapTotal:      32970748 kB
SwapFree:       32970748 kB
Dirty:           4418760 kB
Writeback:             0 kB
AnonPages:        143908 kB
Mapped:           104000 kB
Shmem:              9296 kB
KReclaimable:    1307328 kB
Slab:            1518008 kB
SReclaimable:    1307328 kB
SUnreclaim:       210680 kB
KernelStack:        8528 kB
PageTables:         7268 kB
NFS_Unstable:          0 kB
Bounce:                0 kB
WritebackTmp:          0 kB
CommitLimit:    65823308 kB
Committed_AS:     691012 kB
VmallocTotal:   34359738367 kB
VmallocUsed:      158904 kB
VmallocChunk:          0 kB
Percpu:            19456 kB
HardwareCorrupted:     0 kB
AnonHugePages:      6144 kB
ShmemHugePages:        0 kB
ShmemPmdMapped:        0 kB
FileHugePages:         0 kB
FilePmdMapped:         0 kB
HugePages_Total:       0
HugePages_Free:        0
HugePages_Rsvd:        0
HugePages_Surp:        0
Hugepagesize:       2048 kB
Hugetlb:               0 kB
DirectMap4k:      425964 kB
DirectMap2M:     8876032 kB
DirectMap1G:    58720256 kB
