MemTotal:       263785552 kB
MemFree:         1234844 kB
MemAvailable:   257052356 kB
Buffers:           14136 kB
Cached:         256425652 kB
SwapCached:          484 kB
Active:          3608588 kB
Inactive:       252871032 kB
Active(anon):    3436520 kB
Inactive(anon):       84 kB
Active(file):     172068 kB
Inactive(file): 252870948 kB
Unevictable:       19116 kB
Mlocked:           19116 kB
SwapTotal:      67108860 kB
SwapFree:       67106300 kB
Dirty:            361424 kB
Writeback:             0 kB
AnonPages:         59112 kB
Mapped:          3464080 kB
Shmem:           3387496 kB
KReclaimable:    4622880 kB
Slab:            5190428 kB
SReclaimable:    4622880 kB
SUnreclaim:       567548 kB
KernelStack:        9088 kB
PageTables:        10744 kB
NFS_Unstable:          0 kB
Bounce:                0 kB
WritebackTmp:          0 kB
CommitLimit:    199001636 kB
Committed_AS:   162312904 kB
VmallocTotal:   34359738367 kB
VmallocUsed:      268192 kB
VmallocChunk:          0 kB
Percpu:            27840 kB
HardwareCorrupted:     0 kB
AnonHugePages:         0 kB
ShmemHugePages:        0 kB
ShmemPmdMapped:        0 kB
FileHugePages:         0 kB
FilePmdMapped:         0 kB
HugePages_Total:       0
HugePages_Free:        0
HugePages_Rsvd:        0
HugePages_Surp:        0
Hugepagesize:       2048 kB
Hugetlb:               0 kB
DirectMap4k:      262828 kB
DirectMap2M:     4632576 kB
DirectMap1G:    265289728 kB
