MemTotal:       65705120 kB
MemFree:        64626496 kB
MemAvailable:   64359488 kB
Buffers:           27220 kB
Cached:           284188 kB
SwapCached:            0 kB
Active:            90304 kB
Inactive:         307860 kB
Active(anon):       1500 kB
Inactive(anon):    95596 kB
Active(file):      88804 kB
Inactive(file):   212264 kB
Unevictable:           0 kB
Mlocked:               0 kB
SwapTotal:      32970748 kB
SwapFree:       32970748 kB
Dirty:               400 kB
Writeback:             0 kB
AnonPages:         87924 kB
Mapped:            97112 kB
Shmem:              9304 kB
KReclaimable:      50640 kB
Slab:             152276 kB
SReclaimable:      50640 kB
SUnreclaim:       101636 kB
KernelStack:        8192 kB
PageTables:         7076 kB
NFS_Unstable:          0 kB
Bounce:                0 kB
WritebackTmp:          0 kB
CommitLimit:    65823308 kB
Committed_AS:     539384 kB
VmallocTotal:   34359738367 kB
VmallocUsed:      158864 kB
VmallocChunk:          0 kB
Percpu:            19200 kB
HardwareCorrupted:     0 kB
AnonHugePages:      6144 kB
ShmemHugePages:        0 kB
ShmemPmdMapped:        0 kB
FileHugePages:         0 kB
FilePmdMapped:         0 kB
HugePages_Total:       0
HugePages_Free:        0
HugePages_Rsvd:        0
HugePages_Surp:        0
Hugepagesize:       2048 kB
Hugetlb:               0 kB
DirectMap4k:      497644 kB
DirectMap2M:    12998656 kB
DirectMap1G:    54525952 kB
