MemTotal:       65705112 kB
MemFree:        58510464 kB
MemAvailable:   58160436 kB
Buffers:           11548 kB
Cached:           169404 kB
SwapCached:            0 kB
Active:          6459392 kB
Inactive:          56532 kB
Active(anon):    6317976 kB
Inactive(anon):    26812 kB
Active(file):     141416 kB
Inactive(file):    29720 kB
Unevictable:           0 kB
Mlocked:               0 kB
SwapTotal:      32970748 kB
SwapFree:       32970748 kB
Dirty:               196 kB
Writeback:             0 kB
AnonPages:       6333456 kB
Mapped:           101928 kB
Shmem:              9320 kB
KReclaimable:      49224 kB
Slab:             171156 kB
SReclaimable:      49224 kB
SUnreclaim:       121932 kB
KernelStack:        8320 kB
PageTables:        19360 kB
NFS_Unstable:          0 kB
Bounce:                0 kB
WritebackTmp:          0 kB
CommitLimit:    65823304 kB
Committed_AS:   66731732 kB
VmallocTotal:   34359738367 kB
VmallocUsed:      163908 kB
VmallocChunk:          0 kB
Percpu:            19712 kB
HardwareCorrupted:     0 kB
AnonHugePages:   6211584 kB
ShmemHugePages:        0 kB
ShmemPmdMapped:        0 kB
FileHugePages:         0 kB
FilePmdMapped:         0 kB
HugePages_Total:       0
HugePages_Free:        0
HugePages_Rsvd:        0
HugePages_Surp:        0
Hugepagesize:       2048 kB
Hugetlb:               0 kB
DirectMap4k:      382956 kB
DirectMap2M:    12064768 kB
DirectMap1G:    55574528 kB
