MemTotal:       263785560 kB
MemFree:         1203612 kB
MemAvailable:   257890608 kB
Buffers:           60324 kB
Cached:         256494024 kB
SwapCached:            0 kB
Active:           154312 kB
Inactive:       256440312 kB
Active(anon):       1752 kB
Inactive(anon):  2691360 kB
Active(file):     152560 kB
Inactive(file): 253748952 kB
Unevictable:       19116 kB
Mlocked:           19116 kB
SwapTotal:             0 kB
SwapFree:              0 kB
Dirty:            364852 kB
Writeback:             0 kB
AnonPages:         60148 kB
Mapped:          2708356 kB
Shmem:           2643436 kB
KReclaimable:    4633704 kB
Slab:            5199900 kB
SReclaimable:    4633704 kB
SUnreclaim:       566196 kB
KernelStack:        9120 kB
PageTables:         8696 kB
NFS_Unstable:          0 kB
Bounce:                0 kB
WritebackTmp:          0 kB
CommitLimit:    131892780 kB
Committed_AS:   130033020 kB
VmallocTotal:   34359738367 kB
VmallocUsed:      251808 kB
VmallocChunk:          0 kB
Percpu:            27648 kB
HardwareCorrupted:     0 kB
AnonHugePages:         0 kB
ShmemHugePages:        0 kB
ShmemPmdMapped:        0 kB
FileHugePages:         0 kB
FilePmdMapped:         0 kB
HugePages_Total:       0
HugePages_Free:        0
HugePages_Rsvd:        0
HugePages_Surp:        0
Hugepagesize:       2048 kB
Hugetlb:               0 kB
DirectMap4k:      256684 kB
DirectMap2M:     4638720 kB
DirectMap1G:    265289728 kB
