MemTotal:       263785552 kB
MemFree:         1047024 kB
MemAvailable:   257022772 kB
Buffers:           13628 kB
Cached:         256581988 kB
SwapCached:          404 kB
Active:          3596712 kB
Inactive:       253039120 kB
Active(anon):    3436908 kB
Inactive(anon):      104 kB
Active(file):     159804 kB
Inactive(file): 253039016 kB
Unevictable:       19116 kB
Mlocked:           19116 kB
SwapTotal:      67108860 kB
SwapFree:       67106556 kB
Dirty:            366140 kB
Writeback:             0 kB
AnonPages:         59688 kB
Mapped:          3456428 kB
Shmem:           3387512 kB
KReclaimable:    4625148 kB
Slab:            5194596 kB
SReclaimable:    4625148 kB
SUnreclaim:       569448 kB
KernelStack:        9120 kB
PageTables:        10560 kB
NFS_Unstable:          0 kB
Bounce:                0 kB
WritebackTmp:          0 kB
CommitLimit:    199001636 kB
Committed_AS:   162312952 kB
VmallocTotal:   34359738367 kB
VmallocUsed:      268256 kB
VmallocChunk:          0 kB
Percpu:            27264 kB
HardwareCorrupted:     0 kB
AnonHugePages:         0 kB
ShmemHugePages:        0 kB
ShmemPmdMapped:        0 kB
FileHugePages:         0 kB
FilePmdMapped:         0 kB
HugePages_Total:       0
HugePages_Free:        0
HugePages_Rsvd:        0
HugePages_Surp:        0
Hugepagesize:       2048 kB
Hugetlb:               0 kB
DirectMap4k:      273068 kB
DirectMap2M:     5670912 kB
DirectMap1G:    264241152 kB
