MemTotal:       263785556 kB
MemFree:         1135776 kB
MemAvailable:   199190180 kB
Buffers:          247424 kB
Cached:         196440620 kB
SwapCached:          348 kB
Active:         15388428 kB
Inactive:       187393580 kB
Active(anon):    6127276 kB
Inactive(anon):      108 kB
Active(file):    9261152 kB
Inactive(file): 187393472 kB
Unevictable:    55311580 kB
Mlocked:        55311580 kB
SwapTotal:      33554428 kB
SwapFree:       33551868 kB
Dirty:            947472 kB
Writeback:             0 kB
AnonPages:      61405448 kB
Mapped:          5713872 kB
Shmem:               144 kB
KReclaimable:    3276672 kB
Slab:            3806544 kB
SReclaimable:    3276672 kB
SUnreclaim:       529872 kB
KernelStack:       12272 kB
PageTables:       133544 kB
NFS_Unstable:          0 kB
Bounce:                0 kB
WritebackTmp:          0 kB
CommitLimit:    165447204 kB
Committed_AS:   64959460 kB
VmallocTotal:   34359738367 kB
VmallocUsed:      263892 kB
VmallocChunk:          0 kB
Percpu:            30720 kB
HardwareCorrupted:     0 kB
AnonHugePages:         0 kB
ShmemHugePages:        0 kB
ShmemPmdMapped:        0 kB
FileHugePages:         0 kB
FilePmdMapped:         0 kB
HugePages_Total:       0
HugePages_Free:        0
HugePages_Rsvd:        0
HugePages_Surp:        0
Hugepagesize:       2048 kB
Hugetlb:               0 kB
DirectMap4k:      293552 kB
DirectMap2M:     4601856 kB
DirectMap1G:    265289728 kB
