MemTotal:       263785556 kB
MemFree:         1174376 kB
MemAvailable:      92516 kB
Buffers:            5512 kB
Cached:            58184 kB
SwapCached:            4 kB
Active:         43741504 kB
Inactive:       216921688 kB
Active(anon):   43709260 kB
Inactive(anon): 216900584 kB
Active(file):      32244 kB
Inactive(file):    21104 kB
Unevictable:       19140 kB
Mlocked:           19140 kB
SwapTotal:      41943024 kB
SwapFree:       33837808 kB
Dirty:                64 kB
Writeback:             0 kB
AnonPages:      260620492 kB
Mapped:            39488 kB
Shmem:                12 kB
KReclaimable:      64428 kB
Slab:             243144 kB
SReclaimable:      64428 kB
SUnreclaim:       178716 kB
KernelStack:       12176 kB
PageTables:       531568 kB
NFS_Unstable:          0 kB
Bounce:                0 kB
WritebackTmp:          0 kB
CommitLimit:    173835800 kB
Committed_AS:    1385944 kB
VmallocTotal:   34359738367 kB
VmallocUsed:      519396 kB
VmallocChunk:          0 kB
Percpu:            33408 kB
HardwareCorrupted:     0 kB
AnonHugePages:         0 kB
ShmemHugePages:        0 kB
ShmemPmdMapped:        0 kB
FileHugePages:         0 kB
FilePmdMapped:         0 kB
HugePages_Total:       0
HugePages_Free:        0
HugePages_Rsvd:        0
HugePages_Surp:        0
Hugepagesize:       2048 kB
Hugetlb:               0 kB
DirectMap4k:      322224 kB
DirectMap2M:     5621760 kB
DirectMap1G:    264241152 kB
