MemTotal:       65705112 kB
MemFree:        64628044 kB
MemAvailable:   64362328 kB
Buffers:           27184 kB
Cached:           285728 kB
SwapCached:            0 kB
Active:           207124 kB
Inactive:         196956 kB
Active(anon):      88008 kB
Inactive(anon):    13496 kB
Active(file):     119116 kB
Inactive(file):   183460 kB
Unevictable:           0 kB
Mlocked:               0 kB
SwapTotal:      32970748 kB
SwapFree:       32970748 kB
Dirty:             27624 kB
Writeback:             0 kB
AnonPages:         90352 kB
Mapped:            96424 kB
Shmem:              9304 kB
KReclaimable:      50208 kB
Slab:             151196 kB
SReclaimable:      50208 kB
SUnreclaim:       100988 kB
KernelStack:        8000 kB
PageTables:         6540 kB
NFS_Unstable:          0 kB
Bounce:                0 kB
WritebackTmp:          0 kB
CommitLimit:    65823304 kB
Committed_AS:     539860 kB
VmallocTotal:   34359738367 kB
VmallocUsed:      158752 kB
VmallocChunk:          0 kB
Percpu:            19584 kB
HardwareCorrupted:     0 kB
AnonHugePages:      8192 kB
ShmemHugePages:        0 kB
ShmemPmdMapped:        0 kB
FileHugePages:         0 kB
FilePmdMapped:         0 kB
HugePages_Total:       0
HugePages_Free:        0
HugePages_Rsvd:        0
HugePages_Surp:        0
Hugepagesize:       2048 kB
Hugetlb:               0 kB
DirectMap4k:      448492 kB
DirectMap2M:     7804928 kB
DirectMap1G:    59768832 kB
