MemTotal:       263785556 kB
MemFree:         1126704 kB
MemAvailable:   199244120 kB
Buffers:          255116 kB
Cached:         196486808 kB
SwapCached:            0 kB
Active:         15341936 kB
Inactive:       187478920 kB
Active(anon):    6112376 kB
Inactive(anon):     2612 kB
Active(file):    9229560 kB
Inactive(file): 187476308 kB
Unevictable:    55312976 kB
Mlocked:        55312976 kB
SwapTotal:             0 kB
SwapFree:              0 kB
Dirty:            911212 kB
Writeback:             0 kB
AnonPages:      61392004 kB
Mapped:          5758980 kB
Shmem:              2348 kB
KReclaimable:    3276152 kB
Slab:            3805260 kB
SReclaimable:    3276152 kB
SUnreclaim:       529108 kB
KernelStack:       12272 kB
PageTables:       134276 kB
NFS_Unstable:          0 kB
Bounce:                0 kB
WritebackTmp:          0 kB
CommitLimit:    131892776 kB
Committed_AS:   65023872 kB
VmallocTotal:   34359738367 kB
VmallocUsed:      255572 kB
VmallocChunk:          0 kB
Percpu:            30528 kB
HardwareCorrupted:     0 kB
AnonHugePages:         0 kB
ShmemHugePages:        0 kB
ShmemPmdMapped:        0 kB
FileHugePages:         0 kB
FilePmdMapped:         0 kB
HugePages_Total:       0
HugePages_Free:        0
HugePages_Rsvd:        0
HugePages_Surp:        0
Hugepagesize:       2048 kB
Hugetlb:               0 kB
DirectMap4k:      246448 kB
DirectMap2M:     4648960 kB
DirectMap1G:    265289728 kB
