MemTotal:       65705120 kB
MemFree:          632784 kB
MemAvailable:   64154140 kB
Buffers:           38704 kB
Cached:         62910752 kB
SwapCached:            0 kB
Active:           251472 kB
Inactive:       62842252 kB
Active(anon):       1484 kB
Inactive(anon):   152612 kB
Active(file):     249988 kB
Inactive(file): 62689640 kB
Unevictable:           0 kB
Mlocked:               0 kB
SwapTotal:      32970748 kB
SwapFree:       32970748 kB
Dirty:           4419040 kB
Writeback:             0 kB
AnonPages:        145136 kB
Mapped:           103932 kB
Shmem:              9300 kB
KReclaimable:    1308304 kB
Slab:            1519260 kB
SReclaimable:    1308304 kB
SUnreclaim:       210956 kB
KernelStack:        8512 kB
PageTables:         7292 kB
NFS_Unstable:          0 kB
Bounce:                0 kB
WritebackTmp:          0 kB
CommitLimit:    65823308 kB
Committed_AS:     707328 kB
VmallocTotal:   34359738367 kB
VmallocUsed:      158888 kB
VmallocChunk:          0 kB
Percpu:            19456 kB
HardwareCorrupted:     0 kB
AnonHugePages:     12288 kB
ShmemHugePages:        0 kB
ShmemPmdMapped:        0 kB
FileHugePages:         0 kB
FilePmdMapped:         0 kB
HugePages_Total:       0
HugePages_Free:        0
HugePages_Rsvd:        0
HugePages_Surp:        0
Hugepagesize:       2048 kB
Hugetlb:               0 kB
DirectMap4k:      524268 kB
DirectMap2M:     9826304 kB
DirectMap1G:    57671680 kB
