MemTotal:       263785552 kB
MemFree:        262136164 kB
MemAvailable:   261197280 kB
Buffers:           64924 kB
Cached:           299532 kB
SwapCached:            0 kB
Active:           329824 kB
Inactive:         180576 kB
Active(anon):     156196 kB
Inactive(anon):     2132 kB
Active(file):     173628 kB
Inactive(file):   178444 kB
Unevictable:       19116 kB
Mlocked:           19116 kB
SwapTotal:      67108860 kB
SwapFree:       67108860 kB
Dirty:              4936 kB
Writeback:             0 kB
AnonPages:        166812 kB
Mapped:           126172 kB
Shmem:              2060 kB
KReclaimable:      51348 kB
Slab:             189924 kB
SReclaimable:      51348 kB
SUnreclaim:       138576 kB
KernelStack:       11920 kB
PageTables:         9528 kB
NFS_Unstable:          0 kB
Bounce:                0 kB
WritebackTmp:          0 kB
CommitLimit:    199001636 kB
Committed_AS:     557900 kB
VmallocTotal:   34359738367 kB
VmallocUsed:      271020 kB
VmallocChunk:          0 kB
Percpu:            26496 kB
HardwareCorrupted:     0 kB
AnonHugePages:         0 kB
ShmemHugePages:        0 kB
ShmemPmdMapped:        0 kB
FileHugePages:         0 kB
FilePmdMapped:         0 kB
HugePages_Total:       0
HugePages_Free:        0
HugePages_Rsvd:        0
HugePages_Surp:        0
Hugepagesize:       2048 kB
Hugetlb:               0 kB
DirectMap4k:      277164 kB
DirectMap2M:     4618240 kB
DirectMap1G:    265289728 kB
