MemTotal:       263785560 kB
MemFree:         1220692 kB
MemAvailable:   257853568 kB
Buffers:           60236 kB
Cached:         256442236 kB
SwapCached:            0 kB
Active:           153700 kB
Inactive:       256388724 kB
Active(anon):       1724 kB
Inactive(anon):  2691060 kB
Active(file):     151976 kB
Inactive(file): 253697664 kB
Unevictable:       19116 kB
Mlocked:           19116 kB
SwapTotal:             0 kB
SwapFree:              0 kB
Dirty:            364672 kB
Writeback:             0 kB
AnonPages:         59776 kB
Mapped:          2691776 kB
Shmem:           2643444 kB
KReclaimable:    4631456 kB
Slab:            5196640 kB
SReclaimable:    4631456 kB
SUnreclaim:       565184 kB
KernelStack:        9152 kB
PageTables:         8692 kB
NFS_Unstable:          0 kB
Bounce:                0 kB
WritebackTmp:          0 kB
CommitLimit:    131892780 kB
Committed_AS:   130032568 kB
VmallocTotal:   34359738367 kB
VmallocUsed:      251728 kB
VmallocChunk:          0 kB
Percpu:            27648 kB
HardwareCorrupted:     0 kB
AnonHugePages:         0 kB
ShmemHugePages:        0 kB
ShmemPmdMapped:        0 kB
FileHugePages:         0 kB
FilePmdMapped:         0 kB
HugePages_Total:       0
HugePages_Free:        0
HugePages_Rsvd:        0
HugePages_Surp:        0
Hugepagesize:       2048 kB
Hugetlb:               0 kB
DirectMap4k:      250540 kB
DirectMap2M:     4644864 kB
DirectMap1G:    265289728 kB
