MemTotal:       65705120 kB
MemFree:          587628 kB
MemAvailable:   64148384 kB
Buffers:           38784 kB
Cached:         62950312 kB
SwapCached:            0 kB
Active:           249152 kB
Inactive:       62891688 kB
Active(anon):       1488 kB
Inactive(anon):   159644 kB
Active(file):     247664 kB
Inactive(file): 62732044 kB
Unevictable:           0 kB
Mlocked:               0 kB
SwapTotal:      32970748 kB
SwapFree:       32970748 kB
Dirty:           4418468 kB
Writeback:             0 kB
AnonPages:        149924 kB
Mapped:           103680 kB
Shmem:              9300 kB
KReclaimable:    1307624 kB
Slab:            1519340 kB
SReclaimable:    1307624 kB
SUnreclaim:       211716 kB
KernelStack:        8528 kB
PageTables:         7140 kB
NFS_Unstable:          0 kB
Bounce:                0 kB
WritebackTmp:          0 kB
CommitLimit:    65823308 kB
Committed_AS:     689992 kB
VmallocTotal:   34359738367 kB
VmallocUsed:      158968 kB
VmallocChunk:          0 kB
Percpu:            19712 kB
HardwareCorrupted:     0 kB
AnonHugePages:     12288 kB
ShmemHugePages:        0 kB
ShmemPmdMapped:        0 kB
FileHugePages:         0 kB
FilePmdMapped:         0 kB
HugePages_Total:       0
HugePages_Free:        0
HugePages_Rsvd:        0
HugePages_Surp:        0
Hugepagesize:       2048 kB
Hugetlb:               0 kB
DirectMap4k:      415724 kB
DirectMap2M:    10983424 kB
DirectMap1G:    56623104 kB
