MemTotal:       65705112 kB
MemFree:          592016 kB
MemAvailable:   64158460 kB
Buffers:           10648 kB
Cached:         62980800 kB
SwapCached:          200 kB
Active:           328596 kB
Inactive:       62807784 kB
Active(anon):     151788 kB
Inactive(anon):      148 kB
Active(file):     176808 kB
Inactive(file): 62807636 kB
Unevictable:           0 kB
Mlocked:               0 kB
SwapTotal:      32970748 kB
SwapFree:       32965884 kB
Dirty:           4418904 kB
Writeback:             0 kB
AnonPages:        144860 kB
Mapped:           118128 kB
Shmem:              5032 kB
KReclaimable:    1308576 kB
Slab:            1518876 kB
SReclaimable:    1308576 kB
SUnreclaim:       210300 kB
KernelStack:        8448 kB
PageTables:         7268 kB
NFS_Unstable:          0 kB
Bounce:                0 kB
WritebackTmp:          0 kB
CommitLimit:    65823304 kB
Committed_AS:     690520 kB
VmallocTotal:   34359738367 kB
VmallocUsed:      158840 kB
VmallocChunk:          0 kB
Percpu:            19456 kB
HardwareCorrupted:     0 kB
AnonHugePages:      4096 kB
ShmemHugePages:        0 kB
ShmemPmdMapped:        0 kB
FileHugePages:         0 kB
FilePmdMapped:         0 kB
HugePages_Total:       0
HugePages_Free:        0
HugePages_Rsvd:        0
HugePages_Surp:        0
Hugepagesize:       2048 kB
Hugetlb:               0 kB
DirectMap4k:      495596 kB
DirectMap2M:     9854976 kB
DirectMap1G:    57671680 kB
