MemTotal:       65705120 kB
MemFree:        64633868 kB
MemAvailable:   64368844 kB
Buffers:           27440 kB
Cached:           286244 kB
SwapCached:            0 kB
Active:            92492 kB
Inactive:         307336 kB
Active(anon):       1396 kB
Inactive(anon):    95012 kB
Active(file):      91096 kB
Inactive(file):   212324 kB
Unevictable:           0 kB
Mlocked:               0 kB
SwapTotal:      32970748 kB
SwapFree:       32970748 kB
Dirty:               212 kB
Writeback:             0 kB
AnonPages:         87128 kB
Mapped:            95812 kB
Shmem:              9284 kB
KReclaimable:      49900 kB
Slab:             150144 kB
SReclaimable:      49900 kB
SUnreclaim:       100244 kB
KernelStack:        8028 kB
PageTables:         6556 kB
NFS_Unstable:          0 kB
Bounce:                0 kB
WritebackTmp:          0 kB
CommitLimit:    65823308 kB
Committed_AS:     522240 kB
VmallocTotal:   34359738367 kB
VmallocUsed:      158688 kB
VmallocChunk:          0 kB
Percpu:            19328 kB
HardwareCorrupted:     0 kB
AnonHugePages:     10240 kB
ShmemHugePages:        0 kB
ShmemPmdMapped:        0 kB
FileHugePages:         0 kB
FilePmdMapped:         0 kB
HugePages_Total:       0
HugePages_Free:        0
HugePages_Rsvd:        0
HugePages_Surp:        0
Hugepagesize:       2048 kB
Hugetlb:               0 kB
DirectMap4k:      495596 kB
DirectMap2M:    10903552 kB
DirectMap1G:    56623104 kB
