MemTotal:       65705112 kB
MemFree:          592360 kB
MemAvailable:   64162108 kB
Buffers:           12288 kB
Cached:         62981372 kB
SwapCached:          240 kB
Active:           333832 kB
Inactive:       62805020 kB
Active(anon):     151592 kB
Inactive(anon):      148 kB
Active(file):     182240 kB
Inactive(file): 62804872 kB
Unevictable:           0 kB
Mlocked:               0 kB
SwapTotal:      32970748 kB
SwapFree:       32966396 kB
Dirty:           4419160 kB
Writeback:             0 kB
AnonPages:        145748 kB
Mapped:           119376 kB
Shmem:              5040 kB
KReclaimable:    1309212 kB
Slab:            1520344 kB
SReclaimable:    1309212 kB
SUnreclaim:       211132 kB
KernelStack:        8544 kB
PageTables:         7208 kB
NFS_Unstable:          0 kB
Bounce:                0 kB
WritebackTmp:          0 kB
CommitLimit:    65823304 kB
Committed_AS:     691028 kB
VmallocTotal:   34359738367 kB
VmallocUsed:      158936 kB
VmallocChunk:          0 kB
Percpu:            19328 kB
HardwareCorrupted:     0 kB
AnonHugePages:      8192 kB
ShmemHugePages:        0 kB
ShmemPmdMapped:        0 kB
FileHugePages:         0 kB
FilePmdMapped:         0 kB
HugePages_Total:       0
HugePages_Free:        0
HugePages_Rsvd:        0
HugePages_Surp:        0
Hugepagesize:       2048 kB
Hugetlb:               0 kB
DirectMap4k:      540652 kB
DirectMap2M:     6664192 kB
DirectMap1G:    60817408 kB
