MemTotal:       263785556 kB
MemFree:         1190548 kB
MemAvailable:   199194196 kB
Buffers:          294988 kB
Cached:         196339584 kB
SwapCached:            0 kB
Active:         15244324 kB
Inactive:       187497712 kB
Active(anon):    6140856 kB
Inactive(anon):     2460 kB
Active(file):    9103468 kB
Inactive(file): 187495252 kB
Unevictable:    55310492 kB
Mlocked:        55310492 kB
SwapTotal:             0 kB
SwapFree:              0 kB
Dirty:            773380 kB
Writeback:             0 kB
AnonPages:      61418560 kB
Mapped:          5745532 kB
Shmem:              2348 kB
KReclaimable:    3277384 kB
Slab:            3802956 kB
SReclaimable:    3277384 kB
SUnreclaim:       525572 kB
KernelStack:       12176 kB
PageTables:       133676 kB
NFS_Unstable:          0 kB
Bounce:                0 kB
WritebackTmp:          0 kB
CommitLimit:    131892776 kB
Committed_AS:   64927956 kB
VmallocTotal:   34359738367 kB
VmallocUsed:      255524 kB
VmallocChunk:          0 kB
Percpu:            30336 kB
HardwareCorrupted:     0 kB
AnonHugePages:         0 kB
ShmemHugePages:        0 kB
ShmemPmdMapped:        0 kB
FileHugePages:         0 kB
FilePmdMapped:         0 kB
HugePages_Total:       0
HugePages_Free:        0
HugePages_Rsvd:        0
HugePages_Surp:        0
Hugepagesize:       2048 kB
Hugetlb:               0 kB
DirectMap4k:      271024 kB
DirectMap2M:     4624384 kB
DirectMap1G:    265289728 kB
