MemTotal:       263785560 kB
MemFree:         1125668 kB
MemAvailable:   257856540 kB
Buffers:           60372 kB
Cached:         256537788 kB
SwapCached:            0 kB
Active:           153300 kB
Inactive:       256484932 kB
Active(anon):       1712 kB
Inactive(anon):  2691124 kB
Active(file):     151588 kB
Inactive(file): 253793808 kB
Unevictable:       19116 kB
Mlocked:           19116 kB
SwapTotal:             0 kB
SwapFree:              0 kB
Dirty:            350492 kB
Writeback:             0 kB
AnonPages:         59972 kB
Mapped:          2692544 kB
Shmem:           2643436 kB
KReclaimable:    4633860 kB
Slab:            5199960 kB
SReclaimable:    4633860 kB
SUnreclaim:       566100 kB
KernelStack:        9072 kB
PageTables:         8604 kB
NFS_Unstable:          0 kB
Bounce:                0 kB
WritebackTmp:          0 kB
CommitLimit:    131892780 kB
Committed_AS:   130032716 kB
VmallocTotal:   34359738367 kB
VmallocUsed:      251792 kB
VmallocChunk:          0 kB
Percpu:            27648 kB
HardwareCorrupted:     0 kB
AnonHugePages:         0 kB
ShmemHugePages:        0 kB
ShmemPmdMapped:        0 kB
FileHugePages:         0 kB
FilePmdMapped:         0 kB
HugePages_Total:       0
HugePages_Free:        0
HugePages_Rsvd:        0
HugePages_Surp:        0
Hugepagesize:       2048 kB
Hugetlb:               0 kB
DirectMap4k:      273068 kB
DirectMap2M:     4622336 kB
DirectMap1G:    265289728 kB
