MemTotal:       65705112 kB
MemFree:        64624480 kB
MemAvailable:   64359464 kB
Buffers:           27464 kB
Cached:           286040 kB
SwapCached:            0 kB
Active:            95280 kB
Inactive:         309104 kB
Active(anon):       1500 kB
Inactive(anon):    99280 kB
Active(file):      93780 kB
Inactive(file):   209824 kB
Unevictable:           0 kB
Mlocked:               0 kB
SwapTotal:      32970748 kB
SwapFree:       32970748 kB
Dirty:               384 kB
Writeback:             0 kB
AnonPages:         91720 kB
Mapped:            97244 kB
Shmem:              9304 kB
KReclaimable:      49924 kB
Slab:             149352 kB
SReclaimable:      49924 kB
SUnreclaim:        99428 kB
KernelStack:        8256 kB
PageTables:         7320 kB
NFS_Unstable:          0 kB
Bounce:                0 kB
WritebackTmp:          0 kB
CommitLimit:    65823304 kB
Committed_AS:     539876 kB
VmallocTotal:   34359738367 kB
VmallocUsed:      158640 kB
VmallocChunk:          0 kB
Percpu:            19456 kB
HardwareCorrupted:     0 kB
AnonHugePages:     10240 kB
ShmemHugePages:        0 kB
ShmemPmdMapped:        0 kB
FileHugePages:         0 kB
FilePmdMapped:         0 kB
HugePages_Total:       0
HugePages_Free:        0
HugePages_Rsvd:        0
HugePages_Surp:        0
Hugepagesize:       2048 kB
Hugetlb:               0 kB
DirectMap4k:      499692 kB
DirectMap2M:    10899456 kB
DirectMap1G:    56623104 kB
