MemTotal:       263785552 kB
MemFree:        262400676 kB
MemAvailable:   261381888 kB
Buffers:           16640 kB
Cached:           191528 kB
SwapCached:            0 kB
Active:           286404 kB
Inactive:          44932 kB
Active(anon):     132500 kB
Inactive(anon):     2128 kB
Active(file):     153904 kB
Inactive(file):    42804 kB
Unevictable:       19116 kB
Mlocked:           19116 kB
SwapTotal:             0 kB
SwapFree:              0 kB
Dirty:              5544 kB
Writeback:             0 kB
AnonPages:        142688 kB
Mapped:           110996 kB
Shmem:              2048 kB
KReclaimable:      47212 kB
Slab:             182420 kB
SReclaimable:      47212 kB
SUnreclaim:       135208 kB
KernelStack:       12080 kB
PageTables:         9544 kB
NFS_Unstable:          0 kB
Bounce:                0 kB
WritebackTmp:          0 kB
CommitLimit:    131892776 kB
Committed_AS:     515872 kB
VmallocTotal:   34359738367 kB
VmallocUsed:      254552 kB
VmallocChunk:          0 kB
Percpu:            26880 kB
HardwareCorrupted:     0 kB
AnonHugePages:         0 kB
ShmemHugePages:        0 kB
ShmemPmdMapped:        0 kB
FileHugePages:         0 kB
FilePmdMapped:         0 kB
HugePages_Total:       0
HugePages_Free:        0
HugePages_Rsvd:        0
HugePages_Surp:        0
Hugepagesize:       2048 kB
Hugetlb:               0 kB
DirectMap4k:      238252 kB
DirectMap2M:     4657152 kB
DirectMap1G:    265289728 kB
