MemTotal:       263785560 kB
MemFree:        262265092 kB
MemAvailable:   261325516 kB
Buffers:           65084 kB
Cached:           297344 kB
SwapCached:            0 kB
Active:           113908 kB
Inactive:         378436 kB
Active(anon):        548 kB
Inactive(anon):   140224 kB
Active(file):     113360 kB
Inactive(file):   238212 kB
Unevictable:       19116 kB
Mlocked:           19116 kB
SwapTotal:             0 kB
SwapFree:              0 kB
Dirty:              5896 kB
Writeback:            16 kB
AnonPages:        149188 kB
Mapped:           124808 kB
Shmem:              2052 kB
KReclaimable:      50776 kB
Slab:             185208 kB
SReclaimable:      50776 kB
SUnreclaim:       134432 kB
KernelStack:       11952 kB
PageTables:         9936 kB
NFS_Unstable:          0 kB
Bounce:                0 kB
WritebackTmp:          0 kB
CommitLimit:    131892780 kB
Committed_AS:     532800 kB
VmallocTotal:   34359738367 kB
VmallocUsed:      254392 kB
VmallocChunk:          0 kB
Percpu:            27072 kB
HardwareCorrupted:     0 kB
AnonHugePages:         0 kB
ShmemHugePages:        0 kB
ShmemPmdMapped:        0 kB
FileHugePages:         0 kB
FilePmdMapped:         0 kB
HugePages_Total:       0
HugePages_Free:        0
HugePages_Rsvd:        0
HugePages_Surp:        0
Hugepagesize:       2048 kB
Hugetlb:               0 kB
DirectMap4k:      219820 kB
DirectMap2M:     5724160 kB
DirectMap1G:    264241152 kB
