MemTotal:       65705120 kB
MemFree:          565164 kB
MemAvailable:   64146748 kB
Buffers:           39264 kB
Cached:         62970348 kB
SwapCached:            0 kB
Active:           242888 kB
Inactive:       62913716 kB
Active(anon):       1448 kB
Inactive(anon):   155368 kB
Active(file):     241440 kB
Inactive(file): 62758348 kB
Unevictable:           0 kB
Mlocked:               0 kB
SwapTotal:      32970748 kB
SwapFree:       32970748 kB
Dirty:           4418452 kB
Writeback:             0 kB
AnonPages:        147648 kB
Mapped:           103756 kB
Shmem:              9296 kB
KReclaimable:    1308372 kB
Slab:            1518192 kB
SReclaimable:    1308372 kB
SUnreclaim:       209820 kB
KernelStack:        8560 kB
PageTables:         7248 kB
NFS_Unstable:          0 kB
Bounce:                0 kB
WritebackTmp:          0 kB
CommitLimit:    65823308 kB
Committed_AS:     690040 kB
VmallocTotal:   34359738367 kB
VmallocUsed:      158984 kB
VmallocChunk:          0 kB
Percpu:            19712 kB
HardwareCorrupted:     0 kB
AnonHugePages:      8192 kB
ShmemHugePages:        0 kB
ShmemPmdMapped:        0 kB
FileHugePages:         0 kB
FilePmdMapped:         0 kB
HugePages_Total:       0
HugePages_Free:        0
HugePages_Rsvd:        0
HugePages_Surp:        0
Hugepagesize:       2048 kB
Hugetlb:               0 kB
DirectMap4k:      378860 kB
DirectMap2M:     7874560 kB
DirectMap1G:    59768832 kB
