MemTotal:       65705112 kB
MemFree:        60805276 kB
MemAvailable:   60453752 kB
Buffers:            6584 kB
Cached:           171060 kB
SwapCached:            0 kB
Active:          4176452 kB
Inactive:          43176 kB
Active(anon):    4034736 kB
Inactive(anon):    16568 kB
Active(file):     141716 kB
Inactive(file):    26608 kB
Unevictable:           0 kB
Mlocked:               0 kB
SwapTotal:      32970748 kB
SwapFree:       32970748 kB
Dirty:                56 kB
Writeback:             0 kB
AnonPages:       4041076 kB
Mapped:           101436 kB
Shmem:              9320 kB
KReclaimable:      49036 kB
Slab:             170320 kB
SReclaimable:      49036 kB
SUnreclaim:       121284 kB
KernelStack:        8432 kB
PageTables:        14564 kB
NFS_Unstable:          0 kB
Bounce:                0 kB
WritebackTmp:          0 kB
CommitLimit:    65823304 kB
Committed_AS:   56139476 kB
VmallocTotal:   34359738367 kB
VmallocUsed:      164036 kB
VmallocChunk:          0 kB
Percpu:            19456 kB
HardwareCorrupted:     0 kB
AnonHugePages:   3911680 kB
ShmemHugePages:        0 kB
ShmemPmdMapped:        0 kB
FileHugePages:         0 kB
FilePmdMapped:         0 kB
HugePages_Total:       0
HugePages_Free:        0
HugePages_Rsvd:        0
HugePages_Surp:        0
Hugepagesize:       2048 kB
Hugetlb:               0 kB
DirectMap4k:      376812 kB
DirectMap2M:     7876608 kB
DirectMap1G:    59768832 kB
