MemTotal:       263785560 kB
MemFree:         1059928 kB
MemAvailable:   257077436 kB
Buffers:           60648 kB
Cached:         256577916 kB
SwapCached:            0 kB
Active:           163612 kB
Inactive:       256515260 kB
Active(anon):       1596 kB
Inactive(anon):  3437632 kB
Active(file):     162016 kB
Inactive(file): 253077628 kB
Unevictable:       19116 kB
Mlocked:           19116 kB
SwapTotal:      67108860 kB
SwapFree:       67108860 kB
Dirty:            354720 kB
Writeback:             0 kB
AnonPages:         60284 kB
Mapped:          3457972 kB
Shmem:           3389420 kB
KReclaimable:    4626248 kB
Slab:            5194040 kB
SReclaimable:    4626248 kB
SUnreclaim:       567792 kB
KernelStack:        9088 kB
PageTables:        10588 kB
NFS_Unstable:          0 kB
Bounce:                0 kB
WritebackTmp:          0 kB
CommitLimit:    199001640 kB
Committed_AS:   162312888 kB
VmallocTotal:   34359738367 kB
VmallocUsed:      268256 kB
VmallocChunk:          0 kB
Percpu:            27648 kB
HardwareCorrupted:     0 kB
AnonHugePages:         0 kB
ShmemHugePages:        0 kB
ShmemPmdMapped:        0 kB
FileHugePages:         0 kB
FilePmdMapped:         0 kB
HugePages_Total:       0
HugePages_Free:        0
HugePages_Rsvd:        0
HugePages_Surp:        0
Hugepagesize:       2048 kB
Hugetlb:               0 kB
DirectMap4k:      279212 kB
DirectMap2M:     4616192 kB
DirectMap1G:    265289728 kB
