MemTotal:       65705112 kB
MemFree:          590580 kB
MemAvailable:   64155352 kB
Buffers:           11888 kB
Cached:         62976832 kB
SwapCached:          148 kB
Active:           329052 kB
Inactive:       62805128 kB
Active(anon):     151908 kB
Inactive(anon):      148 kB
Active(file):     177144 kB
Inactive(file): 62804980 kB
Unevictable:           0 kB
Mlocked:               0 kB
SwapTotal:      32970748 kB
SwapFree:       32966396 kB
Dirty:           4419144 kB
Writeback:             0 kB
AnonPages:        147064 kB
Mapped:           118548 kB
Shmem:              5040 kB
KReclaimable:    1309224 kB
Slab:            1520684 kB
SReclaimable:    1309224 kB
SUnreclaim:       211460 kB
KernelStack:        8624 kB
PageTables:         7272 kB
NFS_Unstable:          0 kB
Bounce:                0 kB
WritebackTmp:          0 kB
CommitLimit:    65823304 kB
Committed_AS:     707796 kB
VmallocTotal:   34359738367 kB
VmallocUsed:      159032 kB
VmallocChunk:          0 kB
Percpu:            19200 kB
HardwareCorrupted:     0 kB
AnonHugePages:     12288 kB
ShmemHugePages:        0 kB
ShmemPmdMapped:        0 kB
FileHugePages:         0 kB
FilePmdMapped:         0 kB
HugePages_Total:       0
HugePages_Free:        0
HugePages_Rsvd:        0
HugePages_Surp:        0
Hugepagesize:       2048 kB
Hugetlb:               0 kB
DirectMap4k:      493548 kB
DirectMap2M:     6711296 kB
DirectMap1G:    60817408 kB
