MemTotal:       263785560 kB
MemFree:         1080028 kB
MemAvailable:   257013652 kB
Buffers:           60308 kB
Cached:         256494580 kB
SwapCached:            0 kB
Active:           159332 kB
Inactive:       256435744 kB
Active(anon):       1772 kB
Inactive(anon):  3437160 kB
Active(file):     157560 kB
Inactive(file): 252998584 kB
Unevictable:       19116 kB
Mlocked:           19116 kB
SwapTotal:      67108860 kB
SwapFree:       67108860 kB
Dirty:            354160 kB
Writeback:             0 kB
AnonPages:         59944 kB
Mapped:          3455792 kB
Shmem:           3389420 kB
KReclaimable:    4625700 kB
Slab:            5195440 kB
SReclaimable:    4625700 kB
SUnreclaim:       569740 kB
KernelStack:        9120 kB
PageTables:        10564 kB
NFS_Unstable:          0 kB
Bounce:                0 kB
WritebackTmp:          0 kB
CommitLimit:    199001640 kB
Committed_AS:   162312732 kB
VmallocTotal:   34359738367 kB
VmallocUsed:      268304 kB
VmallocChunk:          0 kB
Percpu:            27648 kB
HardwareCorrupted:     0 kB
AnonHugePages:         0 kB
ShmemHugePages:        0 kB
ShmemPmdMapped:        0 kB
FileHugePages:         0 kB
FilePmdMapped:         0 kB
HugePages_Total:       0
HugePages_Free:        0
HugePages_Rsvd:        0
HugePages_Surp:        0
Hugepagesize:       2048 kB
Hugetlb:               0 kB
DirectMap4k:      244396 kB
DirectMap2M:     4651008 kB
DirectMap1G:    265289728 kB
