MemTotal:       263785556 kB
MemFree:         1121584 kB
MemAvailable:      36192 kB
Buffers:            5136 kB
Cached:            50932 kB
SwapCached:         2048 kB
Active:         114881772 kB
Inactive:       145447536 kB
Active(anon):   114845120 kB
Inactive(anon): 145439008 kB
Active(file):      36652 kB
Inactive(file):     8528 kB
Unevictable:       19140 kB
Mlocked:           19140 kB
SwapTotal:      41943024 kB
SwapFree:       33290204 kB
Dirty:                 0 kB
Writeback:             0 kB
AnonPages:      260294160 kB
Mapped:            34724 kB
Shmem:                12 kB
KReclaimable:      65808 kB
Slab:             250072 kB
SReclaimable:      65808 kB
SUnreclaim:       184264 kB
KernelStack:       12224 kB
PageTables:       531672 kB
NFS_Unstable:          0 kB
Bounce:                0 kB
WritebackTmp:          0 kB
CommitLimit:    173835800 kB
Committed_AS:    1428092 kB
VmallocTotal:   34359738367 kB
VmallocUsed:      514408 kB
VmallocChunk:          0 kB
Percpu:            33792 kB
HardwareCorrupted:     0 kB
AnonHugePages:  238872576 kB
ShmemHugePages:        0 kB
ShmemPmdMapped:        0 kB
FileHugePages:         0 kB
FilePmdMapped:         0 kB
HugePages_Total:       0
HugePages_Free:        0
HugePages_Rsvd:        0
HugePages_Surp:        0
Hugepagesize:       2048 kB
Hugetlb:               0 kB
DirectMap4k:      281264 kB
DirectMap2M:     4614144 kB
DirectMap1G:    265289728 kB
