MemTotal:       65705112 kB
MemFree:          472828 kB
MemAvailable:      58576 kB
Buffers:            3592 kB
Cached:            43424 kB
SwapCached:       181020 kB
Active:         38481524 kB
Inactive:       25849020 kB
Active(anon):   38449008 kB
Inactive(anon): 25835700 kB
Active(file):      32516 kB
Inactive(file):    13320 kB
Unevictable:           0 kB
Mlocked:               0 kB
SwapTotal:       8388604 kB
SwapFree:        5019132 kB
Dirty:                 0 kB
Writeback:             0 kB
AnonPages:      64112944 kB
Mapped:            36760 kB
Shmem:              1168 kB
KReclaimable:      46088 kB
Slab:             154264 kB
SReclaimable:      46088 kB
SUnreclaim:       108176 kB
KernelStack:        8624 kB
PageTables:       140932 kB
NFS_Unstable:          0 kB
Bounce:                0 kB
WritebackTmp:          0 kB
CommitLimit:    41241160 kB
Committed_AS:    3800332 kB
VmallocTotal:   34359738367 kB
VmallocUsed:      191152 kB
VmallocChunk:          0 kB
Percpu:            19712 kB
HardwareCorrupted:     0 kB
AnonHugePages:     10240 kB
ShmemHugePages:        0 kB
ShmemPmdMapped:        0 kB
FileHugePages:         0 kB
FilePmdMapped:         0 kB
HugePages_Total:       0
HugePages_Free:        0
HugePages_Rsvd:        0
HugePages_Surp:        0
Hugepagesize:       2048 kB
Hugetlb:               0 kB
DirectMap4k:      409580 kB
DirectMap2M:    10989568 kB
DirectMap1G:    56623104 kB
