MemTotal:       263785564 kB
MemFree:         1351192 kB
MemAvailable:     324500 kB
Buffers:           20956 kB
Cached:           142952 kB
SwapCached:            0 kB
Active:         19883208 kB
Inactive:       240314776 kB
Active(anon):   19800420 kB
Inactive(anon): 240244840 kB
Active(file):      82788 kB
Inactive(file):    69936 kB
Unevictable:       19140 kB
Mlocked:           19140 kB
SwapTotal:      41943024 kB
SwapFree:       33077412 kB
Dirty:                 0 kB
Writeback:             0 kB
AnonPages:      260046472 kB
Mapped:            81112 kB
Shmem:              2408 kB
KReclaimable:      75352 kB
Slab:             255324 kB
SReclaimable:      75352 kB
SUnreclaim:       179972 kB
KernelStack:       12272 kB
PageTables:       531656 kB
NFS_Unstable:          0 kB
Bounce:                0 kB
WritebackTmp:          0 kB
CommitLimit:    173835804 kB
Committed_AS:    1410456 kB
VmallocTotal:   34359738367 kB
VmallocUsed:      514456 kB
VmallocChunk:          0 kB
Percpu:            33792 kB
HardwareCorrupted:     0 kB
AnonHugePages:  172996608 kB
ShmemHugePages:        0 kB
ShmemPmdMapped:        0 kB
FileHugePages:         0 kB
FilePmdMapped:         0 kB
HugePages_Total:       0
HugePages_Free:        0
HugePages_Rsvd:        0
HugePages_Surp:        0
Hugepagesize:       2048 kB
Hugetlb:               0 kB
DirectMap4k:      332464 kB
DirectMap2M:     5611520 kB
DirectMap1G:    264241152 kB
