MemTotal:       65705112 kB
MemFree:          393760 kB
MemAvailable:          0 kB
Buffers:            3400 kB
Cached:            19480 kB
SwapCached:           72 kB
Active:         11625464 kB
Inactive:       52770700 kB
Active(anon):   11608252 kB
Inactive(anon): 52766408 kB
Active(file):      17212 kB
Inactive(file):     4292 kB
Unevictable:           0 kB
Mlocked:               0 kB
SwapTotal:       8388604 kB
SwapFree:        5284860 kB
Dirty:                 0 kB
Writeback:             0 kB
AnonPages:      64374692 kB
Mapped:            14908 kB
Shmem:                 4 kB
KReclaimable:      46976 kB
Slab:             155908 kB
SReclaimable:      46976 kB
SUnreclaim:       108932 kB
KernelStack:        8736 kB
PageTables:       139184 kB
NFS_Unstable:          0 kB
Bounce:                0 kB
WritebackTmp:          0 kB
CommitLimit:    41241160 kB
Committed_AS:   67989812 kB
VmallocTotal:   34359738367 kB
VmallocUsed:      191248 kB
VmallocChunk:          0 kB
Percpu:            19712 kB
HardwareCorrupted:     0 kB
AnonHugePages:  63866880 kB
ShmemHugePages:        0 kB
ShmemPmdMapped:        0 kB
FileHugePages:         0 kB
FilePmdMapped:         0 kB
HugePages_Total:       0
HugePages_Free:        0
HugePages_Rsvd:        0
HugePages_Surp:        0
Hugepagesize:       2048 kB
Hugetlb:               0 kB
DirectMap4k:      532460 kB
DirectMap2M:     7720960 kB
DirectMap1G:    59768832 kB
