MemTotal:       65705112 kB
MemFree:        64631692 kB
MemAvailable:   64359668 kB
Buffers:           27180 kB
Cached:           279444 kB
SwapCached:            0 kB
Active:           193460 kB
Inactive:         199012 kB
Active(anon):      80668 kB
Inactive(anon):    15548 kB
Active(file):     112792 kB
Inactive(file):   183464 kB
Unevictable:           0 kB
Mlocked:               0 kB
SwapTotal:      32970748 kB
SwapFree:       32970748 kB
Dirty:               348 kB
Writeback:             0 kB
AnonPages:         86416 kB
Mapped:            91884 kB
Shmem:              9300 kB
KReclaimable:      50228 kB
Slab:             151716 kB
SReclaimable:      50228 kB
SUnreclaim:       101488 kB
KernelStack:        8144 kB
PageTables:         7444 kB
NFS_Unstable:          0 kB
Bounce:                0 kB
WritebackTmp:          0 kB
CommitLimit:    65823304 kB
Committed_AS:     313324 kB
VmallocTotal:   34359738367 kB
VmallocUsed:      158848 kB
VmallocChunk:          0 kB
Percpu:            19456 kB
HardwareCorrupted:     0 kB
AnonHugePages:      8192 kB
ShmemHugePages:        0 kB
ShmemPmdMapped:        0 kB
FileHugePages:         0 kB
FilePmdMapped:         0 kB
HugePages_Total:       0
HugePages_Free:        0
HugePages_Rsvd:        0
HugePages_Surp:        0
Hugepagesize:       2048 kB
Hugetlb:               0 kB
DirectMap4k:      401388 kB
DirectMap2M:     8900608 kB
DirectMap1G:    58720256 kB
