MemTotal:       65705112 kB
MemFree:          602656 kB
MemAvailable:   64157936 kB
Buffers:           12140 kB
Cached:         62967076 kB
SwapCached:          204 kB
Active:           329476 kB
Inactive:       62795036 kB
Active(anon):     150732 kB
Inactive(anon):      152 kB
Active(file):     178744 kB
Inactive(file): 62794884 kB
Unevictable:           0 kB
Mlocked:               0 kB
SwapTotal:      32970748 kB
SwapFree:       32966396 kB
Dirty:           4419100 kB
Writeback:             0 kB
AnonPages:        145828 kB
Mapped:           119420 kB
Shmem:              5032 kB
KReclaimable:    1308228 kB
Slab:            1519072 kB
SReclaimable:    1308228 kB
SUnreclaim:       210844 kB
KernelStack:        8624 kB
PageTables:         7412 kB
NFS_Unstable:          0 kB
Bounce:                0 kB
WritebackTmp:          0 kB
CommitLimit:    65823304 kB
Committed_AS:     691296 kB
VmallocTotal:   34359738367 kB
VmallocUsed:      159032 kB
VmallocChunk:          0 kB
Percpu:            19328 kB
HardwareCorrupted:     0 kB
AnonHugePages:      6144 kB
ShmemHugePages:        0 kB
ShmemPmdMapped:        0 kB
FileHugePages:         0 kB
FilePmdMapped:         0 kB
HugePages_Total:       0
HugePages_Free:        0
HugePages_Rsvd:        0
HugePages_Surp:        0
Hugepagesize:       2048 kB
Hugetlb:               0 kB
DirectMap4k:      448492 kB
DirectMap2M:     9902080 kB
DirectMap1G:    57671680 kB
