MemTotal:       65705112 kB
MemFree:          600744 kB
MemAvailable:   64160640 kB
Buffers:           12696 kB
Cached:         62971896 kB
SwapCached:          136 kB
Active:           333068 kB
Inactive:       62795800 kB
Active(anon):     150784 kB
Inactive(anon):      148 kB
Active(file):     182284 kB
Inactive(file): 62795652 kB
Unevictable:           0 kB
Mlocked:               0 kB
SwapTotal:      32970748 kB
SwapFree:       32966396 kB
Dirty:           4419160 kB
Writeback:             0 kB
AnonPages:        143900 kB
Mapped:           120212 kB
Shmem:              5036 kB
KReclaimable:    1308536 kB
Slab:            1519720 kB
SReclaimable:    1308536 kB
SUnreclaim:       211184 kB
KernelStack:        8496 kB
PageTables:         7352 kB
NFS_Unstable:          0 kB
Bounce:                0 kB
WritebackTmp:          0 kB
CommitLimit:    65823304 kB
Committed_AS:     693504 kB
VmallocTotal:   34359738367 kB
VmallocUsed:      158824 kB
VmallocChunk:          0 kB
Percpu:            19328 kB
HardwareCorrupted:     0 kB
AnonHugePages:      6144 kB
ShmemHugePages:        0 kB
ShmemPmdMapped:        0 kB
FileHugePages:         0 kB
FilePmdMapped:         0 kB
HugePages_Total:       0
HugePages_Free:        0
HugePages_Rsvd:        0
HugePages_Surp:        0
Hugepagesize:       2048 kB
Hugetlb:               0 kB
DirectMap4k:      485356 kB
DirectMap2M:    11962368 kB
DirectMap1G:    55574528 kB
