MemTotal:       263785552 kB
MemFree:         1183496 kB
MemAvailable:   257855692 kB
Buffers:           11608 kB
Cached:         256529880 kB
SwapCached:            0 kB
Active:          2821188 kB
Inactive:       253760116 kB
Active(anon):    2692316 kB
Inactive(anon):      268 kB
Active(file):     128872 kB
Inactive(file): 253759848 kB
Unevictable:       19116 kB
Mlocked:           19116 kB
SwapTotal:             0 kB
SwapFree:              0 kB
Dirty:            354884 kB
Writeback:             0 kB
AnonPages:         59660 kB
Mapped:          2698520 kB
Shmem:           2643436 kB
KReclaimable:    4631696 kB
Slab:            5199040 kB
SReclaimable:    4631696 kB
SUnreclaim:       567344 kB
KernelStack:        9120 kB
PageTables:         8540 kB
NFS_Unstable:          0 kB
Bounce:                0 kB
WritebackTmp:          0 kB
CommitLimit:    131892776 kB
Committed_AS:   130036888 kB
VmallocTotal:   34359738367 kB
VmallocUsed:      251856 kB
VmallocChunk:          0 kB
Percpu:            27648 kB
HardwareCorrupted:     0 kB
AnonHugePages:         0 kB
ShmemHugePages:        0 kB
ShmemPmdMapped:        0 kB
FileHugePages:         0 kB
FilePmdMapped:         0 kB
HugePages_Total:       0
HugePages_Free:        0
HugePages_Rsvd:        0
HugePages_Surp:        0
Hugepagesize:       2048 kB
Hugetlb:               0 kB
DirectMap4k:      268972 kB
DirectMap2M:     5675008 kB
DirectMap1G:    264241152 kB
