MemTotal:       65705120 kB
MemFree:          613432 kB
MemAvailable:   64159664 kB
Buffers:           36280 kB
Cached:         62938776 kB
SwapCached:            0 kB
Active:           249160 kB
Inactive:       62868216 kB
Active(anon):       1456 kB
Inactive(anon):   150904 kB
Active(file):     247704 kB
Inactive(file): 62717312 kB
Unevictable:           0 kB
Mlocked:               0 kB
SwapTotal:      32970748 kB
SwapFree:       32970748 kB
Dirty:           4418484 kB
Writeback:             0 kB
AnonPages:        143296 kB
Mapped:           104460 kB
Shmem:              9300 kB
KReclaimable:    1307792 kB
Slab:            1516416 kB
SReclaimable:    1307792 kB
SUnreclaim:       208624 kB
KernelStack:        8656 kB
PageTables:         7216 kB
NFS_Unstable:          0 kB
Bounce:                0 kB
WritebackTmp:          0 kB
CommitLimit:    65823308 kB
Committed_AS:     690368 kB
VmallocTotal:   34359738367 kB
VmallocUsed:      159112 kB
VmallocChunk:          0 kB
Percpu:            19840 kB
HardwareCorrupted:     0 kB
AnonHugePages:      6144 kB
ShmemHugePages:        0 kB
ShmemPmdMapped:        0 kB
FileHugePages:         0 kB
FilePmdMapped:         0 kB
HugePages_Total:       0
HugePages_Free:        0
HugePages_Rsvd:        0
HugePages_Surp:        0
Hugepagesize:       2048 kB
Hugetlb:               0 kB
DirectMap4k:      497644 kB
DirectMap2M:     9852928 kB
DirectMap1G:    57671680 kB
