MemTotal:       263785560 kB
MemFree:        262235432 kB
MemAvailable:   261276368 kB
Buffers:           64836 kB
Cached:           258400 kB
SwapCached:            0 kB
Active:           113796 kB
Inactive:         330096 kB
Active(anon):        564 kB
Inactive(anon):   130940 kB
Active(file):     113232 kB
Inactive(file):   199156 kB
Unevictable:       19116 kB
Mlocked:           19116 kB
SwapTotal:      67108860 kB
SwapFree:       67108860 kB
Dirty:              5164 kB
Writeback:             0 kB
AnonPages:        140000 kB
Mapped:            92932 kB
Shmem:              2056 kB
KReclaimable:      50980 kB
Slab:             185944 kB
SReclaimable:      50980 kB
SUnreclaim:       134964 kB
KernelStack:       12240 kB
PageTables:         9948 kB
NFS_Unstable:          0 kB
Bounce:                0 kB
WritebackTmp:          0 kB
CommitLimit:    199001640 kB
Committed_AS:     531700 kB
VmallocTotal:   34359738367 kB
VmallocUsed:      271096 kB
VmallocChunk:          0 kB
Percpu:            26496 kB
HardwareCorrupted:     0 kB
AnonHugePages:         0 kB
ShmemHugePages:        0 kB
ShmemPmdMapped:        0 kB
FileHugePages:         0 kB
FilePmdMapped:         0 kB
HugePages_Total:       0
HugePages_Free:        0
HugePages_Rsvd:        0
HugePages_Surp:        0
Hugepagesize:       2048 kB
Hugetlb:               0 kB
DirectMap4k:      260780 kB
DirectMap2M:     4634624 kB
DirectMap1G:    265289728 kB
