MemTotal:       263785552 kB
MemFree:        262260640 kB
MemAvailable:   261287424 kB
Buffers:           64428 kB
Cached:           233692 kB
SwapCached:            0 kB
Active:           275920 kB
Inactive:         180244 kB
Active(anon):     168680 kB
Inactive(anon):     2088 kB
Active(file):     107240 kB
Inactive(file):   178156 kB
Unevictable:       18672 kB
Mlocked:           18672 kB
SwapTotal:             0 kB
SwapFree:              0 kB
Dirty:              4192 kB
Writeback:             0 kB
AnonPages:        179432 kB
Mapped:            72716 kB
Shmem:              2060 kB
KReclaimable:      49672 kB
Slab:             183604 kB
SReclaimable:      49672 kB
SUnreclaim:       133932 kB
KernelStack:       11936 kB
PageTables:         9448 kB
NFS_Unstable:          0 kB
Bounce:                0 kB
WritebackTmp:          0 kB
CommitLimit:    131892776 kB
Committed_AS:     585624 kB
VmallocTotal:   34359738367 kB
VmallocUsed:      254508 kB
VmallocChunk:          0 kB
Percpu:            26496 kB
HardwareCorrupted:     0 kB
AnonHugePages:         0 kB
ShmemHugePages:        0 kB
ShmemPmdMapped:        0 kB
FileHugePages:         0 kB
FilePmdMapped:         0 kB
HugePages_Total:       0
HugePages_Free:        0
HugePages_Rsvd:        0
HugePages_Surp:        0
Hugepagesize:       2048 kB
Hugetlb:               0 kB
DirectMap4k:      273068 kB
DirectMap2M:     4622336 kB
DirectMap1G:    265289728 kB
