MemTotal:       65705120 kB
MemFree:          832160 kB
MemAvailable:     406580 kB
Buffers:            3404 kB
Cached:            15132 kB
SwapCached:            0 kB
Active:         56345888 kB
Inactive:        7523512 kB
Active(anon):   56337248 kB
Inactive(anon):  7516264 kB
Active(file):       8640 kB
Inactive(file):     7248 kB
Unevictable:           0 kB
Mlocked:               0 kB
SwapTotal:       8388604 kB
SwapFree:        4689308 kB
Dirty:                 0 kB
Writeback:             0 kB
AnonPages:      63853844 kB
Mapped:            10616 kB
Shmem:              1680 kB
KReclaimable:      53384 kB
Slab:             167368 kB
SReclaimable:      53384 kB
SUnreclaim:       113984 kB
KernelStack:        8540 kB
PageTables:       141172 kB
NFS_Unstable:          0 kB
Bounce:                0 kB
WritebackTmp:          0 kB
CommitLimit:    41241164 kB
Committed_AS:    2860200 kB
VmallocTotal:   34359738367 kB
VmallocUsed:      191104 kB
VmallocChunk:          0 kB
Percpu:            19584 kB
HardwareCorrupted:     0 kB
AnonHugePages:         0 kB
ShmemHugePages:        0 kB
ShmemPmdMapped:        0 kB
FileHugePages:         0 kB
FilePmdMapped:         0 kB
HugePages_Total:       0
HugePages_Free:        0
HugePages_Rsvd:        0
HugePages_Surp:        0
Hugepagesize:       2048 kB
Hugetlb:               0 kB
DirectMap4k:      554988 kB
DirectMap2M:     9795584 kB
DirectMap1G:    57671680 kB
