MemTotal:       263785564 kB
MemFree:         1230900 kB
MemAvailable:   198785716 kB
Buffers:          411156 kB
Cached:         195780912 kB
SwapCached:            0 kB
Active:           562540 kB
Inactive:       202038756 kB
Active(anon):       2216 kB
Inactive(anon):  6440308 kB
Active(file):     560324 kB
Inactive(file): 195598448 kB
Unevictable:    55309872 kB
Mlocked:        55309872 kB
SwapTotal:             0 kB
SwapFree:              0 kB
Dirty:            130204 kB
Writeback:             0 kB
AnonPages:      61719900 kB
Mapped:          6034904 kB
Shmem:              2348 kB
KReclaimable:    3272936 kB
Slab:            3845988 kB
SReclaimable:    3272936 kB
SUnreclaim:       573052 kB
KernelStack:       12288 kB
PageTables:       135076 kB
NFS_Unstable:          0 kB
Bounce:                0 kB
WritebackTmp:          0 kB
CommitLimit:    131892780 kB
Committed_AS:   65229972 kB
VmallocTotal:   34359738367 kB
VmallocUsed:      255588 kB
VmallocChunk:          0 kB
Percpu:            31296 kB
HardwareCorrupted:     0 kB
AnonHugePages:         0 kB
ShmemHugePages:        0 kB
ShmemPmdMapped:        0 kB
FileHugePages:         0 kB
FilePmdMapped:         0 kB
HugePages_Total:       0
HugePages_Free:        0
HugePages_Rsvd:        0
HugePages_Surp:        0
Hugepagesize:       2048 kB
Hugetlb:               0 kB
DirectMap4k:      275120 kB
DirectMap2M:     4620288 kB
DirectMap1G:    265289728 kB
