MemTotal:       65705120 kB
MemFree:         2387992 kB
MemAvailable:    1962660 kB
Buffers:            3396 kB
Cached:            14100 kB
SwapCached:           12 kB
Active:         49988836 kB
Inactive:       12198696 kB
Active(anon):   49980588 kB
Inactive(anon): 12190460 kB
Active(file):       8248 kB
Inactive(file):     8236 kB
Unevictable:           0 kB
Mlocked:               0 kB
SwapTotal:       8388604 kB
SwapFree:        3010772 kB
Dirty:                 0 kB
Writeback:             0 kB
AnonPages:      62175140 kB
Mapped:            10808 kB
Shmem:                 4 kB
KReclaimable:      53644 kB
Slab:             173116 kB
SReclaimable:      53644 kB
SUnreclaim:       119472 kB
KernelStack:        8604 kB
PageTables:       139224 kB
NFS_Unstable:          0 kB
Bounce:                0 kB
WritebackTmp:          0 kB
CommitLimit:    41241164 kB
Committed_AS:   68121636 kB
VmallocTotal:   34359738367 kB
VmallocUsed:      191200 kB
VmallocChunk:          0 kB
Percpu:            19584 kB
HardwareCorrupted:     0 kB
AnonHugePages:  56350720 kB
ShmemHugePages:        0 kB
ShmemPmdMapped:        0 kB
FileHugePages:         0 kB
FilePmdMapped:         0 kB
HugePages_Total:       0
HugePages_Free:        0
HugePages_Rsvd:        0
HugePages_Surp:        0
Hugepagesize:       2048 kB
Hugetlb:               0 kB
DirectMap4k:      317420 kB
DirectMap2M:     8984576 kB
DirectMap1G:    58720256 kB
