MemTotal:       65705120 kB
MemFree:         2759512 kB
MemAvailable:    2336608 kB
Buffers:            3472 kB
Cached:            18132 kB
SwapCached:           36 kB
Active:         52298444 kB
Inactive:        9567840 kB
Active(anon):   52285948 kB
Inactive(anon):  9559764 kB
Active(file):      12496 kB
Inactive(file):     8076 kB
Unevictable:           0 kB
Mlocked:               0 kB
SwapTotal:       8388604 kB
SwapFree:        2776800 kB
Dirty:                 0 kB
Writeback:             0 kB
AnonPages:      61850908 kB
Mapped:            12832 kB
Shmem:                28 kB
KReclaimable:      54412 kB
Slab:             173944 kB
SReclaimable:      54412 kB
SUnreclaim:       119532 kB
KernelStack:        8508 kB
PageTables:       139040 kB
NFS_Unstable:          0 kB
Bounce:                0 kB
WritebackTmp:          0 kB
CommitLimit:    41241164 kB
Committed_AS:   67989420 kB
VmallocTotal:   34359738367 kB
VmallocUsed:      185812 kB
VmallocChunk:          0 kB
Percpu:            19584 kB
HardwareCorrupted:     0 kB
AnonHugePages:  21147648 kB
ShmemHugePages:        0 kB
ShmemPmdMapped:        0 kB
FileHugePages:         0 kB
FilePmdMapped:         0 kB
HugePages_Total:       0
HugePages_Free:        0
HugePages_Rsvd:        0
HugePages_Surp:        0
Hugepagesize:       2048 kB
Hugetlb:               0 kB
DirectMap4k:      423916 kB
DirectMap2M:     8878080 kB
DirectMap1G:    58720256 kB
