MemTotal:       65705120 kB
MemFree:        64636080 kB
MemAvailable:   64365708 kB
Buffers:           27508 kB
Cached:           279648 kB
SwapCached:            0 kB
Active:            91484 kB
Inactive:         299536 kB
Active(anon):       1428 kB
Inactive(anon):    91864 kB
Active(file):      90056 kB
Inactive(file):   207672 kB
Unevictable:           0 kB
Mlocked:               0 kB
SwapTotal:      32970748 kB
SwapFree:       32970748 kB
Dirty:               376 kB
Writeback:             0 kB
AnonPages:         84112 kB
Mapped:            92476 kB
Shmem:              9304 kB
KReclaimable:      50588 kB
Slab:             151752 kB
SReclaimable:      50588 kB
SUnreclaim:       101164 kB
KernelStack:        8224 kB
PageTables:         7772 kB
NFS_Unstable:          0 kB
Bounce:                0 kB
WritebackTmp:          0 kB
CommitLimit:    65823308 kB
Committed_AS:     313452 kB
VmallocTotal:   34359738367 kB
VmallocUsed:      158720 kB
VmallocChunk:          0 kB
Percpu:            19456 kB
HardwareCorrupted:     0 kB
AnonHugePages:      4096 kB
ShmemHugePages:        0 kB
ShmemPmdMapped:        0 kB
FileHugePages:         0 kB
FilePmdMapped:         0 kB
HugePages_Total:       0
HugePages_Free:        0
HugePages_Rsvd:        0
HugePages_Surp:        0
Hugepagesize:       2048 kB
Hugetlb:               0 kB
DirectMap4k:      546796 kB
DirectMap2M:    10852352 kB
DirectMap1G:    56623104 kB
