MemTotal:       263785560 kB
MemFree:         1144396 kB
MemAvailable:   257004068 kB
Buffers:           60812 kB
Cached:         256419796 kB
SwapCached:            0 kB
Active:           154520 kB
Inactive:       256366188 kB
Active(anon):       1732 kB
Inactive(anon):  3437112 kB
Active(file):     152788 kB
Inactive(file): 252929076 kB
Unevictable:       19116 kB
Mlocked:           19116 kB
SwapTotal:      67108860 kB
SwapFree:       67108860 kB
Dirty:            361764 kB
Writeback:             0 kB
AnonPages:         60044 kB
Mapped:          3438932 kB
Shmem:           3389420 kB
KReclaimable:    4626028 kB
Slab:            5194780 kB
SReclaimable:    4626028 kB
SUnreclaim:       568752 kB
KernelStack:        9152 kB
PageTables:        10544 kB
NFS_Unstable:          0 kB
Bounce:                0 kB
WritebackTmp:          0 kB
CommitLimit:    199001640 kB
Committed_AS:   162312788 kB
VmallocTotal:   34359738367 kB
VmallocUsed:      268304 kB
VmallocChunk:          0 kB
Percpu:            27264 kB
HardwareCorrupted:     0 kB
AnonHugePages:         0 kB
ShmemHugePages:        0 kB
ShmemPmdMapped:        0 kB
FileHugePages:         0 kB
FilePmdMapped:         0 kB
HugePages_Total:       0
HugePages_Free:        0
HugePages_Rsvd:        0
HugePages_Surp:        0
Hugepagesize:       2048 kB
Hugetlb:               0 kB
DirectMap4k:      240300 kB
DirectMap2M:     4655104 kB
DirectMap1G:    265289728 kB
