MemTotal:       65705112 kB
MemFree:          600488 kB
MemAvailable:   64163716 kB
Buffers:           13576 kB
Cached:         62973556 kB
SwapCached:          148 kB
Active:           331024 kB
Inactive:       62802760 kB
Active(anon):     152584 kB
Inactive(anon):      152 kB
Active(file):     178440 kB
Inactive(file): 62802608 kB
Unevictable:           0 kB
Mlocked:               0 kB
SwapTotal:      32970748 kB
SwapFree:       32966396 kB
Dirty:           4418700 kB
Writeback:             0 kB
AnonPages:        147716 kB
Mapped:           117860 kB
Shmem:              5036 kB
KReclaimable:    1308756 kB
Slab:            1518796 kB
SReclaimable:    1308756 kB
SUnreclaim:       210040 kB
KernelStack:        8608 kB
PageTables:         7136 kB
NFS_Unstable:          0 kB
Bounce:                0 kB
WritebackTmp:          0 kB
CommitLimit:    65823304 kB
Committed_AS:     690740 kB
VmallocTotal:   34359738367 kB
VmallocUsed:      159064 kB
VmallocChunk:          0 kB
Percpu:            19456 kB
HardwareCorrupted:     0 kB
AnonHugePages:      8192 kB
ShmemHugePages:        0 kB
ShmemPmdMapped:        0 kB
FileHugePages:         0 kB
FilePmdMapped:         0 kB
HugePages_Total:       0
HugePages_Free:        0
HugePages_Rsvd:        0
HugePages_Surp:        0
Hugepagesize:       2048 kB
Hugetlb:               0 kB
DirectMap4k:      483308 kB
DirectMap2M:     7770112 kB
DirectMap1G:    59768832 kB
