MemTotal:       65705112 kB
MemFree:        62035516 kB
MemAvailable:   61684820 kB
Buffers:            7504 kB
Cached:           170512 kB
SwapCached:            0 kB
Active:          2930580 kB
Inactive:          44288 kB
Active(anon):    2789644 kB
Inactive(anon):    16576 kB
Active(file):     140936 kB
Inactive(file):    27712 kB
Unevictable:           0 kB
Mlocked:               0 kB
SwapTotal:      32970748 kB
SwapFree:       32970748 kB
Dirty:                72 kB
Writeback:             0 kB
AnonPages:       2796844 kB
Mapped:           101368 kB
Shmem:              9316 kB
KReclaimable:      50372 kB
Slab:             166160 kB
SReclaimable:      50372 kB
SUnreclaim:       115788 kB
KernelStack:        8448 kB
PageTables:        12440 kB
NFS_Unstable:          0 kB
Bounce:                0 kB
WritebackTmp:          0 kB
CommitLimit:    65823304 kB
Committed_AS:   66733768 kB
VmallocTotal:   34359738367 kB
VmallocUsed:      164084 kB
VmallocChunk:          0 kB
Percpu:            19968 kB
HardwareCorrupted:     0 kB
AnonHugePages:   2660352 kB
ShmemHugePages:        0 kB
ShmemPmdMapped:        0 kB
FileHugePages:         0 kB
FilePmdMapped:         0 kB
HugePages_Total:       0
HugePages_Free:        0
HugePages_Rsvd:        0
HugePages_Surp:        0
Hugepagesize:       2048 kB
Hugetlb:               0 kB
DirectMap4k:      374764 kB
DirectMap2M:     8927232 kB
DirectMap1G:    58720256 kB
