MemTotal:       263785560 kB
MemFree:        262306504 kB
MemAvailable:   261331408 kB
Buffers:           66244 kB
Cached:           225964 kB
SwapCached:            0 kB
Active:           116196 kB
Inactive:         315544 kB
Active(anon):        548 kB
Inactive(anon):   149900 kB
Active(file):     115648 kB
Inactive(file):   165644 kB
Unevictable:       19116 kB
Mlocked:           19116 kB
SwapTotal:             0 kB
SwapFree:              0 kB
Dirty:              3736 kB
Writeback:             0 kB
AnonPages:        160048 kB
Mapped:            62784 kB
Shmem:              2064 kB
KReclaimable:      50016 kB
Slab:             183956 kB
SReclaimable:      50016 kB
SUnreclaim:       133940 kB
KernelStack:       11952 kB
PageTables:         9636 kB
NFS_Unstable:          0 kB
Bounce:                0 kB
WritebackTmp:          0 kB
CommitLimit:    131892780 kB
Committed_AS:     558444 kB
VmallocTotal:   34359738367 kB
VmallocUsed:      254508 kB
VmallocChunk:          0 kB
Percpu:            26880 kB
HardwareCorrupted:     0 kB
AnonHugePages:         0 kB
ShmemHugePages:        0 kB
ShmemPmdMapped:        0 kB
FileHugePages:         0 kB
FilePmdMapped:         0 kB
HugePages_Total:       0
HugePages_Free:        0
HugePages_Rsvd:        0
HugePages_Surp:        0
Hugepagesize:       2048 kB
Hugetlb:               0 kB
DirectMap4k:      234156 kB
DirectMap2M:     4661248 kB
DirectMap1G:    265289728 kB
