MemTotal:       263785556 kB
MemFree:          987344 kB
MemAvailable:   199374876 kB
Buffers:          103236 kB
Cached:         196898168 kB
SwapCached:          260 kB
Active:         15054188 kB
Inactive:       187924408 kB
Active(anon):    6013352 kB
Inactive(anon):       92 kB
Active(file):    9040836 kB
Inactive(file): 187924316 kB
Unevictable:    55312668 kB
Mlocked:        55312668 kB
SwapTotal:      33554428 kB
SwapFree:       33551868 kB
Dirty:            812980 kB
Writeback:             0 kB
AnonPages:      61290172 kB
Mapped:          5637212 kB
Shmem:               132 kB
KReclaimable:    3274860 kB
Slab:            3760692 kB
SReclaimable:    3274860 kB
SUnreclaim:       485832 kB
KernelStack:       12272 kB
PageTables:       133308 kB
NFS_Unstable:          0 kB
Bounce:                0 kB
WritebackTmp:          0 kB
CommitLimit:    165447204 kB
Committed_AS:   64714544 kB
VmallocTotal:   34359738367 kB
VmallocUsed:      263876 kB
VmallocChunk:          0 kB
Percpu:            30528 kB
HardwareCorrupted:     0 kB
AnonHugePages:         0 kB
ShmemHugePages:        0 kB
ShmemPmdMapped:        0 kB
FileHugePages:         0 kB
FilePmdMapped:         0 kB
HugePages_Total:       0
HugePages_Free:        0
HugePages_Rsvd:        0
HugePages_Surp:        0
Hugepagesize:       2048 kB
Hugetlb:               0 kB
DirectMap4k:      264880 kB
DirectMap2M:     4630528 kB
DirectMap1G:    265289728 kB
