MemTotal:       263785564 kB
MemFree:         1578508 kB
MemAvailable:     513348 kB
Buffers:           15860 kB
Cached:            75348 kB
SwapCached:            0 kB
Active:           106956 kB
Inactive:       260174544 kB
Active(anon):      65280 kB
Inactive(anon): 260136704 kB
Active(file):      41676 kB
Inactive(file):    37840 kB
Unevictable:       19140 kB
Mlocked:           19140 kB
SwapTotal:      41943024 kB
SwapFree:       33426896 kB
Dirty:                 0 kB
Writeback:             0 kB
AnonPages:      260210456 kB
Mapped:            46492 kB
Shmem:              2376 kB
KReclaimable:      71348 kB
Slab:             254712 kB
SReclaimable:      71348 kB
SUnreclaim:       183364 kB
KernelStack:       12080 kB
PageTables:       531472 kB
NFS_Unstable:          0 kB
Bounce:                0 kB
WritebackTmp:          0 kB
CommitLimit:    173835804 kB
Committed_AS:    1402624 kB
VmallocTotal:   34359738367 kB
VmallocUsed:      519364 kB
VmallocChunk:          0 kB
Percpu:            34176 kB
HardwareCorrupted:     0 kB
AnonHugePages:         0 kB
ShmemHugePages:        0 kB
ShmemPmdMapped:        0 kB
FileHugePages:         0 kB
FilePmdMapped:         0 kB
HugePages_Total:       0
HugePages_Free:        0
HugePages_Rsvd:        0
HugePages_Surp:        0
Hugepagesize:       2048 kB
Hugetlb:               0 kB
DirectMap4k:      324272 kB
DirectMap2M:     5619712 kB
DirectMap1G:    264241152 kB
