MemTotal:       263785560 kB
MemFree:        262240816 kB
MemAvailable:   261295836 kB
Buffers:           64724 kB
Cached:           288492 kB
SwapCached:            0 kB
Active:           113264 kB
Inactive:         384432 kB
Active(anon):        508 kB
Inactive(anon):   155868 kB
Active(file):     112756 kB
Inactive(file):   228564 kB
Unevictable:       19116 kB
Mlocked:           19116 kB
SwapTotal:             0 kB
SwapFree:              0 kB
Dirty:              5148 kB
Writeback:             0 kB
AnonPages:        165508 kB
Mapped:           121824 kB
Shmem:              2056 kB
KReclaimable:      49912 kB
Slab:             184748 kB
SReclaimable:      49912 kB
SUnreclaim:       134836 kB
KernelStack:       12240 kB
PageTables:        10064 kB
NFS_Unstable:          0 kB
Bounce:                0 kB
WritebackTmp:          0 kB
CommitLimit:    131892780 kB
Committed_AS:     583436 kB
VmallocTotal:   34359738367 kB
VmallocUsed:      254524 kB
VmallocChunk:          0 kB
Percpu:            26688 kB
HardwareCorrupted:     0 kB
AnonHugePages:         0 kB
ShmemHugePages:        0 kB
ShmemPmdMapped:        0 kB
FileHugePages:         0 kB
FilePmdMapped:         0 kB
HugePages_Total:       0
HugePages_Free:        0
HugePages_Rsvd:        0
HugePages_Surp:        0
Hugepagesize:       2048 kB
Hugetlb:               0 kB
DirectMap4k:      250540 kB
DirectMap2M:     5693440 kB
DirectMap1G:    264241152 kB
