MemTotal:       263785552 kB
MemFree:        262287976 kB
MemAvailable:   261310860 kB
Buffers:           65284 kB
Cached:           222560 kB
SwapCached:            0 kB
Active:           223660 kB
Inactive:         183924 kB
Active(anon):     128468 kB
Inactive(anon):     2116 kB
Active(file):      95192 kB
Inactive(file):   181808 kB
Unevictable:       19116 kB
Mlocked:           19116 kB
SwapTotal:      67108860 kB
SwapFree:       67108860 kB
Dirty:              3696 kB
Writeback:             0 kB
AnonPages:        138828 kB
Mapped:            61960 kB
Shmem:              2052 kB
KReclaimable:      50272 kB
Slab:             186200 kB
SReclaimable:      50272 kB
SUnreclaim:       135928 kB
KernelStack:       11952 kB
PageTables:         9440 kB
NFS_Unstable:          0 kB
Bounce:                0 kB
WritebackTmp:          0 kB
CommitLimit:    199001636 kB
Committed_AS:     535868 kB
VmallocTotal:   34359738367 kB
VmallocUsed:      271096 kB
VmallocChunk:          0 kB
Percpu:            27072 kB
HardwareCorrupted:     0 kB
AnonHugePages:         0 kB
ShmemHugePages:        0 kB
ShmemPmdMapped:        0 kB
FileHugePages:         0 kB
FilePmdMapped:         0 kB
HugePages_Total:       0
HugePages_Free:        0
HugePages_Rsvd:        0
HugePages_Surp:        0
Hugepagesize:       2048 kB
Hugetlb:               0 kB
DirectMap4k:      246444 kB
DirectMap2M:     4648960 kB
DirectMap1G:    265289728 kB
