MemTotal:       65705112 kB
MemFree:          599540 kB
MemAvailable:   64158648 kB
Buffers:           11756 kB
Cached:         62971732 kB
SwapCached:          244 kB
Active:           331596 kB
Inactive:       62795896 kB
Active(anon):     150480 kB
Inactive(anon):      156 kB
Active(file):     181116 kB
Inactive(file): 62795740 kB
Unevictable:           0 kB
Mlocked:               0 kB
SwapTotal:      32970748 kB
SwapFree:       32966140 kB
Dirty:           4419316 kB
Writeback:             0 kB
AnonPages:        143528 kB
Mapped:           118428 kB
Shmem:              5048 kB
KReclaimable:    1308828 kB
Slab:            1519580 kB
SReclaimable:    1308828 kB
SUnreclaim:       210752 kB
KernelStack:        8544 kB
PageTables:         7244 kB
NFS_Unstable:          0 kB
Bounce:                0 kB
WritebackTmp:          0 kB
CommitLimit:    65823304 kB
Committed_AS:     691120 kB
VmallocTotal:   34359738367 kB
VmallocUsed:      158840 kB
VmallocChunk:          0 kB
Percpu:            19328 kB
HardwareCorrupted:     0 kB
AnonHugePages:      8192 kB
ShmemHugePages:        0 kB
ShmemPmdMapped:        0 kB
FileHugePages:         0 kB
FilePmdMapped:         0 kB
HugePages_Total:       0
HugePages_Free:        0
HugePages_Rsvd:        0
HugePages_Surp:        0
Hugepagesize:       2048 kB
Hugetlb:               0 kB
DirectMap4k:      501740 kB
DirectMap2M:     7751680 kB
DirectMap1G:    59768832 kB
