MemTotal:       263785552 kB
MemFree:         1221288 kB
MemAvailable:   257795116 kB
Buffers:           12824 kB
Cached:         256431196 kB
SwapCached:            0 kB
Active:          2824048 kB
Inactive:       253660160 kB
Active(anon):    2692720 kB
Inactive(anon):      260 kB
Active(file):     131328 kB
Inactive(file): 253659900 kB
Unevictable:       19116 kB
Mlocked:           19116 kB
SwapTotal:             0 kB
SwapFree:              0 kB
Dirty:            356660 kB
Writeback:             0 kB
AnonPages:         60016 kB
Mapped:          2693448 kB
Shmem:           2643436 kB
KReclaimable:    4630984 kB
Slab:            5197096 kB
SReclaimable:    4630984 kB
SUnreclaim:       566112 kB
KernelStack:        9088 kB
PageTables:         8648 kB
NFS_Unstable:          0 kB
Bounce:                0 kB
WritebackTmp:          0 kB
CommitLimit:    131892776 kB
Committed_AS:   130032736 kB
VmallocTotal:   34359738367 kB
VmallocUsed:      251792 kB
VmallocChunk:          0 kB
Percpu:            27648 kB
HardwareCorrupted:     0 kB
AnonHugePages:         0 kB
ShmemHugePages:        0 kB
ShmemPmdMapped:        0 kB
FileHugePages:         0 kB
FilePmdMapped:         0 kB
HugePages_Total:       0
HugePages_Free:        0
HugePages_Rsvd:        0
HugePages_Surp:        0
Hugepagesize:       2048 kB
Hugetlb:               0 kB
DirectMap4k:      256684 kB
DirectMap2M:     4638720 kB
DirectMap1G:    265289728 kB
