MemTotal:       263785552 kB
MemFree:        262324336 kB
MemAvailable:   261354176 kB
Buffers:           63608 kB
Cached:           237664 kB
SwapCached:            0 kB
Active:           251664 kB
Inactive:         171940 kB
Active(anon):     131124 kB
Inactive(anon):     2120 kB
Active(file):     120540 kB
Inactive(file):   169820 kB
Unevictable:       19116 kB
Mlocked:           19116 kB
SwapTotal:             0 kB
SwapFree:              0 kB
Dirty:              4700 kB
Writeback:             8 kB
AnonPages:        141700 kB
Mapped:            82536 kB
Shmem:              2056 kB
KReclaimable:      50820 kB
Slab:             186172 kB
SReclaimable:      50820 kB
SUnreclaim:       135352 kB
KernelStack:       12000 kB
PageTables:         8496 kB
NFS_Unstable:          0 kB
Bounce:                0 kB
WritebackTmp:          0 kB
CommitLimit:    131892776 kB
Committed_AS:     487112 kB
VmallocTotal:   34359738367 kB
VmallocUsed:      254616 kB
VmallocChunk:          0 kB
Percpu:            26496 kB
HardwareCorrupted:     0 kB
AnonHugePages:         0 kB
ShmemHugePages:        0 kB
ShmemPmdMapped:        0 kB
FileHugePages:         0 kB
FilePmdMapped:         0 kB
HugePages_Total:       0
HugePages_Free:        0
HugePages_Rsvd:        0
HugePages_Surp:        0
Hugepagesize:       2048 kB
Hugetlb:               0 kB
DirectMap4k:      307884 kB
DirectMap2M:     4587520 kB
DirectMap1G:    265289728 kB
