MemTotal:       65705112 kB
MemFree:          397712 kB
MemAvailable:          0 kB
Buffers:            3356 kB
Cached:            13604 kB
SwapCached:          324 kB
Active:          8619112 kB
Inactive:       55770964 kB
Active(anon):    8606492 kB
Inactive(anon): 55768204 kB
Active(file):      12620 kB
Inactive(file):     2760 kB
Unevictable:           0 kB
Mlocked:               0 kB
SwapTotal:       8388604 kB
SwapFree:        5278972 kB
Dirty:                 0 kB
Writeback:             0 kB
AnonPages:      64374472 kB
Mapped:             9508 kB
Shmem:                 4 kB
KReclaimable:      48488 kB
Slab:             158132 kB
SReclaimable:      48488 kB
SUnreclaim:       109644 kB
KernelStack:        8540 kB
PageTables:       139052 kB
NFS_Unstable:          0 kB
Bounce:                0 kB
WritebackTmp:          0 kB
CommitLimit:    41241160 kB
Committed_AS:   67989412 kB
VmallocTotal:   34359738367 kB
VmallocUsed:      191168 kB
VmallocChunk:          0 kB
Percpu:            19712 kB
HardwareCorrupted:     0 kB
AnonHugePages:  63897600 kB
ShmemHugePages:        0 kB
ShmemPmdMapped:        0 kB
FileHugePages:         0 kB
FilePmdMapped:         0 kB
HugePages_Total:       0
HugePages_Free:        0
HugePages_Rsvd:        0
HugePages_Surp:        0
Hugepagesize:       2048 kB
Hugetlb:               0 kB
DirectMap4k:      483308 kB
DirectMap2M:     8818688 kB
DirectMap1G:    58720256 kB
