MemTotal:       65705120 kB
MemFree:        60743832 kB
MemAvailable:   60405796 kB
Buffers:           23760 kB
Cached:           181620 kB
SwapCached:            0 kB
Active:           121228 kB
Inactive:        4167940 kB
Active(anon):       1484 kB
Inactive(anon):  4091620 kB
Active(file):     119744 kB
Inactive(file):    76320 kB
Unevictable:           0 kB
Mlocked:               0 kB
SwapTotal:      32970748 kB
SwapFree:       32970748 kB
Dirty:                24 kB
Writeback:             4 kB
AnonPages:       4083212 kB
Mapped:            81988 kB
Shmem:              9316 kB
KReclaimable:      48292 kB
Slab:             165208 kB
SReclaimable:      48292 kB
SUnreclaim:       116916 kB
KernelStack:        8400 kB
PageTables:        14400 kB
NFS_Unstable:          0 kB
Bounce:                0 kB
WritebackTmp:          0 kB
CommitLimit:    65823308 kB
Committed_AS:   56114604 kB
VmallocTotal:   34359738367 kB
VmallocUsed:      163972 kB
VmallocChunk:          0 kB
Percpu:            20096 kB
HardwareCorrupted:     0 kB
AnonHugePages:   3952640 kB
ShmemHugePages:        0 kB
ShmemPmdMapped:        0 kB
FileHugePages:         0 kB
FilePmdMapped:         0 kB
HugePages_Total:       0
HugePages_Free:        0
HugePages_Rsvd:        0
HugePages_Surp:        0
Hugepagesize:       2048 kB
Hugetlb:               0 kB
DirectMap4k:      448492 kB
DirectMap2M:     5707776 kB
DirectMap1G:    61865984 kB
