MemTotal:       65705120 kB
MemFree:          339648 kB
MemAvailable:          0 kB
Buffers:            3968 kB
Cached:            23368 kB
SwapCached:           36 kB
Active:         61855080 kB
Inactive:        2602488 kB
Active(anon):   61836252 kB
Inactive(anon):  2594496 kB
Active(file):      18828 kB
Inactive(file):     7992 kB
Unevictable:           0 kB
Mlocked:               0 kB
SwapTotal:       8388604 kB
SwapFree:        5349372 kB
Dirty:                 0 kB
Writeback:             0 kB
AnonPages:      64435140 kB
Mapped:            19728 kB
Shmem:                 4 kB
KReclaimable:      45876 kB
Slab:             155172 kB
SReclaimable:      45876 kB
SUnreclaim:       109296 kB
KernelStack:        8540 kB
PageTables:       139024 kB
NFS_Unstable:          0 kB
Bounce:                0 kB
WritebackTmp:          0 kB
CommitLimit:    41241164 kB
Committed_AS:   67989720 kB
VmallocTotal:   34359738367 kB
VmallocUsed:      185860 kB
VmallocChunk:          0 kB
Percpu:            19584 kB
HardwareCorrupted:     0 kB
AnonHugePages:  63299584 kB
ShmemHugePages:        0 kB
ShmemPmdMapped:        0 kB
FileHugePages:         0 kB
FilePmdMapped:         0 kB
HugePages_Total:       0
HugePages_Free:        0
HugePages_Rsvd:        0
HugePages_Surp:        0
Hugepagesize:       2048 kB
Hugetlb:               0 kB
DirectMap4k:      491500 kB
DirectMap2M:    10907648 kB
DirectMap1G:    56623104 kB
