MemTotal:       65705120 kB
MemFree:          617524 kB
MemAvailable:   64144768 kB
Buffers:           38704 kB
Cached:         62917836 kB
SwapCached:            0 kB
Active:           245100 kB
Inactive:       62857772 kB
Active(anon):       1488 kB
Inactive(anon):   154712 kB
Active(file):     243612 kB
Inactive(file): 62703060 kB
Unevictable:           0 kB
Mlocked:               0 kB
SwapTotal:      32970748 kB
SwapFree:       32970748 kB
Dirty:           4418876 kB
Writeback:             0 kB
AnonPages:        146144 kB
Mapped:           104136 kB
Shmem:              9300 kB
KReclaimable:    1307148 kB
Slab:            1517464 kB
SReclaimable:    1307148 kB
SUnreclaim:       210316 kB
KernelStack:        8576 kB
PageTables:         7208 kB
NFS_Unstable:          0 kB
Bounce:                0 kB
WritebackTmp:          0 kB
CommitLimit:    65823308 kB
Committed_AS:     690220 kB
VmallocTotal:   34359738367 kB
VmallocUsed:      158984 kB
VmallocChunk:          0 kB
Percpu:            19584 kB
HardwareCorrupted:     0 kB
AnonHugePages:      8192 kB
ShmemHugePages:        0 kB
ShmemPmdMapped:        0 kB
FileHugePages:         0 kB
FilePmdMapped:         0 kB
HugePages_Total:       0
HugePages_Free:        0
HugePages_Rsvd:        0
HugePages_Surp:        0
Hugepagesize:       2048 kB
Hugetlb:               0 kB
DirectMap4k:      419820 kB
DirectMap2M:     5736448 kB
DirectMap1G:    61865984 kB
