MemTotal:       65705120 kB
MemFree:         3691720 kB
MemAvailable:    3267764 kB
Buffers:            3636 kB
Cached:            17688 kB
SwapCached:           12 kB
Active:         52280928 kB
Inactive:        8592184 kB
Active(anon):   52268908 kB
Inactive(anon):  8584352 kB
Active(file):      12020 kB
Inactive(file):     7832 kB
Unevictable:           0 kB
Mlocked:               0 kB
SwapTotal:       8388604 kB
SwapFree:        1779424 kB
Dirty:                 0 kB
Writeback:             0 kB
AnonPages:      60860728 kB
Mapped:            14208 kB
Shmem:                 4 kB
KReclaimable:      53032 kB
Slab:             172048 kB
SReclaimable:      53032 kB
SUnreclaim:       119016 kB
KernelStack:        8460 kB
PageTables:       139052 kB
NFS_Unstable:          0 kB
Bounce:                0 kB
WritebackTmp:          0 kB
CommitLimit:    41241164 kB
Committed_AS:   67989748 kB
VmallocTotal:   34359738367 kB
VmallocUsed:      185860 kB
VmallocChunk:          0 kB
Percpu:            19712 kB
HardwareCorrupted:     0 kB
AnonHugePages:  41838592 kB
ShmemHugePages:        0 kB
ShmemPmdMapped:        0 kB
FileHugePages:         0 kB
FilePmdMapped:         0 kB
HugePages_Total:       0
HugePages_Free:        0
HugePages_Rsvd:        0
HugePages_Surp:        0
Hugepagesize:       2048 kB
Hugetlb:               0 kB
DirectMap4k:      374764 kB
DirectMap2M:    11024384 kB
DirectMap1G:    56623104 kB
