MemTotal:       65705112 kB
MemFree:        60305848 kB
MemAvailable:   59955544 kB
Buffers:           10632 kB
Cached:           168736 kB
SwapCached:            0 kB
Active:          4673584 kB
Inactive:          43512 kB
Active(anon):    4532544 kB
Inactive(anon):    14520 kB
Active(file):     141040 kB
Inactive(file):    28992 kB
Unevictable:           0 kB
Mlocked:               0 kB
SwapTotal:      32970748 kB
SwapFree:       32970748 kB
Dirty:                84 kB
Writeback:             0 kB
AnonPages:       4536244 kB
Mapped:           101768 kB
Shmem:              9320 kB
KReclaimable:      49772 kB
Slab:             166068 kB
SReclaimable:      49772 kB
SUnreclaim:       116296 kB
KernelStack:        8384 kB
PageTables:        15972 kB
NFS_Unstable:          0 kB
Bounce:                0 kB
WritebackTmp:          0 kB
CommitLimit:    65823304 kB
Committed_AS:   66755804 kB
VmallocTotal:   34359738367 kB
VmallocUsed:      164004 kB
VmallocChunk:          0 kB
Percpu:            19584 kB
HardwareCorrupted:     0 kB
AnonHugePages:   4399104 kB
ShmemHugePages:        0 kB
ShmemPmdMapped:        0 kB
FileHugePages:         0 kB
FilePmdMapped:         0 kB
HugePages_Total:       0
HugePages_Free:        0
HugePages_Rsvd:        0
HugePages_Surp:        0
Hugepagesize:       2048 kB
Hugetlb:               0 kB
DirectMap4k:      458732 kB
DirectMap2M:    11988992 kB
DirectMap1G:    55574528 kB
