MemTotal:       65705112 kB
MemFree:        58856960 kB
MemAvailable:   58507484 kB
Buffers:           11688 kB
Cached:           169096 kB
SwapCached:            0 kB
Active:          6124452 kB
Inactive:          50916 kB
Active(anon):    5983232 kB
Inactive(anon):    20672 kB
Active(file):     141220 kB
Inactive(file):    30244 kB
Unevictable:           0 kB
Mlocked:               0 kB
SwapTotal:      32970748 kB
SwapFree:       32970748 kB
Dirty:                80 kB
Writeback:             0 kB
AnonPages:       5993544 kB
Mapped:           101716 kB
Shmem:              9320 kB
KReclaimable:      49996 kB
Slab:             164004 kB
SReclaimable:      49996 kB
SUnreclaim:       114008 kB
KernelStack:        8400 kB
PageTables:        18832 kB
NFS_Unstable:          0 kB
Bounce:                0 kB
WritebackTmp:          0 kB
CommitLimit:    65823304 kB
Committed_AS:   56122860 kB
VmallocTotal:   34359738367 kB
VmallocUsed:      164084 kB
VmallocChunk:          0 kB
Percpu:            19712 kB
HardwareCorrupted:     0 kB
AnonHugePages:   5861376 kB
ShmemHugePages:        0 kB
ShmemPmdMapped:        0 kB
FileHugePages:         0 kB
FilePmdMapped:         0 kB
HugePages_Total:       0
HugePages_Free:        0
HugePages_Rsvd:        0
HugePages_Surp:        0
Hugepagesize:       2048 kB
Hugetlb:               0 kB
DirectMap4k:      415724 kB
DirectMap2M:    12032000 kB
DirectMap1G:    55574528 kB
