MemTotal:       65705120 kB
MemFree:          595988 kB
MemAvailable:   64152220 kB
Buffers:           38876 kB
Cached:         62945256 kB
SwapCached:            0 kB
Active:           243784 kB
Inactive:       62888072 kB
Active(anon):       1476 kB
Inactive(anon):   155596 kB
Active(file):     242308 kB
Inactive(file): 62732476 kB
Unevictable:           0 kB
Mlocked:               0 kB
SwapTotal:      32970748 kB
SwapFree:       32970748 kB
Dirty:           4418692 kB
Writeback:             0 kB
AnonPages:        147960 kB
Mapped:           104224 kB
Shmem:              9300 kB
KReclaimable:    1308024 kB
Slab:            1517564 kB
SReclaimable:    1308024 kB
SUnreclaim:       209540 kB
KernelStack:        8480 kB
PageTables:         7204 kB
NFS_Unstable:          0 kB
Bounce:                0 kB
WritebackTmp:          0 kB
CommitLimit:    65823308 kB
Committed_AS:     690244 kB
VmallocTotal:   34359738367 kB
VmallocUsed:      158968 kB
VmallocChunk:          0 kB
Percpu:            19840 kB
HardwareCorrupted:     0 kB
AnonHugePages:     10240 kB
ShmemHugePages:        0 kB
ShmemPmdMapped:        0 kB
FileHugePages:         0 kB
FilePmdMapped:         0 kB
HugePages_Total:       0
HugePages_Free:        0
HugePages_Rsvd:        0
HugePages_Surp:        0
Hugepagesize:       2048 kB
Hugetlb:               0 kB
DirectMap4k:      444396 kB
DirectMap2M:    10954752 kB
DirectMap1G:    56623104 kB
