MemTotal:       65705112 kB
MemFree:        59932204 kB
MemAvailable:   59580496 kB
Buffers:            7292 kB
Cached:           170364 kB
SwapCached:            0 kB
Active:          5056548 kB
Inactive:          45348 kB
Active(anon):    4914944 kB
Inactive(anon):    18624 kB
Active(file):     141604 kB
Inactive(file):    26724 kB
Unevictable:           0 kB
Mlocked:               0 kB
SwapTotal:      32970748 kB
SwapFree:       32970748 kB
Dirty:               152 kB
Writeback:             0 kB
AnonPages:       4923400 kB
Mapped:           101804 kB
Shmem:              9320 kB
KReclaimable:      48672 kB
Slab:             165224 kB
SReclaimable:      48672 kB
SUnreclaim:       116552 kB
KernelStack:        8384 kB
PageTables:        16236 kB
NFS_Unstable:          0 kB
Bounce:                0 kB
WritebackTmp:          0 kB
CommitLimit:    65823304 kB
Committed_AS:   66756588 kB
VmallocTotal:   34359738367 kB
VmallocUsed:      163956 kB
VmallocChunk:          0 kB
Percpu:            19456 kB
HardwareCorrupted:     0 kB
AnonHugePages:   4788224 kB
ShmemHugePages:        0 kB
ShmemPmdMapped:        0 kB
FileHugePages:         0 kB
FilePmdMapped:         0 kB
HugePages_Total:       0
HugePages_Free:        0
HugePages_Rsvd:        0
HugePages_Surp:        0
Hugepagesize:       2048 kB
Hugetlb:               0 kB
DirectMap4k:      393196 kB
DirectMap2M:    11005952 kB
DirectMap1G:    56623104 kB
