MemTotal:       263785564 kB
MemFree:         1195124 kB
MemAvailable:   199099092 kB
Buffers:          413744 kB
Cached:         196105840 kB
SwapCached:            0 kB
Active:           575212 kB
Inactive:       202103580 kB
Active(anon):       2280 kB
Inactive(anon):  6190216 kB
Active(file):     572932 kB
Inactive(file): 195913364 kB
Unevictable:    55309336 kB
Mlocked:        55309336 kB
SwapTotal:             0 kB
SwapFree:              0 kB
Dirty:            504612 kB
Writeback:             0 kB
AnonPages:      61469972 kB
Mapped:          5790672 kB
Shmem:              2348 kB
KReclaimable:    3278180 kB
Slab:            3864848 kB
SReclaimable:    3278180 kB
SUnreclaim:       586668 kB
KernelStack:       12368 kB
PageTables:       134340 kB
NFS_Unstable:          0 kB
Bounce:                0 kB
WritebackTmp:          0 kB
CommitLimit:    131892780 kB
Committed_AS:   64983184 kB
VmallocTotal:   34359738367 kB
VmallocUsed:      255572 kB
VmallocChunk:          0 kB
Percpu:            31296 kB
HardwareCorrupted:     0 kB
AnonHugePages:         0 kB
ShmemHugePages:        0 kB
ShmemPmdMapped:        0 kB
FileHugePages:         0 kB
FilePmdMapped:         0 kB
HugePages_Total:       0
HugePages_Free:        0
HugePages_Rsvd:        0
HugePages_Surp:        0
Hugepagesize:       2048 kB
Hugetlb:               0 kB
DirectMap4k:      289456 kB
DirectMap2M:     4605952 kB
DirectMap1G:    265289728 kB
