MemTotal:       263785552 kB
MemFree:         1046644 kB
MemAvailable:   257062932 kB
Buffers:           12816 kB
Cached:         256621316 kB
SwapCached:          464 kB
Active:          3631524 kB
Inactive:       253043456 kB
Active(anon):    3437008 kB
Inactive(anon):       76 kB
Active(file):     194516 kB
Inactive(file): 253043380 kB
Unevictable:       19116 kB
Mlocked:           19116 kB
SwapTotal:      67108860 kB
SwapFree:       67106300 kB
Dirty:            365112 kB
Writeback:             0 kB
AnonPages:         59680 kB
Mapped:          3487120 kB
Shmem:           3387420 kB
KReclaimable:    4626776 kB
Slab:            5195228 kB
SReclaimable:    4626776 kB
SUnreclaim:       568452 kB
KernelStack:        9072 kB
PageTables:        10660 kB
NFS_Unstable:          0 kB
Bounce:                0 kB
WritebackTmp:          0 kB
CommitLimit:    199001636 kB
Committed_AS:   162312980 kB
VmallocTotal:   34359738367 kB
VmallocUsed:      268256 kB
VmallocChunk:          0 kB
Percpu:            27648 kB
HardwareCorrupted:     0 kB
AnonHugePages:         0 kB
ShmemHugePages:        0 kB
ShmemPmdMapped:        0 kB
FileHugePages:         0 kB
FilePmdMapped:         0 kB
HugePages_Total:       0
HugePages_Free:        0
HugePages_Rsvd:        0
HugePages_Surp:        0
Hugepagesize:       2048 kB
Hugetlb:               0 kB
DirectMap4k:      240300 kB
DirectMap2M:     5703680 kB
DirectMap1G:    264241152 kB
