MemTotal:       263785556 kB
MemFree:         1255812 kB
MemAvailable:   198566544 kB
Buffers:          133496 kB
Cached:         196226900 kB
SwapCached:            0 kB
Active:         17037948 kB
Inactive:       185670828 kB
Active(anon):    6379804 kB
Inactive(anon):     2752 kB
Active(file):   10658144 kB
Inactive(file): 185668076 kB
Unevictable:    55312884 kB
Mlocked:        55312884 kB
SwapTotal:             0 kB
SwapFree:              0 kB
Dirty:            892732 kB
Writeback:             0 kB
AnonPages:      61661872 kB
Mapped:          6009716 kB
Shmem:              2292 kB
KReclaimable:    3258880 kB
Slab:            3745596 kB
SReclaimable:    3258880 kB
SUnreclaim:       486716 kB
KernelStack:       12480 kB
PageTables:       135428 kB
NFS_Unstable:          0 kB
Bounce:                0 kB
WritebackTmp:          0 kB
CommitLimit:    131892776 kB
Committed_AS:   65266808 kB
VmallocTotal:   34359738367 kB
VmallocUsed:      255836 kB
VmallocChunk:          0 kB
Percpu:            30720 kB
HardwareCorrupted:     0 kB
AnonHugePages:         0 kB
ShmemHugePages:        0 kB
ShmemPmdMapped:        0 kB
FileHugePages:         0 kB
FilePmdMapped:         0 kB
HugePages_Total:       0
HugePages_Free:        0
HugePages_Rsvd:        0
HugePages_Surp:        0
Hugepagesize:       2048 kB
Hugetlb:               0 kB
DirectMap4k:      277168 kB
DirectMap2M:     6715392 kB
DirectMap1G:    263192576 kB
