MemTotal:       65705120 kB
MemFree:        64621872 kB
MemAvailable:   64357984 kB
Buffers:           27444 kB
Cached:           287292 kB
SwapCached:            0 kB
Active:            90700 kB
Inactive:         315504 kB
Active(anon):       1436 kB
Inactive(anon):   100380 kB
Active(file):      89264 kB
Inactive(file):   215124 kB
Unevictable:           0 kB
Mlocked:               0 kB
SwapTotal:      32970748 kB
SwapFree:       32970748 kB
Dirty:                16 kB
Writeback:             0 kB
AnonPages:         92596 kB
Mapped:            98532 kB
Shmem:              9304 kB
KReclaimable:      50236 kB
Slab:             150964 kB
SReclaimable:      50236 kB
SUnreclaim:       100728 kB
KernelStack:        8220 kB
PageTables:         7008 kB
NFS_Unstable:          0 kB
Bounce:                0 kB
WritebackTmp:          0 kB
CommitLimit:    65823308 kB
Committed_AS:     540540 kB
VmallocTotal:   34359738367 kB
VmallocUsed:      158768 kB
VmallocChunk:          0 kB
Percpu:            19456 kB
HardwareCorrupted:     0 kB
AnonHugePages:     10240 kB
ShmemHugePages:        0 kB
ShmemPmdMapped:        0 kB
FileHugePages:         0 kB
FilePmdMapped:         0 kB
HugePages_Total:       0
HugePages_Free:        0
HugePages_Rsvd:        0
HugePages_Surp:        0
Hugepagesize:       2048 kB
Hugetlb:               0 kB
DirectMap4k:      378860 kB
DirectMap2M:     8923136 kB
DirectMap1G:    58720256 kB
