MemTotal:       65705120 kB
MemFree:        62248516 kB
MemAvailable:   61911764 kB
Buffers:           23512 kB
Cached:           184152 kB
SwapCached:            0 kB
Active:           122500 kB
Inactive:        2671664 kB
Active(anon):       1512 kB
Inactive(anon):  2594336 kB
Active(file):     120988 kB
Inactive(file):    77328 kB
Unevictable:           0 kB
Mlocked:               0 kB
SwapTotal:      32970748 kB
SwapFree:       32970748 kB
Dirty:               296 kB
Writeback:             0 kB
AnonPages:       2585932 kB
Mapped:            82636 kB
Shmem:              9320 kB
KReclaimable:      48604 kB
Slab:             163776 kB
SReclaimable:      48604 kB
SUnreclaim:       115172 kB
KernelStack:        8400 kB
PageTables:        12328 kB
NFS_Unstable:          0 kB
Bounce:                0 kB
WritebackTmp:          0 kB
CommitLimit:    65823308 kB
Committed_AS:   56147308 kB
VmallocTotal:   34359738367 kB
VmallocUsed:      163972 kB
VmallocChunk:          0 kB
Percpu:            20224 kB
HardwareCorrupted:     0 kB
AnonHugePages:   2453504 kB
ShmemHugePages:        0 kB
ShmemPmdMapped:        0 kB
FileHugePages:         0 kB
FilePmdMapped:         0 kB
HugePages_Total:       0
HugePages_Free:        0
HugePages_Rsvd:        0
HugePages_Surp:        0
Hugepagesize:       2048 kB
Hugetlb:               0 kB
DirectMap4k:      358380 kB
DirectMap2M:     8943616 kB
DirectMap1G:    58720256 kB
