MemTotal:       65705112 kB
MemFree:          436148 kB
MemAvailable:      21824 kB
Buffers:            3944 kB
Cached:            42524 kB
SwapCached:       155132 kB
Active:         37734356 kB
Inactive:       26626984 kB
Active(anon):   37702044 kB
Inactive(anon): 26613500 kB
Active(file):      32312 kB
Inactive(file):    13484 kB
Unevictable:           0 kB
Mlocked:               0 kB
SwapTotal:       8388604 kB
SwapFree:        5068540 kB
Dirty:                 0 kB
Writeback:             0 kB
AnonPages:      64168132 kB
Mapped:            34632 kB
Shmem:               132 kB
KReclaimable:      45980 kB
Slab:             155648 kB
SReclaimable:      45980 kB
SUnreclaim:       109668 kB
KernelStack:        8800 kB
PageTables:       141396 kB
NFS_Unstable:          0 kB
Bounce:                0 kB
WritebackTmp:          0 kB
CommitLimit:    41241160 kB
Committed_AS:    2675356 kB
VmallocTotal:   34359738367 kB
VmallocUsed:      191232 kB
VmallocChunk:          0 kB
Percpu:            19712 kB
HardwareCorrupted:     0 kB
AnonHugePages:     12288 kB
ShmemHugePages:        0 kB
ShmemPmdMapped:        0 kB
FileHugePages:         0 kB
FilePmdMapped:         0 kB
HugePages_Total:       0
HugePages_Free:        0
HugePages_Rsvd:        0
HugePages_Surp:        0
Hugepagesize:       2048 kB
Hugetlb:               0 kB
DirectMap4k:      491500 kB
DirectMap2M:     9859072 kB
DirectMap1G:    57671680 kB
