MemTotal:       65705120 kB
MemFree:          611428 kB
MemAvailable:   64150460 kB
Buffers:           39972 kB
Cached:         62927792 kB
SwapCached:            0 kB
Active:           253176 kB
Inactive:       62857088 kB
Active(anon):       1432 kB
Inactive(anon):   152000 kB
Active(file):     251744 kB
Inactive(file): 62705088 kB
Unevictable:           0 kB
Mlocked:               0 kB
SwapTotal:      32970748 kB
SwapFree:       32970748 kB
Dirty:           4418416 kB
Writeback:             0 kB
AnonPages:        143352 kB
Mapped:           104724 kB
Shmem:              9300 kB
KReclaimable:    1308776 kB
Slab:            1518460 kB
SReclaimable:    1308776 kB
SUnreclaim:       209684 kB
KernelStack:        8528 kB
PageTables:         7260 kB
NFS_Unstable:          0 kB
Bounce:                0 kB
WritebackTmp:          0 kB
CommitLimit:    65823308 kB
Committed_AS:     690280 kB
VmallocTotal:   34359738367 kB
VmallocUsed:      158920 kB
VmallocChunk:          0 kB
Percpu:            19328 kB
HardwareCorrupted:     0 kB
AnonHugePages:      4096 kB
ShmemHugePages:        0 kB
ShmemPmdMapped:        0 kB
FileHugePages:         0 kB
FilePmdMapped:         0 kB
HugePages_Total:       0
HugePages_Free:        0
HugePages_Rsvd:        0
HugePages_Surp:        0
Hugepagesize:       2048 kB
Hugetlb:               0 kB
DirectMap4k:      636908 kB
DirectMap2M:     8665088 kB
DirectMap1G:    58720256 kB
