MemTotal:       65705120 kB
MemFree:        64638452 kB
MemAvailable:   64366332 kB
Buffers:           27444 kB
Cached:           278632 kB
SwapCached:            0 kB
Active:            97264 kB
Inactive:         292652 kB
Active(anon):       1436 kB
Inactive(anon):    92732 kB
Active(file):      95828 kB
Inactive(file):   199920 kB
Unevictable:           0 kB
Mlocked:               0 kB
SwapTotal:      32970748 kB
SwapFree:       32970748 kB
Dirty:               128 kB
Writeback:             0 kB
AnonPages:         82860 kB
Mapped:            91412 kB
Shmem:              9300 kB
KReclaimable:      51056 kB
Slab:             153144 kB
SReclaimable:      51056 kB
SUnreclaim:       102088 kB
KernelStack:        8000 kB
PageTables:         6528 kB
NFS_Unstable:          0 kB
Bounce:                0 kB
WritebackTmp:          0 kB
CommitLimit:    65823308 kB
Committed_AS:     295612 kB
VmallocTotal:   34359738367 kB
VmallocUsed:      158672 kB
VmallocChunk:          0 kB
Percpu:            19328 kB
HardwareCorrupted:     0 kB
AnonHugePages:      6144 kB
ShmemHugePages:        0 kB
ShmemPmdMapped:        0 kB
FileHugePages:         0 kB
FilePmdMapped:         0 kB
HugePages_Total:       0
HugePages_Free:        0
HugePages_Rsvd:        0
HugePages_Surp:        0
Hugepagesize:       2048 kB
Hugetlb:               0 kB
DirectMap4k:      462828 kB
DirectMap2M:     9887744 kB
DirectMap1G:    57671680 kB
