MemTotal:       65705120 kB
MemFree:        60552352 kB
MemAvailable:   60214696 kB
Buffers:           23512 kB
Cached:           183504 kB
SwapCached:            0 kB
Active:           121712 kB
Inactive:        4358888 kB
Active(anon):       1496 kB
Inactive(anon):  4281948 kB
Active(file):     120216 kB
Inactive(file):    76940 kB
Unevictable:           0 kB
Mlocked:               0 kB
SwapTotal:      32970748 kB
SwapFree:       32970748 kB
Dirty:                76 kB
Writeback:             0 kB
AnonPages:       4273740 kB
Mapped:            82880 kB
Shmem:              9316 kB
KReclaimable:      47960 kB
Slab:             165596 kB
SReclaimable:      47960 kB
SUnreclaim:       117636 kB
KernelStack:        8480 kB
PageTables:        15116 kB
NFS_Unstable:          0 kB
Bounce:                0 kB
WritebackTmp:          0 kB
CommitLimit:    65823308 kB
Committed_AS:   66747268 kB
VmallocTotal:   34359738367 kB
VmallocUsed:      164020 kB
VmallocChunk:          0 kB
Percpu:            19968 kB
HardwareCorrupted:     0 kB
AnonHugePages:   4145152 kB
ShmemHugePages:        0 kB
ShmemPmdMapped:        0 kB
FileHugePages:         0 kB
FilePmdMapped:         0 kB
HugePages_Total:       0
HugePages_Free:        0
HugePages_Rsvd:        0
HugePages_Surp:        0
Hugepagesize:       2048 kB
Hugetlb:               0 kB
DirectMap4k:      417772 kB
DirectMap2M:    12029952 kB
DirectMap1G:    55574528 kB
