MemTotal:       65705120 kB
MemFree:         1125984 kB
MemAvailable:     698628 kB
Buffers:            3424 kB
Cached:            14220 kB
SwapCached:           60 kB
Active:         61453004 kB
Inactive:        2125812 kB
Active(anon):   61446676 kB
Inactive(anon):  2115672 kB
Active(file):       6328 kB
Inactive(file):    10140 kB
Unevictable:           0 kB
Mlocked:               0 kB
SwapTotal:       8388604 kB
SwapFree:        4474620 kB
Dirty:                 4 kB
Writeback:             0 kB
AnonPages:      63564096 kB
Mapped:            10284 kB
Shmem:               112 kB
KReclaimable:      49616 kB
Slab:             164536 kB
SReclaimable:      49616 kB
SUnreclaim:       114920 kB
KernelStack:        8744 kB
PageTables:       138988 kB
NFS_Unstable:          0 kB
Bounce:                0 kB
WritebackTmp:          0 kB
CommitLimit:    41241164 kB
Committed_AS:   67989688 kB
VmallocTotal:   34359738367 kB
VmallocUsed:      191296 kB
VmallocChunk:          0 kB
Percpu:            19840 kB
HardwareCorrupted:     0 kB
AnonHugePages:  61536256 kB
ShmemHugePages:        0 kB
ShmemPmdMapped:        0 kB
FileHugePages:         0 kB
FilePmdMapped:         0 kB
HugePages_Total:       0
HugePages_Free:        0
HugePages_Rsvd:        0
HugePages_Surp:        0
Hugepagesize:       2048 kB
Hugetlb:               0 kB
DirectMap4k:      440300 kB
DirectMap2M:     7813120 kB
DirectMap1G:    59768832 kB
