MemTotal:       65705120 kB
MemFree:          589856 kB
MemAvailable:   64154132 kB
Buffers:           39148 kB
Cached:         62953916 kB
SwapCached:            0 kB
Active:           252528 kB
Inactive:       62880608 kB
Active(anon):       1516 kB
Inactive(anon):   148956 kB
Active(file):     251012 kB
Inactive(file): 62731652 kB
Unevictable:           0 kB
Mlocked:               0 kB
SwapTotal:      32970748 kB
SwapFree:       32970748 kB
Dirty:           4419124 kB
Writeback:             0 kB
AnonPages:        141348 kB
Mapped:           103316 kB
Shmem:              9300 kB
KReclaimable:    1308188 kB
Slab:            1517572 kB
SReclaimable:    1308188 kB
SUnreclaim:       209384 kB
KernelStack:        8560 kB
PageTables:         7216 kB
NFS_Unstable:          0 kB
Bounce:                0 kB
WritebackTmp:          0 kB
CommitLimit:    65823308 kB
Committed_AS:     690096 kB
VmallocTotal:   34359738367 kB
VmallocUsed:      158936 kB
VmallocChunk:          0 kB
Percpu:            19712 kB
HardwareCorrupted:     0 kB
AnonHugePages:      4096 kB
ShmemHugePages:        0 kB
ShmemPmdMapped:        0 kB
FileHugePages:         0 kB
FilePmdMapped:         0 kB
HugePages_Total:       0
HugePages_Free:        0
HugePages_Rsvd:        0
HugePages_Surp:        0
Hugepagesize:       2048 kB
Hugetlb:               0 kB
DirectMap4k:      450540 kB
DirectMap2M:     7802880 kB
DirectMap1G:    59768832 kB
