MemTotal:       263785556 kB
MemFree:         1052364 kB
MemAvailable:   199375276 kB
Buffers:          209812 kB
Cached:         196744264 kB
SwapCached:          616 kB
Active:         14921284 kB
Inactive:       187933416 kB
Active(anon):    5936232 kB
Inactive(anon):      164 kB
Active(file):    8985052 kB
Inactive(file): 187933252 kB
Unevictable:    55311988 kB
Mlocked:        55311988 kB
SwapTotal:      33554428 kB
SwapFree:       33551356 kB
Dirty:            722688 kB
Writeback:             0 kB
AnonPages:      61212080 kB
Mapped:          5545192 kB
Shmem:               196 kB
KReclaimable:    3281500 kB
Slab:            3813068 kB
SReclaimable:    3281500 kB
SUnreclaim:       531568 kB
KernelStack:       12272 kB
PageTables:       133124 kB
NFS_Unstable:          0 kB
Bounce:                0 kB
WritebackTmp:          0 kB
CommitLimit:    165447204 kB
Committed_AS:   64645704 kB
VmallocTotal:   34359738367 kB
VmallocUsed:      263716 kB
VmallocChunk:          0 kB
Percpu:            30720 kB
HardwareCorrupted:     0 kB
AnonHugePages:         0 kB
ShmemHugePages:        0 kB
ShmemPmdMapped:        0 kB
FileHugePages:         0 kB
FilePmdMapped:         0 kB
HugePages_Total:       0
HugePages_Free:        0
HugePages_Rsvd:        0
HugePages_Surp:        0
Hugepagesize:       2048 kB
Hugetlb:               0 kB
DirectMap4k:      287408 kB
DirectMap2M:     4608000 kB
DirectMap1G:    265289728 kB
