MemTotal:       65705120 kB
MemFree:          587436 kB
MemAvailable:   64146476 kB
Buffers:           38772 kB
Cached:         62948184 kB
SwapCached:            0 kB
Active:           250564 kB
Inactive:       62883548 kB
Active(anon):       1476 kB
Inactive(anon):   155044 kB
Active(file):     249088 kB
Inactive(file): 62728504 kB
Unevictable:           0 kB
Mlocked:               0 kB
SwapTotal:      32970748 kB
SwapFree:       32970748 kB
Dirty:           4418576 kB
Writeback:             0 kB
AnonPages:        145320 kB
Mapped:           102072 kB
Shmem:              9300 kB
KReclaimable:    1308024 kB
Slab:            1517256 kB
SReclaimable:    1308024 kB
SUnreclaim:       209232 kB
KernelStack:        8560 kB
PageTables:         7232 kB
NFS_Unstable:          0 kB
Bounce:                0 kB
WritebackTmp:          0 kB
CommitLimit:    65823308 kB
Committed_AS:     690092 kB
VmallocTotal:   34359738367 kB
VmallocUsed:      159000 kB
VmallocChunk:          0 kB
Percpu:            19584 kB
HardwareCorrupted:     0 kB
AnonHugePages:      6144 kB
ShmemHugePages:        0 kB
ShmemPmdMapped:        0 kB
FileHugePages:         0 kB
FilePmdMapped:         0 kB
HugePages_Total:       0
HugePages_Free:        0
HugePages_Rsvd:        0
HugePages_Surp:        0
Hugepagesize:       2048 kB
Hugetlb:               0 kB
DirectMap4k:      430060 kB
DirectMap2M:     9920512 kB
DirectMap1G:    57671680 kB
