MemTotal:       263785556 kB
MemFree:         1190952 kB
MemAvailable:   199208452 kB
Buffers:          300752 kB
Cached:         196331148 kB
SwapCached:            0 kB
Active:         15298424 kB
Inactive:       187402176 kB
Active(anon):    6101480 kB
Inactive(anon):     2604 kB
Active(file):    9196944 kB
Inactive(file): 187399572 kB
Unevictable:    55308608 kB
Mlocked:        55308608 kB
SwapTotal:             0 kB
SwapFree:              0 kB
Dirty:            547772 kB
Writeback:             0 kB
AnonPages:      61377316 kB
Mapped:          5745184 kB
Shmem:              2348 kB
KReclaimable:    3277396 kB
Slab:            3807160 kB
SReclaimable:    3277396 kB
SUnreclaim:       529764 kB
KernelStack:       12336 kB
PageTables:       134064 kB
NFS_Unstable:          0 kB
Bounce:                0 kB
WritebackTmp:          0 kB
CommitLimit:    131892776 kB
Committed_AS:   64892100 kB
VmallocTotal:   34359738367 kB
VmallocUsed:      255636 kB
VmallocChunk:          0 kB
Percpu:            30144 kB
HardwareCorrupted:     0 kB
AnonHugePages:         0 kB
ShmemHugePages:        0 kB
ShmemPmdMapped:        0 kB
FileHugePages:         0 kB
FilePmdMapped:         0 kB
HugePages_Total:       0
HugePages_Free:        0
HugePages_Rsvd:        0
HugePages_Surp:        0
Hugepagesize:       2048 kB
Hugetlb:               0 kB
DirectMap4k:      252592 kB
DirectMap2M:     4642816 kB
DirectMap1G:    265289728 kB
