MemTotal:       263785556 kB
MemFree:         1132032 kB
MemAvailable:      59208 kB
Buffers:            5428 kB
Cached:            74752 kB
SwapCached:         2048 kB
Active:         123937236 kB
Inactive:       136368252 kB
Active(anon):   123878836 kB
Inactive(anon): 136355336 kB
Active(file):      58400 kB
Inactive(file):    12916 kB
Unevictable:       19140 kB
Mlocked:           19140 kB
SwapTotal:      41943024 kB
SwapFree:       33257968 kB
Dirty:                 0 kB
Writeback:             0 kB
AnonPages:      260245864 kB
Mapped:            55176 kB
Shmem:                12 kB
KReclaimable:      64808 kB
Slab:             246248 kB
SReclaimable:      64808 kB
SUnreclaim:       181440 kB
KernelStack:       11920 kB
PageTables:       531444 kB
NFS_Unstable:          0 kB
Bounce:                0 kB
WritebackTmp:          0 kB
CommitLimit:    173835800 kB
Committed_AS:    1394048 kB
VmallocTotal:   34359738367 kB
VmallocUsed:      514088 kB
VmallocChunk:          0 kB
Percpu:            33792 kB
HardwareCorrupted:     0 kB
AnonHugePages:  218447872 kB
ShmemHugePages:        0 kB
ShmemPmdMapped:        0 kB
FileHugePages:         0 kB
FilePmdMapped:         0 kB
HugePages_Total:       0
HugePages_Free:        0
HugePages_Rsvd:        0
HugePages_Surp:        0
Hugepagesize:       2048 kB
Hugetlb:               0 kB
DirectMap4k:      320176 kB
DirectMap2M:     5623808 kB
DirectMap1G:    264241152 kB
