MemTotal:       65705112 kB
MemFree:          608728 kB
MemAvailable:   64162692 kB
Buffers:           13152 kB
Cached:         62965972 kB
SwapCached:          340 kB
Active:           330164 kB
Inactive:       62794584 kB
Active(anon):     152016 kB
Inactive(anon):      160 kB
Active(file):     178148 kB
Inactive(file): 62794424 kB
Unevictable:           0 kB
Mlocked:               0 kB
SwapTotal:      32970748 kB
SwapFree:       32966396 kB
Dirty:           4418900 kB
Writeback:             0 kB
AnonPages:        144124 kB
Mapped:           118604 kB
Shmem:              5036 kB
KReclaimable:    1307968 kB
Slab:            1517096 kB
SReclaimable:    1307968 kB
SUnreclaim:       209128 kB
KernelStack:        8592 kB
PageTables:         7284 kB
NFS_Unstable:          0 kB
Bounce:                0 kB
WritebackTmp:          0 kB
CommitLimit:    65823304 kB
Committed_AS:     691312 kB
VmallocTotal:   34359738367 kB
VmallocUsed:      158968 kB
VmallocChunk:          0 kB
Percpu:            19328 kB
HardwareCorrupted:     0 kB
AnonHugePages:      6144 kB
ShmemHugePages:        0 kB
ShmemPmdMapped:        0 kB
FileHugePages:         0 kB
FilePmdMapped:         0 kB
HugePages_Total:       0
HugePages_Free:        0
HugePages_Rsvd:        0
HugePages_Surp:        0
Hugepagesize:       2048 kB
Hugetlb:               0 kB
DirectMap4k:      491500 kB
DirectMap2M:     9859072 kB
DirectMap1G:    57671680 kB
