MemTotal:       65705112 kB
MemFree:          465220 kB
MemAvailable:      36124 kB
Buffers:            3328 kB
Cached:            13972 kB
SwapCached:          144 kB
Active:         13564360 kB
Inactive:       50758996 kB
Active(anon):   13550964 kB
Inactive(anon): 50756624 kB
Active(file):      13396 kB
Inactive(file):     2372 kB
Unevictable:           0 kB
Mlocked:               0 kB
SwapTotal:       8388604 kB
SwapFree:        5215484 kB
Dirty:                 0 kB
Writeback:             0 kB
AnonPages:      64307832 kB
Mapped:             9200 kB
Shmem:                 4 kB
KReclaimable:      46840 kB
Slab:             155536 kB
SReclaimable:      46840 kB
SUnreclaim:       108696 kB
KernelStack:        8588 kB
PageTables:       139104 kB
NFS_Unstable:          0 kB
Bounce:                0 kB
WritebackTmp:          0 kB
CommitLimit:    41241160 kB
Committed_AS:   67989772 kB
VmallocTotal:   34359738367 kB
VmallocUsed:      191232 kB
VmallocChunk:          0 kB
Percpu:            19456 kB
HardwareCorrupted:     0 kB
AnonHugePages:  63752192 kB
ShmemHugePages:        0 kB
ShmemPmdMapped:        0 kB
FileHugePages:         0 kB
FilePmdMapped:         0 kB
HugePages_Total:       0
HugePages_Free:        0
HugePages_Rsvd:        0
HugePages_Surp:        0
Hugepagesize:       2048 kB
Hugetlb:               0 kB
DirectMap4k:      407532 kB
DirectMap2M:     8894464 kB
DirectMap1G:    58720256 kB
