MemTotal:       263785552 kB
MemFree:         1055952 kB
MemAvailable:   257012088 kB
Buffers:           11056 kB
Cached:         256564968 kB
SwapCached:          180 kB
Active:          3565532 kB
Inactive:       253049888 kB
Active(anon):    3436048 kB
Inactive(anon):      108 kB
Active(file):     129484 kB
Inactive(file): 253049780 kB
Unevictable:       19116 kB
Mlocked:           19116 kB
SwapTotal:      67108860 kB
SwapFree:       67105788 kB
Dirty:            361088 kB
Writeback:             0 kB
AnonPages:         59024 kB
Mapped:          3442760 kB
Shmem:           3387448 kB
KReclaimable:    4625256 kB
Slab:            5193784 kB
SReclaimable:    4625256 kB
SUnreclaim:       568528 kB
KernelStack:        9152 kB
PageTables:        10484 kB
NFS_Unstable:          0 kB
Bounce:                0 kB
WritebackTmp:          0 kB
CommitLimit:    199001636 kB
Committed_AS:   162316716 kB
VmallocTotal:   34359738367 kB
VmallocUsed:      268352 kB
VmallocChunk:          0 kB
Percpu:            27264 kB
HardwareCorrupted:     0 kB
AnonHugePages:         0 kB
ShmemHugePages:        0 kB
ShmemPmdMapped:        0 kB
FileHugePages:         0 kB
FilePmdMapped:         0 kB
HugePages_Total:       0
HugePages_Free:        0
HugePages_Rsvd:        0
HugePages_Surp:        0
Hugepagesize:       2048 kB
Hugetlb:               0 kB
DirectMap4k:      264876 kB
DirectMap2M:     4630528 kB
DirectMap1G:    265289728 kB
