MemTotal:       65705112 kB
MemFree:          389952 kB
MemAvailable:          0 kB
Buffers:            3412 kB
Cached:            13628 kB
SwapCached:           60 kB
Active:          5487932 kB
Inactive:       58910080 kB
Active(anon):    5474884 kB
Inactive(anon): 58907588 kB
Active(file):      13048 kB
Inactive(file):     2492 kB
Unevictable:           0 kB
Mlocked:               0 kB
SwapTotal:       8388604 kB
SwapFree:        5295100 kB
Dirty:                 0 kB
Writeback:             0 kB
AnonPages:      64382704 kB
Mapped:             9316 kB
Shmem:                 4 kB
KReclaimable:      47952 kB
Slab:             157644 kB
SReclaimable:      47952 kB
SUnreclaim:       109692 kB
KernelStack:        8636 kB
PageTables:       139080 kB
NFS_Unstable:          0 kB
Bounce:                0 kB
WritebackTmp:          0 kB
CommitLimit:    41241160 kB
Committed_AS:   67989820 kB
VmallocTotal:   34359738367 kB
VmallocUsed:      191200 kB
VmallocChunk:          0 kB
Percpu:            19712 kB
HardwareCorrupted:     0 kB
AnonHugePages:  63893504 kB
ShmemHugePages:        0 kB
ShmemPmdMapped:        0 kB
FileHugePages:         0 kB
FilePmdMapped:         0 kB
HugePages_Total:       0
HugePages_Free:        0
HugePages_Rsvd:        0
HugePages_Surp:        0
Hugepagesize:       2048 kB
Hugetlb:               0 kB
DirectMap4k:      458732 kB
DirectMap2M:    10940416 kB
DirectMap1G:    56623104 kB
