MemTotal:       263785564 kB
MemFree:         1257840 kB
MemAvailable:   199107336 kB
Buffers:          411612 kB
Cached:         196046256 kB
SwapCached:            0 kB
Active:           565544 kB
Inactive:       202005028 kB
Active(anon):       2212 kB
Inactive(anon):  6143860 kB
Active(file):     563332 kB
Inactive(file): 195861168 kB
Unevictable:    55308324 kB
Mlocked:        55308324 kB
SwapTotal:             0 kB
SwapFree:              0 kB
Dirty:            694484 kB
Writeback:             0 kB
AnonPages:      61422364 kB
Mapped:          5720432 kB
Shmem:              2348 kB
KReclaimable:    3289600 kB
Slab:            3867504 kB
SReclaimable:    3289600 kB
SUnreclaim:       577904 kB
KernelStack:       12336 kB
PageTables:       133684 kB
NFS_Unstable:          0 kB
Bounce:                0 kB
WritebackTmp:          0 kB
CommitLimit:    131892780 kB
Committed_AS:   64843032 kB
VmallocTotal:   34359738367 kB
VmallocUsed:      255620 kB
VmallocChunk:          0 kB
Percpu:            30912 kB
HardwareCorrupted:     0 kB
AnonHugePages:         0 kB
ShmemHugePages:        0 kB
ShmemPmdMapped:        0 kB
FileHugePages:         0 kB
FilePmdMapped:         0 kB
HugePages_Total:       0
HugePages_Free:        0
HugePages_Rsvd:        0
HugePages_Surp:        0
Hugepagesize:       2048 kB
Hugetlb:               0 kB
DirectMap4k:      279216 kB
DirectMap2M:     4616192 kB
DirectMap1G:    265289728 kB
