MemTotal:       263785552 kB
MemFree:        262149328 kB
MemAvailable:   261211148 kB
Buffers:           64996 kB
Cached:           301568 kB
SwapCached:            0 kB
Active:           339896 kB
Inactive:         181556 kB
Active(anon):     165188 kB
Inactive(anon):     2116 kB
Active(file):     174708 kB
Inactive(file):   179440 kB
Unevictable:       18984 kB
Mlocked:           18984 kB
SwapTotal:      67108860 kB
SwapFree:       67108860 kB
Dirty:              5172 kB
Writeback:             0 kB
AnonPages:        176124 kB
Mapped:           127800 kB
Shmem:              2064 kB
KReclaimable:      50676 kB
Slab:             189124 kB
SReclaimable:      50676 kB
SUnreclaim:       138448 kB
KernelStack:       12032 kB
PageTables:        10732 kB
NFS_Unstable:          0 kB
Bounce:                0 kB
WritebackTmp:          0 kB
CommitLimit:    199001636 kB
Committed_AS:     584516 kB
VmallocTotal:   34359738367 kB
VmallocUsed:      270988 kB
VmallocChunk:          0 kB
Percpu:            26880 kB
HardwareCorrupted:     0 kB
AnonHugePages:         0 kB
ShmemHugePages:        0 kB
ShmemPmdMapped:        0 kB
FileHugePages:         0 kB
FilePmdMapped:         0 kB
HugePages_Total:       0
HugePages_Free:        0
HugePages_Rsvd:        0
HugePages_Surp:        0
Hugepagesize:       2048 kB
Hugetlb:               0 kB
DirectMap4k:      256684 kB
DirectMap2M:     4638720 kB
DirectMap1G:    265289728 kB
