MemTotal:       263785560 kB
MemFree:         1187984 kB
MemAvailable:   257819640 kB
Buffers:           60652 kB
Cached:         256438052 kB
SwapCached:            0 kB
Active:           159712 kB
Inactive:       256379548 kB
Active(anon):       1744 kB
Inactive(anon):  2691076 kB
Active(file):     157968 kB
Inactive(file): 253688472 kB
Unevictable:       19116 kB
Mlocked:           19116 kB
SwapTotal:             0 kB
SwapFree:              0 kB
Dirty:            353692 kB
Writeback:             0 kB
AnonPages:         59900 kB
Mapped:          2699356 kB
Shmem:           2643436 kB
KReclaimable:    4633436 kB
Slab:            5199488 kB
SReclaimable:    4633436 kB
SUnreclaim:       566052 kB
KernelStack:        9072 kB
PageTables:         8680 kB
NFS_Unstable:          0 kB
Bounce:                0 kB
WritebackTmp:          0 kB
CommitLimit:    131892780 kB
Committed_AS:   130032404 kB
VmallocTotal:   34359738367 kB
VmallocUsed:      251760 kB
VmallocChunk:          0 kB
Percpu:            27264 kB
HardwareCorrupted:     0 kB
AnonHugePages:         0 kB
ShmemHugePages:        0 kB
ShmemPmdMapped:        0 kB
FileHugePages:         0 kB
FilePmdMapped:         0 kB
HugePages_Total:       0
HugePages_Free:        0
HugePages_Rsvd:        0
HugePages_Surp:        0
Hugepagesize:       2048 kB
Hugetlb:               0 kB
DirectMap4k:      266924 kB
DirectMap2M:     5677056 kB
DirectMap1G:    264241152 kB
