MemTotal:       65705112 kB
MemFree:          511376 kB
MemAvailable:      84112 kB
Buffers:            3332 kB
Cached:            15808 kB
SwapCached:          352 kB
Active:         28984676 kB
Inactive:       35288144 kB
Active(anon):   28970396 kB
Inactive(anon): 35284320 kB
Active(file):      14280 kB
Inactive(file):     3824 kB
Unevictable:           0 kB
Mlocked:               0 kB
SwapTotal:       8388604 kB
SwapFree:        5163260 kB
Dirty:                 0 kB
Writeback:             0 kB
AnonPages:      64254664 kB
Mapped:            10740 kB
Shmem:                 4 kB
KReclaimable:      48164 kB
Slab:             157044 kB
SReclaimable:      48164 kB
SUnreclaim:       108880 kB
KernelStack:        8540 kB
PageTables:       139036 kB
NFS_Unstable:          0 kB
Bounce:                0 kB
WritebackTmp:          0 kB
CommitLimit:    41241160 kB
Committed_AS:   67989596 kB
VmallocTotal:   34359738367 kB
VmallocUsed:      191184 kB
VmallocChunk:          0 kB
Percpu:            19712 kB
HardwareCorrupted:     0 kB
AnonHugePages:  63821824 kB
ShmemHugePages:        0 kB
ShmemPmdMapped:        0 kB
FileHugePages:         0 kB
FilePmdMapped:         0 kB
HugePages_Total:       0
HugePages_Free:        0
HugePages_Rsvd:        0
HugePages_Surp:        0
Hugepagesize:       2048 kB
Hugetlb:               0 kB
DirectMap4k:      559084 kB
DirectMap2M:    10840064 kB
DirectMap1G:    56623104 kB
