MemTotal:       65705112 kB
MemFree:          593056 kB
MemAvailable:   64164892 kB
Buffers:           12616 kB
Cached:         62984224 kB
SwapCached:          236 kB
Active:           329732 kB
Inactive:       62809796 kB
Active(anon):     149008 kB
Inactive(anon):      156 kB
Active(file):     180724 kB
Inactive(file): 62809640 kB
Unevictable:           0 kB
Mlocked:               0 kB
SwapTotal:      32970748 kB
SwapFree:       32966396 kB
Dirty:           4419032 kB
Writeback:             0 kB
AnonPages:        144064 kB
Mapped:           118340 kB
Shmem:              4976 kB
KReclaimable:    1308048 kB
Slab:            1518096 kB
SReclaimable:    1308048 kB
SUnreclaim:       210048 kB
KernelStack:        8544 kB
PageTables:         7324 kB
NFS_Unstable:          0 kB
Bounce:                0 kB
WritebackTmp:          0 kB
CommitLimit:    65823304 kB
Committed_AS:     691236 kB
VmallocTotal:   34359738367 kB
VmallocUsed:      159032 kB
VmallocChunk:          0 kB
Percpu:            19328 kB
HardwareCorrupted:     0 kB
AnonHugePages:      6144 kB
ShmemHugePages:        0 kB
ShmemPmdMapped:        0 kB
FileHugePages:         0 kB
FilePmdMapped:         0 kB
HugePages_Total:       0
HugePages_Free:        0
HugePages_Rsvd:        0
HugePages_Surp:        0
Hugepagesize:       2048 kB
Hugetlb:               0 kB
DirectMap4k:      450540 kB
DirectMap2M:     8851456 kB
DirectMap1G:    58720256 kB
