MemTotal:       263785564 kB
MemFree:         1177152 kB
MemAvailable:   199151936 kB
Buffers:          408848 kB
Cached:         196177156 kB
SwapCached:            0 kB
Active:           601768 kB
Inactive:       202075584 kB
Active(anon):       1848 kB
Inactive(anon):  6121768 kB
Active(file):     599920 kB
Inactive(file): 195953816 kB
Unevictable:    55309504 kB
Mlocked:        55309504 kB
SwapTotal:      33554428 kB
SwapFree:       33553660 kB
Dirty:            849816 kB
Writeback:             0 kB
AnonPages:      61401380 kB
Mapped:          5752968 kB
Shmem:              2316 kB
KReclaimable:    3281720 kB
Slab:            3857312 kB
SReclaimable:    3281720 kB
SUnreclaim:       575592 kB
KernelStack:       12336 kB
PageTables:       133888 kB
NFS_Unstable:          0 kB
Bounce:                0 kB
WritebackTmp:          0 kB
CommitLimit:    165447208 kB
Committed_AS:   64926704 kB
VmallocTotal:   34359738367 kB
VmallocUsed:      263956 kB
VmallocChunk:          0 kB
Percpu:            30720 kB
HardwareCorrupted:     0 kB
AnonHugePages:         0 kB
ShmemHugePages:        0 kB
ShmemPmdMapped:        0 kB
FileHugePages:         0 kB
FilePmdMapped:         0 kB
HugePages_Total:       0
HugePages_Free:        0
HugePages_Rsvd:        0
HugePages_Surp:        0
Hugepagesize:       2048 kB
Hugetlb:               0 kB
DirectMap4k:      248496 kB
DirectMap2M:     5695488 kB
DirectMap1G:    264241152 kB
