MemTotal:       263785564 kB
MemFree:         1003624 kB
MemAvailable:          0 kB
Buffers:           18052 kB
Cached:            94056 kB
SwapCached:         4108 kB
Active:         90388024 kB
Inactive:       169869852 kB
Active(anon):   90321580 kB
Inactive(anon): 169834060 kB
Active(file):      66444 kB
Inactive(file):    35792 kB
Unevictable:       19140 kB
Mlocked:           19140 kB
SwapTotal:      41943024 kB
SwapFree:       33195760 kB
Dirty:                12 kB
Writeback:             0 kB
AnonPages:      260153164 kB
Mapped:            65400 kB
Shmem:              2384 kB
KReclaimable:      71668 kB
Slab:             255580 kB
SReclaimable:      71668 kB
SUnreclaim:       183912 kB
KernelStack:       11968 kB
PageTables:       531368 kB
NFS_Unstable:          0 kB
Bounce:                0 kB
WritebackTmp:          0 kB
CommitLimit:    173835804 kB
Committed_AS:    1402832 kB
VmallocTotal:   34359738367 kB
VmallocUsed:      514264 kB
VmallocChunk:          0 kB
Percpu:            33792 kB
HardwareCorrupted:     0 kB
AnonHugePages:  194203648 kB
ShmemHugePages:        0 kB
ShmemPmdMapped:        0 kB
FileHugePages:         0 kB
FilePmdMapped:         0 kB
HugePages_Total:       0
HugePages_Free:        0
HugePages_Rsvd:        0
HugePages_Surp:        0
Hugepagesize:       2048 kB
Hugetlb:               0 kB
DirectMap4k:      324272 kB
DirectMap2M:     5619712 kB
DirectMap1G:    264241152 kB
