MemTotal:       65705120 kB
MemFree:        58801920 kB
MemAvailable:   58463232 kB
Buffers:           23476 kB
Cached:           179088 kB
SwapCached:            0 kB
Active:           117460 kB
Inactive:        6100200 kB
Active(anon):       1556 kB
Inactive(anon):  6022868 kB
Active(file):     115904 kB
Inactive(file):    77332 kB
Unevictable:           0 kB
Mlocked:               0 kB
SwapTotal:      32970748 kB
SwapFree:       32970748 kB
Dirty:               160 kB
Writeback:             0 kB
AnonPages:       6012216 kB
Mapped:            82600 kB
Shmem:              9320 kB
KReclaimable:      49812 kB
Slab:             164916 kB
SReclaimable:      49812 kB
SUnreclaim:       115104 kB
KernelStack:        8416 kB
PageTables:        18592 kB
NFS_Unstable:          0 kB
Bounce:                0 kB
WritebackTmp:          0 kB
CommitLimit:    65823308 kB
Committed_AS:   56147644 kB
VmallocTotal:   34359738367 kB
VmallocUsed:      164036 kB
VmallocChunk:          0 kB
Percpu:            20096 kB
HardwareCorrupted:     0 kB
AnonHugePages:   5883904 kB
ShmemHugePages:        0 kB
ShmemPmdMapped:        0 kB
FileHugePages:         0 kB
FilePmdMapped:         0 kB
HugePages_Total:       0
HugePages_Free:        0
HugePages_Rsvd:        0
HugePages_Surp:        0
Hugepagesize:       2048 kB
Hugetlb:               0 kB
DirectMap4k:      397292 kB
DirectMap2M:    11001856 kB
DirectMap1G:    56623104 kB
