MemTotal:       65705112 kB
MemFree:        60058992 kB
MemAvailable:   59709284 kB
Buffers:           10332 kB
Cached:           170104 kB
SwapCached:            0 kB
Active:          4921776 kB
Inactive:          44264 kB
Active(anon):    4780412 kB
Inactive(anon):    14536 kB
Active(file):     141364 kB
Inactive(file):    29728 kB
Unevictable:           0 kB
Mlocked:               0 kB
SwapTotal:      32970748 kB
SwapFree:       32970748 kB
Dirty:               128 kB
Writeback:             0 kB
AnonPages:       4785668 kB
Mapped:           101940 kB
Shmem:              9316 kB
KReclaimable:      49904 kB
Slab:             171776 kB
SReclaimable:      49904 kB
SUnreclaim:       121872 kB
KernelStack:        8352 kB
PageTables:        16372 kB
NFS_Unstable:          0 kB
Bounce:                0 kB
WritebackTmp:          0 kB
CommitLimit:    65823304 kB
Committed_AS:   66739684 kB
VmallocTotal:   34359738367 kB
VmallocUsed:      163972 kB
VmallocChunk:          0 kB
Percpu:            19328 kB
HardwareCorrupted:     0 kB
AnonHugePages:   4646912 kB
ShmemHugePages:        0 kB
ShmemPmdMapped:        0 kB
FileHugePages:         0 kB
FilePmdMapped:         0 kB
HugePages_Total:       0
HugePages_Free:        0
HugePages_Rsvd:        0
HugePages_Surp:        0
Hugepagesize:       2048 kB
Hugetlb:               0 kB
DirectMap4k:      432108 kB
DirectMap2M:    10967040 kB
DirectMap1G:    56623104 kB
