MemTotal:       65705120 kB
MemFree:          404072 kB
MemAvailable:          0 kB
Buffers:            3508 kB
Cached:            17864 kB
SwapCached:           36 kB
Active:         49129208 kB
Inactive:       15244240 kB
Active(anon):   49116724 kB
Inactive(anon): 15236912 kB
Active(file):      12484 kB
Inactive(file):     7328 kB
Unevictable:           0 kB
Mlocked:               0 kB
SwapTotal:       8388604 kB
SwapFree:        5267060 kB
Dirty:                 0 kB
Writeback:             0 kB
AnonPages:      64359164 kB
Mapped:            13532 kB
Shmem:                 4 kB
KReclaimable:      51592 kB
Slab:             167604 kB
SReclaimable:      51592 kB
SUnreclaim:       116012 kB
KernelStack:        8588 kB
PageTables:       139228 kB
NFS_Unstable:          0 kB
Bounce:                0 kB
WritebackTmp:          0 kB
CommitLimit:    41241164 kB
Committed_AS:   67989472 kB
VmallocTotal:   34359738367 kB
VmallocUsed:      185844 kB
VmallocChunk:          0 kB
Percpu:            19712 kB
HardwareCorrupted:     0 kB
AnonHugePages:  56713216 kB
ShmemHugePages:        0 kB
ShmemPmdMapped:        0 kB
FileHugePages:         0 kB
FilePmdMapped:         0 kB
HugePages_Total:       0
HugePages_Free:        0
HugePages_Rsvd:        0
HugePages_Surp:        0
Hugepagesize:       2048 kB
Hugetlb:               0 kB
DirectMap4k:      428012 kB
DirectMap2M:     8873984 kB
DirectMap1G:    58720256 kB
